-- Configuring done (0.1s)
-- Generating done (0.0s)
-- Build files have been written to: /tmp/yoloe-native-opencv
[  7%] Built target test_geometry
[ 14%] Built target test_e26_decode
[ 22%] Built target test_float_heads
[ 29%] Built target test_e11_decode
[ 37%] Built target test_image_ops
[ 51%] Built target mask_probe
[ 55%] Built target yoloe_core
[ 59%] Building CXX object CMakeFiles/test_sdk_runner_x5.dir/test_sdk_runner.cc.o
[ 62%] Building CXX object CMakeFiles/test_sdk_runner_ucp.dir/test_sdk_runner.cc.o
[ 77%] Built target test_pipeline
[ 77%] Built target input_probe
[ 85%] Building CXX object CMakeFiles/test_sdk_runner_x5.dir/Users/Max/Workspace/company/development/RDK_MODEL_ZOO/rdk-b7-board-integration/samples/vision/yoloe/runtime/cpp/src/sdk_runner.cpp.o
[ 85%] Building CXX object CMakeFiles/test_sdk_runner_ucp.dir/Users/Max/Workspace/company/development/RDK_MODEL_ZOO/rdk-b7-board-integration/samples/vision/yoloe/runtime/cpp/src/sdk_runner.cpp.o
[ 88%] Building CXX object CMakeFiles/test_sdk_runner_x5.dir/Users/Max/Workspace/company/development/RDK_MODEL_ZOO/rdk-b7-board-integration/samples/vision/ultralytics_yolo/runtime/cpp/common/dnn_io.cc.o
[ 92%] Building CXX object CMakeFiles/test_sdk_runner_ucp.dir/Users/Max/Workspace/company/development/RDK_MODEL_ZOO/rdk-b7-board-integration/samples/vision/ultralytics_yolo/runtime/cpp/common/dnn_io.cc.o
[ 96%] Linking CXX executable test_sdk_runner_ucp
[100%] Linking CXX executable test_sdk_runner_x5
[100%] Built target test_sdk_runner_x5
[100%] Built target test_sdk_runner_ucp
-- Configuring done (0.1s)
-- Generating done (0.1s)
-- Build files have been written to: /tmp/yoloe-stage-core
[  7%] Built target test_float_heads
[ 18%] Built target test_e26_decode
[ 22%] Built target test_e11_decode
[ 33%] Built target yoloe_core
[ 40%] Built target test_geometry
[ 48%] Built target test_image_ops
[ 62%] Built target test_pipeline
[ 62%] Built target mask_probe
[ 74%] Building CXX object tests/CMakeFiles/test_sdk_runner_x5.dir/__/src/sdk_runner.cpp.o
[ 74%] Building CXX object tests/CMakeFiles/test_sdk_runner_ucp.dir/test_sdk_runner.cc.o
[ 74%] Building CXX object tests/CMakeFiles/test_sdk_runner_x5.dir/test_sdk_runner.cc.o
[ 81%] Built target input_probe
[ 85%] Building CXX object tests/CMakeFiles/test_sdk_runner_ucp.dir/__/src/sdk_runner.cpp.o
[ 92%] Building CXX object tests/CMakeFiles/test_sdk_runner_ucp.dir/Users/Max/Workspace/company/development/RDK_MODEL_ZOO/rdk-b7-board-integration/samples/vision/ultralytics_yolo/runtime/cpp/common/dnn_io.cc.o
[ 92%] Building CXX object tests/CMakeFiles/test_sdk_runner_x5.dir/Users/Max/Workspace/company/development/RDK_MODEL_ZOO/rdk-b7-board-integration/samples/vision/ultralytics_yolo/runtime/cpp/common/dnn_io.cc.o
[ 96%] Linking CXX executable test_sdk_runner_ucp
[100%] Linking CXX executable test_sdk_runner_x5
[100%] Built target test_sdk_runner_x5
[100%] Built target test_sdk_runner_ucp
Test project /tmp/yoloe-native-opencv
    Start 1: float_heads
1/8 Test #1: float_heads ......................   Passed    0.01 sec
    Start 2: e11_decode
2/8 Test #2: e11_decode .......................   Passed    5.22 sec
    Start 3: e26_decode
3/8 Test #3: e26_decode .......................   Passed    4.81 sec
    Start 4: geometry
4/8 Test #4: geometry .........................   Passed    0.02 sec
    Start 5: image_ops
5/8 Test #5: image_ops ........................   Passed    0.37 sec
    Start 6: pipeline
6/8 Test #6: pipeline .........................   Passed    6.66 sec
    Start 7: sdk_runner_x5
7/8 Test #7: sdk_runner_x5 ....................   Passed    9.45 sec
    Start 8: sdk_runner_ucp
8/8 Test #8: sdk_runner_ucp ...................   Passed    8.26 sec

100% tests passed out of 8

Total Test time (real) =  34.81 sec
Test project /tmp/yoloe-stage-core
    Start 1: float_heads
1/8 Test #1: float_heads ......................   Passed    0.01 sec
    Start 2: e11_decode
2/8 Test #2: e11_decode .......................   Passed    3.71 sec
    Start 3: e26_decode
3/8 Test #3: e26_decode .......................   Passed    3.62 sec
    Start 4: geometry
4/8 Test #4: geometry .........................   Passed    0.01 sec
    Start 5: image_ops
5/8 Test #5: image_ops ........................   Passed    0.29 sec
    Start 6: pipeline
6/8 Test #6: pipeline .........................   Passed    6.66 sec
    Start 7: sdk_runner_x5
7/8 Test #7: sdk_runner_x5 ....................   Passed    8.25 sec
    Start 8: sdk_runner_ucp
8/8 Test #8: sdk_runner_ucp ...................   Passed    7.93 sec

100% tests passed out of 8

Total Test time (real) =  30.48 sec
