/Users/Max/Workspace/company/development/RDK_MODEL_ZOO/rdk-b7-board-integration/samples/vision/yoloe/conversion/export.py:139: DeprecationWarning: You are using the legacy TorchScript-based ONNX export. Starting in PyTorch 2.9, the new torch.export-based ONNX exporter has become the default. Learn more about the new export logic: https://docs.pytorch.org/docs/stable/onnx_export.html. For exporting control flow: https://pytorch.org/tutorials/beginner/onnx/export_control_flow_model_to_onnx_tutorial.html
  torch.onnx.export(
{
  "status": "float_checked",
  "variant": "26s",
  "started_utc": "2026-09-27T20:54:10.280528+00:00",
  "checkpoint": "/Users/Max/Workspace/company/development/RDK_MODEL_ZOO/.coordination/yoloe-checkpoints/yoloe-26s-seg-pf.pt",
  "checkpoint_sha256": "01605da3f2e0e5325df45d5f5eef8e40b5b5c7d085399be3c33ac638258b150a",
  "versions": {
    "torch": "2.14.0",
    "ultralytics": "8.4.127",
    "onnxruntime": "1.30.0"
  },
  "validation": {
    "upstream_static_pf": "passed",
    "onnx_float": "passed",
    "onnx_graph": "passed",
    "compiled_model": "not-run",
    "board": "not-run",
    "dataset_accuracy": "not-run",
    "onnx_graph_optimization": "ORT_DISABLE_ALL",
    "onnx_max_abs_error": {
      "cls_8": 0.0004940032958984375,
      "box_8": 9.930133819580078e-05,
      "mces_8": 3.236532211303711e-05,
      "cls_16": 0.000568389892578125,
      "box_16": 0.00030994415283203125,
      "mces_16": 3.790855407714844e-05,
      "cls_32": 0.00031280517578125,
      "box_32": 5.626678466796875e-05,
      "mces_32": 1.7881393432617188e-05,
      "protos": 6.639957427978516e-05
    },
    "rtol": 0.002,
    "atol": 0.002
  },
  "validation_input": {
    "kind": "image",
    "path": "/Users/Max/Workspace/company/development/RDK_MODEL_ZOO/rdk-b7-board-integration/samples/vision/yoloe/test_data/office_desk.jpg",
    "sha256": "ecefff4893149e6ac22348a59c8e4d3c1b3a751266a15bd38e3e6d041bf39c52",
    "tensor_sha256": "9331d12814877358b4bb998a940863e2d76f5654ea55ee06b2631685c003c975"
  },
  "graph": {
    "onnx_sha256": "5859e0c36f08203a123165dcaef72076ec7e4965f0c23ffeead77b271ade2692",
    "names_sha256": "1a6c943dd251993770e7cf6fed23a38b7ac068f4c8fbc7a0db85cbe0fe5221b3",
    "input_name": "images",
    "input_shape": [
      1,
      3,
      640,
      640
    ],
    "output_roles": {
      "cls_8": "cls_8",
      "box_8": "box_8",
      "mces_8": "mces_8",
      "cls_16": "cls_16",
      "box_16": "box_16",
      "mces_16": "mces_16",
      "cls_32": "cls_32",
      "box_32": "box_32",
      "mces_32": "mces_32",
      "protos": "protos"
    },
    "output_shapes": {
      "cls_8": [
        1,
        80,
        80,
        4585
      ],
      "box_8": [
        1,
        80,
        80,
        4
      ],
      "mces_8": [
        1,
        80,
        80,
        32
      ],
      "cls_16": [
        1,
        40,
        40,
        4585
      ],
      "box_16": [
        1,
        40,
        40,
        4
      ],
      "mces_16": [
        1,
        40,
        40,
        32
      ],
      "cls_32": [
        1,
        20,
        20,
        4585
      ],
      "box_32": [
        1,
        20,
        20,
        4
      ],
      "mces_32": [
        1,
        20,
        20,
        32
      ],
      "protos": [
        1,
        160,
        160,
        32
      ]
    },
    "output_dtype": "float32",
    "softmax_nodes": [
      "/model.10/m/m.0/attn/Softmax",
      "/model.22/m.0/m.0.1/attn/Softmax"
    ]
  },
  "onnx": "/Users/Max/Workspace/company/development/RDK_MODEL_ZOO/.coordination/yoloe-export-final-v2-20260928/26s/yoloe_26s_seg_pf.onnx",
  "names": "/Users/Max/Workspace/company/development/RDK_MODEL_ZOO/.coordination/yoloe-export-final-v2-20260928/26s/yoloe_26s_seg_pf.names",
  "opset": 17,
  "finished_utc": "2026-09-27T20:54:11.768916+00:00"
}
