ok   old false paragraph removed
ok   README states worktree mode
ok   x5: mode worktree: worktree
ok   x5: path: .
ok   x5: manifest_root: docs/release/x5
ok   x5: version_file
ok   x5: link_ref: develop
ok   x5: link_prefix: ''
ok   x5: models.yaml exists
ok   x5: benchmarks.yaml exists
ok   x5: VERSION exists
ok   x5: README table row cites link
ok   x5: VERSION 1.1.3 agrees with manifest version
ok   s: mode worktree: worktree
ok   s: path: .
ok   s: manifest_root: docs/release/s
ok   s: version_file
ok   s: link_ref: develop
ok   s: link_prefix: ''
ok   s: models.yaml exists
ok   s: benchmarks.yaml exists
ok   s: VERSION exists
ok   s: README table row cites link
ok   s: VERSION 1.1.2 agrees with manifest version
ok   x3: mode worktree: worktree
ok   x3: path: platforms/x3
ok   x3: manifest_root: release
ok   x3: version_file
ok   x3: link_ref: main
ok   x3: link_prefix: 'platforms/x3'
ok   x3: models.yaml exists
ok   x3: benchmarks.yaml exists
ok   x3: VERSION exists
ok   x3: README table row cites link
ok   x3: VERSION 1.1.2 agrees with manifest version
ok   archived x5 snapshot exists
ok   archived s snapshot exists
ok   sources.json never reads platforms/x5 or platforms/s snapshots
ok   README warns archived snapshots are not read
ok   README names docs/release/{x5,s} as maintenance location
ok   sources.ts documents link_ref as link-only
ok   sources.ts worktree read uses filesystem readFile
ok   variants.ts emits source_ref from sourceRef option
ok   provenance ref comes from linkRef
ok   build rejects VERSION/manifest disagreement
ok   README explains worktree-read vs generated-link split
ok   README cites manifest_sha256 as what was read
ok   dist provenance x5 ref=develop: develop
ok   dist provenance x5 kind=worktree
ok   dist provenance x5 has manifest_sha256
ok   dist provenance s ref=develop: develop
ok   dist provenance s kind=worktree
ok   dist provenance s has manifest_sha256
ok   dist provenance x3 ref=main: main
ok   dist provenance x3 kind=worktree
ok   dist provenance x3 has manifest_sha256
ok   workflow: pull_request trigger
ok   workflow: push restricted to main
ok   workflow: workflow_dispatch trigger
ok   workflow: upload only on non-PR runs
ok   workflow: uploads exactly the two dist files
ok   README states the three triggers and non-PR upload
ok   README denies workbranch-push publication
ok   README keeps separate-publication boundary
ok   preserved byte-identical: Node requirement
ok   preserved byte-identical: npm script block
ok   preserved byte-identical: data identity + pins
ok   preserved byte-identical: docs import block
ok   preserved byte-identical: no-synthesis rule
ok   catalog-redirect pointer kept
ok   engines matches Node claim
ok   README no longer says 'changing the main branch'
ok   README link resolves: ../catalog-redirect
ok   only tools/catalog-publisher/README.md modified in module: ['tools/catalog-publisher/README.md']
ok   no other tracked change in module

75 passed, 0 failed
