EE.......
======================================================================
ERROR: test_rejects_missing_extra_wrong_type_shape_and_nonfinite_auxiliary (test_single_array_runner.NamedArrayRunnerTests.test_rejects_missing_extra_wrong_type_shape_and_nonfinite_auxiliary)
----------------------------------------------------------------------
Traceback (most recent call last):
  File "/Users/Max/Workspace/company/development/RDK_MODEL_ZOO/rdk-b7-board-integration/samples/_shared/tests/test_single_array_runner.py", line 138, in test_rejects_missing_extra_wrong_type_shape_and_nonfinite_auxiliary
    runner=self.make_runner()
  File "/Users/Max/Workspace/company/development/RDK_MODEL_ZOO/rdk-b7-board-integration/samples/_shared/tests/test_single_array_runner.py", line 112, in make_runner
    from samples._shared.single_array_runner import NamedArrayRunner
ImportError: cannot import name 'NamedArrayRunner' from 'samples._shared.single_array_runner' (/Users/Max/Workspace/company/development/RDK_MODEL_ZOO/rdk-b7-board-integration/samples/_shared/single_array_runner.py)

======================================================================
ERROR: test_returns_owned_raw_arrays_without_order_or_decode_assumptions (test_single_array_runner.NamedArrayRunnerTests.test_returns_owned_raw_arrays_without_order_or_decode_assumptions)
----------------------------------------------------------------------
Traceback (most recent call last):
  File "/Users/Max/Workspace/company/development/RDK_MODEL_ZOO/rdk-b7-board-integration/samples/_shared/tests/test_single_array_runner.py", line 129, in test_returns_owned_raw_arrays_without_order_or_decode_assumptions
    runner=self.make_runner();result=runner({'in':np.zeros((1,2),np.float32)})
  File "/Users/Max/Workspace/company/development/RDK_MODEL_ZOO/rdk-b7-board-integration/samples/_shared/tests/test_single_array_runner.py", line 112, in make_runner
    from samples._shared.single_array_runner import NamedArrayRunner
ImportError: cannot import name 'NamedArrayRunner' from 'samples._shared.single_array_runner' (/Users/Max/Workspace/company/development/RDK_MODEL_ZOO/rdk-b7-board-integration/samples/_shared/single_array_runner.py)

----------------------------------------------------------------------
Ran 9 tests in 0.035s

FAILED (errors=2)
