[
  {
    "mode": "single",
    "argv": [
      "/Users/Max/Workspace/company/development/RDK_MODEL_ZOO/.coordination/yoloe-decode-probe",
      "/Users/Max/Workspace/company/development/RDK_MODEL_ZOO/.coordination/yoloe-cpp-kernel-tensors",
      "1"
    ],
    "cwd": "/Users/Max/Workspace/company/development/RDK_MODEL_ZOO/rdk-b7-board-integration",
    "started_utc": "2026-09-27T21:42:24.378553+00:00",
    "finished_utc": "2026-09-27T21:42:24.715825+00:00",
    "rc": 0,
    "count": 213,
    "label_order": "identical",
    "max_abs_error": {
      "box": 0.0,
      "score": 0.0,
      "coefficients": 0.0
    },
    "criterion": "rtol=atol=1e-6"
  },
  {
    "mode": "multi",
    "argv": [
      "/Users/Max/Workspace/company/development/RDK_MODEL_ZOO/.coordination/yoloe-decode-probe",
      "/Users/Max/Workspace/company/development/RDK_MODEL_ZOO/.coordination/yoloe-cpp-kernel-tensors",
      "0"
    ],
    "cwd": "/Users/Max/Workspace/company/development/RDK_MODEL_ZOO/rdk-b7-board-integration",
    "started_utc": "2026-09-27T21:42:24.715865+00:00",
    "finished_utc": "2026-09-27T21:42:24.992765+00:00",
    "rc": 0,
    "count": 300,
    "label_order": "identical",
    "max_abs_error": {
      "box": 0.0,
      "score": 0.0,
      "coefficients": 0.0
    },
    "criterion": "rtol=atol=1e-6"
  }
]
