-- Configuring done (0.0s)
-- Generating done (0.1s)
-- Build files have been written to: /tmp/yoloe-native-opencv
[  5%] Built target test_geometry
[ 17%] Built target test_e26_decode
[ 20%] Built target test_float_heads
[ 23%] Built target test_e11_decode
[ 26%] Building CXX object CMakeFiles/yoloe_preflight.dir/Users/Max/Workspace/company/development/RDK_MODEL_ZOO/rdk-b7-board-integration/samples/vision/yoloe/runtime/cpp/src/preflight.cpp.o
[ 29%] Building CXX object CMakeFiles/identity_probe.dir/identity_probe.cc.o
[ 38%] Built target test_image_ops
[ 44%] Built target yoloe_core
[ 47%] Building CXX object CMakeFiles/yoloe_preflight.dir/Users/Max/Workspace/company/development/RDK_MODEL_ZOO/rdk-b7-board-integration/samples/_shared/cpp/platform_identity.cc.o
[ 52%] Built target mask_probe
[ 58%] Built target test_pipeline
[ 64%] Built target input_probe
[ 67%] Building CXX object CMakeFiles/test_sdk_runner_x5.dir/test_sdk_runner.cc.o
[ 70%] Linking CXX executable identity_probe
[ 73%] Linking CXX static library libyoloe_preflight.a
[ 73%] Built target yoloe_preflight
[ 73%] Built target identity_probe
[ 76%] Building CXX object CMakeFiles/test_sdk_runner_x5.dir/Users/Max/Workspace/company/development/RDK_MODEL_ZOO/rdk-b7-board-integration/samples/vision/yoloe/runtime/cpp/src/sdk_runner.cpp.o
[ 79%] Building CXX object CMakeFiles/test_sdk_runner_ucp.dir/test_sdk_runner.cc.o
[ 82%] Building CXX object CMakeFiles/test_preflight.dir/test_preflight.cc.o
[ 85%] Building CXX object CMakeFiles/test_sdk_runner_ucp.dir/Users/Max/Workspace/company/development/RDK_MODEL_ZOO/rdk-b7-board-integration/samples/vision/yoloe/runtime/cpp/src/sdk_runner.cpp.o
[ 88%] Linking CXX executable test_preflight
[ 88%] Built target test_preflight
[ 91%] Linking CXX executable test_sdk_runner_x5
[ 94%] Built target test_sdk_runner_x5
[ 97%] Linking CXX executable test_sdk_runner_ucp
[100%] Built target test_sdk_runner_ucp
-- Configuring done (0.1s)
-- Generating done (0.1s)
-- Build files have been written to: /tmp/yoloe-stage-core
[  2%] Building CXX object CMakeFiles/yoloe_preflight.dir/src/preflight.cpp.o
[  8%] Built target test_float_heads
[ 14%] Built target test_e11_decode
[ 23%] Built target yoloe_core
[ 26%] Building CXX object tests/CMakeFiles/identity_probe.dir/identity_probe.cc.o
[ 32%] Built target test_geometry
[ 38%] Built target test_e26_decode
[ 50%] Built target test_image_ops
[ 50%] Built target test_pipeline
[ 52%] Building CXX object CMakeFiles/yoloe_preflight.dir/Users/Max/Workspace/company/development/RDK_MODEL_ZOO/rdk-b7-board-integration/samples/_shared/cpp/platform_identity.cc.o
[ 58%] Built target input_probe
[ 61%] Building CXX object tests/CMakeFiles/test_sdk_runner_x5.dir/test_sdk_runner.cc.o
[ 64%] Linking CXX executable identity_probe
[ 67%] Building CXX object tests/CMakeFiles/test_sdk_runner_ucp.dir/test_sdk_runner.cc.o
[ 67%] Built target identity_probe
[ 70%] Building CXX object tests/CMakeFiles/test_sdk_runner_x5.dir/__/src/sdk_runner.cpp.o
[ 73%] Linking CXX static library libyoloe_preflight.a
[ 73%] Built target yoloe_preflight
[ 79%] Built target mask_probe
[ 82%] Building CXX object tests/CMakeFiles/test_sdk_runner_ucp.dir/__/src/sdk_runner.cpp.o
[ 85%] Building CXX object tests/CMakeFiles/test_preflight.dir/test_preflight.cc.o
[ 88%] Linking CXX executable test_sdk_runner_x5
[ 91%] Built target test_sdk_runner_x5
[ 94%] Linking CXX executable test_preflight
[ 97%] Linking CXX executable test_sdk_runner_ucp
[ 97%] Built target test_preflight
[100%] Built target test_sdk_runner_ucp
Test project /tmp/yoloe-native-opencv
    Start 1: float_heads
1/9 Test #1: float_heads ......................   Passed    0.01 sec
    Start 2: e11_decode
2/9 Test #2: e11_decode .......................   Passed    5.66 sec
    Start 3: e26_decode
3/9 Test #3: e26_decode .......................   Passed    6.17 sec
    Start 4: geometry
4/9 Test #4: geometry .........................   Passed    0.02 sec
    Start 5: preflight
5/9 Test #5: preflight ........................   Passed    0.37 sec
    Start 6: image_ops
6/9 Test #6: image_ops ........................   Passed    0.40 sec
    Start 7: pipeline
7/9 Test #7: pipeline .........................   Passed    7.52 sec
    Start 8: sdk_runner_x5
8/9 Test #8: sdk_runner_x5 ....................   Passed    8.59 sec
    Start 9: sdk_runner_ucp
9/9 Test #9: sdk_runner_ucp ...................   Passed    8.33 sec

100% tests passed out of 9

Total Test time (real) =  37.08 sec
Test project /tmp/yoloe-stage-core
    Start 1: float_heads
1/9 Test #1: float_heads ......................   Passed    0.01 sec
    Start 2: e11_decode
2/9 Test #2: e11_decode .......................   Passed    3.79 sec
    Start 3: e26_decode
3/9 Test #3: e26_decode .......................   Passed    3.56 sec
    Start 4: geometry
4/9 Test #4: geometry .........................   Passed    0.01 sec
    Start 5: preflight
5/9 Test #5: preflight ........................   Passed    0.14 sec
    Start 6: image_ops
6/9 Test #6: image_ops ........................   Passed    0.27 sec
    Start 7: pipeline
7/9 Test #7: pipeline .........................   Passed    7.89 sec
    Start 8: sdk_runner_x5
8/9 Test #8: sdk_runner_x5 ....................   Passed    8.14 sec
    Start 9: sdk_runner_ucp
9/9 Test #9: sdk_runner_ucp ...................   Passed    8.28 sec

100% tests passed out of 9

Total Test time (real) =  32.10 sec
