-- Configuring done (0.0s)
-- Generating done (0.0s)
-- Build files have been written to: /tmp/ultralytics-cpp-host
[ 12%] Built target test_benchmark
[ 22%] Built target test_head_probe
[ 30%] Built target test_nv12_geometry
[ 40%] Built target test_decode
[ 45%] Built target test_classification_binding_UCP
[ 50%] Built target test_classification_binding_X5
[ 60%] Built target test_classification
[ 70%] Built target test_task_outputs
[ 77%] Built target test_task_output_binding_UCP
[ 80%] Built target test_task_output_binding_X5
[100%] Built target test_dnn_io_x5
[100%] Built target test_dnn_io_ucp
Test project /tmp/ultralytics-cpp-host
      Start  1: test_decode
 1/12 Test  #1: test_decode .......................   Passed    0.00 sec
      Start  2: test_head_probe
 2/12 Test  #2: test_head_probe ...................   Passed    0.00 sec
      Start  3: test_nv12_geometry
 3/12 Test  #3: test_nv12_geometry ................   Passed    0.00 sec
      Start  4: test_benchmark
 4/12 Test  #4: test_benchmark ....................   Passed    0.00 sec
      Start  5: test_classification
 5/12 Test  #5: test_classification ...............   Passed    0.00 sec
      Start  6: test_task_outputs
 6/12 Test  #6: test_task_outputs .................   Passed    0.00 sec
      Start  7: test_classification_binding_X5
 7/12 Test  #7: test_classification_binding_X5 ....   Passed    0.00 sec
      Start  8: test_classification_binding_UCP
 8/12 Test  #8: test_classification_binding_UCP ...   Passed    0.00 sec
      Start  9: test_task_output_binding_X5
 9/12 Test  #9: test_task_output_binding_X5 .......   Passed    0.00 sec
      Start 10: test_task_output_binding_UCP
10/12 Test #10: test_task_output_binding_UCP ......   Passed    0.00 sec
      Start 11: test_dnn_io_x5
11/12 Test #11: test_dnn_io_x5 ....................   Passed    0.01 sec
      Start 12: test_dnn_io_ucp
12/12 Test #12: test_dnn_io_ucp ...................   Passed    0.01 sec

100% tests passed out of 12

Total Test time (real) =   0.05 sec
