..................................................................................................................error: AttributeError: simulated SDK failure
.......................................
----------------------------------------------------------------------
Ran 153 tests in 1.374s

OK
Wrote 20 calibration files to /var/folders/04/9p6f6bf54t3f5j_khcdj2jr40000gn/T/sam-calibration-f72ro4ba/source
Wrote 20 calibration files to /var/folders/04/9p6f6bf54t3f5j_khcdj2jr40000gn/T/sam-calibration-f72ro4ba/unified/calibration_data_rgbchw_512
Wrote 20 calibration files to /var/folders/04/9p6f6bf54t3f5j_khcdj2jr40000gn/T/sam-calibration-lfexsofy/source/batched_images
Wrote 20 calibration files to /var/folders/04/9p6f6bf54t3f5j_khcdj2jr40000gn/T/sam-calibration-lfexsofy/unified/batched_images
Wrote 1 calibration tensors to /var/folders/04/9p6f6bf54t3f5j_khcdj2jr40000gn/T/sam-calibration-feouinxb/source
Wrote 1 calibration tensors to /var/folders/04/9p6f6bf54t3f5j_khcdj2jr40000gn/T/sam-calibration-feouinxb/unified/calibration_data_norm_512
Wrote 1 calibration tensors to /var/folders/04/9p6f6bf54t3f5j_khcdj2jr40000gn/T/sam-calibration-_wleebou/source/normalized_images
Wrote 1 calibration tensors to /var/folders/04/9p6f6bf54t3f5j_khcdj2jr40000gn/T/sam-calibration-_wleebou/unified/normalized_images
Wrote 4 embeddings to /var/folders/04/9p6f6bf54t3f5j_khcdj2jr40000gn/T/sam-decoder-calibration-j_gl7ps7/source/calibration_embeddings
Wrote 4 embeddings to /var/folders/04/9p6f6bf54t3f5j_khcdj2jr40000gn/T/sam-decoder-calibration-j_gl7ps7/unified/calibration_embeddings
Wrote 4 embeddings to /var/folders/04/9p6f6bf54t3f5j_khcdj2jr40000gn/T/sam-decoder-calibration-4q_c41f1/source/image_embeddings
Wrote 4 embeddings to /var/folders/04/9p6f6bf54t3f5j_khcdj2jr40000gn/T/sam-decoder-calibration-4q_c41f1/unified/image_embeddings
Wrote 4 embeddings to /var/folders/04/9p6f6bf54t3f5j_khcdj2jr40000gn/T/sam-decoder-calibration-sigm38vl/source/calibration_embeddings
Wrote 4 boxes to /var/folders/04/9p6f6bf54t3f5j_khcdj2jr40000gn/T/sam-decoder-calibration-sigm38vl/source/calibration_boxes
Wrote 4 embeddings to /var/folders/04/9p6f6bf54t3f5j_khcdj2jr40000gn/T/sam-decoder-calibration-sigm38vl/unified/calibration_embeddings
Wrote 4 boxes to /var/folders/04/9p6f6bf54t3f5j_khcdj2jr40000gn/T/sam-decoder-calibration-sigm38vl/unified/calibration_boxes
Wrote 4 embeddings to /var/folders/04/9p6f6bf54t3f5j_khcdj2jr40000gn/T/sam-decoder-calibration-9z_nm4im/source/image_embeddings
Wrote 4 boxes to /var/folders/04/9p6f6bf54t3f5j_khcdj2jr40000gn/T/sam-decoder-calibration-9z_nm4im/source/boxes
Wrote 4 embeddings to /var/folders/04/9p6f6bf54t3f5j_khcdj2jr40000gn/T/sam-decoder-calibration-9z_nm4im/unified/image_embeddings
Wrote 4 boxes to /var/folders/04/9p6f6bf54t3f5j_khcdj2jr40000gn/T/sam-decoder-calibration-9z_nm4im/unified/boxes
Wrote /var/folders/04/9p6f6bf54t3f5j_khcdj2jr40000gn/T/sam-dump-zq6nu94w/source.bin (shape (1, 256, 32, 32), dtype float32)
Wrote /var/folders/04/9p6f6bf54t3f5j_khcdj2jr40000gn/T/sam-dump-zq6nu94w/unified.bin (shape (1, 256, 32, 32), dtype float32)
Wrote /var/folders/04/9p6f6bf54t3f5j_khcdj2jr40000gn/T/sam-dump-1zyl__0m/source.bin (shape (1, 256, 32, 32), dtype float32)
Wrote /var/folders/04/9p6f6bf54t3f5j_khcdj2jr40000gn/T/sam-dump-1zyl__0m/unified.bin (shape (1, 256, 32, 32), dtype float32)
{
  "passed": true,
  "checks": {
    "inputs_equal": true,
    "raw_close": true,
    "mask_equal": true,
    "mask_index_equal": true,
    "iou_close": true,
    "low_res_close": true
  },
  "evidence": "/private/var/folders/04/9p6f6bf54t3f5j_khcdj2jr40000gn/T/tmp_fxqush4/evidence/comparison.json"
}
{
  "passed": true,
  "checks": {
    "inputs_equal": true,
    "raw_close": true,
    "mask_equal": true,
    "mask_index_equal": true,
    "iou_close": true,
    "low_res_close": true
  },
  "evidence": "/private/var/folders/04/9p6f6bf54t3f5j_khcdj2jr40000gn/T/tmpr838lrml/evidence/comparison.json"
}
{
  "passed": false,
  "checks": {
    "inputs_equal": true,
    "raw_close": false,
    "mask_equal": false,
    "mask_index_equal": false,
    "iou_close": true,
    "low_res_close": false
  },
  "evidence": "/private/var/folders/04/9p6f6bf54t3f5j_khcdj2jr40000gn/T/tmpezw2p8ya/evidence/comparison.json"
}
