Collecting torch==2.6.0
  Downloading torch-2.6.0-cp312-none-macosx_11_0_arm64.whl.metadata (28 kB)
Collecting torchaudio==2.6.0
  Downloading torchaudio-2.6.0-cp312-cp312-macosx_11_0_arm64.whl.metadata (6.6 kB)
Collecting numpy<2
  Downloading numpy-1.26.4-cp312-cp312-macosx_11_0_arm64.whl.metadata (61 kB)
Collecting protobuf<=4.23.0
  Downloading protobuf-4.23.0-cp37-abi3-macosx_10_9_universal2.whl.metadata (540 bytes)
Collecting funasr==1.3.14
  Downloading funasr-1.3.14-py3-none-any.whl.metadata (20 kB)
Collecting soundfile==0.14.0
  Using cached soundfile-0.14.0-py2.py3-none-macosx_11_0_arm64.whl.metadata (18 kB)
Collecting filelock (from torch==2.6.0)
  Using cached filelock-4.0.4-py3-none-any.whl.metadata (2.0 kB)
Collecting typing-extensions>=4.10.0 (from torch==2.6.0)
  Using cached typing_extensions-4.16.0-py3-none-any.whl.metadata (3.3 kB)
Collecting networkx (from torch==2.6.0)
  Using cached networkx-3.7-py3-none-any.whl.metadata (6.7 kB)
Collecting jinja2 (from torch==2.6.0)
  Using cached jinja2-3.1.6-py3-none-any.whl.metadata (2.9 kB)
Collecting fsspec (from torch==2.6.0)
  Using cached fsspec-2026.9.0-py3-none-any.whl.metadata (10 kB)
Collecting setuptools (from torch==2.6.0)
  Using cached setuptools-84.0.0-py3-none-any.whl.metadata (6.6 kB)
Collecting sympy==1.13.1 (from torch==2.6.0)
  Downloading sympy-1.13.1-py3-none-any.whl.metadata (12 kB)
Collecting scipy>=1.4.1 (from funasr==1.3.14)
  Downloading scipy-1.18.1-cp312-cp312-macosx_14_0_arm64.whl.metadata (62 kB)
Collecting librosa (from funasr==1.3.14)
  Downloading librosa-1.0.0-py3-none-any.whl.metadata (6.7 kB)
Collecting PyYAML>=5.1.2 (from funasr==1.3.14)
  Downloading pyyaml-6.0.3-cp312-cp312-macosx_11_0_arm64.whl.metadata (2.4 kB)
Collecting tqdm (from funasr==1.3.14)
  Using cached tqdm-4.70.1-py3-none-any.whl.metadata (57 kB)
Collecting requests (from funasr==1.3.14)
  Downloading requests-2.34.2-py3-none-any.whl.metadata (4.8 kB)
Collecting omegaconf>=2.0 (from funasr==1.3.14)
  Downloading omegaconf-2.3.1-py3-none-any.whl.metadata (4.5 kB)
Collecting hydra-core>=1.3.2 (from funasr==1.3.14)
  Downloading hydra_core-1.3.7-py3-none-any.whl.metadata (5.7 kB)
Collecting modelscope (from funasr==1.3.14)
  Downloading modelscope-1.40.1-py3-none-any.whl.metadata (43 kB)
Collecting huggingface_hub (from funasr==1.3.14)
  Downloading huggingface_hub-2.0.0-py3-none-any.whl.metadata (16 kB)
Collecting safetensors (from funasr==1.3.14)
  Using cached safetensors-0.8.0-cp310-abi3-macosx_11_0_arm64.whl.metadata (4.2 kB)
Collecting transformers (from funasr==1.3.14)
  Downloading transformers-5.17.0-py3-none-any.whl.metadata (32 kB)
Collecting tiktoken (from funasr==1.3.14)
  Downloading tiktoken-0.14.0-cp312-cp312-macosx_11_0_arm64.whl.metadata (6.7 kB)
Collecting sentencepiece (from funasr==1.3.14)
  Downloading sentencepiece-0.2.2-cp312-cp312-macosx_11_0_arm64.whl.metadata (33 kB)
Collecting kaldiio>=2.17.0 (from funasr==1.3.14)
  Downloading kaldiio-2.18.1-py3-none-any.whl.metadata (13 kB)
Collecting jieba (from funasr==1.3.14)
  Downloading jieba-0.42.1.tar.gz (19.2 MB)
     ━━━━━━━━━━━━━━━━━━━━━━━━━━━━━━━━━━━━━━━━ 19.2/19.2 MB 7.6 MB/s eta 0:00:00
  Installing build dependencies: started
  Installing build dependencies: finished with status 'done'
  Getting requirements to build wheel: started
  Getting requirements to build wheel: finished with status 'done'
  Preparing metadata (pyproject.toml): started
  Preparing metadata (pyproject.toml): finished with status 'done'
Collecting jamo (from funasr==1.3.14)
  Downloading jamo-0.4.1-py3-none-any.whl.metadata (2.3 kB)
Collecting jaconv (from funasr==1.3.14)
  Downloading jaconv-0.5.0-py3-none-any.whl.metadata (8.9 kB)
Collecting umap_learn (from funasr==1.3.14)
  Downloading umap_learn-0.5.12-py3-none-any.whl.metadata (24 kB)
Collecting editdistance>=0.5.2 (from funasr==1.3.14)
  Downloading editdistance-0.8.1-cp312-cp312-macosx_11_0_arm64.whl.metadata (3.9 kB)
Collecting torch_complex (from funasr==1.3.14)
  Downloading torch_complex-0.4.4-py3-none-any.whl.metadata (3.1 kB)
Collecting tensorboardX (from funasr==1.3.14)
  Downloading tensorboardx-2.6.5-py3-none-any.whl.metadata (6.6 kB)
Collecting oss2 (from funasr==1.3.14)
  Downloading oss2-2.19.1.tar.gz (298 kB)
  Installing build dependencies: started
  Installing build dependencies: finished with status 'done'
  Getting requirements to build wheel: started
  Getting requirements to build wheel: finished with status 'done'
  Preparing metadata (pyproject.toml): started
  Preparing metadata (pyproject.toml): finished with status 'done'
Collecting cffi>=1.0 (from soundfile==0.14.0)
  Downloading cffi-2.1.1-cp312-cp312-macosx_11_0_arm64.whl.metadata (2.5 kB)
Collecting mpmath<1.4,>=1.1.0 (from sympy==1.13.1->torch==2.6.0)
  Using cached mpmath-1.3.0-py3-none-any.whl.metadata (8.6 kB)
Collecting pycparser (from cffi>=1.0->soundfile==0.14.0)
  Using cached pycparser-3.0-py3-none-any.whl.metadata (8.2 kB)
Collecting antlr4-python3-runtime==4.9.* (from hydra-core>=1.3.2->funasr==1.3.14)
  Downloading antlr4-python3-runtime-4.9.3.tar.gz (117 kB)
  Installing build dependencies: started
  Installing build dependencies: finished with status 'done'
  Getting requirements to build wheel: started
  Getting requirements to build wheel: finished with status 'done'
  Preparing metadata (pyproject.toml): started
  Preparing metadata (pyproject.toml): finished with status 'done'
Collecting packaging (from hydra-core>=1.3.2->funasr==1.3.14)
  Using cached packaging-26.3-py3-none-any.whl.metadata (3.5 kB)
INFO: pip is looking at multiple versions of scipy to determine which version is compatible with other requirements. This could take a while.
Collecting scipy>=1.4.1 (from funasr==1.3.14)
  Downloading scipy-1.18.0-cp312-cp312-macosx_14_0_arm64.whl.metadata (62 kB)
  Downloading scipy-1.17.1-cp312-cp312-macosx_14_0_arm64.whl.metadata (62 kB)
Collecting click<9.0.0,>=8.4.2 (from huggingface_hub->funasr==1.3.14)
  Using cached click-8.5.0-py3-none-any.whl.metadata (2.6 kB)
Collecting hf-xet<2.0.0,>=1.6.0 (from huggingface_hub->funasr==1.3.14)
  Downloading hf_xet-1.6.0-cp38-abi3-macosx_11_0_arm64.whl.metadata (4.9 kB)
Collecting httpx2<3,>=2.0.0 (from huggingface_hub->funasr==1.3.14)
  Downloading httpx2-2.13.1-py3-none-any.whl.metadata (9.8 kB)
Collecting MarkupSafe>=2.0 (from jinja2->torch==2.6.0)
  Downloading markupsafe-3.0.3-cp312-cp312-macosx_11_0_arm64.whl.metadata (2.7 kB)
Collecting numba>=0.61.0 (from librosa->funasr==1.3.14)
  Downloading numba-0.67.0-cp312-cp312-macosx_12_0_arm64.whl.metadata (2.7 kB)
INFO: pip is looking at multiple versions of librosa to determine which version is compatible with other requirements. This could take a while.
Collecting librosa (from funasr==1.3.14)
  Downloading librosa-0.11.0-py3-none-any.whl.metadata (8.7 kB)
Collecting audioread>=2.1.9 (from librosa->funasr==1.3.14)
  Downloading audioread-3.1.0-py3-none-any.whl.metadata (9.0 kB)
Collecting scikit-learn>=1.1.0 (from librosa->funasr==1.3.14)
  Downloading scikit_learn-1.9.1-cp312-cp312-macosx_12_0_arm64.whl.metadata (9.3 kB)
Collecting joblib>=1.0 (from librosa->funasr==1.3.14)
  Using cached joblib-1.6.0-py3-none-any.whl.metadata (6.5 kB)
Collecting decorator>=4.3.0 (from librosa->funasr==1.3.14)
  Downloading decorator-5.3.1-py3-none-any.whl.metadata (3.9 kB)
Collecting pooch>=1.1 (from librosa->funasr==1.3.14)
  Downloading pooch-1.9.0-py3-none-any.whl.metadata (10 kB)
Collecting soxr>=0.3.2 (from librosa->funasr==1.3.14)
  Downloading soxr-1.1.0-cp312-abi3-macosx_11_0_arm64.whl.metadata (5.8 kB)
Collecting lazy_loader>=0.1 (from librosa->funasr==1.3.14)
  Downloading lazy_loader-0.6-py3-none-any.whl.metadata (6.0 kB)
Collecting msgpack>=1.0 (from librosa->funasr==1.3.14)
  Downloading msgpack-1.2.2-cp312-cp312-macosx_11_0_arm64.whl.metadata (8.3 kB)
Collecting modelscope-hub>=0.4.2 (from modelscope->funasr==1.3.14)
  Downloading modelscope_hub-0.4.5-py3-none-any.whl.metadata (47 kB)
Collecting urllib3>=1.26 (from modelscope->funasr==1.3.14)
  Downloading urllib3-2.8.0-py3-none-any.whl.metadata (7.4 kB)
Collecting charset_normalizer<4,>=2 (from requests->funasr==1.3.14)
  Downloading charset_normalizer-3.5.1-cp312-cp312-macosx_10_13_universal2.whl.metadata (45 kB)
Collecting idna<4,>=2.5 (from requests->funasr==1.3.14)
  Using cached idna-3.20-py3-none-any.whl.metadata (7.2 kB)
Collecting certifi>=2023.5.7 (from requests->funasr==1.3.14)
  Using cached certifi-2026.7.22-py3-none-any.whl.metadata (2.5 kB)
Collecting crcmod>=1.7 (from oss2->funasr==1.3.14)
  Downloading crcmod-1.7.tar.gz (89 kB)
  Installing build dependencies: started
  Installing build dependencies: finished with status 'done'
  Getting requirements to build wheel: started
  Getting requirements to build wheel: finished with status 'done'
  Preparing metadata (pyproject.toml): started
  Preparing metadata (pyproject.toml): finished with status 'done'
Collecting pycryptodome>=3.4.7 (from oss2->funasr==1.3.14)
  Downloading pycryptodome-3.23.0-cp37-abi3-macosx_10_9_universal2.whl.metadata (3.4 kB)
Collecting aliyun-python-sdk-kms>=2.4.1 (from oss2->funasr==1.3.14)
  Downloading aliyun_python_sdk_kms-2.16.5-py2.py3-none-any.whl.metadata (1.5 kB)
Collecting aliyun-python-sdk-core>=2.13.12 (from oss2->funasr==1.3.14)
  Downloading aliyun_python_sdk_core-2.16.1-py3-none-any.whl.metadata (1.5 kB)
Collecting six (from oss2->funasr==1.3.14)
  Downloading six-1.17.0-py2.py3-none-any.whl.metadata (1.7 kB)
Collecting regex (from tiktoken->funasr==1.3.14)
  Downloading regex-2026.9.10-cp312-cp312-macosx_11_0_arm64.whl.metadata (40 kB)
Collecting huggingface_hub (from funasr==1.3.14)
  Downloading huggingface_hub-1.33.0-py3-none-any.whl.metadata (16 kB)
Collecting tokenizers<0.24.0,>=0.23.1 (from transformers->funasr==1.3.14)
  Downloading tokenizers-0.23.2-cp310-abi3-macosx_11_0_arm64.whl.metadata (9.8 kB)
Collecting typer (from transformers->funasr==1.3.14)
  Downloading typer-0.27.2-py3-none-any.whl.metadata (16 kB)
Collecting httpx<1,>=0.23.0 (from huggingface_hub->funasr==1.3.14)
  Using cached httpx-0.28.1-py3-none-any.whl.metadata (7.1 kB)
Collecting pynndescent>=0.5 (from umap_learn->funasr==1.3.14)
  Downloading pynndescent-0.6.0-py3-none-any.whl.metadata (6.9 kB)
Collecting cryptography>=3.0.0 (from aliyun-python-sdk-core>=2.13.12->oss2->funasr==1.3.14)
  Downloading cryptography-50.0.1-cp311-abi3-macosx_11_0_arm64.whl.metadata (4.3 kB)
Collecting jmespath<2.0.0,>=0.9.3 (from aliyun-python-sdk-core>=2.13.12->oss2->funasr==1.3.14)
  Downloading jmespath-1.1.0-py3-none-any.whl.metadata (7.6 kB)
Collecting anyio (from httpx<1,>=0.23.0->huggingface_hub->funasr==1.3.14)
  Using cached anyio-4.15.1-py3-none-any.whl.metadata (4.7 kB)
Collecting httpcore==1.* (from httpx<1,>=0.23.0->huggingface_hub->funasr==1.3.14)
  Using cached httpcore-1.0.9-py3-none-any.whl.metadata (21 kB)
Collecting h11>=0.16 (from httpcore==1.*->httpx<1,>=0.23.0->huggingface_hub->funasr==1.3.14)
  Using cached h11-0.16.0-py3-none-any.whl.metadata (8.3 kB)
Collecting cloudpickle>=3.0 (from joblib>=1.0->librosa->funasr==1.3.14)
  Using cached cloudpickle-3.1.2-py3-none-any.whl.metadata (7.1 kB)
Collecting llvmlite<0.50,>=0.49.0dev0 (from numba>=0.61.0->librosa->funasr==1.3.14)
  Downloading llvmlite-0.49.0-cp312-cp312-macosx_12_0_arm64.whl.metadata (5.0 kB)
Collecting platformdirs>=2.5.0 (from pooch>=1.1->librosa->funasr==1.3.14)
  Downloading platformdirs-4.12.0-py3-none-any.whl.metadata (5.5 kB)
Collecting narwhals>=2.0.1 (from scikit-learn>=1.1.0->librosa->funasr==1.3.14)
  Using cached narwhals-2.26.0-py3-none-any.whl.metadata (15 kB)
Collecting threadpoolctl>=3.5.0 (from scikit-learn>=1.1.0->librosa->funasr==1.3.14)
  Using cached threadpoolctl-3.7.0-py3-none-any.whl.metadata (24 kB)
Collecting shellingham>=1.3.0 (from typer->transformers->funasr==1.3.14)
  Downloading shellingham-1.5.4-py2.py3-none-any.whl.metadata (3.5 kB)
Collecting rich>=13.8.0 (from typer->transformers->funasr==1.3.14)
  Downloading rich-15.0.0-py3-none-any.whl.metadata (18 kB)
Collecting annotated-doc>=0.0.2 (from typer->transformers->funasr==1.3.14)
  Downloading annotated_doc-0.0.5-py3-none-any.whl.metadata (6.5 kB)
Collecting markdown-it-py>=2.2.0 (from rich>=13.8.0->typer->transformers->funasr==1.3.14)
  Downloading markdown_it_py-4.2.0-py3-none-any.whl.metadata (7.4 kB)
Collecting pygments<3.0.0,>=2.13.0 (from rich>=13.8.0->typer->transformers->funasr==1.3.14)
  Downloading pygments-2.21.0-py3-none-any.whl.metadata (2.5 kB)
Collecting mdurl~=0.1 (from markdown-it-py>=2.2.0->rich>=13.8.0->typer->transformers->funasr==1.3.14)
  Downloading mdurl-0.1.2-py3-none-any.whl.metadata (1.6 kB)
Collecting httpcore2==2.13.1 (from httpx2<3,>=2.0.0->huggingface_hub->funasr==1.3.14)
  Downloading httpcore2-2.13.1-py3-none-any.whl.metadata (26 kB)
Collecting truststore>=0.10 (from httpx2<3,>=2.0.0->huggingface_hub->funasr==1.3.14)
  Downloading truststore-0.10.4-py3-none-any.whl.metadata (4.4 kB)
Downloading torch-2.6.0-cp312-none-macosx_11_0_arm64.whl (66.5 MB)
   ━━━━━━━━━━━━━━━━━━━━━━━━━━━━━━━━━━━━━━━━ 66.5/66.5 MB 3.4 MB/s eta 0:00:00
Downloading torchaudio-2.6.0-cp312-cp312-macosx_11_0_arm64.whl (1.8 MB)
   ━━━━━━━━━━━━━━━━━━━━━━━━━━━━━━━━━━━━━━━━ 1.8/1.8 MB 1.4 MB/s eta 0:00:00
Downloading funasr-1.3.14-py3-none-any.whl (926 kB)
   ━━━━━━━━━━━━━━━━━━━━━━━━━━━━━━━━━━━━━━━━ 926.2/926.2 kB 5.0 MB/s eta 0:00:00
Using cached soundfile-0.14.0-py2.py3-none-macosx_11_0_arm64.whl (1.1 MB)
Downloading sympy-1.13.1-py3-none-any.whl (6.2 MB)
   ━━━━━━━━━━━━━━━━━━━━━━━━━━━━━━━━━━━━━━━━ 6.2/6.2 MB 8.8 MB/s eta 0:00:00
Downloading numpy-1.26.4-cp312-cp312-macosx_11_0_arm64.whl (13.7 MB)
   ━━━━━━━━━━━━━━━━━━━━━━━━━━━━━━━━━━━━━━━━ 13.7/13.7 MB 9.8 MB/s eta 0:00:00
Downloading protobuf-4.23.0-cp37-abi3-macosx_10_9_universal2.whl (400 kB)
Downloading cffi-2.1.1-cp312-cp312-macosx_11_0_arm64.whl (184 kB)
Downloading editdistance-0.8.1-cp312-cp312-macosx_11_0_arm64.whl (79 kB)
Downloading hydra_core-1.3.7-py3-none-any.whl (168 kB)
Downloading kaldiio-2.18.1-py3-none-any.whl (29 kB)
Downloading omegaconf-2.3.1-py3-none-any.whl (79 kB)
Downloading pyyaml-6.0.3-cp312-cp312-macosx_11_0_arm64.whl (173 kB)
Downloading scipy-1.17.1-cp312-cp312-macosx_14_0_arm64.whl (20.3 MB)
   ━━━━━━━━━━━━━━━━━━━━━━━━━━━━━━━━━━━━━━━━ 20.3/20.3 MB 6.2 MB/s eta 0:00:00
Using cached typing_extensions-4.16.0-py3-none-any.whl (45 kB)
Using cached filelock-4.0.4-py3-none-any.whl (108 kB)
Using cached fsspec-2026.9.0-py3-none-any.whl (221 kB)
Using cached tqdm-4.70.1-py3-none-any.whl (80 kB)
Downloading jaconv-0.5.0-py3-none-any.whl (16 kB)
Downloading jamo-0.4.1-py3-none-any.whl (9.5 kB)
Using cached jinja2-3.1.6-py3-none-any.whl (134 kB)
Downloading librosa-0.11.0-py3-none-any.whl (260 kB)
Downloading modelscope-1.40.1-py3-none-any.whl (6.1 MB)
   ━━━━━━━━━━━━━━━━━━━━━━━━━━━━━━━━━━━━━━━━ 6.1/6.1 MB 9.6 MB/s eta 0:00:00
Downloading requests-2.34.2-py3-none-any.whl (73 kB)
Using cached networkx-3.7-py3-none-any.whl (2.1 MB)
Using cached safetensors-0.8.0-cp310-abi3-macosx_11_0_arm64.whl (484 kB)
Downloading sentencepiece-0.2.2-cp312-cp312-macosx_11_0_arm64.whl (1.3 MB)
   ━━━━━━━━━━━━━━━━━━━━━━━━━━━━━━━━━━━━━━━━ 1.3/1.3 MB 8.7 MB/s eta 0:00:00
Using cached setuptools-84.0.0-py3-none-any.whl (818 kB)
Downloading tensorboardx-2.6.5-py3-none-any.whl (87 kB)
Downloading tiktoken-0.14.0-cp312-cp312-macosx_11_0_arm64.whl (1.0 MB)
   ━━━━━━━━━━━━━━━━━━━━━━━━━━━━━━━━━━━━━━━━ 1.0/1.0 MB 9.0 MB/s eta 0:00:00
Downloading torch_complex-0.4.4-py3-none-any.whl (9.1 kB)
Downloading transformers-5.17.0-py3-none-any.whl (12.3 MB)
   ━━━━━━━━━━━━━━━━━━━━━━━━━━━━━━━━━━━━━━━━ 12.3/12.3 MB 9.9 MB/s eta 0:00:00
Downloading huggingface_hub-1.33.0-py3-none-any.whl (846 kB)
   ━━━━━━━━━━━━━━━━━━━━━━━━━━━━━━━━━━━━━━━━ 846.4/846.4 kB 8.2 MB/s eta 0:00:00
Downloading umap_learn-0.5.12-py3-none-any.whl (91 kB)
Downloading aliyun_python_sdk_core-2.16.1-py3-none-any.whl (521 kB)
Downloading aliyun_python_sdk_kms-2.16.5-py2.py3-none-any.whl (99 kB)
Downloading audioread-3.1.0-py3-none-any.whl (23 kB)
Using cached certifi-2026.7.22-py3-none-any.whl (136 kB)
Downloading charset_normalizer-3.5.1-cp312-cp312-macosx_10_13_universal2.whl (344 kB)
Using cached click-8.5.0-py3-none-any.whl (125 kB)
Downloading decorator-5.3.1-py3-none-any.whl (10 kB)
Downloading hf_xet-1.6.0-cp38-abi3-macosx_11_0_arm64.whl (3.9 MB)
   ━━━━━━━━━━━━━━━━━━━━━━━━━━━━━━━━━━━━━━━━ 3.9/3.9 MB 9.5 MB/s eta 0:00:00
Using cached httpx-0.28.1-py3-none-any.whl (73 kB)
Using cached httpcore-1.0.9-py3-none-any.whl (78 kB)
Using cached idna-3.20-py3-none-any.whl (69 kB)
Using cached joblib-1.6.0-py3-none-any.whl (306 kB)
Downloading lazy_loader-0.6-py3-none-any.whl (8.8 kB)
Downloading markupsafe-3.0.3-cp312-cp312-macosx_11_0_arm64.whl (12 kB)
Downloading modelscope_hub-0.4.5-py3-none-any.whl (236 kB)
Using cached mpmath-1.3.0-py3-none-any.whl (536 kB)
Downloading msgpack-1.2.2-cp312-cp312-macosx_11_0_arm64.whl (83 kB)
Downloading numba-0.67.0-cp312-cp312-macosx_12_0_arm64.whl (2.7 MB)
   ━━━━━━━━━━━━━━━━━━━━━━━━━━━━━━━━━━━━━━━━ 2.7/2.7 MB 8.2 MB/s eta 0:00:00
Using cached packaging-26.3-py3-none-any.whl (129 kB)
Downloading pooch-1.9.0-py3-none-any.whl (67 kB)
Downloading pycryptodome-3.23.0-cp37-abi3-macosx_10_9_universal2.whl (2.5 MB)
   ━━━━━━━━━━━━━━━━━━━━━━━━━━━━━━━━━━━━━━━━ 2.5/2.5 MB 8.5 MB/s eta 0:00:00
Downloading pynndescent-0.6.0-py3-none-any.whl (73 kB)
Downloading regex-2026.9.10-cp312-cp312-macosx_11_0_arm64.whl (291 kB)
Downloading scikit_learn-1.9.1-cp312-cp312-macosx_12_0_arm64.whl (8.3 MB)
   ━━━━━━━━━━━━━━━━━━━━━━━━━━━━━━━━━━━━━━━━ 8.3/8.3 MB 8.5 MB/s eta 0:00:00
Downloading soxr-1.1.0-cp312-abi3-macosx_11_0_arm64.whl (165 kB)
Downloading tokenizers-0.23.2-cp310-abi3-macosx_11_0_arm64.whl (3.1 MB)
   ━━━━━━━━━━━━━━━━━━━━━━━━━━━━━━━━━━━━━━━━ 3.1/3.1 MB 8.0 MB/s eta 0:00:00
Downloading urllib3-2.8.0-py3-none-any.whl (135 kB)
Using cached pycparser-3.0-py3-none-any.whl (48 kB)
Downloading six-1.17.0-py2.py3-none-any.whl (11 kB)
Downloading typer-0.27.2-py3-none-any.whl (123 kB)
Downloading annotated_doc-0.0.5-py3-none-any.whl (5.3 kB)
Using cached cloudpickle-3.1.2-py3-none-any.whl (22 kB)
Downloading cryptography-50.0.1-cp311-abi3-macosx_11_0_arm64.whl (4.0 MB)
   ━━━━━━━━━━━━━━━━━━━━━━━━━━━━━━━━━━━━━━━━ 4.0/4.0 MB 3.6 MB/s eta 0:00:00
Downloading jmespath-1.1.0-py3-none-any.whl (20 kB)
Downloading llvmlite-0.49.0-cp312-cp312-macosx_12_0_arm64.whl (40.5 MB)
   ━━━━━━━━━━━━━━━━━━━━━━━━━━━━━━━━━━━━━━━━ 40.5/40.5 MB 5.5 MB/s eta 0:00:00
Using cached narwhals-2.26.0-py3-none-any.whl (474 kB)
Downloading platformdirs-4.12.0-py3-none-any.whl (32 kB)
Downloading rich-15.0.0-py3-none-any.whl (310 kB)
Downloading shellingham-1.5.4-py2.py3-none-any.whl (9.8 kB)
Using cached threadpoolctl-3.7.0-py3-none-any.whl (26 kB)
Using cached anyio-4.15.1-py3-none-any.whl (132 kB)
Using cached h11-0.16.0-py3-none-any.whl (37 kB)
Downloading markdown_it_py-4.2.0-py3-none-any.whl (91 kB)
Downloading pygments-2.21.0-py3-none-any.whl (1.3 MB)
   ━━━━━━━━━━━━━━━━━━━━━━━━━━━━━━━━━━━━━━━━ 1.3/1.3 MB 6.0 MB/s eta 0:00:00
Downloading mdurl-0.1.2-py3-none-any.whl (10.0 kB)
Building wheels for collected packages: antlr4-python3-runtime, jieba, oss2, crcmod
  Building wheel for antlr4-python3-runtime (pyproject.toml): started
  Building wheel for antlr4-python3-runtime (pyproject.toml): finished with status 'done'
  Created wheel for antlr4-python3-runtime: filename=antlr4_python3_runtime-4.9.3-py3-none-any.whl size=144590 sha256=758966715a285c76583a540b3407a1ecf7016594da4bdb7778e42e407dc52a10
  Stored in directory: /Users/Max/Library/Caches/pip/wheels/1f/be/48/13754633f1d08d1fbfc60d5e80ae1e5d7329500477685286cd
  Building wheel for jieba (pyproject.toml): started
  Building wheel for jieba (pyproject.toml): finished with status 'done'
  Created wheel for jieba: filename=jieba-0.42.1-py3-none-any.whl size=19314509 sha256=3f459f87f169868f4af0aa30b1bb78d8eb29497d68e6e8ffbd2183d027d6d789
  Stored in directory: /Users/Max/Library/Caches/pip/wheels/08/a1/a3/5c8ac52cc2f5782ffffc34c95c57c8e5ecb3063dc69541ee7c
  Building wheel for oss2 (pyproject.toml): started
  Building wheel for oss2 (pyproject.toml): finished with status 'done'
  Created wheel for oss2: filename=oss2-2.19.1-py3-none-any.whl size=124037 sha256=2619b0ea1246b0ec2a7d3fe371d4107d5a52af5e640084d3bfa7f1832e8bd495
  Stored in directory: /Users/Max/Library/Caches/pip/wheels/a6/aa/ce/a0c9e73f8e4a3b7813b6b0d9dbddfb83028fd416828f27d97b
  Building wheel for crcmod (pyproject.toml): started
  Building wheel for crcmod (pyproject.toml): finished with status 'done'
  Created wheel for crcmod: filename=crcmod-1.7-cp312-cp312-macosx_11_0_arm64.whl size=22160 sha256=5d7578a6008c79fa456add7797fe029572ecef22d40cfbf3101f777b72b4eee5
  Stored in directory: /Users/Max/Library/Caches/pip/wheels/76/08/0b/caa8b1380122cbfe6a03eaccbec0f63c67e619af4e30ca5e2a
Successfully built antlr4-python3-runtime jieba oss2 crcmod
Installing collected packages: mpmath, jieba, jamo, jaconv, crcmod, antlr4-python3-runtime, urllib3, typing-extensions, tqdm, threadpoolctl, sympy, six, shellingham, setuptools, sentencepiece, safetensors, regex, PyYAML, pygments, pycryptodome, pycparser, protobuf, platformdirs, packaging, numpy, networkx, narwhals, msgpack, mdurl, MarkupSafe, llvmlite, jmespath, idna, hf-xet, h11, fsspec, filelock, editdistance, decorator, cloudpickle, click, charset_normalizer, certifi, audioread, annotated-doc, torch_complex, tensorboardX, soxr, scipy, requests, omegaconf, numba, markdown-it-py, lazy_loader, kaldiio, joblib, jinja2, httpcore, cffi, anyio, torch, tiktoken, soundfile, scikit-learn, rich, pooch, hydra-core, httpx, cryptography, typer, torchaudio, pynndescent, modelscope-hub, librosa, huggingface_hub, aliyun-python-sdk-core, umap_learn, tokenizers, modelscope, aliyun-python-sdk-kms, transformers, oss2, funasr
Successfully installed MarkupSafe-3.0.3 PyYAML-6.0.3 aliyun-python-sdk-core-2.16.1 aliyun-python-sdk-kms-2.16.5 annotated-doc-0.0.5 antlr4-python3-runtime-4.9.3 anyio-4.15.1 audioread-3.1.0 certifi-2026.7.22 cffi-2.1.1 charset_normalizer-3.5.1 click-8.5.0 cloudpickle-3.1.2 crcmod-1.7 cryptography-50.0.1 decorator-5.3.1 editdistance-0.8.1 filelock-4.0.4 fsspec-2026.9.0 funasr-1.3.14 h11-0.16.0 hf-xet-1.6.0 httpcore-1.0.9 httpx-0.28.1 huggingface_hub-1.33.0 hydra-core-1.3.7 idna-3.20 jaconv-0.5.0 jamo-0.4.1 jieba-0.42.1 jinja2-3.1.6 jmespath-1.1.0 joblib-1.6.0 kaldiio-2.18.1 lazy_loader-0.6 librosa-0.11.0 llvmlite-0.49.0 markdown-it-py-4.2.0 mdurl-0.1.2 modelscope-1.40.1 modelscope-hub-0.4.5 mpmath-1.3.0 msgpack-1.2.2 narwhals-2.26.0 networkx-3.7 numba-0.67.0 numpy-1.26.4 omegaconf-2.3.1 oss2-2.19.1 packaging-26.3 platformdirs-4.12.0 pooch-1.9.0 protobuf-4.23.0 pycparser-3.0 pycryptodome-3.23.0 pygments-2.21.0 pynndescent-0.6.0 regex-2026.9.10 requests-2.34.2 rich-15.0.0 safetensors-0.8.0 scikit-learn-1.9.1 scipy-1.17.1 sentencepiece-0.2.2 setuptools-84.0.0 shellingham-1.5.4 six-1.17.0 soundfile-0.14.0 soxr-1.1.0 sympy-1.13.1 tensorboardX-2.6.5 threadpoolctl-3.7.0 tiktoken-0.14.0 tokenizers-0.23.2 torch-2.6.0 torch_complex-0.4.4 torchaudio-2.6.0 tqdm-4.70.1 transformers-5.17.0 typer-0.27.2 typing-extensions-4.16.0 umap_learn-0.5.12 urllib3-2.8.0

[notice] A new release of pip is available: 25.0.1 -> 26.2.1
[notice] To update, run: /Users/Max/Workspace/company/development/RDK_MODEL_ZOO/rdk-b7-board-integration/../.coordination/paraformer-frontend-venv/bin/python -m pip install --upgrade pip
