Notice: ffmpeg is not installed. torchaudio is used to load audio
If you want to use ffmpeg backend to load audio, please install it by:
	sudo apt install ffmpeg # ubuntu
	# brew install ffmpeg # mac
{
  "scope": "real CPU FunASR features only; no HBM/SDK/board inference",
  "source_commit": "380e1a2bf42041af54be6f34935e50197cfadff9",
  "source_matches_git": true,
  "source_sha256": "954e21660920e46a9a8206ac2cff9900aedfac2322920b4cb857d4f4ffe42c32",
  "versions": {
    "torch": "2.6.0",
    "torchaudio": "2.6.0",
    "funasr": "1.3.14",
    "numpy": "1.26.4",
    "soundfile": "0.14.0",
    "protobuf": "4.23.0"
  },
  "python": "3.12.14 (main, Aug 25 2026, 13:50:33) [Clang 22.1.3 ]",
  "cases": [
    {
      "case": "BAC009S0724W0121",
      "samples": 68496,
      "source_wav_sha256": "2f9fc9c912bb71c85fb286cb88b599c81efb8f727c727a5ea8f6d1c89c55ac13",
      "valid_frames": 71,
      "original_frames": 71,
      "truncated": false,
      "byte_equal": true,
      "max_abs_diff": 0.0,
      "source_changed_rng": true,
      "unified_preserved_rng": true,
      "repeat_byte_equal": true,
      "features_sha256": "d9d8a81c4607dcf6925cf2d96c12d923c72c04aab437e6c4fa41c11114a290ec"
    },
    {
      "case": "BAC009S0724W0168",
      "samples": 75137,
      "source_wav_sha256": "84193516c402d88f47699bd9817bc1850b4fe188cde5bb56c6d7eb469c06a3ce",
      "valid_frames": 78,
      "original_frames": 78,
      "truncated": false,
      "byte_equal": true,
      "max_abs_diff": 0.0,
      "source_changed_rng": true,
      "unified_preserved_rng": true,
      "repeat_byte_equal": true,
      "features_sha256": "008247c3edd5e2f4181b5f708e37d9a32acc4e0dfd3855e974d03d895a3ef457"
    },
    {
      "case": "stereo",
      "samples": 68496,
      "source_wav_sha256": null,
      "valid_frames": 71,
      "original_frames": 71,
      "truncated": false,
      "byte_equal": true,
      "max_abs_diff": 0.0,
      "source_changed_rng": true,
      "unified_preserved_rng": true,
      "repeat_byte_equal": true,
      "features_sha256": "96cf87a66cd4024ed21a987c6b8e7c736af63616055499ff03450ffabb9d53d5"
    },
    {
      "case": "silence",
      "samples": 8000,
      "source_wav_sha256": null,
      "valid_frames": 8,
      "original_frames": 8,
      "truncated": false,
      "byte_equal": true,
      "max_abs_diff": 0.0,
      "source_changed_rng": true,
      "unified_preserved_rng": true,
      "repeat_byte_equal": true,
      "features_sha256": "b1ea9af5d1d72d1877c28223abbb3c87a2d532b3dc48043c0e0e7b616c9c8194"
    },
    {
      "case": "long",
      "samples": 480000,
      "source_wav_sha256": null,
      "valid_frames": 400,
      "original_frames": 500,
      "truncated": true,
      "byte_equal": true,
      "max_abs_diff": 0.0,
      "source_changed_rng": true,
      "unified_preserved_rng": true,
      "repeat_byte_equal": true,
      "features_sha256": "225b54ebe86127e0cabc5278e19b9f4089385803effa6ad44144bb297abaefdd"
    },
    {
      "case": "one_window",
      "samples": 400,
      "source_wav_sha256": null,
      "valid_frames": 1,
      "original_frames": 1,
      "truncated": false,
      "byte_equal": true,
      "max_abs_diff": 0.0,
      "source_changed_rng": true,
      "unified_preserved_rng": true,
      "repeat_byte_equal": true,
      "features_sha256": "86ba1d26e994343e47e0713c8f9a0779b7a8c6d5181b4871d9762cbdf6b75e69"
    },
    {
      "case": "short_window",
      "samples": 160,
      "source_wav_sha256": null,
      "valid_frames": 1,
      "original_frames": 1,
      "truncated": false,
      "byte_equal": true,
      "max_abs_diff": 0.0,
      "source_changed_rng": true,
      "unified_preserved_rng": true,
      "repeat_byte_equal": true,
      "features_sha256": "8fc7d6df4335a4ff7ed16676bfebc5cdd07e6ac062519463ea871bec27481a70"
    }
  ],
  "exception_restores_rng": true,
  "concurrency_limit": "adapter calls serialize; external threads using global Torch RNG need caller coordination"
}
