FFF
======================================================================
FAIL: test_invalid_audio_fails_without_resampling_or_implicit_cast (test_frontend.FrontendContractTests.test_invalid_audio_fails_without_resampling_or_implicit_cast)
----------------------------------------------------------------------
Traceback (most recent call last):
  File "/Users/Max/Workspace/company/development/RDK_MODEL_ZOO/rdk-b7-board-integration/samples/speech/paraformer/tests/test_frontend.py", line 13, in setUp
    self.assertIsNotNone(importlib.util.find_spec(name), "Missing audio frontend")
    ~~~~~~~~~~~~~~~~~~~~^^^^^^^^^^^^^^^^^^^^^^^^^^^^^^^^^^^^^^^^^^^^^^^^^^^^^^^^^^
AssertionError: unexpectedly None : Missing audio frontend

======================================================================
FAIL: test_mono_input_is_owned_without_normalization (test_frontend.FrontendContractTests.test_mono_input_is_owned_without_normalization)
----------------------------------------------------------------------
Traceback (most recent call last):
  File "/Users/Max/Workspace/company/development/RDK_MODEL_ZOO/rdk-b7-board-integration/samples/speech/paraformer/tests/test_frontend.py", line 13, in setUp
    self.assertIsNotNone(importlib.util.find_spec(name), "Missing audio frontend")
    ~~~~~~~~~~~~~~~~~~~~^^^^^^^^^^^^^^^^^^^^^^^^^^^^^^^^^^^^^^^^^^^^^^^^^^^^^^^^^^
AssertionError: unexpectedly None : Missing audio frontend

======================================================================
FAIL: test_stereo_mean_is_float32_owned_and_keeps_sample_count (test_frontend.FrontendContractTests.test_stereo_mean_is_float32_owned_and_keeps_sample_count)
----------------------------------------------------------------------
Traceback (most recent call last):
  File "/Users/Max/Workspace/company/development/RDK_MODEL_ZOO/rdk-b7-board-integration/samples/speech/paraformer/tests/test_frontend.py", line 13, in setUp
    self.assertIsNotNone(importlib.util.find_spec(name), "Missing audio frontend")
    ~~~~~~~~~~~~~~~~~~~~^^^^^^^^^^^^^^^^^^^^^^^^^^^^^^^^^^^^^^^^^^^^^^^^^^^^^^^^^^
AssertionError: unexpectedly None : Missing audio frontend

----------------------------------------------------------------------
Ran 3 tests in 0.001s

FAILED (failures=3)
