-- The CXX compiler identification is AppleClang 21.0.0.21000334
-- Detecting CXX compiler ABI info
-- Detecting CXX compiler ABI info - done
-- Check for working CXX compiler: /usr/bin/c++ - skipped
-- Detecting CXX compile features
-- Detecting CXX compile features - done
-- Configuring done (0.4s)
-- Generating done (0.0s)
-- Build files have been written to: /tmp/rdk-paraformer-io
[  9%] Building CXX object CMakeFiles/paraformer_contract.dir/src/pipeline.cc.o
[  9%] Building CXX object CMakeFiles/paraformer_contract.dir/src/contract.cc.o
[ 13%] Linking CXX static library libparaformer_contract.a
[ 13%] Built target paraformer_contract
[ 22%] Building CXX object CMakeFiles/test_contract.dir/tests/test_contract.cc.o
[ 22%] Building CXX object CMakeFiles/test_pipeline.dir/tests/test_pipeline.cc.o
[ 27%] Linking CXX executable test_contract
[ 27%] Built target test_contract
[ 36%] Building CXX object CMakeFiles/test_sdk.dir/tests/test_sdk.cc.o
[ 36%] Linking CXX executable test_pipeline
[ 36%] Built target test_pipeline
[ 40%] Building CXX object CMakeFiles/paraformer_preflight.dir/src/preflight.cc.o
[ 45%] Building CXX object CMakeFiles/paraformer_preflight.dir/Users/Max/Workspace/company/development/RDK_MODEL_ZOO/rdk-b7-board-integration/samples/_shared/cpp/platform_identity.cc.o
[ 50%] Building CXX object CMakeFiles/test_sdk.dir/src/sdk_runner.cc.o
[ 54%] Linking CXX static library libparaformer_preflight.a
[ 54%] Built target paraformer_preflight
[ 59%] Building CXX object CMakeFiles/test_preflight.dir/tests/test_preflight.cc.o
[ 63%] Building CXX object CMakeFiles/test_preflight.dir/src/preflight.cc.o
[ 68%] Building CXX object CMakeFiles/test_sdk.dir/Users/Max/Workspace/company/development/RDK_MODEL_ZOO/rdk-b7-board-integration/samples/vision/ultralytics_yolo/runtime/cpp/common/dnn_io.cc.o
[ 72%] Linking CXX executable test_preflight
[ 72%] Built target test_preflight
[ 77%] Building CXX object CMakeFiles/paraformer_feature_io.dir/src/feature_io.cc.o
[ 81%] Building CXX object CMakeFiles/test_sdk.dir/Users/Max/Workspace/company/development/RDK_MODEL_ZOO/rdk-b7-board-integration/samples/vision/ultralytics_yolo/runtime/cpp/common/nv12_geometry.cc.o
[ 86%] Linking CXX executable test_sdk
[ 86%] Built target test_sdk
[ 90%] Linking CXX static library libparaformer_feature_io.a
[ 90%] Built target paraformer_feature_io
[ 95%] Building CXX object CMakeFiles/feature_probe.dir/tests/feature_probe.cc.o
[100%] Linking CXX executable feature_probe
[100%] Built target feature_probe
Test project /tmp/rdk-paraformer-io
    Start 1: paraformer_contract
1/5 Test #1: paraformer_contract ..............   Passed    0.11 sec
    Start 2: paraformer_pipeline
2/5 Test #2: paraformer_pipeline ..............   Passed    0.11 sec
    Start 3: paraformer_sdk_fixture
3/5 Test #3: paraformer_sdk_fixture ...........   Passed    0.21 sec
    Start 4: paraformer_preflight
4/5 Test #4: paraformer_preflight .............   Passed    0.08 sec
    Start 5: paraformer_prepared_features
5/5 Test #5: paraformer_prepared_features .....   Passed    0.11 sec

100% tests passed out of 5

Total Test time (real) =   0.61 sec
