-- Configuring done (0.1s)
-- Generating done (0.0s)
-- Build files have been written to: /tmp/rdk-paraformer-core
[ 16%] Built target paraformer_contract
[ 38%] Built target test_contract
[ 38%] Built target test_pipeline
[ 55%] Built target paraformer_preflight
[ 83%] Built target test_sdk
[100%] Built target test_preflight
Test project /tmp/rdk-paraformer-core
    Start 1: paraformer_contract
1/4 Test #1: paraformer_contract ..............   Passed    0.07 sec
    Start 2: paraformer_pipeline
2/4 Test #2: paraformer_pipeline ..............   Passed    0.03 sec
    Start 3: paraformer_sdk_fixture
3/4 Test #3: paraformer_sdk_fixture ...........   Passed    0.16 sec
    Start 4: paraformer_preflight
4/4 Test #4: paraformer_preflight .............   Passed    0.02 sec

100% tests passed out of 4

Total Test time (real) =   0.27 sec
