-- The C compiler identification is AppleClang 21.0.0.21000334
-- The CXX compiler identification is AppleClang 21.0.0.21000334
-- Detecting C compiler ABI info
-- Detecting C compiler ABI info - done
-- Check for working C compiler: /usr/bin/cc - skipped
-- Detecting C compile features
-- Detecting C compile features - done
-- Detecting CXX compiler ABI info
-- Detecting CXX compiler ABI info - done
-- Check for working CXX compiler: /usr/bin/c++ - skipped
-- Detecting CXX compile features
-- Detecting CXX compile features - done
-- Configuring done (0.4s)
-- Generating done (0.0s)
-- Build files have been written to: /tmp/ultralytics-cpp-host
[  2%] Building CXX object CMakeFiles/test_decode.dir/test_decode.cc.o
[  5%] Building CXX object CMakeFiles/test_decode.dir/Users/Max/Workspace/company/development/RDK_MODEL_ZOO/rdk-b7-board-integration/samples/vision/ultralytics_yolo/runtime/cpp/common/nv12_geometry.cc.o
[  7%] Building CXX object CMakeFiles/test_decode.dir/Users/Max/Workspace/company/development/RDK_MODEL_ZOO/rdk-b7-board-integration/samples/vision/ultralytics_yolo/runtime/cpp/common/benchmark.cc.o
[ 10%] Linking CXX executable test_decode
[ 10%] Built target test_decode
[ 12%] Building CXX object CMakeFiles/test_head_probe.dir/test_head_probe.cc.o
[ 15%] Building CXX object CMakeFiles/test_head_probe.dir/Users/Max/Workspace/company/development/RDK_MODEL_ZOO/rdk-b7-board-integration/samples/vision/ultralytics_yolo/runtime/cpp/common/nv12_geometry.cc.o
[ 17%] Building CXX object CMakeFiles/test_head_probe.dir/Users/Max/Workspace/company/development/RDK_MODEL_ZOO/rdk-b7-board-integration/samples/vision/ultralytics_yolo/runtime/cpp/common/benchmark.cc.o
[ 20%] Linking CXX executable test_head_probe
[ 20%] Built target test_head_probe
[ 22%] Building CXX object CMakeFiles/test_nv12_geometry.dir/test_nv12_geometry.cc.o
[ 25%] Building CXX object CMakeFiles/test_nv12_geometry.dir/Users/Max/Workspace/company/development/RDK_MODEL_ZOO/rdk-b7-board-integration/samples/vision/ultralytics_yolo/runtime/cpp/common/nv12_geometry.cc.o
[ 27%] Building CXX object CMakeFiles/test_nv12_geometry.dir/Users/Max/Workspace/company/development/RDK_MODEL_ZOO/rdk-b7-board-integration/samples/vision/ultralytics_yolo/runtime/cpp/common/benchmark.cc.o
[ 30%] Linking CXX executable test_nv12_geometry
[ 30%] Built target test_nv12_geometry
[ 32%] Building CXX object CMakeFiles/test_benchmark.dir/test_benchmark.cc.o
[ 35%] Building CXX object CMakeFiles/test_benchmark.dir/Users/Max/Workspace/company/development/RDK_MODEL_ZOO/rdk-b7-board-integration/samples/vision/ultralytics_yolo/runtime/cpp/common/nv12_geometry.cc.o
[ 37%] Building CXX object CMakeFiles/test_benchmark.dir/Users/Max/Workspace/company/development/RDK_MODEL_ZOO/rdk-b7-board-integration/samples/vision/ultralytics_yolo/runtime/cpp/common/benchmark.cc.o
[ 40%] Linking CXX executable test_benchmark
[ 40%] Built target test_benchmark
[ 42%] Building CXX object CMakeFiles/test_classification.dir/test_classification.cc.o
[ 45%] Building CXX object CMakeFiles/test_classification.dir/Users/Max/Workspace/company/development/RDK_MODEL_ZOO/rdk-b7-board-integration/samples/vision/ultralytics_yolo/runtime/cpp/common/nv12_geometry.cc.o
[ 47%] Building CXX object CMakeFiles/test_classification.dir/Users/Max/Workspace/company/development/RDK_MODEL_ZOO/rdk-b7-board-integration/samples/vision/ultralytics_yolo/runtime/cpp/common/benchmark.cc.o
[ 50%] Linking CXX executable test_classification
[ 50%] Built target test_classification
[ 52%] Building CXX object CMakeFiles/test_task_outputs.dir/test_task_outputs.cc.o
[ 55%] Building CXX object CMakeFiles/test_task_outputs.dir/Users/Max/Workspace/company/development/RDK_MODEL_ZOO/rdk-b7-board-integration/samples/vision/ultralytics_yolo/runtime/cpp/common/nv12_geometry.cc.o
[ 57%] Building CXX object CMakeFiles/test_task_outputs.dir/Users/Max/Workspace/company/development/RDK_MODEL_ZOO/rdk-b7-board-integration/samples/vision/ultralytics_yolo/runtime/cpp/common/benchmark.cc.o
[ 60%] Linking CXX executable test_task_outputs
[ 60%] Built target test_task_outputs
[ 62%] Building CXX object CMakeFiles/test_classification_binding_X5.dir/test_classification_binding.cc.o
[ 65%] Linking CXX executable test_classification_binding_X5
[ 65%] Built target test_classification_binding_X5
[ 67%] Building CXX object CMakeFiles/test_classification_binding_UCP.dir/test_classification_binding.cc.o
[ 70%] Linking CXX executable test_classification_binding_UCP
[ 70%] Built target test_classification_binding_UCP
[ 72%] Building CXX object CMakeFiles/test_task_output_binding_X5.dir/test_task_output_binding.cc.o
[ 75%] Linking CXX executable test_task_output_binding_X5
[ 75%] Built target test_task_output_binding_X5
[ 77%] Building CXX object CMakeFiles/test_task_output_binding_UCP.dir/test_task_output_binding.cc.o
[ 80%] Linking CXX executable test_task_output_binding_UCP
[ 80%] Built target test_task_output_binding_UCP
[ 82%] Building CXX object CMakeFiles/test_dnn_io_x5.dir/test_dnn_io.cc.o
[ 85%] Building CXX object CMakeFiles/test_dnn_io_x5.dir/Users/Max/Workspace/company/development/RDK_MODEL_ZOO/rdk-b7-board-integration/samples/vision/ultralytics_yolo/runtime/cpp/common/dnn_io.cc.o
[ 87%] Building CXX object CMakeFiles/test_dnn_io_x5.dir/Users/Max/Workspace/company/development/RDK_MODEL_ZOO/rdk-b7-board-integration/samples/vision/ultralytics_yolo/runtime/cpp/common/nv12_geometry.cc.o
[ 90%] Linking CXX executable test_dnn_io_x5
[ 90%] Built target test_dnn_io_x5
[ 92%] Building CXX object CMakeFiles/test_dnn_io_ucp.dir/test_dnn_io.cc.o
[ 95%] Building CXX object CMakeFiles/test_dnn_io_ucp.dir/Users/Max/Workspace/company/development/RDK_MODEL_ZOO/rdk-b7-board-integration/samples/vision/ultralytics_yolo/runtime/cpp/common/dnn_io.cc.o
[ 97%] Building CXX object CMakeFiles/test_dnn_io_ucp.dir/Users/Max/Workspace/company/development/RDK_MODEL_ZOO/rdk-b7-board-integration/samples/vision/ultralytics_yolo/runtime/cpp/common/nv12_geometry.cc.o
[100%] Linking CXX executable test_dnn_io_ucp
[100%] Built target test_dnn_io_ucp
Test project /tmp/ultralytics-cpp-host
      Start  1: test_decode
 1/12 Test  #1: test_decode .......................   Passed    1.11 sec
      Start  2: test_head_probe
 2/12 Test  #2: test_head_probe ...................   Passed    0.07 sec
      Start  3: test_nv12_geometry
 3/12 Test  #3: test_nv12_geometry ................   Passed    0.07 sec
      Start  4: test_benchmark
 4/12 Test  #4: test_benchmark ....................   Passed    0.07 sec
      Start  5: test_classification
 5/12 Test  #5: test_classification ...............   Passed    0.07 sec
      Start  6: test_task_outputs
 6/12 Test  #6: test_task_outputs .................   Passed    0.07 sec
      Start  7: test_classification_binding_X5
 7/12 Test  #7: test_classification_binding_X5 ....   Passed    0.08 sec
      Start  8: test_classification_binding_UCP
 8/12 Test  #8: test_classification_binding_UCP ...   Passed    0.06 sec
      Start  9: test_task_output_binding_X5
 9/12 Test  #9: test_task_output_binding_X5 .......   Passed    0.07 sec
      Start 10: test_task_output_binding_UCP
10/12 Test #10: test_task_output_binding_UCP ......   Passed    0.07 sec
      Start 11: test_dnn_io_x5
11/12 Test #11: test_dnn_io_x5 ....................   Passed    0.32 sec
      Start 12: test_dnn_io_ucp
12/12 Test #12: test_dnn_io_ucp ...................   Passed    0.30 sec

100% tests passed out of 12

Total Test time (real) =   2.37 sec
