..............F........................[Error] Local execution requires recognized board identity; an explicit target is not hardware evidence.
............/Users/Max/Workspace/company/development/RDK_MODEL_ZOO/rdk-b7-board-integration/samples/vision/ultralytics_yolo/tests/test_forward_purity.py:156: DeprecationWarning: Setting the shape on a NumPy array has been deprecated in NumPy 2.5.
As an alternative, you can create a new view using np.reshape (with copy=False if needed).
  physical["cls_8"].shape = (64, 1)
............................................................................................
======================================================================
FAIL: test_all_tasks_support_both_input_protocols (test_cpp_contract.CppContractTests.test_all_tasks_support_both_input_protocols)
----------------------------------------------------------------------
Traceback (most recent call last):
  File "/Users/Max/Workspace/company/development/RDK_MODEL_ZOO/rdk-b7-board-integration/samples/vision/ultralytics_yolo/tests/test_cpp_contract.py", line 59, in test_all_tasks_support_both_input_protocols
    self.assertIn('i420_to_packed_nv12', CPP_DNN_IO)
    ~~~~~~~~~~~~~^^^^^^^^^^^^^^^^^^^^^^^^^^^^^^^^^^^
AssertionError: 'i420_to_packed_nv12' not found in '/*\n * Copyright (c) 2026, D-Robotics.\n *\n * Licensed under the Apache License, Version 2.0 (the "License");\n * you may not use this file except in compliance with the License.\n * You may obtain a copy of the License at\n *\n *     http://www.apache.org/licenses/LICENSE-2.0\n *\n * Unless required by applicable law or agreed to in writing, software\n * distributed under the License is distributed on an "AS IS" BASIS,\n * WITHOUT WARRANTIES OR CONDITIONS OF ANY KIND, either express or implied.\n * See the License for the specific language governing permissions and\n * limitations under the License.\n */\n\n#include "dnn_io.h"\n#include "nv12_geometry.h"\n#include <cstring>\n#include <iostream>\n#include <limits>\n#include <vector>\n\nnamespace yolo {\nnamespace {\nbool check_ret(int ret, const char *action) {\n  if (ret == 0)\n    return true;\n  std::cerr << "[ERROR] " << action << " failed, error code: " << ret\n            << std::endl;\n  return false;\n}\nbool same_plan(const InputPlan &a, const InputPlan &b) {\n  return a.protocol == b.protocol && a.input_h == b.input_h &&\n         a.input_w == b.input_w && a.y_stride == b.y_stride &&\n         a.uv_stride == b.uv_stride;\n}\nbool geometry(int h, int w) {\n  // All SDK allocations are signed-int byte counts, including NV12\'s UV plane.\n  return h > 0 && w > 0 && !(h & 1) && !(w & 1) &&\n         static_cast<int64_t>(h) * w <= std::numeric_limits<int>::max() / 3 * 2;\n}\nbool split_properties(hbDNNTensorProperties &p, int h, int w, int channels) {\n  if (p.quantiType != NONE || p.validShape.numDimensions != 4 ||\n      p.validShape.dimensionSize[0] != 1 ||\n      p.validShape.dimensionSize[1] != h ||\n      p.validShape.dimensionSize[2] != w ||\n      p.validShape.dimensionSize[3] != channels)\n    return false;\n  bool type_ok = p.tensorType == HB_DNN_TENSOR_TYPE_S8;\n#if !defined(YOLO_DNN_STACK_X5)\n  type_ok = type_ok || p.tensorType == HB_DNN_TENSOR_TYPE_U8;\n#endif\n  if (!type_ok)\n    return false;\n  const int64_t row_bytes = static_cast<int64_t>(w) * channels;\n  const int64_t aligned_row = (row_bytes + 63) / 64 * 64;\n  if (aligned_row > std::numeric_limits<int>::max())\n    return false;\n  if (p.stride[3] == -1)\n    p.stride[3] = 1;\n  if (p.stride[2] == -1)\n    p.stride[2] = channels;\n  if (p.stride[1] == -1)\n    p.stride[1] = aligned_row;\n  if (p.stride[3] != 1 || p.stride[2] != channels || p.stride[1] < row_bytes)\n    return false;\n  const int64_t plane_bytes = static_cast<int64_t>(p.stride[1]) * h;\n  if (plane_bytes <= 0 || plane_bytes > std::numeric_limits<int>::max())\n    return false;\n  if (p.stride[0] == -1)\n    p.stride[0] = plane_bytes;\n  if (p.stride[0] < plane_bytes)\n    return false;\n  if (p.alignedByteSize == -1)\n    p.alignedByteSize = p.stride[0];\n  return p.alignedByteSize >= p.stride[0];\n}\n// One path resolves both probe and allocation metadata, before any allocation.\nbool inspect(hbDNNHandle_t model, InputPlan &plan,\n             hbDNNTensorProperties (&properties)[2], std::string *error) {\n  auto fail = [&](const char *text) {\n    if (error)\n      *error = text;\n    return false;\n  };\n  int32_t count = 0;\n  if (hbDNNGetInputCount(&count, model) != 0 || (count != 1 && count != 2))\n    return fail("Expected one packed or two split NV12 inputs");\n  for (int i = 0; i < count; ++i)\n    if (hbDNNGetInputTensorProperties(&properties[i], model, i) != 0)\n      return fail("Cannot query NV12 input descriptor");\n  if (count == 1) {\n#if defined(YOLO_DNN_STACK_X5)\n    const auto &p = properties[0];\n    if (p.tensorType != HB_DNN_IMG_TYPE_NV12 || p.quantiType != NONE ||\n        p.validShape.numDimensions != 4 || p.alignedShape.numDimensions != 4 ||\n        p.validShape.dimensionSize[0] != 1 ||\n        (p.tensorLayout != HB_DNN_LAYOUT_NCHW &&\n         p.tensorLayout != HB_DNN_LAYOUT_NHWC))\n      return fail("Expected a batch-one packed NV12 input");\n    const int channel = p.tensorLayout == HB_DNN_LAYOUT_NCHW ? 1 : 3;\n    const int height = p.tensorLayout == HB_DNN_LAYOUT_NCHW ? 2 : 1;\n    const int width = p.tensorLayout == HB_DNN_LAYOUT_NCHW ? 3 : 2;\n    if (p.validShape.dimensionSize[channel] != 3)\n      return fail("Packed NV12 descriptor must declare three RGB channels");\n    for (int i = 0; i < 4; ++i)\n      if (p.validShape.dimensionSize[i] != p.alignedShape.dimensionSize[i])\n        return fail("Padded packed NV12 storage is unsupported");\n    const int h = p.validShape.dimensionSize[height],\n              w = p.validShape.dimensionSize[width];\n    if (!geometry(h, w) ||\n        p.alignedByteSize < static_cast<int64_t>(h) * w * 3 / 2)\n      return fail("Invalid packed NV12 geometry or allocation");\n    plan.protocol = InputProtocol::kPackedNv12;\n    plan.input_h = h;\n    plan.input_w = w;\n    return true;\n#else\n    return fail("Packed NV12 requires the X5 stack");\n#endif\n  }\n  const auto &shape = properties[0].validShape;\n  if (shape.numDimensions != 4)\n    return fail("Expected rank-four split NV12");\n  const int h = shape.dimensionSize[1], w = shape.dimensionSize[2];\n  if (!geometry(h, w) || !split_properties(properties[0], h, w, 1) ||\n      !split_properties(properties[1], h / 2, w / 2, 2))\n    return fail("Invalid split NV12 shape/type/stride/allocation");\n  plan.protocol = InputProtocol::kSplitNv12;\n  plan.input_h = h;\n  plan.input_w = w;\n  plan.y_stride = properties[0].stride[1];\n  plan.uv_stride = properties[1].stride[1];\n  return true;\n}\n} // namespace\n\nint infer_sync(hbDNNTensor *outputs, hbDNNTensor *inputs, int input_count,\n               hbDNNHandle_t model) {\n  if (!outputs || !inputs || !model || (input_count != 1 && input_count != 2))\n    return -1;\n#if defined(YOLO_DNN_STACK_X5)\n  hbDNNTaskHandle_t task = nullptr;\n  hbDNNInferCtrlParam control;\n  HB_DNN_INITIALIZE_INFER_CTRL_PARAM(&control);\n  hbDNNTensor *output_ptr = outputs;\n  int result = hbDNNInfer(&task, &output_ptr, inputs, model, &control);\n  if (result == 0)\n    result = task ? hbDNNWaitTaskDone(task, 0) : -1;\n  const int released = task ? hbDNNReleaseTask(task) : 0;\n#else\n  hbUCPTaskHandle_t task = nullptr;\n  int result = hbDNNInferV2(&task, outputs, inputs, model);\n  if (result == 0 && !task)\n    result = -1;\n  if (result == 0) {\n    hbUCPSchedParam sched;\n    HB_UCP_INITIALIZE_SCHED_PARAM(&sched);\n    sched.backend = HB_UCP_BPU_CORE_ANY;\n    result = hbUCPSubmitTask(task, &sched);\n    if (result == 0)\n      result = hbUCPWaitTaskDone(task, 0);\n  }\n  const int released = task ? hbUCPReleaseTask(task) : 0;\n#endif\n  return result != 0 ? result : released;\n}\nInputPlan probe_input_protocol(hbDNNHandle_t model, std::string *error) {\n  InputPlan plan;\n  hbDNNTensorProperties properties[2]{};\n  if (!inspect(model, plan, properties, error))\n    return InputPlan{};\n  if (error)\n    error->clear();\n  return plan;\n}\nbool Nv12Input::allocate(hbDNNHandle_t model, const InputPlan &plan) {\n  release();\n  InputPlan actual;\n  hbDNNTensorProperties properties[2]{};\n  std::string error;\n  if (!inspect(model, actual, properties, &error) || !same_plan(plan, actual)) {\n    std::cerr << "[ERROR] NV12 allocation contract: " << error << std::endl;\n    return false;\n  }\n  input_count_ = actual.protocol == InputProtocol::kPackedNv12 ? 1 : 2;\n  for (int i = 0; i < input_count_; ++i) {\n    std::memset(&tensors_[i], 0, sizeof(tensors_[i]));\n    tensors_[i].properties = properties[i];\n    auto *memory = YOLO_SYS_MEM(tensors_[i]);\n    int rc = YOLO_SYS_ALLOC_CACHED(memory, properties[i].alignedByteSize);\n    allocated_[i] = memory->virAddr != nullptr;\n    if (!check_ret(rc, "input allocation") || !memory->virAddr) {\n      release();\n      return false;\n    }\n    std::memset(memory->virAddr, 0,\n                static_cast<size_t>(properties[i].alignedByteSize));\n  }\n  plan_ = actual;\n  ready_ = true;\n  return true;\n}\nbool Nv12Input::upload_planes(const InputPlan &plan, const uint8_t *y,\n                              size_t y_bytes, const uint8_t *uv,\n                              size_t uv_bytes) {\n  if (!ready_ || !same_plan(plan, plan_) || !y || !uv)\n    return false;\n  const size_t count = static_cast<size_t>(plan_.input_h) * plan_.input_w;\n  if (y_bytes != count || uv_bytes != count / 2)\n    return false;\n  if (plan_.protocol == InputProtocol::kPackedNv12) {\n    auto *destination =\n        static_cast<uint8_t *>(YOLO_SYS_MEM(tensors_[0])->virAddr);\n    std::memcpy(destination, y, count);\n    std::memcpy(destination + count, uv, count / 2);\n  } else {\n    for (int i = 0; i < 2; ++i) {\n      const int rows = i == 0 ? plan_.input_h : plan_.input_h / 2;\n      const int stride = i == 0 ? plan_.y_stride : plan_.uv_stride;\n      const uint8_t *source = i == 0 ? y : uv;\n      auto *destination =\n          static_cast<uint8_t *>(YOLO_SYS_MEM(tensors_[i])->virAddr);\n      for (int row = 0; row < rows; ++row)\n        std::memcpy(destination + static_cast<size_t>(row) * stride,\n                    source + static_cast<size_t>(row) * plan_.input_w,\n                    plan_.input_w);\n    }\n  }\n  for (int i = 0; i < input_count_; ++i)\n    if (!check_ret(\n            YOLO_SYS_FLUSH(YOLO_SYS_MEM(tensors_[i]), HB_SYS_MEM_CACHE_CLEAN),\n            "input cache clean"))\n      return false;\n  return true;\n}\nbool Nv12Input::upload(const InputPlan &plan, const uint8_t *i420) {\n  if (!ready_ || !same_plan(plan, plan_) || !i420)\n    return false;\n  const size_t count = static_cast<size_t>(plan_.input_h) * plan_.input_w;\n  std::vector<uint8_t> uv(count / 2);\n  for (size_t i = 0; i < count / 4; ++i) {\n    uv[2 * i] = i420[count + i];\n    uv[2 * i + 1] = i420[count + count / 4 + i];\n  }\n  return upload_planes(plan, i420, count, uv.data(), uv.size());\n}\nvoid Nv12Input::release() {\n  ready_ = false;\n  for (int i = 0; i < 2; ++i)\n    if (allocated_[i]) {\n      check_ret(YOLO_SYS_FREE(YOLO_SYS_MEM(tensors_[i])), "input release");\n      allocated_[i] = false;\n    }\n  input_count_ = 0;\n  plan_ = InputPlan{};\n}\n} // namespace yolo\n'

----------------------------------------------------------------------
Ran 143 tests in 18.419s

FAILED (failures=1)

Detection Report: 1 objects found
  [0] test: 0.90 | Box (2.0, 2.0, 20.0, 20.0)
[Saved] Result saved to: /var/folders/04/9p6f6bf54t3f5j_khcdj2jr40000gn/T/tmp24t2glbk/detect.jpg
[Saved] Result saved to: /var/folders/04/9p6f6bf54t3f5j_khcdj2jr40000gn/T/tmp24t2glbk/seg.jpg
[Saved] Result saved to: /var/folders/04/9p6f6bf54t3f5j_khcdj2jr40000gn/T/tmp24t2glbk/pose.jpg
[Saved] Result saved to: /var/folders/04/9p6f6bf54t3f5j_khcdj2jr40000gn/T/tmp24t2glbk/obb.jpg
Top-1 Classification Results:
  [0] tench, Tinca tinca: 0.9000
Loading model: mock.pt...
Applying BPU Monkey Patch (Output Layout: NHWC)...
Starting export (imgsz=640)...
Loading model: mock.pt...
Applying BPU Monkey Patch (Output Layout: NHWC)...
Starting export (imgsz=640)...
Loading model: mock.pt...
Applying BPU Monkey Patch (Output Layout: NHWC)...
Starting export (imgsz=640)...
Loading model: mock.pt...
Applying BPU Monkey Patch (Output Layout: NHWC)...
Starting export (imgsz=640)...
Export exception: test exporter failure
Loading Classify model: mock.pt...
Applying BPU Monkey Patch (Output Layout: NHWC)...
Starting export (imgsz=224)...

Export success: output.onnx
Loading Classify model: mock.pt...
Applying BPU Monkey Patch (Output Layout: NHWC)...
Starting export (imgsz=224)...

Export success: output.onnx
Loading Classify model: mock.pt...
Applying BPU Monkey Patch (Output Layout: NHWC)...
Starting export (imgsz=224)...

Export success: output.onnx
Loading Classify model: mock.pt...
Applying BPU Monkey Patch (Output Layout: NHWC)...
Starting export (imgsz=224)...
Export exception: test exporter failure
Loading Segment model: mock.pt...
Applying BPU Monkey Patch for Segmentation (Output Layout: NHWC)...
Starting export (imgsz=640)...

Export success: output.onnx
Loading Segment model: mock.pt...
Applying BPU Monkey Patch for Segmentation (Output Layout: NHWC)...
Starting export (imgsz=640)...

Export success: output.onnx
Loading Segment model: mock.pt...
Applying BPU Monkey Patch for Segmentation (Output Layout: NHWC)...
Starting export (imgsz=640)...

Export success: output.onnx
Loading Segment model: mock.pt...
Applying BPU Monkey Patch for Segmentation (Output Layout: NHWC)...
Starting export (imgsz=640)...
Export exception: test exporter failure
Loading Pose model: mock.pt...
Applying BPU Monkey Patch for Pose (Output Layout: NHWC)...
Starting export (imgsz=640)...

Export success: output.onnx
Loading Pose model: mock.pt...
Applying BPU Monkey Patch for Pose (Output Layout: NHWC)...
Starting export (imgsz=640)...

Export success: output.onnx
Loading Pose model: mock.pt...
Applying BPU Monkey Patch for Pose (Output Layout: NHWC)...
Starting export (imgsz=640)...

Export success: output.onnx
Loading Pose model: mock.pt...
Applying BPU Monkey Patch for Pose (Output Layout: NHWC)...
Starting export (imgsz=640)...
Export exception: test exporter failure
Loading OBB model: mock.pt...
Detected OBB Head: OBB26
Monkey patch applied for OBB task (NHWC layout).
Starting export (imgsz=640)...

Export success: output.onnx

=== Output Node Description ===
Model has 9 outputs:
  Layout: NHWC
  0-8: [Cls(NC), Box(4), Angle(1)] per scale
===============================
Loading OBB model: mock.pt...
Detected OBB Head: OBB26
Monkey patch applied for OBB task (NHWC layout).
Starting export (imgsz=640)...

Export success: output.onnx

=== Output Node Description ===
Model has 9 outputs:
  Layout: NHWC
  0-8: [Cls(NC), Box(4), Angle(1)] per scale
===============================
Loading OBB model: mock.pt...
Detected OBB Head: OBB26
Monkey patch applied for OBB task (NHWC layout).
Starting export (imgsz=640)...

Export success: output.onnx

=== Output Node Description ===
Model has 9 outputs:
  Layout: NHWC
  0-8: [Cls(NC), Box(4), Angle(1)] per scale
===============================
Loading OBB model: mock.pt...
Detected OBB Head: OBB26
Monkey patch applied for OBB task (NHWC layout).
Starting export (imgsz=640)...
Export exception: test exporter failure
