.FF/Users/Max/Workspace/company/development/RDK_MODEL_ZOO/rdk-b7-board-integration/samples/vision/ultralytics_yolo/tests/test_forward_purity.py:94: DeprecationWarning: Setting the shape on a NumPy array has been deprecated in NumPy 2.5.
As an alternative, you can create a new view using np.reshape (with copy=False if needed).
  physical['cls_8'].shape=(64,1)
F....
======================================================================
FAIL: test_non_real_numeric_metadata_is_rejected_even_with_quantization (test_forward_purity.ForwardPurity.test_non_real_numeric_metadata_is_rejected_even_with_quantization) (dtype=<class 'numpy.complex64'>)
----------------------------------------------------------------------
Traceback (most recent call last):
  File "/Users/Max/Workspace/company/development/RDK_MODEL_ZOO/rdk-b7-board-integration/samples/vision/ultralytics_yolo/tests/test_forward_purity.py", line 101, in test_non_real_numeric_metadata_is_rejected_even_with_quantization
    with self.subTest(dtype=dtype),self.assertRaises(BindingError):
                                   ~~~~~~~~~~~~~~~~~^^^^^^^^^^^^^^
AssertionError: BindingError not raised

======================================================================
FAIL: test_non_real_numeric_metadata_is_rejected_even_with_quantization (test_forward_purity.ForwardPurity.test_non_real_numeric_metadata_is_rejected_even_with_quantization) (dtype=<class 'numpy.bool'>)
----------------------------------------------------------------------
Traceback (most recent call last):
  File "/Users/Max/Workspace/company/development/RDK_MODEL_ZOO/rdk-b7-board-integration/samples/vision/ultralytics_yolo/tests/test_forward_purity.py", line 101, in test_non_real_numeric_metadata_is_rejected_even_with_quantization
    with self.subTest(dtype=dtype),self.assertRaises(BindingError):
                                   ~~~~~~~~~~~~~~~~~^^^^^^^^^^^^^^
AssertionError: BindingError not raised

======================================================================
FAIL: test_raw_carrier_cannot_be_rebound_or_hide_shape_changes (test_forward_purity.ForwardPurity.test_raw_carrier_cannot_be_rebound_or_hide_shape_changes)
----------------------------------------------------------------------
Traceback (most recent call last):
  File "/Users/Max/Workspace/company/development/RDK_MODEL_ZOO/rdk-b7-board-integration/samples/vision/ultralytics_yolo/tests/test_forward_purity.py", line 95, in test_raw_carrier_cannot_be_rebound_or_hide_shape_changes
    with self.assertRaises(BindingError):runner.binding.read_outputs(raw)
         ~~~~~~~~~~~~~~~~~^^^^^^^^^^^^^^
AssertionError: BindingError not raised

----------------------------------------------------------------------
Ran 7 tests in 0.004s

FAILED (failures=3)
