........................F..
======================================================================
FAIL: test_migration_scope_reads_refactor_column_of_progress_region (test_check.ScopeTests.test_migration_scope_reads_refactor_column_of_progress_region)
----------------------------------------------------------------------
Traceback (most recent call last):
  File "/Users/Max/Workspace/company/development/RDK_MODEL_ZOO/rdk-b7-board-integration/tools/sample_contract/tests/test_check.py", line 222, in test_migration_scope_reads_refactor_column_of_progress_region
    self.assertEqual(findings, [])
    ~~~~~~~~~~~~~~~~^^^^^^^^^^^^^^
AssertionError: Lists differ: [Finding(rule='R-SCOPE', path='docs/releas[219 chars]es")] != []

First list contains 1 additional elements.
First extra element 0:
Finding(rule='R-SCOPE', path='docs/releases/unified-migration/x5-s-migration-map.md', line=0, message="progress row sample 'ultralytics_yolo 收编 yolo11' has no directory under /Users/Max/Workspace/company/development/RDK_MODEL_ZOO/rdk-b7-board-integration/samples")

+ []
- [Finding(rule='R-SCOPE',
-          path='docs/releases/unified-migration/x5-s-migration-map.md',
-          line=0,
-          message="progress row sample 'ultralytics_yolo 收编 yolo11' has no "
-                  'directory under '
-                  '/Users/Max/Workspace/company/development/RDK_MODEL_ZOO/rdk-b7-board-integration/samples')]

----------------------------------------------------------------------
Ran 27 tests in 0.061s

FAILED (failures=1)
