FFEEEEE.
======================================================================
ERROR: test_sdk_channel_scale_and_scalar_offset_apply_only_in_postprocess (test_forward_purity.ForwardPurity.test_sdk_channel_scale_and_scalar_offset_apply_only_in_postprocess)
----------------------------------------------------------------------
Traceback (most recent call last):
  File "/Users/Max/Workspace/company/development/RDK_MODEL_ZOO/rdk-b7-board-integration/samples/vision/ultralytics_yolo/tests/test_forward_purity.py", line 68, in test_sdk_channel_scale_and_scalar_offset_apply_only_in_postprocess
    runner,physical,quants,contract=fixture(sdk=True,channels=True)
                                    ~~~~~~~^^^^^^^^^^^^^^^^^^^^^^^^
  File "/Users/Max/Workspace/company/development/RDK_MODEL_ZOO/rdk-b7-board-integration/samples/vision/ultralytics_yolo/tests/test_forward_purity.py", line 46, in fixture
    binding=bind_model(ModelSelection('fixture.bin',target='x5',contract=contract),metadata)
  File "/Users/Max/Workspace/company/development/RDK_MODEL_ZOO/rdk-b7-board-integration/samples/vision/ultralytics_yolo/runtime/python/model_binding.py", line 536, in bind_model
    output_adapter = _bind_output_roles(selection, contract, metadata,
                                        input_adapter)
  File "/Users/Max/Workspace/company/development/RDK_MODEL_ZOO/rdk-b7-board-integration/samples/vision/ultralytics_yolo/runtime/python/model_binding.py", line 477, in _bind_output_roles
    raise BindingError(
        f"Output {name!r} is integer {dtype}; no explicit quantization "
        "parameters were provided.")
samples.vision.ultralytics_yolo.runtime.python.model_binding.BindingError: Output 'cls_8' is integer int8; no explicit quantization parameters were provided.

======================================================================
ERROR: test_sdk_integer_enum_names_are_numeric_not_numpy_string_dtypes (test_forward_purity.ForwardPurity.test_sdk_integer_enum_names_are_numeric_not_numpy_string_dtypes) (token='S8')
----------------------------------------------------------------------
Traceback (most recent call last):
  File "/Users/Max/Workspace/company/development/RDK_MODEL_ZOO/rdk-b7-board-integration/samples/vision/ultralytics_yolo/runtime/python/tensor_io.py", line 71, in normalize_dtype
    return np.dtype(value)
           ~~~~~~~~^^^^^^^
TypeError: Cannot interpret 'namespace(name='S8')' as a data type

During handling of the above exception, another exception occurred:

Traceback (most recent call last):
  File "/Users/Max/Workspace/company/development/RDK_MODEL_ZOO/rdk-b7-board-integration/samples/vision/ultralytics_yolo/runtime/python/tensor_io.py", line 80, in normalize_dtype
    return np.dtype(aliases.get(text, text))
           ~~~~~~~~^^^^^^^^^^^^^^^^^^^^^^^^^
TypeError: data type 's8' not understood

The above exception was the direct cause of the following exception:

Traceback (most recent call last):
  File "/Users/Max/Workspace/company/development/RDK_MODEL_ZOO/rdk-b7-board-integration/samples/vision/ultralytics_yolo/tests/test_forward_purity.py", line 87, in test_sdk_integer_enum_names_are_numeric_not_numpy_string_dtypes
    self.assertEqual(normalize_dtype(SimpleNamespace(name=token)),np.dtype(expected))
                     ~~~~~~~~~~~~~~~^^^^^^^^^^^^^^^^^^^^^^^^^^^^^
  File "/Users/Max/Workspace/company/development/RDK_MODEL_ZOO/rdk-b7-board-integration/samples/vision/ultralytics_yolo/runtime/python/tensor_io.py", line 82, in normalize_dtype
    raise TensorContractError(f"Unsupported tensor dtype {value!r}.") from exc
samples.vision.ultralytics_yolo.runtime.python.tensor_io.TensorContractError: Unsupported tensor dtype namespace(name='S8').

======================================================================
ERROR: test_sdk_integer_enum_names_are_numeric_not_numpy_string_dtypes (test_forward_purity.ForwardPurity.test_sdk_integer_enum_names_are_numeric_not_numpy_string_dtypes) (token='S16')
----------------------------------------------------------------------
Traceback (most recent call last):
  File "/Users/Max/Workspace/company/development/RDK_MODEL_ZOO/rdk-b7-board-integration/samples/vision/ultralytics_yolo/runtime/python/tensor_io.py", line 71, in normalize_dtype
    return np.dtype(value)
           ~~~~~~~~^^^^^^^
TypeError: Cannot interpret 'namespace(name='S16')' as a data type

During handling of the above exception, another exception occurred:

Traceback (most recent call last):
  File "/Users/Max/Workspace/company/development/RDK_MODEL_ZOO/rdk-b7-board-integration/samples/vision/ultralytics_yolo/runtime/python/tensor_io.py", line 80, in normalize_dtype
    return np.dtype(aliases.get(text, text))
           ~~~~~~~~^^^^^^^^^^^^^^^^^^^^^^^^^
TypeError: data type 's16' not understood

The above exception was the direct cause of the following exception:

Traceback (most recent call last):
  File "/Users/Max/Workspace/company/development/RDK_MODEL_ZOO/rdk-b7-board-integration/samples/vision/ultralytics_yolo/tests/test_forward_purity.py", line 87, in test_sdk_integer_enum_names_are_numeric_not_numpy_string_dtypes
    self.assertEqual(normalize_dtype(SimpleNamespace(name=token)),np.dtype(expected))
                     ~~~~~~~~~~~~~~~^^^^^^^^^^^^^^^^^^^^^^^^^^^^^
  File "/Users/Max/Workspace/company/development/RDK_MODEL_ZOO/rdk-b7-board-integration/samples/vision/ultralytics_yolo/runtime/python/tensor_io.py", line 82, in normalize_dtype
    raise TensorContractError(f"Unsupported tensor dtype {value!r}.") from exc
samples.vision.ultralytics_yolo.runtime.python.tensor_io.TensorContractError: Unsupported tensor dtype namespace(name='S16').

======================================================================
ERROR: test_sdk_integer_enum_names_are_numeric_not_numpy_string_dtypes (test_forward_purity.ForwardPurity.test_sdk_integer_enum_names_are_numeric_not_numpy_string_dtypes) (token='S32')
----------------------------------------------------------------------
Traceback (most recent call last):
  File "/Users/Max/Workspace/company/development/RDK_MODEL_ZOO/rdk-b7-board-integration/samples/vision/ultralytics_yolo/runtime/python/tensor_io.py", line 71, in normalize_dtype
    return np.dtype(value)
           ~~~~~~~~^^^^^^^
TypeError: Cannot interpret 'namespace(name='S32')' as a data type

During handling of the above exception, another exception occurred:

Traceback (most recent call last):
  File "/Users/Max/Workspace/company/development/RDK_MODEL_ZOO/rdk-b7-board-integration/samples/vision/ultralytics_yolo/runtime/python/tensor_io.py", line 80, in normalize_dtype
    return np.dtype(aliases.get(text, text))
           ~~~~~~~~^^^^^^^^^^^^^^^^^^^^^^^^^
TypeError: data type 's32' not understood

The above exception was the direct cause of the following exception:

Traceback (most recent call last):
  File "/Users/Max/Workspace/company/development/RDK_MODEL_ZOO/rdk-b7-board-integration/samples/vision/ultralytics_yolo/tests/test_forward_purity.py", line 87, in test_sdk_integer_enum_names_are_numeric_not_numpy_string_dtypes
    self.assertEqual(normalize_dtype(SimpleNamespace(name=token)),np.dtype(expected))
                     ~~~~~~~~~~~~~~~^^^^^^^^^^^^^^^^^^^^^^^^^^^^^
  File "/Users/Max/Workspace/company/development/RDK_MODEL_ZOO/rdk-b7-board-integration/samples/vision/ultralytics_yolo/runtime/python/tensor_io.py", line 82, in normalize_dtype
    raise TensorContractError(f"Unsupported tensor dtype {value!r}.") from exc
samples.vision.ultralytics_yolo.runtime.python.tensor_io.TensorContractError: Unsupported tensor dtype namespace(name='S32').

======================================================================
ERROR: test_sdk_integer_enum_names_are_numeric_not_numpy_string_dtypes (test_forward_purity.ForwardPurity.test_sdk_integer_enum_names_are_numeric_not_numpy_string_dtypes) (token='F16')
----------------------------------------------------------------------
Traceback (most recent call last):
  File "/Users/Max/Workspace/company/development/RDK_MODEL_ZOO/rdk-b7-board-integration/samples/vision/ultralytics_yolo/runtime/python/tensor_io.py", line 71, in normalize_dtype
    return np.dtype(value)
           ~~~~~~~~^^^^^^^
TypeError: Cannot interpret 'namespace(name='F16')' as a data type

During handling of the above exception, another exception occurred:

Traceback (most recent call last):
  File "/Users/Max/Workspace/company/development/RDK_MODEL_ZOO/rdk-b7-board-integration/samples/vision/ultralytics_yolo/runtime/python/tensor_io.py", line 80, in normalize_dtype
    return np.dtype(aliases.get(text, text))
           ~~~~~~~~^^^^^^^^^^^^^^^^^^^^^^^^^
TypeError: data type 'f16' not understood

The above exception was the direct cause of the following exception:

Traceback (most recent call last):
  File "/Users/Max/Workspace/company/development/RDK_MODEL_ZOO/rdk-b7-board-integration/samples/vision/ultralytics_yolo/tests/test_forward_purity.py", line 87, in test_sdk_integer_enum_names_are_numeric_not_numpy_string_dtypes
    self.assertEqual(normalize_dtype(SimpleNamespace(name=token)),np.dtype(expected))
                     ~~~~~~~~~~~~~~~^^^^^^^^^^^^^^^^^^^^^^^^^^^^^
  File "/Users/Max/Workspace/company/development/RDK_MODEL_ZOO/rdk-b7-board-integration/samples/vision/ultralytics_yolo/runtime/python/tensor_io.py", line 82, in normalize_dtype
    raise TensorContractError(f"Unsupported tensor dtype {value!r}.") from exc
samples.vision.ultralytics_yolo.runtime.python.tensor_io.TensorContractError: Unsupported tensor dtype namespace(name='F16').

======================================================================
FAIL: test_invalid_channel_scale_axis_and_nonpositive_scale_fail_before_run (test_forward_purity.ForwardPurity.test_invalid_channel_scale_axis_and_nonpositive_scale_fail_before_run) (descriptor={'scale': -0.1, 'zero_point': 0})
----------------------------------------------------------------------
Traceback (most recent call last):
  File "/Users/Max/Workspace/company/development/RDK_MODEL_ZOO/rdk-b7-board-integration/samples/vision/ultralytics_yolo/tests/test_forward_purity.py", line 95, in test_invalid_channel_scale_axis_and_nonpositive_scale_fail_before_run
    with self.subTest(descriptor=descriptor),self.assertRaises(BindingError):
                                             ~~~~~~~~~~~~~~~~~^^^^^^^^^^^^^^
AssertionError: BindingError not raised

======================================================================
FAIL: test_scalar_quantized_forward_preserves_original_arrays_and_values (test_forward_purity.ForwardPurity.test_scalar_quantized_forward_preserves_original_arrays_and_values)
----------------------------------------------------------------------
Traceback (most recent call last):
  File "/Users/Max/Workspace/company/development/RDK_MODEL_ZOO/rdk-b7-board-integration/samples/vision/ultralytics_yolo/tests/test_forward_purity.py", line 58, in test_scalar_quantized_forward_preserves_original_arrays_and_values
    self.assertIs(outputs[name],value)
    ~~~~~~~~~~~~~^^^^^^^^^^^^^^^^^^^^^
AssertionError: array([[[[-6.75],
         [-6.75],
         [-6.75],
         [-6.75],
         [-6.75],
         [-6.75],
         [-6.75],
         [-6.75]],

        [[-6.75],
         [-6.75],
         [-6.75],
         [-6.75],
         [-6.75],
         [-6.75],
         [-6.75],
         [-6.75]],

        [[-6.75],
         [-6.75],
         [-6.75],
         [-6.75],
         [-6.75],
         [-6.75],
         [-6.75],
         [-6.75]],

        [[-6.75],
         [-6.75],
         [-6.75],
         [ 3.25],
         [-6.75],
         [-6.75],
         [-6.75],
         [-6.75]],

        [[-6.75],
         [-6.75],
         [-6.75],
         [-6.75],
         [-6.75],
         [-6.75],
         [-6.75],
         [-6.75]],

        [[-6.75],
         [-6.75],
         [-6.75],
         [-6.75],
         [-6.75],
         [-6.75],
         [-6.75],
         [-6.75]],

        [[-6.75],
         [-6.75],
         [-6.75],
         [-6.75],
         [-6.75],
         [-6.75],
         [-6.75],
         [-6.75]],

        [[-6.75],
         [-6.75],
         [-6.75],
         [-6.75],
         [-6.75],
         [-6.75],
         [-6.75],
         [-6.75]]]], dtype=float32) is not array([[[[-24],
         [-24],
         [-24],
         [-24],
         [-24],
         [-24],
         [-24],
         [-24]],

        [[-24],
         [-24],
         [-24],
         [-24],
         [-24],
         [-24],
         [-24],
         [-24]],

        [[-24],
         [-24],
         [-24],
         [-24],
         [-24],
         [-24],
         [-24],
         [-24]],

        [[-24],
         [-24],
         [-24],
         [ 16],
         [-24],
         [-24],
         [-24],
         [-24]],

        [[-24],
         [-24],
         [-24],
         [-24],
         [-24],
         [-24],
         [-24],
         [-24]],

        [[-24],
         [-24],
         [-24],
         [-24],
         [-24],
         [-24],
         [-24],
         [-24]],

        [[-24],
         [-24],
         [-24],
         [-24],
         [-24],
         [-24],
         [-24],
         [-24]],

        [[-24],
         [-24],
         [-24],
         [-24],
         [-24],
         [-24],
         [-24],
         [-24]]]], dtype=int8)

----------------------------------------------------------------------
Ran 5 tests in 0.003s

FAILED (failures=2, errors=5)
