
Detection Report: 1 objects found
  [0] test: 0.90 | Box (2.0, 2.0, 20.0, 20.0)
[Saved] Result saved to: /var/folders/04/9p6f6bf54t3f5j_khcdj2jr40000gn/T/tmpkx8zq6he/detect.jpg
[Saved] Result saved to: /var/folders/04/9p6f6bf54t3f5j_khcdj2jr40000gn/T/tmpkx8zq6he/seg.jpg
[Saved] Result saved to: /var/folders/04/9p6f6bf54t3f5j_khcdj2jr40000gn/T/tmpkx8zq6he/pose.jpg
[Saved] Result saved to: /var/folders/04/9p6f6bf54t3f5j_khcdj2jr40000gn/T/tmpkx8zq6he/obb.jpg
Top-1 Classification Results:
  [0] tench, Tinca tinca: 0.9000
Loading model: mock.pt...
Applying BPU Monkey Patch (Output Layout: NHWC)...
Starting export (imgsz=640)...
Loading model: mock.pt...
Applying BPU Monkey Patch (Output Layout: NHWC)...
Starting export (imgsz=640)...
Loading model: mock.pt...
Applying BPU Monkey Patch (Output Layout: NHWC)...
Starting export (imgsz=640)...
Loading model: mock.pt...
Applying BPU Monkey Patch (Output Layout: NHWC)...
Starting export (imgsz=640)...
Export exception: test exporter failure
Loading Classify model: mock.pt...
Applying BPU Monkey Patch (Output Layout: NHWC)...
Starting export (imgsz=224)...

Export success: output.onnx
Loading Classify model: mock.pt...
Applying BPU Monkey Patch (Output Layout: NHWC)...
Starting export (imgsz=224)...

Export success: output.onnx
Loading Classify model: mock.pt...
Applying BPU Monkey Patch (Output Layout: NHWC)...
Starting export (imgsz=224)...

Export success: output.onnx
Loading Classify model: mock.pt...
Applying BPU Monkey Patch (Output Layout: NHWC)...
Starting export (imgsz=224)...
Export exception: test exporter failure
Loading Segment model: mock.pt...
Applying BPU Monkey Patch for Segmentation (Output Layout: NHWC)...
Starting export (imgsz=640)...

Export success: output.onnx
Loading Segment model: mock.pt...
Applying BPU Monkey Patch for Segmentation (Output Layout: NHWC)...
Starting export (imgsz=640)...

Export success: output.onnx
Loading Segment model: mock.pt...
Applying BPU Monkey Patch for Segmentation (Output Layout: NHWC)...
Starting export (imgsz=640)...

Export success: output.onnx
Loading Segment model: mock.pt...
Applying BPU Monkey Patch for Segmentation (Output Layout: NHWC)...
Starting export (imgsz=640)...
Export exception: test exporter failure
Loading Pose model: mock.pt...
Applying BPU Monkey Patch for Pose (Output Layout: NHWC)...
Starting export (imgsz=640)...

Export success: output.onnx
Loading Pose model: mock.pt...
Applying BPU Monkey Patch for Pose (Output Layout: NHWC)...
Starting export (imgsz=640)...

Export success: output.onnx
Loading Pose model: mock.pt...
Applying BPU Monkey Patch for Pose (Output Layout: NHWC)...
Starting export (imgsz=640)...

Export success: output.onnx
Loading Pose model: mock.pt...
Applying BPU Monkey Patch for Pose (Output Layout: NHWC)...
Starting export (imgsz=640)...
Export exception: test exporter failure
Loading OBB model: mock.pt...
Detected OBB Head: OBB26
Monkey patch applied for OBB task (NHWC layout).
Starting export (imgsz=640)...

Export success: output.onnx

=== Output Node Description ===
Model has 9 outputs:
  Layout: NHWC
  0-8: [Cls(NC), Box(4), Angle(1)] per scale
===============================
Loading OBB model: mock.pt...
Detected OBB Head: OBB26
Monkey patch applied for OBB task (NHWC layout).
Starting export (imgsz=640)...

Export success: output.onnx

=== Output Node Description ===
Model has 9 outputs:
  Layout: NHWC
  0-8: [Cls(NC), Box(4), Angle(1)] per scale
===============================
Loading OBB model: mock.pt...
Detected OBB Head: OBB26
Monkey patch applied for OBB task (NHWC layout).
Starting export (imgsz=640)...

Export success: output.onnx

=== Output Node Description ===
Model has 9 outputs:
  Layout: NHWC
  0-8: [Cls(NC), Box(4), Angle(1)] per scale
===============================
Loading OBB model: mock.pt...
Detected OBB Head: OBB26
Monkey patch applied for OBB task (NHWC layout).
Starting export (imgsz=640)...
Export exception: test exporter failure
..................................[Error] Local execution requires recognized board identity; an explicit target is not hardware evidence.
.........../Users/Max/Workspace/company/development/RDK_MODEL_ZOO/rdk-b7-board-integration/samples/vision/ultralytics_yolo/tests/test_forward_purity.py:178: DeprecationWarning: Setting the shape on a NumPy array has been deprecated in NumPy 2.5.
As an alternative, you can create a new view using np.reshape (with copy=False if needed).
  physical["cls_8"].shape = (64, 1)
..........................................................
----------------------------------------------------------------------
Ran 103 tests in 14.829s

OK
