Notice: ffmpeg is not installed. torchaudio is used to load audio
If you want to use ffmpeg backend to load audio, please install it by:
	sudo apt install ffmpeg # ubuntu
	# brew install ffmpeg # mac
Exporting and checking encoder
Export failed: Unexpected encoder output: name: "/encoder/after_norm/Add_1_output_0.1"
type {
  tensor_type {
    elem_type: 1
    shape {
      dim {
        dim_value: 1
      }
      dim {
        dim_value: 400
      }
      dim {
        dim_value: 512
      }
    }
  }
}

