Notice: ffmpeg is not installed. torchaudio is used to load audio
If you want to use ffmpeg backend to load audio, please install it by:
	sudo apt install ffmpeg # ubuntu
	# brew install ffmpeg # mac
Range nodes: 3
  fold /decoder/make_pad_mask/Range: dtype=float32 shape=(100,)
  fold /decoder/make_pad_mask_1/Range: dtype=float32 shape=(400,)
  fold /decoder/make_pad_mask_2/Range: dtype=float32 shape=(1,)
Saved: /Users/Max/Workspace/company/development/RDK_MODEL_ZOO/.coordination/paraformer-export-v4/tmp3n3rg2fi/source-folded.onnx  nodes=2124
new torch vs ort 0.0012025833129882812
checking source count 0 maxdiff 0.0
new torch vs ort 0.00603485107421875
checking source count 1 maxdiff 0.0
new torch vs ort 0.8690032958984375
checking source count 17 maxdiff 0.0
new torch vs ort 3.028360366821289
checking source count 100 maxdiff 0.0
{
  "weights_sha256": "2d448b72b2b5e5fdf9ba865ff54c8c207f5cf8fced742b0160ef505b026c44a7",
  "source_decoder": [
    {
      "count": 0,
      "full_padded_output_max_abs_diff": [
        0.0
      ],
      "new_torch_vs_ort_max_abs_diff": 0.0012025833129882812
    },
    {
      "count": 1,
      "full_padded_output_max_abs_diff": [
        0.0
      ],
      "new_torch_vs_ort_max_abs_diff": 0.00603485107421875
    },
    {
      "count": 17,
      "full_padded_output_max_abs_diff": [
        0.0
      ],
      "new_torch_vs_ort_max_abs_diff": 0.8690032958984375
    },
    {
      "count": 100,
      "full_padded_output_max_abs_diff": [
        0.0
      ],
      "new_torch_vs_ort_max_abs_diff": 3.028360366821289
    }
  ],
  "pipeline": [
    {
      "utt_id": "BAC009S0724W0121",
      "feature_sha256": "92848df2ad9649d4a6cb7b86b9626a54134d403097484a73af8c9ebdfee76ed2",
      "reference_text": "广州市房地产中介协会分析",
      "torch": {
        "text": "广州市房地产中介协会析",
        "token_ids": [
          2428,
          7769,
          7729,
          4357,
          4634,
          4963,
          5317,
          7951,
          1756,
          7959,
          8368,
          2
        ],
        "token_count": 12,
        "timings_ms": {
          "encoder": 343.68141599406954,
          "predictor": 2.6972919949912466,
          "cif": 1.665790994593408,
          "decoder": 47.427333003724925
        },
        "decoder_executed": true
      },
      "onnxruntime": {
        "text": "广州市房地产中介协会析",
        "token_ids": [
          2428,
          7769,
          7729,
          4357,
          4634,
          4963,
          5317,
          7951,
          1756,
          7959,
          8368,
          2
        ],
        "token_count": 12,
        "timings_ms": {
          "encoder": 490.90354200598085,
          "predictor": 2.991665998706594,
          "cif": 1.4332499995362014,
          "decoder": 59.95754199830117
        },
        "decoder_executed": true
      },
      "ids_equal": true
    },
    {
      "utt_id": "BAC009S0724W0168",
      "feature_sha256": "65dc148bf31176cd50bed4ec56000d9c99e0e44d7039b7fccb6c178ac1550b5e",
      "reference_text": "新地王的诞生迅速搅热南沙土地市场",
      "torch": {
        "text": "新地网的诞生迅速绞热南沙土地市",
        "token_ids": [
          8353,
          4634,
          2272,
          1373,
          6951,
          7318,
          40,
          1738,
          6611,
          6969,
          2193,
          296,
          6195,
          4634,
          7729,
          2
        ],
        "token_count": 16,
        "timings_ms": {
          "encoder": 253.00250000145752,
          "predictor": 0.9598749966244213,
          "cif": 1.4179579957271926,
          "decoder": 42.444124999747146
        },
        "decoder_executed": true
      },
      "onnxruntime": {
        "text": "新地网的诞生迅速绞热南沙土地市",
        "token_ids": [
          8353,
          4634,
          2272,
          1373,
          6951,
          7318,
          40,
          1738,
          6611,
          6969,
          2193,
          296,
          6195,
          4634,
          7729,
          2
        ],
        "token_count": 16,
        "timings_ms": {
          "encoder": 450.5395000014687,
          "predictor": 2.959833000204526,
          "cif": 1.406499999575317,
          "decoder": 70.51474999752827
        },
        "decoder_executed": true
      },
      "ids_equal": true
    }
  ],
  "scope": "Two example utterances, not dataset CER or board validation",
  "source_range_sha256": "3a8f68d75c5f2801e7dd1f446b811e045006c8019e855266dc208ce0d4426f45",
  "source_reference_note": "Upstream decoder export plus archived fixed-100 Range pass; only temporary probe path redirected"
}
