test_fixed_mask_keeps_geometry_and_uses_each_count (samples.speech.paraformer.tests.test_export_stages.ExportStages.test_fixed_mask_keeps_geometry_and_uses_each_count) ... ERROR
test_predictor_matches_upstream_cnn_and_tail_without_cif (samples.speech.paraformer.tests.test_export_stages.ExportStages.test_predictor_matches_upstream_cnn_and_tail_without_cif) ... ERROR

======================================================================
ERROR: test_fixed_mask_keeps_geometry_and_uses_each_count (samples.speech.paraformer.tests.test_export_stages.ExportStages.test_fixed_mask_keeps_geometry_and_uses_each_count)
----------------------------------------------------------------------
Traceback (most recent call last):
  File "/Users/Max/Workspace/company/development/RDK_MODEL_ZOO/rdk-b7-board-integration/samples/speech/paraformer/tests/test_export_stages.py", line 34, in test_fixed_mask_keeps_geometry_and_uses_each_count
    from samples.speech.paraformer.conversion.torch_stages import fixed_mask
ModuleNotFoundError: No module named 'samples.speech.paraformer.conversion.torch_stages'

======================================================================
ERROR: test_predictor_matches_upstream_cnn_and_tail_without_cif (samples.speech.paraformer.tests.test_export_stages.ExportStages.test_predictor_matches_upstream_cnn_and_tail_without_cif)
----------------------------------------------------------------------
Traceback (most recent call last):
  File "/Users/Max/Workspace/company/development/RDK_MODEL_ZOO/rdk-b7-board-integration/samples/speech/paraformer/tests/test_export_stages.py", line 13, in test_predictor_matches_upstream_cnn_and_tail_without_cif
    from samples.speech.paraformer.conversion.torch_stages import PredictorStage
ModuleNotFoundError: No module named 'samples.speech.paraformer.conversion.torch_stages'

----------------------------------------------------------------------
Ran 2 tests in 3.306s

FAILED (errors=2)
Notice: ffmpeg is not installed. torchaudio is used to load audio
If you want to use ffmpeg backend to load audio, please install it by:
	sudo apt install ffmpeg # ubuntu
	# brew install ffmpeg # mac
