test_bridge_reuses_unmasked_cif_and_preserves_named_inputs (samples.speech.paraformer.tests.test_calibration.Calibration.test_bridge_reuses_unmasked_cif_and_preserves_named_inputs) ... ERROR
test_invalid_features_or_intermediate_are_not_silently_skipped (samples.speech.paraformer.tests.test_calibration.Calibration.test_invalid_features_or_intermediate_are_not_silently_skipped) ... ERROR
test_wav_selection_is_sorted_nonempty_and_positive (samples.speech.paraformer.tests.test_calibration.Calibration.test_wav_selection_is_sorted_nonempty_and_positive) ... ERROR

======================================================================
ERROR: test_bridge_reuses_unmasked_cif_and_preserves_named_inputs (samples.speech.paraformer.tests.test_calibration.Calibration.test_bridge_reuses_unmasked_cif_and_preserves_named_inputs)
----------------------------------------------------------------------
Traceback (most recent call last):
  File "/Users/Max/Workspace/company/development/RDK_MODEL_ZOO/rdk-b7-board-integration/samples/speech/paraformer/tests/test_calibration.py", line 25, in test_bridge_reuses_unmasked_cif_and_preserves_named_inputs
    from samples.speech.paraformer.conversion.calibration import intermediates
ModuleNotFoundError: No module named 'samples.speech.paraformer.conversion.calibration'

======================================================================
ERROR: test_invalid_features_or_intermediate_are_not_silently_skipped (samples.speech.paraformer.tests.test_calibration.Calibration.test_invalid_features_or_intermediate_are_not_silently_skipped)
----------------------------------------------------------------------
Traceback (most recent call last):
  File "/Users/Max/Workspace/company/development/RDK_MODEL_ZOO/rdk-b7-board-integration/samples/speech/paraformer/tests/test_calibration.py", line 49, in test_invalid_features_or_intermediate_are_not_silently_skipped
    from samples.speech.paraformer.conversion.calibration import intermediates
ModuleNotFoundError: No module named 'samples.speech.paraformer.conversion.calibration'

======================================================================
ERROR: test_wav_selection_is_sorted_nonempty_and_positive (samples.speech.paraformer.tests.test_calibration.Calibration.test_wav_selection_is_sorted_nonempty_and_positive)
----------------------------------------------------------------------
Traceback (most recent call last):
  File "/Users/Max/Workspace/company/development/RDK_MODEL_ZOO/rdk-b7-board-integration/samples/speech/paraformer/tests/test_calibration.py", line 10, in test_wav_selection_is_sorted_nonempty_and_positive
    from samples.speech.paraformer.conversion.calibration import select_wavs
ModuleNotFoundError: No module named 'samples.speech.paraformer.conversion.calibration'

----------------------------------------------------------------------
Ran 3 tests in 0.001s

FAILED (errors=3)
