-- Configuring done (0.0s)
-- Generating done (0.0s)
-- Build files have been written to: /tmp/rdk-paraformer-io
[ 11%] Built target paraformer_contract
[ 25%] Built target test_contract
[ 25%] Built target test_pipeline
[ 37%] Built target paraformer_preflight
[ 55%] Built target test_sdk
[ 70%] Built target paraformer_feature_io
[ 74%] Built target test_preflight
[ 77%] Building CXX object CMakeFiles/paraformer_cli_fixture.dir/src/main.cc.o
[ 85%] Built target feature_probe
[ 88%] Building CXX object CMakeFiles/paraformer_cli_fixture.dir/src/cli_io.cc.o
[ 92%] Building CXX object CMakeFiles/paraformer_cli_fixture.dir/src/preflight.cc.o
[ 96%] Building CXX object CMakeFiles/paraformer_cli_fixture.dir/tests/cli_fixture_runner.cc.o
[100%] Linking CXX executable paraformer_cli_fixture
[100%] Built target paraformer_cli_fixture
Test project /tmp/rdk-paraformer-io
    Start 1: paraformer_contract
1/6 Test #1: paraformer_contract ..............   Passed    0.04 sec
    Start 2: paraformer_pipeline
2/6 Test #2: paraformer_pipeline ..............   Passed    0.03 sec
    Start 3: paraformer_sdk_fixture
3/6 Test #3: paraformer_sdk_fixture ...........   Passed    0.14 sec
    Start 4: paraformer_preflight
4/6 Test #4: paraformer_preflight .............   Passed    0.02 sec
    Start 5: paraformer_prepared_features
5/6 Test #5: paraformer_prepared_features .....   Passed    0.03 sec
    Start 6: paraformer_cli_fixture_help
6/6 Test #6: paraformer_cli_fixture_help ......   Passed    0.09 sec

100% tests passed out of 6

Total Test time (real) =   0.34 sec
