[
  {
    "stage": "encoder",
    "target": "s100",
    "asset_id": "s:paraformer:s100/paraformer_large_encoder_400x560_s100.hbm"
  },
  {
    "stage": "predictor",
    "target": "s100",
    "asset_id": "s:paraformer:s100/paraformer_large_predictor_400x512_s100.hbm"
  },
  {
    "stage": "decoder",
    "target": "s100",
    "asset_id": "s:paraformer:s100/paraformer_large_decoder_400x512_s100.hbm"
  }
]
{
  "schema": "rdk-model-zoo/paraformer-native-launch/v1",
  "status": "prepared",
  "target": "s100",
  "runtime_metadata_verified": false,
  "native_process_started": false,
  "native_process_attempted": false,
  "downloaded": false,
  "models": [
    {
      "stage": "encoder",
      "asset_id": "s:paraformer:s100/paraformer_large_encoder_400x560_s100.hbm",
      "publisher_sha256": null,
      "publisher_checksum_verified": false
    },
    {
      "stage": "predictor",
      "asset_id": "s:paraformer:s100/paraformer_large_predictor_400x512_s100.hbm",
      "publisher_sha256": null,
      "publisher_checksum_verified": false
    },
    {
      "stage": "decoder",
      "asset_id": "s:paraformer:s100/paraformer_large_decoder_400x512_s100.hbm",
      "publisher_sha256": null,
      "publisher_checksum_verified": false
    }
  ],
  "command": [
    "/Users/Max/Workspace/company/development/RDK_MODEL_ZOO/rdk-b7-board-integration/samples/speech/paraformer/runtime/cpp/build/s100/paraformer_demo",
    "--target",
    "s100",
    "--manifest",
    "/Users/Max/Workspace/company/development/RDK_MODEL_ZOO/rdk-b7-board-integration/outputs/paraformer_features/prepared-manifest.json",
    "--vocab-file",
    "/Users/Max/Workspace/company/development/RDK_MODEL_ZOO/rdk-b7-board-integration/samples/speech/paraformer/model/s100/tokens.json",
    "--output-dir",
    "/Users/Max/Workspace/company/development/RDK_MODEL_ZOO/rdk-b7-board-integration/outputs/paraformer_cpp/result",
    "--max-utts",
    "0",
    "--encoder-model-path",
    "/Users/Max/Workspace/company/development/RDK_MODEL_ZOO/rdk-b7-board-integration/samples/speech/paraformer/model/s100/paraformer_large_encoder_400x560_s100.hbm",
    "--encoder-asset-id",
    "s:paraformer:s100/paraformer_large_encoder_400x560_s100.hbm",
    "--encoder-sha256",
    "<observed-model-sha256>",
    "--predictor-model-path",
    "/Users/Max/Workspace/company/development/RDK_MODEL_ZOO/rdk-b7-board-integration/samples/speech/paraformer/model/s100/paraformer_large_predictor_400x512_s100.hbm",
    "--predictor-asset-id",
    "s:paraformer:s100/paraformer_large_predictor_400x512_s100.hbm",
    "--predictor-sha256",
    "<observed-model-sha256>",
    "--decoder-model-path",
    "/Users/Max/Workspace/company/development/RDK_MODEL_ZOO/rdk-b7-board-integration/samples/speech/paraformer/model/s100/paraformer_large_decoder_400x512_s100.hbm",
    "--decoder-asset-id",
    "s:paraformer:s100/paraformer_large_decoder_400x512_s100.hbm",
    "--decoder-sha256",
    "<observed-model-sha256>"
  ],
  "processes": []
}
