(1824, 2400)
(1824, 2400)
{
  "local_links": 62,
  "parser_commands": [
    {
      "page": "samples/vision/depth_anything_v2/README.md",
      "argv": [
        "python",
        "-m",
        "samples.vision.depth_anything_v2.runtime.python.main",
        "--list-models"
      ]
    },
    {
      "page": "samples/vision/depth_anything_v2/README.md",
      "argv": [
        "python",
        "-m",
        "samples.vision.depth_anything_v2.runtime.python.main",
        "--target",
        "s100",
        "--dry-run"
      ]
    },
    {
      "page": "samples/vision/depth_anything_v2/README.md",
      "argv": [
        "bash",
        "samples/vision/depth_anything_v2/model/download.sh",
        "--target",
        "s100"
      ]
    },
    {
      "page": "samples/vision/depth_anything_v2/README.md",
      "argv": [
        "bash",
        "samples/vision/depth_anything_v2/runtime/python/run.sh",
        "--target",
        "s100",
        "--output",
        "outputs/depth-anything-s100"
      ]
    },
    {
      "page": "samples/vision/depth_anything_v2/model/README.md",
      "argv": [
        "python",
        "-m",
        "samples.vision.depth_anything_v2.runtime.python.main",
        "--list-models"
      ]
    },
    {
      "page": "samples/vision/depth_anything_v2/model/README.md",
      "argv": [
        "bash",
        "samples/vision/depth_anything_v2/model/download.sh",
        "--target",
        "s100"
      ]
    },
    {
      "page": "samples/vision/depth_anything_v2/model/README.md",
      "argv": [
        "bash",
        "samples/vision/depth_anything_v2/model/download.sh",
        "--target",
        "s100",
        "--output-dir",
        "/work/depth-models"
      ]
    },
    {
      "page": "samples/vision/depth_anything_v2/model/README.md",
      "argv": [
        "python",
        "-m",
        "samples.vision.depth_anything_v2.runtime.python.main",
        "--target",
        "s100",
        "--asset-id",
        "s:depth_anything_v2:s100/depth_any.hbm",
        "--model-path",
        "/work/depth-models/s100/depth_any.hbm",
        "--output",
        "/work/depth-results/external-copy"
      ]
    },
    {
      "page": "samples/vision/depth_anything_v2/runtime/python/README.md",
      "argv": [
        "python",
        "-m",
        "samples.vision.depth_anything_v2.runtime.python.main",
        "--list-models"
      ]
    },
    {
      "page": "samples/vision/depth_anything_v2/runtime/python/README.md",
      "argv": [
        "python",
        "-m",
        "samples.vision.depth_anything_v2.runtime.python.main",
        "--target",
        "s100",
        "--dry-run"
      ]
    },
    {
      "page": "samples/vision/depth_anything_v2/runtime/python/README.md",
      "argv": [
        "bash",
        "samples/vision/depth_anything_v2/model/download.sh",
        "--target",
        "s100"
      ]
    },
    {
      "page": "samples/vision/depth_anything_v2/runtime/python/README.md",
      "argv": [
        "bash",
        "samples/vision/depth_anything_v2/runtime/python/run.sh",
        "--target",
        "s100",
        "--test-img",
        "samples/vision/depth_anything_v2/test_data/furseal.jpg",
        "--output",
        "outputs/depth-anything-default"
      ]
    },
    {
      "page": "samples/vision/depth_anything_v2/runtime/python/README.md",
      "argv": [
        "python",
        "-m",
        "samples.vision.depth_anything_v2.runtime.python.main",
        "--target",
        "s100",
        "--resize-type",
        "1",
        "--output",
        "outputs/depth-anything-letterbox",
        "--img-save-path",
        "outputs/depth-anything-letterbox-result.jpg"
      ]
    }
  ],
  "api_fixture_runs": [
    "samples/vision/depth_anything_v2/runtime/python/README.md",
    "samples/vision/depth_anything_v2/runtime/python/README_cn.md"
  ],
  "real_sdk": "not-run",
  "board": "not-run"
}
