F...
======================================================================
FAIL: test_additional_color_path_cannot_replace_canonical_outputs (test_cli.CliTests.test_additional_color_path_cannot_replace_canonical_outputs)
----------------------------------------------------------------------
Traceback (most recent call last):
  File "/Users/Max/Workspace/company/development/RDK_MODEL_ZOO/rdk-b7-board-integration/samples/vision/depth_anything_v2/tests/test_cli.py", line 89, in test_additional_color_path_cannot_replace_canonical_outputs
    runner.assert_not_called()
    ~~~~~~~~~~~~~~~~~~~~~~~~^^
  File "/opt/homebrew/Cellar/python@3.14/3.14.7/Frameworks/Python.framework/Versions/3.14/lib/python3.14/unittest/mock.py", line 947, in assert_not_called
    raise AssertionError(msg)
AssertionError: Expected 'RuntimeModelRunner' to not have been called. Called 1 times.
Calls: [call(ModelSelection(target='s100', asset=Asset(group='s', sample_id='depth_anything_v2', filename='s100/depth_any.hbm', format='hbm', url='https://archive.d-robotics.cc/downloads/rdk_model_zoo/rdk_s100/depth_any/depth_any.hbm', sha256=None), model_path=PosixPath('/Users/Max/Workspace/company/development/RDK_MODEL_ZOO/rdk-b7-board-integration/samples/vision/depth_anything_v2/model/s100/depth_any.hbm'), explicit_model_path=False)),
 call().load(),
 call().set_scheduling_params(priority=0, bpu_cores=[0]),
 call().load().input_name.__hash__(),
 call()({<MagicMock name='RuntimeModelRunner().load().input_name' id='4563098256'>: array([[[[ 0.70710665,  0.70710665,  0.70710665, ...,  0.4983416 ,
           0.4983416 ,  0.4983416 ],
         [ 0.8521329 ,  0.62724996,  0.8626621 , ...,  0.5391638 ,
           0.4983416 ,  0.4983416 ],
         [ 0.834812  ,  0.8626621 ,  0.8626621 , ...,  0.5391638 ,
           0.5391638 ,  0.5391638 ],
         ...,
         [-0.62724996, -0.487713  , -0.487713  , ...,  1.3970011 ,
           1.4142134 ,  1.3970013 ],
         [-0.5248906 , -0.358979  , -0.11624756, ...,  1.4083734 ,
           1.3363061 ,  1.3728129 ],
         [-0.487713  ,  0.        ,  0.16222137, ...,  1.4142133 ,
           1.4142134 ,  1.3970013 ]],

        [[ 0.70710665,  0.70710665,  0.70710665, ...,  0.89701486,
           0.89701486,  0.89701486],
         [ 0.5513801 ,  0.78406245,  0.53916377, ...,  0.86266214,
           0.89701486,  0.89701486],
         [ 0.57118714,  0.53916377,  0.53916377, ...,  0.86266214,
           0.86266214,  0.86266214],
         ...,
         [-0.78406245, -0.9057527 , -0.9057527 , ..., -0.8890007 ,
          -0.7071067 , -0.5080005 ],
         [-0.8748176 , -1.0051411 , -1.1624757 , ..., -0.8153741 ,
          -1.0690448 , -0.39223224],
         [-0.9057527 , -1.2247446 , -1.297771  , ..., -0.70710665,
          -0.7071067 , -0.5080005 ]],

        [[-1.4142133 , -1.4142133 , -1.4142133 , ..., -1.3953564 ,
          -1.3953564 , -1.3953564 ],
         [-1.4035131 , -1.4113125 , -1.4018259 , ..., -1.401826  ,
          -1.3953564 , -1.3953564 ],
         [-1.4059992 , -1.4018259 , -1.4018259 , ..., -1.401826  ,
          -1.401826  , -1.401826  ],
         ...,
         [ 1.4113125 ,  1.3934658 ,  1.3934658 , ..., -0.50800043,
          -0.7071067 , -0.88900083],
         [ 1.3997082 ,  1.3641201 ,  1.2787232 , ..., -0.5929993 ,
          -0.2672612 , -0.9805806 ],
         [ 1.3934658 ,  1.2247446 ,  1.1355497 , ..., -0.70710665,
          -0.7071067 , -0.88900083]]]],
      shape=(1, 3, 518, 686), dtype=float32)})].

----------------------------------------------------------------------
Ran 4 tests in 0.101s

FAILED (failures=1)
