=== sync read-only check after _shared edit (expect drift reported, no write) ===
{
  "valid": false,
  "applied": false,
  "changed_files": [
    "rdk-model-zoo/references/context-policy.md",
    "rdk-model-zoo/references/toolchain-handoff.md",
    "rdk-model-zoo-repo/references/context-policy.md",
    "rdk-model-zoo-integrate/references/context-policy.md",
    "rdk-model-zoo-integrate/references/toolchain-handoff.md",
    "rdk-model-zoo-develop/references/context-policy.md",
    "rdk-model-zoo-validate/references/context-policy.md",
    "rdk-model-zoo-review/references/context-policy.md",
    "rdk-model-zoo-release/references/context-policy.md"
  ],
  "errors": [
    "generated references are not current"
  ]
}
rc=2
=== sync --apply ===
{
  "valid": true,
  "applied": true,
  "changed_files": [
    "rdk-model-zoo/references/context-policy.md",
    "rdk-model-zoo/references/toolchain-handoff.md",
    "rdk-model-zoo-repo/references/context-policy.md",
    "rdk-model-zoo-integrate/references/context-policy.md",
    "rdk-model-zoo-integrate/references/toolchain-handoff.md",
    "rdk-model-zoo-develop/references/context-policy.md",
    "rdk-model-zoo-validate/references/context-policy.md",
    "rdk-model-zoo-review/references/context-policy.md",
    "rdk-model-zoo-release/references/context-policy.md"
  ],
  "errors": []
}
rc=0
=== sync read-only recheck after apply (expect valid, no changes) ===
{
  "valid": true,
  "applied": false,
  "changed_files": [],
  "errors": []
}
rc=0
