FFFFFFF
======================================================================
FAIL: test_empty_fire_returns_fixed_zero_decoder_input (test_cif.CifTests.test_empty_fire_returns_fixed_zero_decoder_input)
----------------------------------------------------------------------
Traceback (most recent call last):
  File "/Users/Max/Workspace/company/development/RDK_MODEL_ZOO/rdk-b7-board-integration/samples/speech/paraformer/tests/test_cif.py", line 24, in setUp
    self.assertTrue(TARGET.is_file(), "Unified CPU CIF implementation is missing")
    ~~~~~~~~~~~~~~~^^^^^^^^^^^^^^^^^^^^^^^^^^^^^^^^^^^^^^^^^^^^^^^^^^^^^^^^^^^^^^^
AssertionError: False is not true : Unified CPU CIF implementation is missing

======================================================================
FAIL: test_fractional_boundary_conserves_weighted_hidden (test_cif.CifTests.test_fractional_boundary_conserves_weighted_hidden)
----------------------------------------------------------------------
Traceback (most recent call last):
  File "/Users/Max/Workspace/company/development/RDK_MODEL_ZOO/rdk-b7-board-integration/samples/speech/paraformer/tests/test_cif.py", line 24, in setUp
    self.assertTrue(TARGET.is_file(), "Unified CPU CIF implementation is missing")
    ~~~~~~~~~~~~~~~^^^^^^^^^^^^^^^^^^^^^^^^^^^^^^^^^^^^^^^^^^^^^^^^^^^^^^^^^^^^^^^
AssertionError: False is not true : Unified CPU CIF implementation is missing

======================================================================
FAIL: test_inference_length_must_be_explicit_and_valid (test_cif.CifTests.test_inference_length_must_be_explicit_and_valid)
----------------------------------------------------------------------
Traceback (most recent call last):
  File "/Users/Max/Workspace/company/development/RDK_MODEL_ZOO/rdk-b7-board-integration/samples/speech/paraformer/tests/test_cif.py", line 24, in setUp
    self.assertTrue(TARGET.is_file(), "Unified CPU CIF implementation is missing")
    ~~~~~~~~~~~~~~~^^^^^^^^^^^^^^^^^^^^^^^^^^^^^^^^^^^^^^^^^^^^^^^^^^^^^^^^^^^^^^^
AssertionError: False is not true : Unified CPU CIF implementation is missing

======================================================================
FAIL: test_invalid_tensor_contract_is_rejected (test_cif.CifTests.test_invalid_tensor_contract_is_rejected)
----------------------------------------------------------------------
Traceback (most recent call last):
  File "/Users/Max/Workspace/company/development/RDK_MODEL_ZOO/rdk-b7-board-integration/samples/speech/paraformer/tests/test_cif.py", line 24, in setUp
    self.assertTrue(TARGET.is_file(), "Unified CPU CIF implementation is missing")
    ~~~~~~~~~~~~~~~^^^^^^^^^^^^^^^^^^^^^^^^^^^^^^^^^^^^^^^^^^^^^^^^^^^^^^^^^^^^^^^
AssertionError: False is not true : Unified CPU CIF implementation is missing

======================================================================
FAIL: test_more_than_100_fires_preserves_first_100 (test_cif.CifTests.test_more_than_100_fires_preserves_first_100)
----------------------------------------------------------------------
Traceback (most recent call last):
  File "/Users/Max/Workspace/company/development/RDK_MODEL_ZOO/rdk-b7-board-integration/samples/speech/paraformer/tests/test_cif.py", line 24, in setUp
    self.assertTrue(TARGET.is_file(), "Unified CPU CIF implementation is missing")
    ~~~~~~~~~~~~~~~^^^^^^^^^^^^^^^^^^^^^^^^^^^^^^^^^^^^^^^^^^^^^^^^^^^^^^^^^^^^^^^
AssertionError: False is not true : Unified CPU CIF implementation is missing

======================================================================
FAIL: test_padding_mask_and_explicit_calibration_mode (test_cif.CifTests.test_padding_mask_and_explicit_calibration_mode)
----------------------------------------------------------------------
Traceback (most recent call last):
  File "/Users/Max/Workspace/company/development/RDK_MODEL_ZOO/rdk-b7-board-integration/samples/speech/paraformer/tests/test_cif.py", line 24, in setUp
    self.assertTrue(TARGET.is_file(), "Unified CPU CIF implementation is missing")
    ~~~~~~~~~~~~~~~^^^^^^^^^^^^^^^^^^^^^^^^^^^^^^^^^^^^^^^^^^^^^^^^^^^^^^^^^^^^^^^
AssertionError: False is not true : Unified CPU CIF implementation is missing

======================================================================
FAIL: test_source_parity_without_mutation_or_output_alias (test_cif.CifTests.test_source_parity_without_mutation_or_output_alias)
----------------------------------------------------------------------
Traceback (most recent call last):
  File "/Users/Max/Workspace/company/development/RDK_MODEL_ZOO/rdk-b7-board-integration/samples/speech/paraformer/tests/test_cif.py", line 24, in setUp
    self.assertTrue(TARGET.is_file(), "Unified CPU CIF implementation is missing")
    ~~~~~~~~~~~~~~~^^^^^^^^^^^^^^^^^^^^^^^^^^^^^^^^^^^^^^^^^^^^^^^^^^^^^^^^^^^^^^^
AssertionError: False is not true : Unified CPU CIF implementation is missing

----------------------------------------------------------------------
Ran 7 tests in 0.001s

FAILED (failures=7)
