{
  "count": 2,
  "threshold": 0.5,
  "threshold_rule": "score >= threshold",
  "confusion": {
    "tp": 1,
    "tn": 1,
    "fp": 0,
    "fn": 0
  },
  "accuracy": 1.0,
  "precision": 1.0,
  "recall": 1.0,
  "f1": 1.0,
  "false_accept_rate": 0.0,
  "false_reject_rate": 0.0,
  "schema": "rdk-model-zoo/kws-metrics/v1",
  "provenance": {
    "dataset": "synthetic documentation example",
    "model": "no model executed",
    "split": "fixture"
  },
  "predictions_sha256": "00e0ae6958a6c7a7e89a8aea04ff1c6fe7e3cf3912418977e3d7c1e6f99c0ff7",
  "inference_executed": false,
  "provenance_independently_verified": false
}
