/Users/Max/Workspace/company/development/RDK_MODEL_ZOO/.coordination/kws-frontend-venv/lib/python3.13/site-packages/paddle/utils/cpp_extension/extension_utils.py:712: UserWarning: No ccache found. Please be aware that recompiling all source files may be required. You can download and install ccache from: https://github.com/ccache/ccache/blob/master/doc/INSTALL.md
  warnings.warn(warning_message)
WARNING: Logging before InitGoogleLogging() is written to STDERR
I0928 07:47:30.806756 4153016192 data_type_transform.h:30] TransDataType src type:float32; dst type: float32
I0928 07:47:30.806797 4153016192 data_type_transform.h:30] TransDataType src type:float32; dst type: float32
I0928 07:47:30.807538 4153016192 kernel_dispatch.h:120] promote kernel DataType:complex64
I0928 07:47:30.809530 4153016192 data_type_transform.h:30] TransDataType src type:float32; dst type: float32
I0928 07:47:30.809538 4153016192 data_type_transform.h:30] TransDataType src type:float32; dst type: float32
I0928 07:47:30.810248 4153016192 kernel_dispatch.h:120] promote kernel DataType:complex64
I0928 07:47:30.812454 4153016192 data_type_transform.h:30] TransDataType src type:float32; dst type: float32
I0928 07:47:30.812471 4153016192 data_type_transform.h:30] TransDataType src type:float32; dst type: float32
I0928 07:47:30.813155 4153016192 kernel_dispatch.h:120] promote kernel DataType:complex64
I0928 07:47:30.814899 4153016192 data_type_transform.h:30] TransDataType src type:float32; dst type: float32
I0928 07:47:30.814913 4153016192 data_type_transform.h:30] TransDataType src type:float32; dst type: float32
I0928 07:47:30.815587 4153016192 kernel_dispatch.h:120] promote kernel DataType:complex64
I0928 07:47:30.817822 4153016192 data_type_transform.h:30] TransDataType src type:float32; dst type: float32
I0928 07:47:30.817830 4153016192 data_type_transform.h:30] TransDataType src type:float32; dst type: float32
I0928 07:47:30.818506 4153016192 kernel_dispatch.h:120] promote kernel DataType:complex64
I0928 07:47:30.820405 4153016192 data_type_transform.h:30] TransDataType src type:float32; dst type: float32
I0928 07:47:30.820416 4153016192 data_type_transform.h:30] TransDataType src type:float32; dst type: float32
I0928 07:47:30.821084 4153016192 kernel_dispatch.h:120] promote kernel DataType:complex64
{
  "paddle": "3.3.1",
  "paddleaudio": "1.0.2",
  "paddleaudio_load": "(filepath: str, frame_offset: int = 0, num_frames: int = -1, normalize: bool = True, channels_first: bool = True, format: Optional[str] = None) -> Tuple[paddle.Tensor, int]",
  "source_sha256": "1d06cb04cc9a89401466c58fa73ba60c9bace9d1b2143de87bb245c3326664cd",
  "audio_sha256": "eb39ea9bff0e37e262ee3735eba4111a52bb53a84bb776d28a43d7cea6b88cad",
  "audio_decode_equal": true,
  "cases": [
    {
      "case": "sample",
      "source_samples": 40000,
      "shape": [
        373,
        80
      ],
      "dtype": "float32",
      "max_abs_difference": 0.0,
      "feature_sha256": "c6f52974a345cd74adb2d5080fc597e5398da9307a56308586af50bc040e1a21"
    },
    {
      "case": "silence",
      "source_samples": 16000,
      "shape": [
        373,
        80
      ],
      "dtype": "float32",
      "max_abs_difference": 0.0,
      "feature_sha256": "3b39953bb0935882e0623b81cb95fda00cf727b76290a62d732cdbc48637ad6b"
    },
    {
      "case": "long",
      "source_samples": 80000,
      "shape": [
        373,
        80
      ],
      "dtype": "float32",
      "max_abs_difference": 0.0,
      "feature_sha256": "4e255026661157ea3d2b19eee96af0f63f7554360aa55dff0ebadd0e169dfa16"
    }
  ],
  "sdk_or_board_executed": false
}
