
> test
> vitest run


 RUN  v3.2.7 /Users/Max/Workspace/company/development/RDK_MODEL_ZOO/rdk-b7-board-integration/tools/catalog-publisher

stderr | tests/artifact.test.ts > published catalog artifact > writes a checksummed payload and the metadata that describes it
x5: Catalog warning: 125 accuracy metrics have no published dataset.

stderr | tests/sources.test.ts > platform source resolution > keeps pinned-tag source links prefix-free while the worktree build is prefixed
x5: Catalog warning: 125 accuracy metrics have no published dataset.

stderr | tests/artifact.test.ts > published catalog artifact > writes a checksummed payload and the metadata that describes it
s: Catalog warning: 35 accuracy metrics have no published dataset.

stderr | tests/sources.test.ts > platform source resolution > keeps pinned-tag source links prefix-free while the worktree build is prefixed
s: Catalog warning: 35 accuracy metrics have no published dataset.

stderr | tests/artifact.test.ts > published catalog artifact > writes a checksummed payload and the metadata that describes it
x3: Catalog warning: 18 accuracy metrics have no published dataset.

stderr | tests/sources.test.ts > platform source resolution > keeps pinned-tag source links prefix-free while the worktree build is prefixed
x3: Catalog warning: 18 accuracy metrics have no published dataset.

 ✓ tests/sources.test.ts (7 tests) 2997ms
   ✓ platform source resolution > keeps pinned-tag source links prefix-free while the worktree build is prefixed  2930ms
 ✓ tests/artifact.test.ts (7 tests) 3977ms
   ✓ published catalog artifact > writes a checksummed payload and the metadata that describes it  2956ms
stderr | tests/benchmark-coverage.test.ts > audited benchmark coverage > accounts for the complete release inventory
x5: Catalog warning: 125 accuracy metrics have no published dataset.

stderr | tests/benchmark-coverage.test.ts > audited benchmark coverage > accounts for the complete release inventory
s: Catalog warning: 35 accuracy metrics have no published dataset.

stderr | tests/benchmark-coverage.test.ts > audited benchmark coverage > accounts for the complete release inventory
x3: Catalog warning: 18 accuracy metrics have no published dataset.

 ✓ tests/benchmark-coverage.test.ts (5 tests) 2184ms
   ✓ audited benchmark coverage > accounts for the complete release inventory  2128ms
stderr | tests/multiplatform-catalog.test.ts > multi-platform variant catalog > groups YOLOv8 sizes into one family card with multi-platform evidence
x5: Catalog warning: 125 accuracy metrics have no published dataset.

stderr | tests/multiplatform-catalog.test.ts > multi-platform variant catalog > groups YOLOv8 sizes into one family card with multi-platform evidence
s: Catalog warning: 35 accuracy metrics have no published dataset.

stderr | tests/multiplatform-catalog.test.ts > multi-platform variant catalog > groups YOLOv8 sizes into one family card with multi-platform evidence
x3: Catalog warning: 18 accuracy metrics have no published dataset.

 ✓ tests/multiplatform-catalog.test.ts (13 tests) 2145ms
   ✓ multi-platform variant catalog > groups YOLOv8 sizes into one family card with multi-platform evidence  2112ms
stderr | tests/yolo26-detect-release.test.ts > YOLO26 Detect published release > publishes the exact 'x5'/'n' URL and SHA256
x5: Catalog warning: 125 accuracy metrics have no published dataset.

stderr | tests/yolo26-detect-release.test.ts > YOLO26 Detect published release > publishes the exact 'x5'/'n' URL and SHA256
s: Catalog warning: 35 accuracy metrics have no published dataset.

stderr | tests/yolo26-detect-release.test.ts > YOLO26 Detect published release > publishes the exact 'x5'/'n' URL and SHA256
x3: Catalog warning: 18 accuracy metrics have no published dataset.

stderr | tests/family-merge.test.ts > family rows joined across sample directories > keeps one row per YOLO26 size on every task, with assets and benchmarks
x5: Catalog warning: 125 accuracy metrics have no published dataset.

 ✓ tests/yolo26-detect-release.test.ts (21 tests) 2464ms
   ✓ YOLO26 Detect published release > publishes the exact 'x5'/'n' URL and SHA256  2456ms
stderr | tests/family-merge.test.ts > family rows joined across sample directories > keeps one row per YOLO26 size on every task, with assets and benchmarks
s: Catalog warning: 35 accuracy metrics have no published dataset.

stderr | tests/family-merge.test.ts > family rows joined across sample directories > keeps one row per YOLO26 size on every task, with assets and benchmarks
x3: Catalog warning: 18 accuracy metrics have no published dataset.

 ✓ tests/family-merge.test.ts (2 tests) 2311ms
   ✓ family rows joined across sample directories > keeps one row per YOLO26 size on every task, with assets and benchmarks  2309ms
stderr | tests/s-classification-resolution.test.ts > uses canonical 224 classification assets on all three S boards
x5: Catalog warning: 125 accuracy metrics have no published dataset.

stderr | tests/s-classification-resolution.test.ts > uses canonical 224 classification assets on all three S boards
s: Catalog warning: 35 accuracy metrics have no published dataset.

stderr | tests/s-classification-resolution.test.ts > uses canonical 224 classification assets on all three S boards
x3: Catalog warning: 18 accuracy metrics have no published dataset.

stderr | tests/gemma-artifact-identity.test.ts > keeps Gemma S100P and S600 models while treating shared embeddings as a dependency
x5: Catalog warning: 125 accuracy metrics have no published dataset.

 ✓ tests/s-classification-resolution.test.ts (1 test) 2098ms
   ✓ uses canonical 224 classification assets on all three S boards  2097ms
stderr | tests/gemma-artifact-identity.test.ts > keeps Gemma S100P and S600 models while treating shared embeddings as a dependency
s: Catalog warning: 35 accuracy metrics have no published dataset.

stderr | tests/gemma-artifact-identity.test.ts > keeps Gemma S100P and S600 models while treating shared embeddings as a dependency
x3: Catalog warning: 18 accuracy metrics have no published dataset.

 ✓ tests/gemma-artifact-identity.test.ts (1 test) 2113ms
   ✓ keeps Gemma S100P and S600 models while treating shared embeddings as a dependency  2112ms
stderr | tests/x5-evidence.test.ts > X5 published evidence > keeps the exact C++ runtime throughput and the completed YOLOE family
x5: Catalog warning: 125 accuracy metrics have no published dataset.

stderr | tests/x5-evidence.test.ts > X5 published evidence > keeps the exact C++ runtime throughput and the completed YOLOE family
s: Catalog warning: 35 accuracy metrics have no published dataset.

stderr | tests/x5-evidence.test.ts > X5 published evidence > keeps the exact C++ runtime throughput and the completed YOLOE family
x3: Catalog warning: 18 accuracy metrics have no published dataset.

 ✓ tests/x5-evidence.test.ts (10 tests) 2115ms
   ✓ X5 published evidence > keeps the exact C++ runtime throughput and the completed YOLOE family  2112ms
stderr | tests/model-naming.test.ts > production catalog naming > publishes official names and one card per model family
x5: Catalog warning: 125 accuracy metrics have no published dataset.

stderr | tests/model-naming.test.ts > production catalog naming > publishes official names and one card per model family
s: Catalog warning: 35 accuracy metrics have no published dataset.

stderr | tests/model-naming.test.ts > production catalog naming > publishes official names and one card per model family
x3: Catalog warning: 18 accuracy metrics have no published dataset.

 ✓ tests/x3-catalog-errata.test.ts (11 tests) 511ms
 ✓ tests/model-naming.test.ts (4 tests) 2019ms
   ✓ production catalog naming > publishes official names and one card per model family  2017ms
 ✓ tests/platform-registry.test.ts (4 tests) 88ms
 ✓ tests/manifest-validation.test.ts (16 tests) 226ms
 ✓ tests/variants.test.ts (7 tests) 22ms
 ✓ tests/redirect-artifact.test.ts (4 tests) 6ms
 ✓ tests/release-workflow.test.ts (4 tests) 4ms
 ✓ tests/source-corrections.test.ts (2 tests) 3ms
 ✓ tests/release-summary.test.ts (2 tests) 2ms

 Test Files  18 passed (18)
      Tests  121 passed (121)
   Start at  07:58:28
   Duration  15.36s (transform 208ms, setup 0ms, collect 1.25s, tests 25.29s, environment 2ms, prepare 729ms)

