usage: main.py [-h] [--target {auto,x5,s100,s100p,s600}] [--asset-id ASSET_ID]
               [--model-path MODEL_PATH] [--audio-file AUDIO_FILE]
               [--output-dir OUTPUT_DIR] [--audio-maxlen AUDIO_MAXLEN]
               [--frame-shift FRAME_SHIFT] [--frame-length FRAME_LENGTH]
               [--n-mels N_MELS] [--priority PRIORITY]
               [--bpu-cores BPU_CORES [BPU_CORES ...]] [--threshold THRESHOLD]
               [--list-models | --dry-run]

Canonical KWS command: explicit preparation and a probability report.

options:
  -h, --help            show this help message and exit
  --target {auto,x5,s100,s100p,s600}
  --asset-id ASSET_ID
  --model-path MODEL_PATH
  --audio-file AUDIO_FILE
  --output-dir OUTPUT_DIR
  --audio-maxlen AUDIO_MAXLEN
  --frame-shift FRAME_SHIFT
  --frame-length FRAME_LENGTH
  --n-mels N_MELS
  --priority PRIORITY
  --bpu-cores BPU_CORES [BPU_CORES ...]
  --threshold THRESHOLD
  --list-models
  --dry-run
[
  {
    "target": "s100",
    "asset_id": "s:kws:s100/kws.hbm",
    "url": "https://archive.d-robotics.cc/downloads/rdk_model_zoo/rdk_s100/kws/kws.hbm",
    "sha256": null
  }
]
{
  "target": "s100",
  "asset_id": "s:kws:s100/kws.hbm",
  "model_path": "/Users/Max/Workspace/company/development/RDK_MODEL_ZOO/rdk-b7-board-integration/samples/speech/kws/model/s100/kws.hbm",
  "input": "float32 [1,373,80]",
  "audio_samples": 60000,
  "sample_rate": 16000,
  "sdk_loaded": false,
  "downloaded": false,
  "runtime_metadata_verified": false
}
