
SUITE samples/_shared/tests
..................................................................................................................error: AttributeError: simulated SDK failure
..............................
----------------------------------------------------------------------
Ran 144 tests in 0.603s

OK
Wrote 20 calibration files to /var/folders/04/9p6f6bf54t3f5j_khcdj2jr40000gn/T/sam-calibration-_d9xny73/source
Wrote 20 calibration files to /var/folders/04/9p6f6bf54t3f5j_khcdj2jr40000gn/T/sam-calibration-_d9xny73/unified/calibration_data_rgbchw_512
Wrote 20 calibration files to /var/folders/04/9p6f6bf54t3f5j_khcdj2jr40000gn/T/sam-calibration-yk4ymsn9/source/batched_images
Wrote 20 calibration files to /var/folders/04/9p6f6bf54t3f5j_khcdj2jr40000gn/T/sam-calibration-yk4ymsn9/unified/batched_images
Wrote 1 calibration tensors to /var/folders/04/9p6f6bf54t3f5j_khcdj2jr40000gn/T/sam-calibration-esxjt2n8/source
Wrote 1 calibration tensors to /var/folders/04/9p6f6bf54t3f5j_khcdj2jr40000gn/T/sam-calibration-esxjt2n8/unified/calibration_data_norm_512
Wrote 1 calibration tensors to /var/folders/04/9p6f6bf54t3f5j_khcdj2jr40000gn/T/sam-calibration-53fh2wv0/source/normalized_images
Wrote 1 calibration tensors to /var/folders/04/9p6f6bf54t3f5j_khcdj2jr40000gn/T/sam-calibration-53fh2wv0/unified/normalized_images
Wrote 4 embeddings to /var/folders/04/9p6f6bf54t3f5j_khcdj2jr40000gn/T/sam-decoder-calibration-rwssc0yb/source/calibration_embeddings
Wrote 4 embeddings to /var/folders/04/9p6f6bf54t3f5j_khcdj2jr40000gn/T/sam-decoder-calibration-rwssc0yb/unified/calibration_embeddings
Wrote 4 embeddings to /var/folders/04/9p6f6bf54t3f5j_khcdj2jr40000gn/T/sam-decoder-calibration-977_o2yz/source/image_embeddings
Wrote 4 embeddings to /var/folders/04/9p6f6bf54t3f5j_khcdj2jr40000gn/T/sam-decoder-calibration-977_o2yz/unified/image_embeddings
Wrote 4 embeddings to /var/folders/04/9p6f6bf54t3f5j_khcdj2jr40000gn/T/sam-decoder-calibration-jimelbab/source/calibration_embeddings
Wrote 4 boxes to /var/folders/04/9p6f6bf54t3f5j_khcdj2jr40000gn/T/sam-decoder-calibration-jimelbab/source/calibration_boxes
Wrote 4 embeddings to /var/folders/04/9p6f6bf54t3f5j_khcdj2jr40000gn/T/sam-decoder-calibration-jimelbab/unified/calibration_embeddings
Wrote 4 boxes to /var/folders/04/9p6f6bf54t3f5j_khcdj2jr40000gn/T/sam-decoder-calibration-jimelbab/unified/calibration_boxes
Wrote 4 embeddings to /var/folders/04/9p6f6bf54t3f5j_khcdj2jr40000gn/T/sam-decoder-calibration-m1c8cvcx/source/image_embeddings
Wrote 4 boxes to /var/folders/04/9p6f6bf54t3f5j_khcdj2jr40000gn/T/sam-decoder-calibration-m1c8cvcx/source/boxes
Wrote 4 embeddings to /var/folders/04/9p6f6bf54t3f5j_khcdj2jr40000gn/T/sam-decoder-calibration-m1c8cvcx/unified/image_embeddings
Wrote 4 boxes to /var/folders/04/9p6f6bf54t3f5j_khcdj2jr40000gn/T/sam-decoder-calibration-m1c8cvcx/unified/boxes
Wrote /var/folders/04/9p6f6bf54t3f5j_khcdj2jr40000gn/T/sam-dump-m0zv53lv/source.bin (shape (1, 256, 32, 32), dtype float32)
Wrote /var/folders/04/9p6f6bf54t3f5j_khcdj2jr40000gn/T/sam-dump-m0zv53lv/unified.bin (shape (1, 256, 32, 32), dtype float32)
Wrote /var/folders/04/9p6f6bf54t3f5j_khcdj2jr40000gn/T/sam-dump-107wxr05/source.bin (shape (1, 256, 32, 32), dtype float32)
Wrote /var/folders/04/9p6f6bf54t3f5j_khcdj2jr40000gn/T/sam-dump-107wxr05/unified.bin (shape (1, 256, 32, 32), dtype float32)
{
  "passed": true,
  "checks": {
    "inputs_equal": true,
    "raw_close": true,
    "mask_equal": true,
    "mask_index_equal": true,
    "iou_close": true,
    "low_res_close": true
  },
  "evidence": "/private/var/folders/04/9p6f6bf54t3f5j_khcdj2jr40000gn/T/tmpkf4j16yj/evidence/comparison.json"
}
{
  "passed": true,
  "checks": {
    "inputs_equal": true,
    "raw_close": true,
    "mask_equal": true,
    "mask_index_equal": true,
    "iou_close": true,
    "low_res_close": true
  },
  "evidence": "/private/var/folders/04/9p6f6bf54t3f5j_khcdj2jr40000gn/T/tmp91lcgojg/evidence/comparison.json"
}
{
  "passed": false,
  "checks": {
    "inputs_equal": true,
    "raw_close": false,
    "mask_equal": false,
    "mask_index_equal": false,
    "iou_close": true,
    "low_res_close": false
  },
  "evidence": "/private/var/folders/04/9p6f6bf54t3f5j_khcdj2jr40000gn/T/tmpcqne4ff5/evidence/comparison.json"
}

SUITE tools/sample_contract/tests
...........................
----------------------------------------------------------------------
Ran 27 tests in 0.039s

OK

SUITE samples/vision/3dresnet/tests
.....error: Local execution requires recognized board identity; an explicit target is not hardware evidence.
...........
----------------------------------------------------------------------
Ran 16 tests in 0.817s

OK
Downloaded s:3dresnet:s100/r3d_18.hbm to /var/folders/04/9p6f6bf54t3f5j_khcdj2jr40000gn/T/tmp17oamcof/s100/r3d_18.hbm
Observed SHA-256: digest
Publisher SHA-256 is unknown; observed digest does not independently verify origin.

SUITE samples/vision/bytetrack/tests
...../Users/Max/Workspace/company/development/RDK_MODEL_ZOO/rdk-b7-board-integration/platforms/s/samples/vision/bytetrack/3rdparty/tracker/byte_tracker.py:115: RuntimeWarning: divide by zero encountered in scalar divide
  ret[2] /= ret[3]
/Users/Max/Workspace/company/development/RDK_MODEL_ZOO/rdk-b7-board-integration/platforms/s/samples/vision/bytetrack/3rdparty/tracker/byte_tracker.py:93: RuntimeWarning: invalid value encountered in scalar multiply
  ret[2] *= ret[3]
.......
----------------------------------------------------------------------
Ran 12 tests in 1.268s

OK

SUITE samples/vision/clip/tests
...............
----------------------------------------------------------------------
Ran 15 tests in 0.681s

OK

SUITE samples/vision/convnext/tests
............................
----------------------------------------------------------------------
Ran 28 tests in 0.374s

OK
Downloaded x5:convnext:ConvNeXt_atto_224x224_nv12.bin to /tmp/rdk-zoo-download-fixture/ConvNeXt_atto_224x224_nv12.bin
Observed SHA-256: 1111111111111111111111111111111111111111111111111111111111111111
Publisher SHA-256 is not recorded; origin is not independently verified.
Downloaded x5:convnext:ConvNeXt_atto_224x224_nv12.bin to /tmp/rdk-zoo-download-fixture/ConvNeXt_atto_224x224_nv12.bin
Observed SHA-256: 0000000000000000000000000000000000000000000000000000000000000000
Publisher SHA-256 is not recorded; origin is not independently verified.

SUITE samples/vision/depth_anything_v2/tests
...............
----------------------------------------------------------------------
Ran 15 tests in 0.174s

OK

SUITE samples/vision/dinov2/tests
....error: Local execution requires recognized board identity; an explicit target is not hardware evidence.
..............
----------------------------------------------------------------------
Ran 18 tests in 0.505s

OK
Downloaded s:dinov2:nash-e/dinov2_vits14_224_int16_nashe.hbm to /var/folders/04/9p6f6bf54t3f5j_khcdj2jr40000gn/T/tmpdwyenl2w/nash-e/dinov2_vits14_224_int16_nashe.hbm
Observed SHA-256: observed-digest
Publisher SHA-256 is unknown; observed digest does not independently verify origin.
Downloaded s:dinov2:nash-m/dinov2_vits14_224_int16_nashm.hbm to /var/folders/04/9p6f6bf54t3f5j_khcdj2jr40000gn/T/tmpdwyenl2w/nash-m/dinov2_vits14_224_int16_nashm.hbm
Observed SHA-256: observed-digest
Publisher SHA-256 is unknown; observed digest does not independently verify origin.
Downloaded s:dinov2:nash-p/dinov2_vits14_224_int16_nashp.hbm to /var/folders/04/9p6f6bf54t3f5j_khcdj2jr40000gn/T/tmpdwyenl2w/nash-p/dinov2_vits14_224_int16_nashp.hbm
Observed SHA-256: observed-digest
Publisher SHA-256 is unknown; observed digest does not independently verify origin.

SUITE samples/vision/edgenext/tests
..........................
----------------------------------------------------------------------
Ran 26 tests in 0.569s

OK
Downloaded x5:edgenext:EdgeNeXt_base_224x224_nv12.bin to /tmp/rdk-zoo-download-fixture/EdgeNeXt_base_224x224_nv12.bin
Observed SHA-256: 1111111111111111111111111111111111111111111111111111111111111111
Publisher SHA-256 is not recorded; origin is not independently verified.
Downloaded x5:edgenext:EdgeNeXt_base_224x224_nv12.bin to /tmp/rdk-zoo-download-fixture/EdgeNeXt_base_224x224_nv12.bin
Observed SHA-256: 0000000000000000000000000000000000000000000000000000000000000000
Publisher SHA-256 is not recorded; origin is not independently verified.
Downloaded x5:edgenext:EdgeNeXt_small_224x224_nv12.bin to /tmp/rdk-zoo-download-fixture/EdgeNeXt_small_224x224_nv12.bin
Observed SHA-256: 0000000000000000000000000000000000000000000000000000000000000000
Publisher SHA-256 is not recorded; origin is not independently verified.
Downloaded x5:edgenext:EdgeNeXt_x_small_224x224_nv12.bin to /tmp/rdk-zoo-download-fixture/EdgeNeXt_x_small_224x224_nv12.bin
Observed SHA-256: 0000000000000000000000000000000000000000000000000000000000000000
Publisher SHA-256 is not recorded; origin is not independently verified.
Downloaded x5:edgenext:EdgeNeXt_xx_small_224x224_nv12.bin to /tmp/rdk-zoo-download-fixture/EdgeNeXt_xx_small_224x224_nv12.bin
Observed SHA-256: 0000000000000000000000000000000000000000000000000000000000000000
Publisher SHA-256 is not recorded; origin is not independently verified.

SUITE samples/vision/efficient_sam/tests
...........error: --bpu-cores is not supported on X5.
........
----------------------------------------------------------------------
Ran 19 tests in 0.640s

OK
Downloading checkpoint://fixture -> /var/folders/04/9p6f6bf54t3f5j_khcdj2jr40000gn/T/tmp1hvhsg_f/EfficientSAM/weights/efficient_sam_vitt.pt
Repository: /var/folders/04/9p6f6bf54t3f5j_khcdj2jr40000gn/T/tmp1hvhsg_f/EfficientSAM
Checkpoint: /var/folders/04/9p6f6bf54t3f5j_khcdj2jr40000gn/T/tmp1hvhsg_f/EfficientSAM/weights/efficient_sam_vitt.pt
git clone failed; downloading source zip: zip://fixture
Downloading checkpoint://fixture -> /var/folders/04/9p6f6bf54t3f5j_khcdj2jr40000gn/T/tmpr8g61tvx/EfficientSAM/weights/efficient_sam_vitt.pt
Repository: /var/folders/04/9p6f6bf54t3f5j_khcdj2jr40000gn/T/tmpr8g61tvx/EfficientSAM
Checkpoint: /var/folders/04/9p6f6bf54t3f5j_khcdj2jr40000gn/T/tmpr8g61tvx/EfficientSAM/weights/efficient_sam_vitt.pt

SUITE samples/vision/efficientformer/tests
.........................
----------------------------------------------------------------------
Ran 25 tests in 0.433s

OK
Downloaded x5:efficientformer:EfficientFormer_l3_224x224_nv12.bin to /tmp/rdk-zoo-download-fixture/EfficientFormer_l3_224x224_nv12.bin
Observed SHA-256: 1111111111111111111111111111111111111111111111111111111111111111
Publisher SHA-256 is not recorded; origin is not independently verified.
Downloaded x5:efficientformer:EfficientFormer_l1_224x224_nv12.bin to /tmp/rdk-zoo-download-fixture/EfficientFormer_l1_224x224_nv12.bin
Observed SHA-256: 0000000000000000000000000000000000000000000000000000000000000000
Publisher SHA-256 is not recorded; origin is not independently verified.
Downloaded x5:efficientformer:EfficientFormer_l3_224x224_nv12.bin to /tmp/rdk-zoo-download-fixture/EfficientFormer_l3_224x224_nv12.bin
Observed SHA-256: 0000000000000000000000000000000000000000000000000000000000000000
Publisher SHA-256 is not recorded; origin is not independently verified.

SUITE samples/vision/efficientformerv2/tests
..........................
----------------------------------------------------------------------
Ran 26 tests in 0.497s

OK
Downloaded x5:efficientformerv2:EfficientFormerv2_s0_224x224_nv12.bin to /tmp/rdk-zoo-download-fixture/EfficientFormerv2_s0_224x224_nv12.bin
Observed SHA-256: 1111111111111111111111111111111111111111111111111111111111111111
Publisher SHA-256 is not recorded; origin is not independently verified.
Downloaded x5:efficientformerv2:EfficientFormerv2_s0_224x224_nv12.bin to /tmp/rdk-zoo-download-fixture/EfficientFormerv2_s0_224x224_nv12.bin
Observed SHA-256: 0000000000000000000000000000000000000000000000000000000000000000
Publisher SHA-256 is not recorded; origin is not independently verified.
Downloaded x5:efficientformerv2:EfficientFormerv2_s1_224x224_nv12.bin to /tmp/rdk-zoo-download-fixture/EfficientFormerv2_s1_224x224_nv12.bin
Observed SHA-256: 0000000000000000000000000000000000000000000000000000000000000000
Publisher SHA-256 is not recorded; origin is not independently verified.
Downloaded x5:efficientformerv2:EfficientFormerv2_s2_224x224_nv12.bin to /tmp/rdk-zoo-download-fixture/EfficientFormerv2_s2_224x224_nv12.bin
Observed SHA-256: 0000000000000000000000000000000000000000000000000000000000000000
Publisher SHA-256 is not recorded; origin is not independently verified.

SUITE samples/vision/efficientnet/tests
............................
----------------------------------------------------------------------
Ran 28 tests in 0.986s

OK
Downloaded x5:efficientnet:EfficientNet_B2_224x224_nv12.bin to /tmp/rdk-zoo-download-fixture/EfficientNet_B2_224x224_nv12.bin
Observed SHA-256: 0000000000000000000000000000000000000000000000000000000000000000
Publisher SHA-256 is not recorded; origin is not independently verified.
Downloaded s:efficientnet:s100/efficientnet_lite0_224x224_nv12.hbm to /tmp/rdk-zoo-download-fixture/s100/efficientnet_lite0_224x224_nv12.hbm
Observed SHA-256: 0000000000000000000000000000000000000000000000000000000000000000
Publisher SHA-256 is not recorded; origin is not independently verified.
Downloaded s:efficientnet:s600/efficientnet_lite0_224x224_nv12.hbm to /tmp/rdk-zoo-download-fixture/s600/efficientnet_lite0_224x224_nv12.hbm
Observed SHA-256: 0000000000000000000000000000000000000000000000000000000000000000
Publisher SHA-256 is not recorded; origin is not independently verified.
Downloaded x5:efficientnet:EfficientNet_B2_224x224_nv12.bin to /tmp/rdk-zoo-download-fixture/EfficientNet_B2_224x224_nv12.bin
Observed SHA-256: 0000000000000000000000000000000000000000000000000000000000000000
Publisher SHA-256 is not recorded; origin is not independently verified.
Downloaded x5:efficientnet:EfficientNet_B3_224x224_nv12.bin to /tmp/rdk-zoo-download-fixture/EfficientNet_B3_224x224_nv12.bin
Observed SHA-256: 0000000000000000000000000000000000000000000000000000000000000000
Publisher SHA-256 is not recorded; origin is not independently verified.
Downloaded x5:efficientnet:EfficientNet_B4_224x224_nv12.bin to /tmp/rdk-zoo-download-fixture/EfficientNet_B4_224x224_nv12.bin
Observed SHA-256: 0000000000000000000000000000000000000000000000000000000000000000
Publisher SHA-256 is not recorded; origin is not independently verified.
Downloaded s:efficientnet:s100/efficientnet_lite0_224x224_nv12.hbm to /tmp/rdk-zoo-download-fixture/s100/efficientnet_lite0_224x224_nv12.hbm
Observed SHA-256: 0000000000000000000000000000000000000000000000000000000000000000
Publisher SHA-256 is not recorded; origin is not independently verified.
Downloaded s:efficientnet:s100/efficientnet_lite1_240x240_nv12.hbm to /tmp/rdk-zoo-download-fixture/s100/efficientnet_lite1_240x240_nv12.hbm
Observed SHA-256: 0000000000000000000000000000000000000000000000000000000000000000
Publisher SHA-256 is not recorded; origin is not independently verified.
Downloaded s:efficientnet:s100/efficientnet_lite2_260x260_nv12.hbm to /tmp/rdk-zoo-download-fixture/s100/efficientnet_lite2_260x260_nv12.hbm
Observed SHA-256: 0000000000000000000000000000000000000000000000000000000000000000
Publisher SHA-256 is not recorded; origin is not independently verified.
Downloaded s:efficientnet:s100/efficientnet_lite3_300x300_nv12.hbm to /tmp/rdk-zoo-download-fixture/s100/efficientnet_lite3_300x300_nv12.hbm
Observed SHA-256: 0000000000000000000000000000000000000000000000000000000000000000
Publisher SHA-256 is not recorded; origin is not independently verified.
Downloaded s:efficientnet:s100/efficientnet_lite4_380x380_nv12.hbm to /tmp/rdk-zoo-download-fixture/s100/efficientnet_lite4_380x380_nv12.hbm
Observed SHA-256: 0000000000000000000000000000000000000000000000000000000000000000
Publisher SHA-256 is not recorded; origin is not independently verified.
Downloaded s:efficientnet:s600/efficientnet_lite0_224x224_nv12.hbm to /tmp/rdk-zoo-download-fixture/s600/efficientnet_lite0_224x224_nv12.hbm
Observed SHA-256: 0000000000000000000000000000000000000000000000000000000000000000
Publisher SHA-256 is not recorded; origin is not independently verified.
Downloaded s:efficientnet:s600/efficientnet_lite1_240x240_nv12.hbm to /tmp/rdk-zoo-download-fixture/s600/efficientnet_lite1_240x240_nv12.hbm
Observed SHA-256: 0000000000000000000000000000000000000000000000000000000000000000
Publisher SHA-256 is not recorded; origin is not independently verified.
Downloaded s:efficientnet:s600/efficientnet_lite2_260x260_nv12.hbm to /tmp/rdk-zoo-download-fixture/s600/efficientnet_lite2_260x260_nv12.hbm
Observed SHA-256: 0000000000000000000000000000000000000000000000000000000000000000
Publisher SHA-256 is not recorded; origin is not independently verified.
Downloaded s:efficientnet:s600/efficientnet_lite3_300x300_nv12.hbm to /tmp/rdk-zoo-download-fixture/s600/efficientnet_lite3_300x300_nv12.hbm
Observed SHA-256: 0000000000000000000000000000000000000000000000000000000000000000
Publisher SHA-256 is not recorded; origin is not independently verified.
Downloaded s:efficientnet:s600/efficientnet_lite4_380x380_nv12.hbm to /tmp/rdk-zoo-download-fixture/s600/efficientnet_lite4_380x380_nv12.hbm
Observed SHA-256: 0000000000000000000000000000000000000000000000000000000000000000
Publisher SHA-256 is not recorded; origin is not independently verified.

SUITE samples/vision/efficientvit/tests
...........................
----------------------------------------------------------------------
Ran 27 tests in 0.372s

OK
Downloaded x5:efficientvit:EfficientViT_m5_224x224_nv12.bin to /tmp/rdk-zoo-download-fixture/EfficientViT_m5_224x224_nv12.bin
Observed SHA-256: 1111111111111111111111111111111111111111111111111111111111111111
Publisher SHA-256 is not recorded; origin is not independently verified.
Downloaded x5:efficientvit:EfficientViT_m5_224x224_nv12.bin to /tmp/rdk-zoo-download-fixture/EfficientViT_m5_224x224_nv12.bin
Observed SHA-256: 0000000000000000000000000000000000000000000000000000000000000000
Publisher SHA-256 is not recorded; origin is not independently verified.

SUITE samples/vision/fasternet/tests
............................
----------------------------------------------------------------------
Ran 28 tests in 0.570s

OK
Downloaded x5:fasternet:FasterNet_S_224x224_nv12.bin to /tmp/rdk-zoo-download-fixture/FasterNet_S_224x224_nv12.bin
Observed SHA-256: 1111111111111111111111111111111111111111111111111111111111111111
Publisher SHA-256 is not recorded; origin is not independently verified.
Downloaded x5:fasternet:FasterNet_S_224x224_nv12.bin to /tmp/rdk-zoo-download-fixture/FasterNet_S_224x224_nv12.bin
Observed SHA-256: 0000000000000000000000000000000000000000000000000000000000000000
Publisher SHA-256 is not recorded; origin is not independently verified.
Downloaded x5:fasternet:FasterNet_T0_224x224_nv12.bin to /tmp/rdk-zoo-download-fixture/FasterNet_T0_224x224_nv12.bin
Observed SHA-256: 0000000000000000000000000000000000000000000000000000000000000000
Publisher SHA-256 is not recorded; origin is not independently verified.
Downloaded x5:fasternet:FasterNet_T1_224x224_nv12.bin to /tmp/rdk-zoo-download-fixture/FasterNet_T1_224x224_nv12.bin
Observed SHA-256: 0000000000000000000000000000000000000000000000000000000000000000
Publisher SHA-256 is not recorded; origin is not independently verified.
Downloaded x5:fasternet:FasterNet_T2_224x224_nv12.bin to /tmp/rdk-zoo-download-fixture/FasterNet_T2_224x224_nv12.bin
Observed SHA-256: 0000000000000000000000000000000000000000000000000000000000000000
Publisher SHA-256 is not recorded; origin is not independently verified.
Downloaded x5:fasternet:FasterNet_S_224x224_nv12.bin to /tmp/rdk-zoo-download-fixture/FasterNet_S_224x224_nv12.bin
Observed SHA-256: 2222222222222222222222222222222222222222222222222222222222222222
Publisher SHA-256 is not recorded; origin is not independently verified.

SUITE samples/vision/fastvit/tests
............................
----------------------------------------------------------------------
Ran 28 tests in 0.599s

OK
Downloaded x5:fastvit:FastViT_S12_224x224_nv12.bin to /tmp/rdk-zoo-download-fixture/FastViT_S12_224x224_nv12.bin
Observed SHA-256: 1111111111111111111111111111111111111111111111111111111111111111
Publisher SHA-256 is not recorded; origin is not independently verified.
Downloaded x5:fastvit:FastViT_S12_224x224_nv12.bin to /tmp/rdk-zoo-download-fixture/FastViT_S12_224x224_nv12.bin
Observed SHA-256: 0000000000000000000000000000000000000000000000000000000000000000
Publisher SHA-256 is not recorded; origin is not independently verified.
Downloaded x5:fastvit:FastViT_SA12_224x224_nv12.bin to /tmp/rdk-zoo-download-fixture/FastViT_SA12_224x224_nv12.bin
Observed SHA-256: 0000000000000000000000000000000000000000000000000000000000000000
Publisher SHA-256 is not recorded; origin is not independently verified.
Downloaded x5:fastvit:FastViT_T12_224x224_nv12.bin to /tmp/rdk-zoo-download-fixture/FastViT_T12_224x224_nv12.bin
Observed SHA-256: 0000000000000000000000000000000000000000000000000000000000000000
Publisher SHA-256 is not recorded; origin is not independently verified.
Downloaded x5:fastvit:FastViT_T8_224x224_nv12.bin to /tmp/rdk-zoo-download-fixture/FastViT_T8_224x224_nv12.bin
Observed SHA-256: 0000000000000000000000000000000000000000000000000000000000000000
Publisher SHA-256 is not recorded; origin is not independently verified.
Downloaded x5:fastvit:FastViT_S12_224x224_nv12.bin to /tmp/rdk-zoo-download-fixture/FastViT_S12_224x224_nv12.bin
Observed SHA-256: 2222222222222222222222222222222222222222222222222222222222222222
Publisher SHA-256 is not recorded; origin is not independently verified.

SUITE samples/vision/fcos/tests
......................................
----------------------------------------------------------------------
Ran 38 tests in 0.769s

OK
Downloaded x5:fcos:fcos_efficientnetb0_detect_512x512_bayese_nv12.bin to /tmp/fcos-fixture/fcos_efficientnetb0_detect_512x512_bayese_nv12.bin; observed_sha256=digest
Downloaded x5:fcos:fcos_efficientnetb2_detect_768x768_bayese_nv12.bin to /tmp/fcos-fixture/fcos_efficientnetb2_detect_768x768_bayese_nv12.bin; observed_sha256=digest
Downloaded x5:fcos:fcos_efficientnetb3_detect_896x896_bayese_nv12.bin to /tmp/fcos-fixture/fcos_efficientnetb3_detect_896x896_bayese_nv12.bin; observed_sha256=digest

SUITE samples/vision/googlenet/tests
..........
----------------------------------------------------------------------
Ran 10 tests in 0.362s

OK

SUITE samples/vision/hgnetv2/tests
................
----------------------------------------------------------------------
Ran 16 tests in 0.363s

OK

SUITE samples/vision/lanenet/tests
......................
----------------------------------------------------------------------
Ran 22 tests in 3.720s

OK

SUITE samples/vision/lprnet/tests
...................error: priority must be an integer between 0 and 255
error: priority must be an integer between 0 and 255
error: bpu-cores must be a non-empty list of non-negative integer indexes
....
----------------------------------------------------------------------
Ran 23 tests in 0.057s

OK
[
  {
    "asset_id": "x5:lprnet:lpr.bin",
    "filename": "lpr.bin",
    "format": "bin",
    "url": "https://archive.d-robotics.cc/downloads/rdk_model_zoo/rdk_x5/LPRNet/lpr.bin",
    "sha256": null,
    "target": "x5"
  }
]
{
  "target": "x5",
  "asset_id": "x5:lprnet:lpr.bin",
  "model_path": "/Users/Max/Workspace/company/development/RDK_MODEL_ZOO/rdk-b7-board-integration/samples/vision/lprnet/model/lpr.bin",
  "model_format": "bin",
  "input_shape": [
    1,
    3,
    24,
    94
  ],
  "input_dtype": "float32",
  "output_shape": [
    1,
    68,
    18,
    1
  ],
  "output_dtype": "float32",
  "output_layout": "released lpr.bin binds native logits (1, 68, 18, 1) (measured board protocol); the 3D (1, 68, 18) layout is the old host/API compatibility contract and no published SDK artifact has been observed with it; post_process drops only singleton axes to the CTC payload (68, 18)",
  "source_input": "prepacked float32 .dat; no image preprocessing",
  "model_path_exists": false,
  "sdk_loaded": false,
  "downloaded": false
}
Prepared x5:lprnet:lpr.bin at /var/folders/04/9p6f6bf54t3f5j_khcdj2jr40000gn/T/tmpfsrn42pl/lpr.bin (observed_sha256=fixture-digest)
Publisher sha256: null (unknown)
{
  "target": "x5",
  "asset_id": "x5:lprnet:lpr.bin",
  "model_path": "/Users/Max/Workspace/company/development/RDK_MODEL_ZOO/rdk-b7-board-integration/samples/vision/lprnet/model/lpr.bin",
  "model_format": "bin",
  "input_shape": [
    1,
    3,
    24,
    94
  ],
  "input_dtype": "float32",
  "output_shape": [
    1,
    68,
    18,
    1
  ],
  "output_dtype": "float32",
  "output_layout": "released lpr.bin binds native logits (1, 68, 18, 1) (measured board protocol); the 3D (1, 68, 18) layout is the old host/API compatibility contract and no published SDK artifact has been observed with it; post_process drops only singleton axes to the CTC payload (68, 18)",
  "source_input": "prepacked float32 .dat; no image preprocessing",
  "model_path_exists": false,
  "sdk_loaded": false,
  "downloaded": false
}

SUITE samples/vision/mobile_sam/tests
........usage: python -m unittest [-h] [--target {auto,x5,s100,s100p,s600}]
                          [--encoder-asset-id ENCODER_ASSET_ID]
                          [--decoder-asset-id DECODER_ASSET_ID]
                          [--encoder-model-path ENCODER_MODEL_PATH]
                          [--decoder-model-path DECODER_MODEL_PATH]
                          [--test-img TEST_IMG]
                          [--img-save-path IMG_SAVE_PATH]
                          [--mask-save-path MASK_SAVE_PATH] [--box BOX]
                          [--priority PRIORITY]
                          [--bpu-cores BPU_CORES [BPU_CORES ...]]
                          [--list-models | --dry-run]
python -m unittest: error: argument --box: box must be x1,y1,x2,y2
.error: --bpu-cores is not supported on X5.
........
----------------------------------------------------------------------
Ran 17 tests in 0.632s

OK
Downloading checkpoint://fixture -> /var/folders/04/9p6f6bf54t3f5j_khcdj2jr40000gn/T/tmp3l3aisgw/MobileSAM/weights/mobile_sam.pt
Repository: /var/folders/04/9p6f6bf54t3f5j_khcdj2jr40000gn/T/tmp3l3aisgw/MobileSAM
Checkpoint: /var/folders/04/9p6f6bf54t3f5j_khcdj2jr40000gn/T/tmp3l3aisgw/MobileSAM/weights/mobile_sam.pt

SUITE samples/vision/mobilenetv1/tests
.................
----------------------------------------------------------------------
Ran 17 tests in 0.680s

OK
Downloaded x5:mobilenetv1:mobilenetv1_224x224_nv12.bin to /tmp/rdk-zoo-download-fixture/mobilenetv1_224x224_nv12.bin
Observed SHA-256: 0000000000000000000000000000000000000000000000000000000000000000
Publisher SHA-256 is not recorded; origin is not independently verified.
Downloaded s:mobilenetv1:s100/mobilenetv1_224x224_nv12.hbm to /tmp/rdk-zoo-download-fixture/s100/mobilenetv1_224x224_nv12.hbm
Observed SHA-256: 0000000000000000000000000000000000000000000000000000000000000000
Publisher SHA-256 is not recorded; origin is not independently verified.
Downloaded s:mobilenetv1:s600/mobilenetv1_224x224_nv12.hbm to /tmp/rdk-zoo-download-fixture/s600/mobilenetv1_224x224_nv12.hbm
Observed SHA-256: 0000000000000000000000000000000000000000000000000000000000000000
Publisher SHA-256 is not recorded; origin is not independently verified.

SUITE samples/vision/mobilenetv2/tests
........................
----------------------------------------------------------------------
Ran 24 tests in 0.799s

OK
Downloaded x5:mobilenetv2:mobilenetv2_224x224_nv12.bin to /tmp/rdk-zoo-download-fixture/mobilenetv2_224x224_nv12.bin
Observed SHA-256: 0000000000000000000000000000000000000000000000000000000000000000
Publisher SHA-256 is not recorded; origin is not independently verified.
Downloaded s:mobilenetv2:s100/mobilenetv2_224x224_nv12.hbm to /tmp/rdk-zoo-download-fixture/s100/mobilenetv2_224x224_nv12.hbm
Observed SHA-256: 0000000000000000000000000000000000000000000000000000000000000000
Publisher SHA-256 is not recorded; origin is not independently verified.
Downloaded s:mobilenetv2:s600/mobilenetv2_224x224_nv12.hbm to /tmp/rdk-zoo-download-fixture/s600/mobilenetv2_224x224_nv12.hbm
Observed SHA-256: 0000000000000000000000000000000000000000000000000000000000000000
Publisher SHA-256 is not recorded; origin is not independently verified.

SUITE samples/vision/mobilenetv3/tests
.................
----------------------------------------------------------------------
Ran 17 tests in 0.682s

OK
Downloaded x5:mobilenetv3:MobileNetV3_224x224_nv12.bin to /tmp/rdk-zoo-download-fixture/MobileNetV3_224x224_nv12.bin
Observed SHA-256: 0000000000000000000000000000000000000000000000000000000000000000
Publisher SHA-256 is not recorded; origin is not independently verified.
Downloaded s:mobilenetv3:s100/mobilenetv3_224x224_nv12.hbm to /tmp/rdk-zoo-download-fixture/s100/mobilenetv3_224x224_nv12.hbm
Observed SHA-256: 0000000000000000000000000000000000000000000000000000000000000000
Publisher SHA-256 is not recorded; origin is not independently verified.
Downloaded s:mobilenetv3:s600/mobilenetv3_224x224_nv12.hbm to /tmp/rdk-zoo-download-fixture/s600/mobilenetv3_224x224_nv12.hbm
Observed SHA-256: 0000000000000000000000000000000000000000000000000000000000000000
Publisher SHA-256 is not recorded; origin is not independently verified.

SUITE samples/vision/mobilenetv4/tests
....................
----------------------------------------------------------------------
Ran 20 tests in 0.993s

OK
Downloaded x5:mobilenetv4:MobileNetV4_conv_small_224x224_nv12.bin to /tmp/rdk-zoo-download-fixture/MobileNetV4_conv_small_224x224_nv12.bin
Observed SHA-256: 0000000000000000000000000000000000000000000000000000000000000000
Publisher SHA-256 is not recorded; origin is not independently verified.
Downloaded x5:mobilenetv4:MobileNetV4_conv_medium_224x224_nv12.bin to /tmp/rdk-zoo-download-fixture/MobileNetV4_conv_medium_224x224_nv12.bin
Observed SHA-256: 0000000000000000000000000000000000000000000000000000000000000000
Publisher SHA-256 is not recorded; origin is not independently verified.
Downloaded s:mobilenetv4:s100/mobilenetv4_small_224x224_nv12.hbm to /tmp/rdk-zoo-download-fixture/s100/mobilenetv4_small_224x224_nv12.hbm
Observed SHA-256: 0000000000000000000000000000000000000000000000000000000000000000
Publisher SHA-256 is not recorded; origin is not independently verified.
Downloaded s:mobilenetv4:s600/mobilenetv4_small_224x224_nv12.hbm to /tmp/rdk-zoo-download-fixture/s600/mobilenetv4_small_224x224_nv12.hbm
Observed SHA-256: 0000000000000000000000000000000000000000000000000000000000000000
Publisher SHA-256 is not recorded; origin is not independently verified.
Downloaded s:mobilenetv4:s100/mobilenetv4_medium_256x256_nv12.hbm to /tmp/rdk-zoo-download-fixture/s100/mobilenetv4_medium_256x256_nv12.hbm
Observed SHA-256: 0000000000000000000000000000000000000000000000000000000000000000
Publisher SHA-256 is not recorded; origin is not independently verified.
Downloaded s:mobilenetv4:s600/mobilenetv4_medium_256x256_nv12.hbm to /tmp/rdk-zoo-download-fixture/s600/mobilenetv4_medium_256x256_nv12.hbm
Observed SHA-256: 0000000000000000000000000000000000000000000000000000000000000000
Publisher SHA-256 is not recorded; origin is not independently verified.

SUITE samples/vision/mobileone/tests
..........
----------------------------------------------------------------------
Ran 10 tests in 0.366s

OK

SUITE samples/vision/modnet/tests
......error: priority must be an integer between 0 and 255
error: priority must be an integer between 0 and 255
error: bpu-cores must be a non-empty list of non-negative integer indexes
error: MODNet deployment metadata is fixed at ref-size 512.
.......
----------------------------------------------------------------------
Ran 13 tests in 0.126s

OK
[
  {
    "asset_id": "x5:modnet:modnet_512x512_rgb.bin",
    "filename": "modnet_512x512_rgb.bin",
    "format": "bin",
    "url": null,
    "sha256": null,
    "target": "x5",
    "availability": "manual"
  }
]
{
  "target": "x5",
  "asset_id": "x5:modnet:modnet_512x512_rgb.bin",
  "model_path": "/Users/Max/Workspace/company/development/RDK_MODEL_ZOO/rdk-b7-board-integration/samples/vision/modnet/model/modnet_512x512_rgb.bin",
  "model_format": "bin",
  "input_shape": [
    1,
    3,
    512,
    512
  ],
  "input_dtype": "float32",
  "output_shape": [
    1,
    1,
    512,
    512
  ],
  "output_dtype": "float32",
  "input_protocol": "BGR HWC -> RGB F32 NCHW, normalize [-1,1], long-side resize + zero padding",
  "model_path_exists": false,
  "sdk_loaded": false,
  "downloaded": false
}
{
  "target": "x5",
  "asset_id": "x5:modnet:modnet_512x512_rgb.bin",
  "model_path": "/Users/Max/Workspace/company/development/RDK_MODEL_ZOO/rdk-b7-board-integration/samples/vision/modnet/model/modnet_512x512_rgb.bin",
  "model_format": "bin",
  "input_shape": [
    1,
    3,
    512,
    512
  ],
  "input_dtype": "float32",
  "output_shape": [
    1,
    1,
    512,
    512
  ],
  "output_dtype": "float32",
  "input_protocol": "BGR HWC -> RGB F32 NCHW, normalize [-1,1], long-side resize + zero padding",
  "model_path_exists": false,
  "sdk_loaded": false,
  "downloaded": false
}
MODNet is a manual asset: no public URL and sha256: null (unknown). Obtain the external model and place it at /Users/Max/Workspace/company/development/RDK_MODEL_ZOO/rdk-b7-board-integration/samples/vision/modnet/model/modnet_512x512_rgb.bin; runtime selection must use --asset-id x5:modnet:modnet_512x512_rgb.bin.

SUITE samples/vision/paddle_ocr/tests
............................................
----------------------------------------------------------------------
Ran 44 tests in 0.398s

OK

SUITE samples/vision/pointnet/tests
.....................
----------------------------------------------------------------------
Ran 21 tests in 0.294s

OK
{
  "target": "s100",
  "asset_id": "s:pointnet:s100/pointnet.hbm",
  "input": "/Users/Max/Workspace/company/development/RDK_MODEL_ZOO/rdk-b7-board-integration/samples/vision/pointnet/test_data/chair.pts",
  "point_count": 2776,
  "counts": {
    "back": 2776,
    "seat": 0,
    "leg": 0,
    "arm": 0
  },
  "normalization": {
    "centroid": [
      -0.012029735371470451,
      -0.0008944522705860436,
      0.0011192266829311848
    ],
    "radius": 0.44148343801498413
  },
  "metadata": {
    "model_name": "pointnet",
    "input_names": [
      "point"
    ],
    "input_shapes": {
      "point": [
        1,
        3,
        2776
      ]
    },
    "output_names": [
      "pred"
    ],
    "output_shapes": {
      "pred": [
        1,
        2776,
        4
      ]
    },
    "input_dtypes": {
      "point": "float32"
    },
    "output_dtypes": {
      "pred": "float32"
    },
    "model_names": [
      "pointnet"
    ],
    "input_strides": {},
    "output_strides": {},
    "output_quants": {},
    "output_semantics": null,
    "input_quants": {}
  },
  "output_dir": "/var/folders/04/9p6f6bf54t3f5j_khcdj2jr40000gn/T/tmpfcuel4oh"
}
Prepared s:pointnet:s100/pointnet.hbm at /tmp/pointnet-fixture/s100/pointnet.hbm; observed_sha256=fixture-digest
Publisher SHA-256 is unknown; the observed digest is not independent provenance verification.
(2776,) int32
(2776,) int32

SUITE samples/vision/pp_liteseg/tests
..................
----------------------------------------------------------------------
Ran 18 tests in 0.979s

OK
Prepared x5:pp_liteseg:pp_liteseg_stdc1_cityscapes_1024x512_nv12.bin at /tmp/pp-fixture/pp_liteseg_stdc1_cityscapes_1024x512_nv12.bin; observed_sha256=fixture
Publisher SHA-256 is unknown; the observed digest is not independent provenance verification.
(512, 1024) int32
(512, 1024) int32

SUITE samples/vision/repghost/tests
........
----------------------------------------------------------------------
Ran 8 tests in 0.357s

OK

SUITE samples/vision/repvgg/tests
..........
----------------------------------------------------------------------
Ran 10 tests in 0.367s

OK

SUITE samples/vision/repvit/tests
..........
----------------------------------------------------------------------
Ran 10 tests in 0.369s

OK

SUITE samples/vision/resnet/tests
....................................................
----------------------------------------------------------------------
Ran 52 tests in 0.478s

OK
Downloaded s:resnet18:s600/resnet18_224x224_nv12.hbm to /Users/Max/Workspace/company/development/RDK_MODEL_ZOO/rdk-b7-board-integration/samples/vision/resnet/model/s600/resnet18_224x224_nv12.hbm
Observed SHA-256: observed-sha
Publisher SHA-256 is not recorded; origin is not independently verified.

SUITE samples/vision/resnext/tests
..........
----------------------------------------------------------------------
Ran 10 tests in 0.361s

OK

SUITE samples/vision/siglip/tests
...................
----------------------------------------------------------------------
Ran 19 tests in 0.452s

OK

SUITE samples/vision/ultralytics_yolo/tests
.............................[Error] Local execution requires recognized board identity; an explicit target is not hardware evidence.
.................................................
----------------------------------------------------------------------
Ran 78 tests in 13.595s

OK

Detection Report: 1 objects found
  [0] test: 0.90 | Box (2.0, 2.0, 20.0, 20.0)
[Saved] Result saved to: /var/folders/04/9p6f6bf54t3f5j_khcdj2jr40000gn/T/tmpinixb_fp/detect.jpg
[Saved] Result saved to: /var/folders/04/9p6f6bf54t3f5j_khcdj2jr40000gn/T/tmpinixb_fp/seg.jpg
[Saved] Result saved to: /var/folders/04/9p6f6bf54t3f5j_khcdj2jr40000gn/T/tmpinixb_fp/pose.jpg
[Saved] Result saved to: /var/folders/04/9p6f6bf54t3f5j_khcdj2jr40000gn/T/tmpinixb_fp/obb.jpg
Top-1 Classification Results:
  [0] tench, Tinca tinca: 0.9000
Loading model: mock.pt...
Applying BPU Monkey Patch (Output Layout: NHWC)...
Starting export (imgsz=640)...
Loading model: mock.pt...
Applying BPU Monkey Patch (Output Layout: NHWC)...
Starting export (imgsz=640)...
Loading model: mock.pt...
Applying BPU Monkey Patch (Output Layout: NHWC)...
Starting export (imgsz=640)...
Loading model: mock.pt...
Applying BPU Monkey Patch (Output Layout: NHWC)...
Starting export (imgsz=640)...
Export exception: test exporter failure
Loading Classify model: mock.pt...
Applying BPU Monkey Patch (Output Layout: NHWC)...
Starting export (imgsz=224)...

Export success: output.onnx
Loading Classify model: mock.pt...
Applying BPU Monkey Patch (Output Layout: NHWC)...
Starting export (imgsz=224)...

Export success: output.onnx
Loading Classify model: mock.pt...
Applying BPU Monkey Patch (Output Layout: NHWC)...
Starting export (imgsz=224)...

Export success: output.onnx
Loading Classify model: mock.pt...
Applying BPU Monkey Patch (Output Layout: NHWC)...
Starting export (imgsz=224)...
Export exception: test exporter failure
Loading Segment model: mock.pt...
Applying BPU Monkey Patch for Segmentation (Output Layout: NHWC)...
Starting export (imgsz=640)...

Export success: output.onnx
Loading Segment model: mock.pt...
Applying BPU Monkey Patch for Segmentation (Output Layout: NHWC)...
Starting export (imgsz=640)...

Export success: output.onnx
Loading Segment model: mock.pt...
Applying BPU Monkey Patch for Segmentation (Output Layout: NHWC)...
Starting export (imgsz=640)...

Export success: output.onnx
Loading Segment model: mock.pt...
Applying BPU Monkey Patch for Segmentation (Output Layout: NHWC)...
Starting export (imgsz=640)...
Export exception: test exporter failure
Loading Pose model: mock.pt...
Applying BPU Monkey Patch for Pose (Output Layout: NHWC)...
Starting export (imgsz=640)...

Export success: output.onnx
Loading Pose model: mock.pt...
Applying BPU Monkey Patch for Pose (Output Layout: NHWC)...
Starting export (imgsz=640)...

Export success: output.onnx
Loading Pose model: mock.pt...
Applying BPU Monkey Patch for Pose (Output Layout: NHWC)...
Starting export (imgsz=640)...

Export success: output.onnx
Loading Pose model: mock.pt...
Applying BPU Monkey Patch for Pose (Output Layout: NHWC)...
Starting export (imgsz=640)...
Export exception: test exporter failure
Loading OBB model: mock.pt...
Detected OBB Head: OBB26
Monkey patch applied for OBB task (NHWC layout).
Starting export (imgsz=640)...

Export success: output.onnx

=== Output Node Description ===
Model has 9 outputs:
  Layout: NHWC
  0-8: [Cls(NC), Box(4), Angle(1)] per scale
===============================
Loading OBB model: mock.pt...
Detected OBB Head: OBB26
Monkey patch applied for OBB task (NHWC layout).
Starting export (imgsz=640)...

Export success: output.onnx

=== Output Node Description ===
Model has 9 outputs:
  Layout: NHWC
  0-8: [Cls(NC), Box(4), Angle(1)] per scale
===============================
Loading OBB model: mock.pt...
Detected OBB Head: OBB26
Monkey patch applied for OBB task (NHWC layout).
Starting export (imgsz=640)...

Export success: output.onnx

=== Output Node Description ===
Model has 9 outputs:
  Layout: NHWC
  0-8: [Cls(NC), Box(4), Angle(1)] per scale
===============================
Loading OBB model: mock.pt...
Detected OBB Head: OBB26
Monkey patch applied for OBB task (NHWC layout).
Starting export (imgsz=640)...
Export exception: test exporter failure

SUITE samples/vision/unet/tests
....................
----------------------------------------------------------------------
Ran 20 tests in 0.609s

OK
1 calibration tensors /var/folders/04/9p6f6bf54t3f5j_khcdj2jr40000gn/T/tmpqz59sz_b/calibration
Prepared x5:unet:unet_resnet18_voc_512x512_nv12.bin at /tmp/unet-fixture/unet_resnet18_voc_512x512_nv12.bin; verified_sha256=fixture
Prepared x5:unet:unet_resnet34_voc_512x512_nv12.bin at /tmp/unet-fixture/unet_resnet34_voc_512x512_nv12.bin; verified_sha256=fixture
Prepared x5:unet:unet_resnet50_voc_512x512_nv12.bin at /tmp/unet-fixture/unet_resnet50_voc_512x512_nv12.bin; verified_sha256=fixture
Prepared x5:unet:unet_resnet101_voc_512x512_nv12.bin at /tmp/unet-fixture/unet_resnet101_voc_512x512_nv12.bin; verified_sha256=fixture
Prepared x5:unet:unet_resnet152_voc_512x512_nv12.bin at /tmp/unet-fixture/unet_resnet152_voc_512x512_nv12.bin; verified_sha256=fixture
(512, 512) uint8
(512, 512) uint8

SUITE samples/vision/unetmobilenet/tests
...................
----------------------------------------------------------------------
Ran 19 tests in 2.910s

OK
(1024, 2048) int32
(1024, 2048) int32
Prepared s:unetmobilenet:s100/unet_mobilenet_1024x2048_nv12.hbm at /tmp/model/s100/unet_mobilenet_1024x2048_nv12.hbm; observed_sha256=fixture
Publisher SHA-256 is unknown; observed digest is not independent provenance verification.
Prepared s:unetmobilenet:s600/unet_mobilenet_1024x2048_nv12.hbm at /tmp/model/s600/unet_mobilenet_1024x2048_nv12.hbm; observed_sha256=fixture
Publisher SHA-256 is unknown; observed digest is not independent provenance verification.

SUITE samples/vision/vargconvnet/tests
..........
----------------------------------------------------------------------
Ran 10 tests in 0.364s

OK

SUITE samples/vision/vit/tests
.............
----------------------------------------------------------------------
Ran 13 tests in 0.437s

OK

SUITE samples/vision/yolo26_depth/tests
......................................
----------------------------------------------------------------------
Ran 38 tests in 3.278s

OK

SUITE samples/vision/yolov5/tests
...............................................................................
----------------------------------------------------------------------
Ran 79 tests in 14.400s

OK

SUITE samples/vision/yoloworld/tests
.error: Prompts must contain one or more nonempty comma-separated words; empty prompts are rejected.
error: At most 32 prompts are supported.
..................
----------------------------------------------------------------------
Ran 19 tests in 0.545s

OK

[Log] Pre-process: 0.82 ms | Inference: 0.10 ms | Post-process: 4.37 ms

[Log] Pre-process: 0.82 ms | Inference: 0.11 ms | Post-process: 4.40 ms

[Log] Pre-process: 1.01 ms | Inference: 0.11 ms | Post-process: 4.43 ms
