EF
======================================================================
ERROR: test_named_input_quants_survive_mapping_runtime_and_evidence (test_input_quant_metadata.InputQuantMetadataTests.test_named_input_quants_survive_mapping_runtime_and_evidence)
----------------------------------------------------------------------
Traceback (most recent call last):
  File "/Users/Max/Workspace/company/development/RDK_MODEL_ZOO/rdk-b7-board-integration/samples/_shared/tests/test_input_quant_metadata.py", line 24, in test_named_input_quants_survive_mapping_runtime_and_evidence
    self.assertIs(meta.input_quants['camera'],q)
                  ^^^^^^^^^^^^^^^^^
AttributeError: 'RuntimeMetadata' object has no attribute 'input_quants'. Did you mean: 'output_quants'?

======================================================================
FAIL: test_unsigned_source_tokens_normalize_without_accepting_unknown_widths (test_input_quant_metadata.InputQuantMetadataTests.test_unsigned_source_tokens_normalize_without_accepting_unknown_widths)
----------------------------------------------------------------------
Traceback (most recent call last):
  File "/Users/Max/Workspace/company/development/RDK_MODEL_ZOO/rdk-b7-board-integration/samples/_shared/tests/test_input_quant_metadata.py", line 10, in test_unsigned_source_tokens_normalize_without_accepting_unknown_widths
    self.assertEqual(canonicalise_dtype(token), expected)
    ~~~~~~~~~~~~~~~~^^^^^^^^^^^^^^^^^^^^^^^^^^^^^^^^^^^^^
AssertionError: 'u16' != 'uint16'
- u16
+ uint16


----------------------------------------------------------------------
Ran 2 tests in 0.000s

FAILED (failures=1, errors=1)
