.....................
----------------------------------------------------------------------
Ran 21 tests in 0.286s

OK
{
  "target": "s100",
  "asset_id": "s:pointnet:s100/pointnet.hbm",
  "input": "/Users/Max/Workspace/company/development/RDK_MODEL_ZOO/rdk-b7-board-integration/samples/vision/pointnet/test_data/chair.pts",
  "point_count": 2776,
  "counts": {
    "back": 2776,
    "seat": 0,
    "leg": 0,
    "arm": 0
  },
  "normalization": {
    "centroid": [
      -0.012029735371470451,
      -0.0008944522705860436,
      0.0011192266829311848
    ],
    "radius": 0.44148343801498413
  },
  "metadata": {
    "model_name": "pointnet",
    "input_names": [
      "point"
    ],
    "input_shapes": {
      "point": [
        1,
        3,
        2776
      ]
    },
    "output_names": [
      "pred"
    ],
    "output_shapes": {
      "pred": [
        1,
        2776,
        4
      ]
    },
    "input_dtypes": {
      "point": "float32"
    },
    "output_dtypes": {
      "pred": "float32"
    },
    "model_names": [
      "pointnet"
    ],
    "input_strides": {},
    "output_strides": {},
    "output_quants": {},
    "output_semantics": null
  },
  "output_dir": "/var/folders/04/9p6f6bf54t3f5j_khcdj2jr40000gn/T/tmpypu0hsy6"
}
Prepared s:pointnet:s100/pointnet.hbm at /tmp/pointnet-fixture/s100/pointnet.hbm; observed_sha256=fixture-digest
Publisher SHA-256 is unknown; the observed digest is not independent provenance verification.
(2776,) int32
(2776,) int32
