EEEEEEEE
======================================================================
ERROR: test_binding_rejects_logits_or_wrong_geometry (test_pp_liteseg.BindingAndCLITests.test_binding_rejects_logits_or_wrong_geometry)
----------------------------------------------------------------------
Traceback (most recent call last):
  File "/Users/Max/Workspace/company/development/RDK_MODEL_ZOO/rdk-b7-board-integration/samples/vision/pp_liteseg/tests/test_pp_liteseg.py", line 89, in test_binding_rejects_logits_or_wrong_geometry
    from samples.vision.pp_liteseg.runtime.python.model_binding import bind_model,resolve_selection
ModuleNotFoundError: No module named 'samples.vision.pp_liteseg.runtime'

======================================================================
ERROR: test_exact_x5_asset_and_no_s_fallback (test_pp_liteseg.BindingAndCLITests.test_exact_x5_asset_and_no_s_fallback)
----------------------------------------------------------------------
Traceback (most recent call last):
  File "/Users/Max/Workspace/company/development/RDK_MODEL_ZOO/rdk-b7-board-integration/samples/vision/pp_liteseg/tests/test_pp_liteseg.py", line 81, in test_exact_x5_asset_and_no_s_fallback
    from samples.vision.pp_liteseg.runtime.python.model_binding import resolve_selection,ASSET_ID
ModuleNotFoundError: No module named 'samples.vision.pp_liteseg.runtime'

======================================================================
ERROR: test_host_entrypoints_and_real_default_image (test_pp_liteseg.BindingAndCLITests.test_host_entrypoints_and_real_default_image)
----------------------------------------------------------------------
Traceback (most recent call last):
  File "/Users/Max/Workspace/company/development/RDK_MODEL_ZOO/rdk-b7-board-integration/samples/vision/pp_liteseg/tests/test_pp_liteseg.py", line 96, in test_host_entrypoints_and_real_default_image
    from samples.vision.pp_liteseg.runtime.python.main import build_parser
ModuleNotFoundError: No module named 'samples.vision.pp_liteseg.runtime'

======================================================================
ERROR: test_predict_and_context_are_independent (test_pp_liteseg.StageTests.test_predict_and_context_are_independent)
----------------------------------------------------------------------
Traceback (most recent call last):
  File "/Users/Max/Workspace/company/development/RDK_MODEL_ZOO/rdk-b7-board-integration/samples/vision/pp_liteseg/tests/test_pp_liteseg.py", line 60, in test_predict_and_context_are_independent
    t,raw=task();a=np.zeros((11,17,3),np.uint8);b=np.zeros((21,13,3),np.uint8)
          ~~~~^^
  File "/Users/Max/Workspace/company/development/RDK_MODEL_ZOO/rdk-b7-board-integration/samples/vision/pp_liteseg/tests/test_pp_liteseg.py", line 24, in task
    from samples.vision.pp_liteseg.runtime.python.model_binding import resolve_selection,bind_model
ModuleNotFoundError: No module named 'samples.vision.pp_liteseg.runtime'

======================================================================
ERROR: test_raw_class_map_never_argmaxed_or_dequantized (test_pp_liteseg.StageTests.test_raw_class_map_never_argmaxed_or_dequantized)
----------------------------------------------------------------------
Traceback (most recent call last):
  File "/Users/Max/Workspace/company/development/RDK_MODEL_ZOO/rdk-b7-board-integration/samples/vision/pp_liteseg/tests/test_pp_liteseg.py", line 51, in test_raw_class_map_never_argmaxed_or_dequantized
    t,raw=task();prepared=t.pre_process(np.zeros((15,21,3),np.uint8))
          ~~~~^^
  File "/Users/Max/Workspace/company/development/RDK_MODEL_ZOO/rdk-b7-board-integration/samples/vision/pp_liteseg/tests/test_pp_liteseg.py", line 24, in task
    from samples.vision.pp_liteseg.runtime.python.model_binding import resolve_selection,bind_model
ModuleNotFoundError: No module named 'samples.vision.pp_liteseg.runtime'

======================================================================
ERROR: test_reject_bad_images_and_class_maps (test_pp_liteseg.StageTests.test_reject_bad_images_and_class_maps)
----------------------------------------------------------------------
Traceback (most recent call last):
  File "/Users/Max/Workspace/company/development/RDK_MODEL_ZOO/rdk-b7-board-integration/samples/vision/pp_liteseg/tests/test_pp_liteseg.py", line 66, in test_reject_bad_images_and_class_maps
    t,_=task()
        ~~~~^^
  File "/Users/Max/Workspace/company/development/RDK_MODEL_ZOO/rdk-b7-board-integration/samples/vision/pp_liteseg/tests/test_pp_liteseg.py", line 24, in task
    from samples.vision.pp_liteseg.runtime.python.model_binding import resolve_selection,bind_model
ModuleNotFoundError: No module named 'samples.vision.pp_liteseg.runtime'

======================================================================
ERROR: test_source_tensor_and_mask_parity (test_pp_liteseg.StageTests.test_source_tensor_and_mask_parity)
----------------------------------------------------------------------
Traceback (most recent call last):
  File "/Users/Max/Workspace/company/development/RDK_MODEL_ZOO/rdk-b7-board-integration/samples/vision/pp_liteseg/tests/test_pp_liteseg.py", line 43, in test_source_tensor_and_mask_parity
    t,raw=task();old=self.source()
          ~~~~^^
  File "/Users/Max/Workspace/company/development/RDK_MODEL_ZOO/rdk-b7-board-integration/samples/vision/pp_liteseg/tests/test_pp_liteseg.py", line 24, in task
    from samples.vision.pp_liteseg.runtime.python.model_binding import resolve_selection,bind_model
ModuleNotFoundError: No module named 'samples.vision.pp_liteseg.runtime'

======================================================================
ERROR: test_visualization_matches_source_three_panels (test_pp_liteseg.StageTests.test_visualization_matches_source_three_panels)
----------------------------------------------------------------------
Traceback (most recent call last):
  File "/Users/Max/Workspace/company/development/RDK_MODEL_ZOO/rdk-b7-board-integration/samples/vision/pp_liteseg/tests/test_pp_liteseg.py", line 74, in test_visualization_matches_source_three_panels
    from samples.vision.pp_liteseg.runtime.python.visualization import render_result
ModuleNotFoundError: No module named 'samples.vision.pp_liteseg.runtime'

----------------------------------------------------------------------
Ran 8 tests in 0.001s

FAILED (errors=8)
