...FFF.....
======================================================================
FAIL: test_build_fails_when_tool_claims_success_without_bin (test_pp_liteseg.ConversionTests.test_build_fails_when_tool_claims_success_without_bin)
----------------------------------------------------------------------
Traceback (most recent call last):
  File "/Users/Max/Workspace/company/development/RDK_MODEL_ZOO/rdk-b7-board-integration/samples/vision/pp_liteseg/tests/test_pp_liteseg.py", line 140, in test_build_fails_when_tool_claims_success_without_bin
    self.assertNotEqual(result.returncode,0,'no BIN means failed conversion regardless of tool exit 0')
    ~~~~~~~~~~~~~~~~~~~^^^^^^^^^^^^^^^^^^^^^^^^^^^^^^^^^^^^^^^^^^^^^^^^^^^^^^^^^^^^^^^^^^^^^^^^^^^^^^^^
AssertionError: 0 == 0 : no BIN means failed conversion regardless of tool exit 0

======================================================================
FAIL: test_calibration_preserves_colliding_basenames_and_refuses_overwrite (test_pp_liteseg.ConversionTests.test_calibration_preserves_colliding_basenames_and_refuses_overwrite)
----------------------------------------------------------------------
Traceback (most recent call last):
  File "/Users/Max/Workspace/company/development/RDK_MODEL_ZOO/rdk-b7-board-integration/samples/vision/pp_liteseg/tests/test_pp_liteseg.py", line 121, in test_calibration_preserves_colliding_basenames_and_refuses_overwrite
    self.assertEqual(len(files),2,'nested same.png inputs must not collapse')
    ~~~~~~~~~~~~~~~~^^^^^^^^^^^^^^^^^^^^^^^^^^^^^^^^^^^^^^^^^^^^^^^^^^^^^^^^^
AssertionError: 1 != 2 : nested same.png inputs must not collapse

======================================================================
FAIL: test_export_requires_checkpoint_before_external_commands (test_pp_liteseg.ConversionTests.test_export_requires_checkpoint_before_external_commands)
----------------------------------------------------------------------
Traceback (most recent call last):
  File "/Users/Max/Workspace/company/development/RDK_MODEL_ZOO/rdk-b7-board-integration/samples/vision/pp_liteseg/tests/test_pp_liteseg.py", line 152, in test_export_requires_checkpoint_before_external_commands
    self.assertNotEqual(result.returncode,0)
    ~~~~~~~~~~~~~~~~~~~^^^^^^^^^^^^^^^^^^^^^
AssertionError: 0 == 0

----------------------------------------------------------------------
Ran 11 tests in 1.024s

FAILED (failures=3)
