EEEEE
======================================================================
ERROR: test_bad_outputs_rejected_without_decoding (test_single_array_runner.SingleArrayRunnerTests.test_bad_outputs_rejected_without_decoding)
----------------------------------------------------------------------
Traceback (most recent call last):
  File "/Users/Max/Workspace/company/development/RDK_MODEL_ZOO/rdk-b7-board-integration/samples/_shared/tests/test_single_array_runner.py", line 50, in test_bad_outputs_rejected_without_decoding
    runner=self.runner();runner.runtime.run=lambda tensors:result
  File "/Users/Max/Workspace/company/development/RDK_MODEL_ZOO/rdk-b7-board-integration/samples/_shared/tests/test_single_array_runner.py", line 13, in runner
    from samples._shared.single_array_runner import SingleArrayRunner
ModuleNotFoundError: No module named 'samples._shared.single_array_runner'

======================================================================
ERROR: test_binding_failure_discards_runtime (test_single_array_runner.SingleArrayRunnerTests.test_binding_failure_discards_runtime)
----------------------------------------------------------------------
Traceback (most recent call last):
  File "/Users/Max/Workspace/company/development/RDK_MODEL_ZOO/rdk-b7-board-integration/samples/_shared/tests/test_single_array_runner.py", line 55, in test_binding_failure_discards_runtime
    runner=self.runner(binding_loader=fail)
  File "/Users/Max/Workspace/company/development/RDK_MODEL_ZOO/rdk-b7-board-integration/samples/_shared/tests/test_single_array_runner.py", line 13, in runner
    from samples._shared.single_array_runner import SingleArrayRunner
ModuleNotFoundError: No module named 'samples._shared.single_array_runner'

======================================================================
ERROR: test_invalid_inputs_never_reach_runtime (test_single_array_runner.SingleArrayRunnerTests.test_invalid_inputs_never_reach_runtime)
----------------------------------------------------------------------
Traceback (most recent call last):
  File "/Users/Max/Workspace/company/development/RDK_MODEL_ZOO/rdk-b7-board-integration/samples/_shared/tests/test_single_array_runner.py", line 39, in test_invalid_inputs_never_reach_runtime
    runner=self.runner()
  File "/Users/Max/Workspace/company/development/RDK_MODEL_ZOO/rdk-b7-board-integration/samples/_shared/tests/test_single_array_runner.py", line 13, in runner
    from samples._shared.single_array_runner import SingleArrayRunner
ModuleNotFoundError: No module named 'samples._shared.single_array_runner'

======================================================================
ERROR: test_physical_input_differs_from_logical_metadata (test_single_array_runner.SingleArrayRunnerTests.test_physical_input_differs_from_logical_metadata)
----------------------------------------------------------------------
Traceback (most recent call last):
  File "/Users/Max/Workspace/company/development/RDK_MODEL_ZOO/rdk-b7-board-integration/samples/_shared/tests/test_single_array_runner.py", line 31, in test_physical_input_differs_from_logical_metadata
    runner=self.runner()
  File "/Users/Max/Workspace/company/development/RDK_MODEL_ZOO/rdk-b7-board-integration/samples/_shared/tests/test_single_array_runner.py", line 13, in runner
    from samples._shared.single_array_runner import SingleArrayRunner
ModuleNotFoundError: No module named 'samples._shared.single_array_runner'

======================================================================
ERROR: test_scheduling_none_is_noop_and_values_are_scoped (test_single_array_runner.SingleArrayRunnerTests.test_scheduling_none_is_noop_and_values_are_scoped)
----------------------------------------------------------------------
Traceback (most recent call last):
  File "/Users/Max/Workspace/company/development/RDK_MODEL_ZOO/rdk-b7-board-integration/samples/_shared/tests/test_single_array_runner.py", line 61, in test_scheduling_none_is_noop_and_values_are_scoped
    runner=self.runner();runner.set_scheduling_params()
  File "/Users/Max/Workspace/company/development/RDK_MODEL_ZOO/rdk-b7-board-integration/samples/_shared/tests/test_single_array_runner.py", line 13, in runner
    from samples._shared.single_array_runner import SingleArrayRunner
ModuleNotFoundError: No module named 'samples._shared.single_array_runner'

----------------------------------------------------------------------
Ran 5 tests in 0.001s

FAILED (errors=5)
