-- Configuring done (0.0s)
-- Generating done (0.0s)
-- Build files have been written to: /tmp/rdk-paraformer-core
[ 16%] Built target paraformer_contract
[ 38%] Built target test_pipeline
[ 38%] Built target test_contract
[ 44%] Building CXX object CMakeFiles/paraformer_preflight.dir/src/preflight.cc.o
[ 72%] Built target test_sdk
[ 77%] Building CXX object CMakeFiles/paraformer_preflight.dir/Users/Max/Workspace/company/development/RDK_MODEL_ZOO/rdk-b7-board-integration/samples/_shared/cpp/platform_identity.cc.o
[ 83%] Building CXX object CMakeFiles/test_preflight.dir/tests/test_preflight.cc.o
[ 88%] Linking CXX static library libparaformer_preflight.a
[ 88%] Built target paraformer_preflight
[ 94%] Building CXX object CMakeFiles/test_preflight.dir/src/preflight.cc.o
[100%] Linking CXX executable test_preflight
[100%] Built target test_preflight
Test project /tmp/rdk-paraformer-core
    Start 1: paraformer_contract
1/4 Test #1: paraformer_contract ..............   Passed    0.06 sec
    Start 2: paraformer_pipeline
2/4 Test #2: paraformer_pipeline ..............   Passed    0.03 sec
    Start 3: paraformer_sdk_fixture
3/4 Test #3: paraformer_sdk_fixture ...........   Passed    0.13 sec
    Start 4: paraformer_preflight
4/4 Test #4: paraformer_preflight .............   Passed    0.17 sec

100% tests passed out of 4

Total Test time (real) =   0.39 sec
