FF
======================================================================
FAIL: test_package_download_and_local_files_are_complete_and_never_overwritten (test_download.DownloadTests.test_package_download_and_local_files_are_complete_and_never_overwritten)
----------------------------------------------------------------------
Traceback (most recent call last):
  File "/Users/Max/Workspace/company/development/RDK_MODEL_ZOO/rdk-b7-board-integration/samples/speech/paraformer/tests/test_download.py", line 20, in setUp
    self.assertTrue(SCRIPT.is_file(), "Missing Paraformer model package preparation")
    ~~~~~~~~~~~~~~~^^^^^^^^^^^^^^^^^^^^^^^^^^^^^^^^^^^^^^^^^^^^^^^^^^^^^^^^^^^^^^^^^^
AssertionError: False is not true : Missing Paraformer model package preparation

======================================================================
FAIL: test_preview_has_six_entries_and_never_creates_destination (test_download.DownloadTests.test_preview_has_six_entries_and_never_creates_destination)
----------------------------------------------------------------------
Traceback (most recent call last):
  File "/Users/Max/Workspace/company/development/RDK_MODEL_ZOO/rdk-b7-board-integration/samples/speech/paraformer/tests/test_download.py", line 20, in setUp
    self.assertTrue(SCRIPT.is_file(), "Missing Paraformer model package preparation")
    ~~~~~~~~~~~~~~~^^^^^^^^^^^^^^^^^^^^^^^^^^^^^^^^^^^^^^^^^^^^^^^^^^^^^^^^^^^^^^^^^^
AssertionError: False is not true : Missing Paraformer model package preparation

----------------------------------------------------------------------
Ran 2 tests in 0.000s

FAILED (failures=2)
