test_decoder_accepts_documented_acoustic_alias_and_no_passthrough (test_binding.BindingTests.test_decoder_accepts_documented_acoustic_alias_and_no_passthrough) ... ok
test_external_files_require_all_explicit_matching_identities (test_binding.BindingTests.test_external_files_require_all_explicit_matching_identities) ... ok
test_invalid_group_is_rejected_before_any_sdk_factory_call (test_binding.BindingTests.test_invalid_group_is_rejected_before_any_sdk_factory_call) ... ok
test_named_binding_is_order_independent_and_accepts_count_output (test_binding.BindingTests.test_named_binding_is_order_independent_and_accepts_count_output) ... ok
test_only_exact_published_three_model_group_is_selected (test_binding.BindingTests.test_only_exact_published_three_model_group_is_selected) ... ok
test_rejects_wrong_tensor_type_geometry_extra_or_unknown_names (test_binding.BindingTests.test_rejects_wrong_tensor_type_geometry_extra_or_unknown_names) ... ok
test_selection_cannot_relabel_stage_or_model_path (test_binding.BindingTests.test_selection_cannot_relabel_stage_or_model_path) ... ok
test_shared_runners_execute_pipeline_and_delegate_all_scheduling (test_binding.BindingTests.test_shared_runners_execute_pipeline_and_delegate_all_scheduling) ... ok
test_empty_fire_returns_fixed_zero_decoder_input (test_cif.CifTests.test_empty_fire_returns_fixed_zero_decoder_input) ... ok
test_fractional_boundary_conserves_weighted_hidden (test_cif.CifTests.test_fractional_boundary_conserves_weighted_hidden) ... ok
test_inference_length_must_be_explicit_and_valid (test_cif.CifTests.test_inference_length_must_be_explicit_and_valid) ... ok
test_invalid_tensor_contract_is_rejected (test_cif.CifTests.test_invalid_tensor_contract_is_rejected) ... ok
test_more_than_100_fires_preserves_first_100 (test_cif.CifTests.test_more_than_100_fires_preserves_first_100) ... ok
test_padding_mask_and_explicit_calibration_mode (test_cif.CifTests.test_padding_mask_and_explicit_calibration_mode) ... ok
test_source_parity_without_mutation_or_output_alias (test_cif.CifTests.test_source_parity_without_mutation_or_output_alias) ... ok
test_package_download_and_local_files_are_complete_and_never_overwritten (test_download.DownloadTests.test_package_download_and_local_files_are_complete_and_never_overwritten) ... No publisher SHA-256 recorded for s:paraformer:s100/paraformer_large_encoder_400x560_s100.hbm; observed digest does not verify origin.
No publisher SHA-256 recorded for s:paraformer:s100/paraformer_large_predictor_400x512_s100.hbm; observed digest does not verify origin.
No publisher SHA-256 recorded for s:paraformer:s100/paraformer_large_decoder_400x512_s100.hbm; observed digest does not verify origin.
No publisher SHA-256 recorded for s:paraformer:s100/tokens.json; observed digest does not verify origin.
ok
test_preview_has_six_entries_and_never_creates_destination (test_download.DownloadTests.test_preview_has_six_entries_and_never_creates_destination) ... ok
test_bad_decoder_output_is_not_a_transcript (test_pipeline.PipelineTests.test_bad_decoder_output_is_not_a_transcript) ... ok
test_bad_frontend_contract_fails_before_any_model (test_pipeline.PipelineTests.test_bad_frontend_contract_fails_before_any_model) ... ok
test_missing_predictor_output_stops_before_decoder (test_pipeline.PipelineTests.test_missing_predictor_output_stops_before_decoder) ... ok
test_model_order_masking_and_source_text_rules (test_pipeline.PipelineTests.test_model_order_masking_and_source_text_rules) ... ok
test_no_token_skips_decoder_and_returns_empty_text (test_pipeline.PipelineTests.test_no_token_skips_decoder_and_returns_empty_text) ... ok
test_vocabulary_must_match_8404_ordered_nonempty_tokens (test_pipeline.PipelineTests.test_vocabulary_must_match_8404_ordered_nonempty_tokens) ... ok

----------------------------------------------------------------------
Ran 23 tests in 0.275s

OK
