..E.....
======================================================================
ERROR: test_invalid_group_is_rejected_before_any_sdk_factory_call (test_binding.BindingTests.test_invalid_group_is_rejected_before_any_sdk_factory_call)
----------------------------------------------------------------------
Traceback (most recent call last):
  File "/Users/Max/Workspace/company/development/RDK_MODEL_ZOO/rdk-b7-board-integration/samples/speech/paraformer/tests/test_binding.py", line 105, in test_invalid_group_is_rejected_before_any_sdk_factory_call
    runtime_module.load_runtime(selected, [f"t{i}" for i in range(8404)], runtime_factory=factory)
    ~~~~~~~~~~~~~~~~~~~~~~~~~~~^^^^^^^^^^^^^^^^^^^^^^^^^^^^^^^^^^^^^^^^^^^^^^^^^^^^^^^^^^^^^^^^^^^
  File "/Users/Max/Workspace/company/development/RDK_MODEL_ZOO/rdk-b7-board-integration/samples/speech/paraformer/runtime/python/runtime.py", line 50, in load_runtime
    encoder, predictor, decoder = (runner.load() for runner in runners)
    ^^^^^^^^^^^^^^^^^^^^^^^^^^^
  File "/Users/Max/Workspace/company/development/RDK_MODEL_ZOO/rdk-b7-board-integration/samples/speech/paraformer/runtime/python/runtime.py", line 50, in <genexpr>
    encoder, predictor, decoder = (runner.load() for runner in runners)
                                   ~~~~~~~~~~~^^
  File "/Users/Max/Workspace/company/development/RDK_MODEL_ZOO/rdk-b7-board-integration/samples/_shared/single_array_runner.py", line 80, in load
    self._runtime = factory(str(self.selection.model_path))
                    ~~~~~~~^^^^^^^^^^^^^^^^^^^^^^^^^^^^^^^^
  File "/Users/Max/Workspace/company/development/RDK_MODEL_ZOO/rdk-b7-board-integration/samples/speech/paraformer/tests/test_binding.py", line 103, in factory
    raise RuntimeError("SDK factory must not run")
RuntimeError: SDK factory must not run

----------------------------------------------------------------------
Ran 8 tests in 0.053s

FAILED (errors=1)
