FFFFFF
======================================================================
FAIL: test_external_files_require_all_explicit_matching_identities (test_binding.BindingTests.test_external_files_require_all_explicit_matching_identities)
----------------------------------------------------------------------
Traceback (most recent call last):
  File "/Users/Max/Workspace/company/development/RDK_MODEL_ZOO/rdk-b7-board-integration/samples/speech/paraformer/tests/test_binding.py", line 43, in setUp
    self.assertIsNotNone(importlib.util.find_spec(name), "Missing model binding")
    ~~~~~~~~~~~~~~~~~~~~^^^^^^^^^^^^^^^^^^^^^^^^^^^^^^^^^^^^^^^^^^^^^^^^^^^^^^^^^
AssertionError: unexpectedly None : Missing model binding

======================================================================
FAIL: test_named_binding_is_order_independent_and_accepts_count_output (test_binding.BindingTests.test_named_binding_is_order_independent_and_accepts_count_output)
----------------------------------------------------------------------
Traceback (most recent call last):
  File "/Users/Max/Workspace/company/development/RDK_MODEL_ZOO/rdk-b7-board-integration/samples/speech/paraformer/tests/test_binding.py", line 43, in setUp
    self.assertIsNotNone(importlib.util.find_spec(name), "Missing model binding")
    ~~~~~~~~~~~~~~~~~~~~^^^^^^^^^^^^^^^^^^^^^^^^^^^^^^^^^^^^^^^^^^^^^^^^^^^^^^^^^
AssertionError: unexpectedly None : Missing model binding

======================================================================
FAIL: test_only_exact_published_three_model_group_is_selected (test_binding.BindingTests.test_only_exact_published_three_model_group_is_selected)
----------------------------------------------------------------------
Traceback (most recent call last):
  File "/Users/Max/Workspace/company/development/RDK_MODEL_ZOO/rdk-b7-board-integration/samples/speech/paraformer/tests/test_binding.py", line 43, in setUp
    self.assertIsNotNone(importlib.util.find_spec(name), "Missing model binding")
    ~~~~~~~~~~~~~~~~~~~~^^^^^^^^^^^^^^^^^^^^^^^^^^^^^^^^^^^^^^^^^^^^^^^^^^^^^^^^^
AssertionError: unexpectedly None : Missing model binding

======================================================================
FAIL: test_rejects_wrong_tensor_type_geometry_extra_or_unknown_names (test_binding.BindingTests.test_rejects_wrong_tensor_type_geometry_extra_or_unknown_names)
----------------------------------------------------------------------
Traceback (most recent call last):
  File "/Users/Max/Workspace/company/development/RDK_MODEL_ZOO/rdk-b7-board-integration/samples/speech/paraformer/tests/test_binding.py", line 43, in setUp
    self.assertIsNotNone(importlib.util.find_spec(name), "Missing model binding")
    ~~~~~~~~~~~~~~~~~~~~^^^^^^^^^^^^^^^^^^^^^^^^^^^^^^^^^^^^^^^^^^^^^^^^^^^^^^^^^
AssertionError: unexpectedly None : Missing model binding

======================================================================
FAIL: test_selection_cannot_relabel_stage_or_model_path (test_binding.BindingTests.test_selection_cannot_relabel_stage_or_model_path)
----------------------------------------------------------------------
Traceback (most recent call last):
  File "/Users/Max/Workspace/company/development/RDK_MODEL_ZOO/rdk-b7-board-integration/samples/speech/paraformer/tests/test_binding.py", line 43, in setUp
    self.assertIsNotNone(importlib.util.find_spec(name), "Missing model binding")
    ~~~~~~~~~~~~~~~~~~~~^^^^^^^^^^^^^^^^^^^^^^^^^^^^^^^^^^^^^^^^^^^^^^^^^^^^^^^^^
AssertionError: unexpectedly None : Missing model binding

======================================================================
FAIL: test_shared_runners_execute_pipeline_and_delegate_all_scheduling (test_binding.BindingTests.test_shared_runners_execute_pipeline_and_delegate_all_scheduling)
----------------------------------------------------------------------
Traceback (most recent call last):
  File "/Users/Max/Workspace/company/development/RDK_MODEL_ZOO/rdk-b7-board-integration/samples/speech/paraformer/tests/test_binding.py", line 43, in setUp
    self.assertIsNotNone(importlib.util.find_spec(name), "Missing model binding")
    ~~~~~~~~~~~~~~~~~~~~^^^^^^^^^^^^^^^^^^^^^^^^^^^^^^^^^^^^^^^^^^^^^^^^^^^^^^^^^
AssertionError: unexpectedly None : Missing model binding

----------------------------------------------------------------------
Ran 6 tests in 0.001s

FAILED (failures=6)
