Wrote 20 calibration files to /var/folders/04/9p6f6bf54t3f5j_khcdj2jr40000gn/T/sam-calibration-844860z2/source
Wrote 20 calibration files to /var/folders/04/9p6f6bf54t3f5j_khcdj2jr40000gn/T/sam-calibration-844860z2/unified/calibration_data_rgbchw_512
Wrote 20 calibration files to /var/folders/04/9p6f6bf54t3f5j_khcdj2jr40000gn/T/sam-calibration-ytuted4h/source/batched_images
Wrote 20 calibration files to /var/folders/04/9p6f6bf54t3f5j_khcdj2jr40000gn/T/sam-calibration-ytuted4h/unified/batched_images
Wrote 1 calibration tensors to /var/folders/04/9p6f6bf54t3f5j_khcdj2jr40000gn/T/sam-calibration-zftvr6gw/source
Wrote 1 calibration tensors to /var/folders/04/9p6f6bf54t3f5j_khcdj2jr40000gn/T/sam-calibration-zftvr6gw/unified/calibration_data_norm_512
Wrote 1 calibration tensors to /var/folders/04/9p6f6bf54t3f5j_khcdj2jr40000gn/T/sam-calibration-c7udwf_9/source/normalized_images
Wrote 1 calibration tensors to /var/folders/04/9p6f6bf54t3f5j_khcdj2jr40000gn/T/sam-calibration-c7udwf_9/unified/normalized_images
Wrote 4 embeddings to /var/folders/04/9p6f6bf54t3f5j_khcdj2jr40000gn/T/sam-decoder-calibration-nc4zr3vf/source/calibration_embeddings
Wrote 4 embeddings to /var/folders/04/9p6f6bf54t3f5j_khcdj2jr40000gn/T/sam-decoder-calibration-nc4zr3vf/unified/calibration_embeddings
Wrote 4 embeddings to /var/folders/04/9p6f6bf54t3f5j_khcdj2jr40000gn/T/sam-decoder-calibration-ayxdtmpr/source/image_embeddings
Wrote 4 embeddings to /var/folders/04/9p6f6bf54t3f5j_khcdj2jr40000gn/T/sam-decoder-calibration-ayxdtmpr/unified/image_embeddings
Wrote 4 embeddings to /var/folders/04/9p6f6bf54t3f5j_khcdj2jr40000gn/T/sam-decoder-calibration-en0irj9p/source/calibration_embeddings
Wrote 4 boxes to /var/folders/04/9p6f6bf54t3f5j_khcdj2jr40000gn/T/sam-decoder-calibration-en0irj9p/source/calibration_boxes
Wrote 4 embeddings to /var/folders/04/9p6f6bf54t3f5j_khcdj2jr40000gn/T/sam-decoder-calibration-en0irj9p/unified/calibration_embeddings
Wrote 4 boxes to /var/folders/04/9p6f6bf54t3f5j_khcdj2jr40000gn/T/sam-decoder-calibration-en0irj9p/unified/calibration_boxes
Wrote 4 embeddings to /var/folders/04/9p6f6bf54t3f5j_khcdj2jr40000gn/T/sam-decoder-calibration-pdpncev4/source/image_embeddings
Wrote 4 boxes to /var/folders/04/9p6f6bf54t3f5j_khcdj2jr40000gn/T/sam-decoder-calibration-pdpncev4/source/boxes
Wrote 4 embeddings to /var/folders/04/9p6f6bf54t3f5j_khcdj2jr40000gn/T/sam-decoder-calibration-pdpncev4/unified/image_embeddings
Wrote 4 boxes to /var/folders/04/9p6f6bf54t3f5j_khcdj2jr40000gn/T/sam-decoder-calibration-pdpncev4/unified/boxes
Wrote /var/folders/04/9p6f6bf54t3f5j_khcdj2jr40000gn/T/sam-dump-o57tj0qz/source.bin (shape (1, 256, 32, 32), dtype float32)
Wrote /var/folders/04/9p6f6bf54t3f5j_khcdj2jr40000gn/T/sam-dump-o57tj0qz/unified.bin (shape (1, 256, 32, 32), dtype float32)
Wrote /var/folders/04/9p6f6bf54t3f5j_khcdj2jr40000gn/T/sam-dump-vj7h4263/source.bin (shape (1, 256, 32, 32), dtype float32)
Wrote /var/folders/04/9p6f6bf54t3f5j_khcdj2jr40000gn/T/sam-dump-vj7h4263/unified.bin (shape (1, 256, 32, 32), dtype float32)
{
  "passed": true,
  "checks": {
    "inputs_equal": true,
    "raw_close": true,
    "mask_equal": true,
    "mask_index_equal": true,
    "iou_close": true,
    "low_res_close": true
  },
  "evidence": "/private/var/folders/04/9p6f6bf54t3f5j_khcdj2jr40000gn/T/tmp9udset6e/evidence/comparison.json"
}
{
  "passed": true,
  "checks": {
    "inputs_equal": true,
    "raw_close": true,
    "mask_equal": true,
    "mask_index_equal": true,
    "iou_close": true,
    "low_res_close": true
  },
  "evidence": "/private/var/folders/04/9p6f6bf54t3f5j_khcdj2jr40000gn/T/tmpsqj6pby6/evidence/comparison.json"
}
{
  "passed": false,
  "checks": {
    "inputs_equal": true,
    "raw_close": false,
    "mask_equal": false,
    "mask_index_equal": false,
    "iou_close": true,
    "low_res_close": false
  },
  "evidence": "/private/var/folders/04/9p6f6bf54t3f5j_khcdj2jr40000gn/T/tmpfqwo0wkp/evidence/comparison.json"
}
test_download_validates_hash_before_installing_file (test_assets.ManifestAssetsTests.test_download_validates_hash_before_installing_file) ... ok
test_empty_download_is_not_a_complete_model (test_assets.ManifestAssetsTests.test_empty_download_is_not_a_complete_model) ... ok
test_group_and_paths_cannot_escape_manifest_scope (test_assets.ManifestAssetsTests.test_group_and_paths_cannot_escape_manifest_scope) ... ok
test_manifest_authority_is_the_unified_release_location (test_assets.ManifestAssetsTests.test_manifest_authority_is_the_unified_release_location)
A4: manifests live at docs/release/{group}/, not under platforms/. ... ok
test_qualified_reference_keeps_platform_and_sample_identity (test_assets.ManifestAssetsTests.test_qualified_reference_keeps_platform_and_sample_identity) ... ok
test_s_classification_does_not_invent_s100p_artifact (test_assets.ManifestAssetsTests.test_s_classification_does_not_invent_s100p_artifact) ... ok
test_truncated_http_response_is_not_installed_without_publisher_hash (test_assets.ManifestAssetsTests.test_truncated_http_response_is_not_installed_without_publisher_hash) ... ok
test_legacy_surface_is_consistent (test_classification.ClassificationResultTests.test_legacy_surface_is_consistent) ... ok
test_policy_legacy_softmax_matches_softmax_numerically (test_classification.ScorePolicyTests.test_policy_legacy_softmax_matches_softmax_numerically) ... ok
test_policy_none_preserves_raw_values_exactly (test_classification.ScorePolicyTests.test_policy_none_preserves_raw_values_exactly) ... ok
test_policy_softmax_applies_stable_softmax_before_topk (test_classification.ScorePolicyTests.test_policy_softmax_applies_stable_softmax_before_topk) ... ok
test_unknown_policy_is_a_visible_error (test_classification.ScorePolicyTests.test_unknown_policy_is_a_visible_error) ... ok
test_interleaved_sizes_keep_their_own_transforms (test_classification.StageIsolationTests.test_interleaved_sizes_keep_their_own_transforms) ... ok
test_predict_equals_explicit_three_stages (test_classification.StageIsolationTests.test_predict_equals_explicit_three_stages) ... ok
test_topk_from_logits_softmaxes (test_classification.TopKHelperTests.test_topk_from_logits_softmaxes) ... ok
test_topk_from_scores_softmax_false_preserves_raw (test_classification.TopKHelperTests.test_topk_from_scores_softmax_false_preserves_raw) ... ok
test_ambiguous_layout_raises (test_cls_binding.NormaliseScoreVectorTests.test_ambiguous_layout_raises) ... ok
test_x5_and_s_spellings_squeeze_to_the_same_vector (test_cls_binding.NormaliseScoreVectorTests.test_x5_and_s_spellings_squeeze_to_the_same_vector) ... ok
test_score_policies_are_the_declared_three (test_cls_binding.PolicyVocabularyTests.test_score_policies_are_the_declared_three) ... ok
test_variant_facts_accepts_the_mobileNet_fact_spellings (test_cls_binding.PolicyVocabularyTests.test_variant_facts_accepts_the_mobileNet_fact_spellings) ... ok
test_variant_facts_defaults_match_the_shared_classification_shape (test_cls_binding.PolicyVocabularyTests.test_variant_facts_defaults_match_the_shared_classification_shape) ... ok
test_from_mapping_keeps_multi_output_shapes (test_cls_binding.RuntimeMetadataRankTests.test_from_mapping_keeps_multi_output_shapes) ... ok
test_all_source_spellings_of_1000_bind (test_cls_binding.ScoreVectorShapeTests.test_all_source_spellings_of_1000_bind) ... ok
test_empty_and_invalid_shapes_are_rejected (test_cls_binding.ScoreVectorShapeTests.test_empty_and_invalid_shapes_are_rejected) ... ok
test_real_extra_dimension_is_rejected_not_flattened (test_cls_binding.ScoreVectorShapeTests.test_real_extra_dimension_is_rejected_not_flattened) ... ok
test_wrong_class_count_is_rejected (test_cls_binding.ScoreVectorShapeTests.test_wrong_class_count_is_rejected) ... ok
test_import_does_not_load_image_or_board_dependencies (test_image.NV12Tests.test_import_does_not_load_image_or_board_dependencies) ... ok
test_known_bgr_colors_preserve_limited_range_and_uv_order (test_image.NV12Tests.test_known_bgr_colors_preserve_limited_range_and_uv_order) ... ok
test_noncontiguous_image_matches_contiguous_pixels (test_image.NV12Tests.test_noncontiguous_image_matches_contiguous_pixels) ... ok
test_named_input_quants_survive_mapping_runtime_and_evidence (test_input_quant_metadata.InputQuantMetadataTests.test_named_input_quants_survive_mapping_runtime_and_evidence) ... ok
test_unsigned_source_tokens_normalize_without_accepting_unknown_widths (test_input_quant_metadata.InputQuantMetadataTests.test_unsigned_source_tokens_normalize_without_accepting_unknown_widths) ... ok
test_download_scripts_of_unified_samples_exist_on_disk (test_manifest_coverage.ManifestCoverageTests.test_download_scripts_of_unified_samples_exist_on_disk) ... FAIL
test_every_unified_sample_has_exact_manifest_rows (test_manifest_coverage.ManifestCoverageTests.test_every_unified_sample_has_exact_manifest_rows) ... ok
test_the_marker_glob_still_finds_the_pilots_and_b1 (test_manifest_coverage.ManifestCoverageTests.test_the_marker_glob_still_finds_the_pilots_and_b1) ... ok
test_unified_sample_rows_never_point_back_at_platforms (test_manifest_coverage.ManifestCoverageTests.test_unified_sample_rows_never_point_back_at_platforms) ... ok
test_canonical_outputs_satisfy_the_s_binding_allowed_set (test_native_signed_dtypes.FromRuntimeSignedPathTests.test_canonical_outputs_satisfy_the_s_binding_allowed_set) ... ok
test_enum_prefixed_string_mapping_path_canonicalises (test_native_signed_dtypes.FromRuntimeSignedPathTests.test_enum_prefixed_string_mapping_path_canonicalises) ... ok
test_evidence_runtime_yields_signed_int_outputs (test_native_signed_dtypes.FromRuntimeSignedPathTests.test_evidence_runtime_yields_signed_int_outputs) ... ok
test_evidence_shapes_survive_the_runtime_path (test_native_signed_dtypes.FromRuntimeSignedPathTests.test_evidence_shapes_survive_the_runtime_path) ... ok
test_bare_and_enum_prefixed_strings_canonicalise (test_native_signed_dtypes.SignedAliasTests.test_bare_and_enum_prefixed_strings_canonicalise) ... ok
test_enum_members_canonicalise_to_signed_ints (test_native_signed_dtypes.SignedAliasTests.test_enum_members_canonicalise_to_signed_ints) ... ok
test_existing_tokens_keep_their_canonical_forms (test_native_signed_dtypes.SignedAliasTests.test_existing_tokens_keep_their_canonical_forms) ... ok
test_lanenet_signed64_public_binary_output_tokens (test_native_signed_dtypes.SignedAliasTests.test_lanenet_signed64_public_binary_output_tokens) ... ok
test_named_only_objects_follow_the_name_attribute (test_native_signed_dtypes.SignedAliasTests.test_named_only_objects_follow_the_name_attribute) ... ok
test_signed_aliases_do_not_collide_with_unsigned (test_native_signed_dtypes.SignedAliasTests.test_signed_aliases_do_not_collide_with_unsigned) ... ok
test_unknown_tokens_return_verbatim_without_guessing (test_native_signed_dtypes.SignedAliasTests.test_unknown_tokens_return_verbatim_without_guessing) ... ok
test_s100p_base_url_raises_instead_of_guessing (test_platform_profile.ClassificationProfilesTests.test_s100p_base_url_raises_instead_of_guessing) ... ok
test_s100p_publishes_nothing_and_declares_that (test_platform_profile.ClassificationProfilesTests.test_s100p_publishes_nothing_and_declares_that) ... ok
test_s_profiles_match_hbm_subdirectory_delivery (test_platform_profile.ClassificationProfilesTests.test_s_profiles_match_hbm_subdirectory_delivery) ... ok
test_s_url_prefix_flows_into_artifact_urls (test_platform_profile.ClassificationProfilesTests.test_s_url_prefix_flows_into_artifact_urls) ... ok
test_standard_table_declares_exactly_four_platforms (test_platform_profile.ClassificationProfilesTests.test_standard_table_declares_exactly_four_platforms) ... ok
test_supports_cpp_flags_are_off_by_default_and_settable (test_platform_profile.ClassificationProfilesTests.test_supports_cpp_flags_are_off_by_default_and_settable) ... ok
test_x5_profile_matches_flat_bin_delivery (test_platform_profile.ClassificationProfilesTests.test_x5_profile_matches_flat_bin_delivery) ... ok
test_explicit_platform_name_resolves (test_platform_profile.ResolveProfileTests.test_explicit_platform_name_resolves) ... ok
test_none_arguments_raise_instead_of_falling_back (test_platform_profile.ResolveProfileTests.test_none_arguments_raise_instead_of_falling_back) ... ok
test_soc_name_maps_through_declared_socs (test_platform_profile.ResolveProfileTests.test_soc_name_maps_through_declared_socs) ... ok
test_unknown_platform_is_rejected_not_guessed (test_platform_profile.ResolveProfileTests.test_unknown_platform_is_rejected_not_guessed) ... ok
test_execution_requires_matching_actual_identity (test_platforms.TargetSelectionTests.test_execution_requires_matching_actual_identity) ... ok
test_explicit_preparation_does_not_read_host (test_platforms.TargetSelectionTests.test_explicit_preparation_does_not_read_host) ... ok
test_group_is_not_an_execution_target (test_platforms.TargetSelectionTests.test_group_is_not_an_execution_target) ... ok
test_known_identity_and_s100p_refinement (test_platforms.TargetSelectionTests.test_known_identity_and_s100p_refinement) ... ok
test_missing_board_info_is_unknown (test_platforms.TargetSelectionTests.test_missing_board_info_is_unknown) ... ok
test_observed_socinfo_x5u_is_exact_alias (test_platforms.TargetSelectionTests.test_observed_socinfo_x5u_is_exact_alias) ... ok
test_observed_x5_device_tree_is_fallback_only (test_platforms.TargetSelectionTests.test_observed_x5_device_tree_is_fallback_only) ... ok
test_unknown_soc_cannot_be_refined_into_known_board (test_platforms.TargetSelectionTests.test_unknown_soc_cannot_be_refined_into_known_board) ... ok
test_dequant_requires_descriptor_for_every_output (test_quantization.ApplyTransformTests.test_dequant_requires_descriptor_for_every_output) ... ok
test_dequant_returns_float32 (test_quantization.ApplyTransformTests.test_dequant_returns_float32) ... ok
test_raw_f32_ignores_vestigial_quant_descriptor (test_quantization.ApplyTransformTests.test_raw_f32_ignores_vestigial_quant_descriptor) ... ok
test_raw_f32_passthrough (test_quantization.ApplyTransformTests.test_raw_f32_passthrough) ... ok
test_raw_f32_rejects_integer_dtype (test_quantization.ApplyTransformTests.test_raw_f32_rejects_integer_dtype) ... ok
test_unknown_transform_name_is_rejected (test_quantization.ApplyTransformTests.test_unknown_transform_name_is_rejected) ... ok
test_mapping_form_dequantizes_each_output (test_quantization.DequantOutputsTests.test_mapping_form_dequantizes_each_output) ... ok
test_empty_per_channel_zero_point_is_symmetric (test_quantization.DequantTensorTests.test_empty_per_channel_zero_point_is_symmetric) ... ok
test_empty_zero_point_becomes_zero (test_quantization.DequantTensorTests.test_empty_zero_point_becomes_zero) ... ok
test_non_scale_quant_type_passes_through_unchanged (test_quantization.DequantTensorTests.test_non_scale_quant_type_passes_through_unchanged) ... ok
test_per_channel_dequantization_broadcasts_along_axis (test_quantization.DequantTensorTests.test_per_channel_dequantization_broadcasts_along_axis) ... ok
test_per_channel_single_zero_point_is_broadcast (test_quantization.DequantTensorTests.test_per_channel_single_zero_point_is_broadcast) ... ok
test_per_tensor_dequantization_matches_source_semantics (test_quantization.DequantTensorTests.test_per_tensor_dequantization_matches_source_semantics) ... ok
test_scalar_offset_can_change_segmentation_argmax (test_quantization.DequantTensorTests.test_scalar_offset_can_change_segmentation_argmax) ... ok
test_scalar_zero_point_broadcasts_on_non_last_axis (test_quantization.DequantTensorTests.test_scalar_zero_point_broadcasts_on_non_last_axis) ... ok
test_explicit_float64_retains_int32_differences_default_unchanged (test_quantization.DequantizationPrecisionTests.test_explicit_float64_retains_int32_differences_default_unchanged) ... ok
test_fixture_reproduces_the_board_asdict_failure (test_runtime_meta.MetadataEvidenceTests.test_fixture_reproduces_the_board_asdict_failure) ... ok
test_projection_accepts_mapping_metadata_for_host_seams (test_runtime_meta.MetadataEvidenceTests.test_projection_accepts_mapping_metadata_for_host_seams) ... ok
test_projection_has_no_side_effects_on_metadata_or_sdk_objects (test_runtime_meta.MetadataEvidenceTests.test_projection_has_no_side_effects_on_metadata_or_sdk_objects) ... ok
test_projection_keeps_extra_public_quant_attributes (test_runtime_meta.MetadataEvidenceTests.test_projection_keeps_extra_public_quant_attributes) ... ok
test_projection_preserves_tensor_facts_and_field_coverage (test_runtime_meta.MetadataEvidenceTests.test_projection_preserves_tensor_facts_and_field_coverage) ... ok
test_projection_rejects_unknown_objects_instead_of_stringifying (test_runtime_meta.MetadataEvidenceTests.test_projection_rejects_unknown_objects_instead_of_stringifying) ... ok
test_projection_survives_deepcopy_hostile_quants_and_dumps_strictly (test_runtime_meta.MetadataEvidenceTests.test_projection_survives_deepcopy_hostile_quants_and_dumps_strictly) ... ok
test_dtype_tokens_are_canonicalised (test_runtime_meta.RuntimeMetaTests.test_dtype_tokens_are_canonicalised) ... ok
test_flat_quant_mapping_is_keyed_by_output_name (test_runtime_meta.RuntimeMetaTests.test_flat_quant_mapping_is_keyed_by_output_name) ... ok
test_mapping_selection_must_match_reported_models (test_runtime_meta.RuntimeMetaTests.test_mapping_selection_must_match_reported_models) ... ok
test_multi_model_runtime_requires_explicit_selection (test_runtime_meta.RuntimeMetaTests.test_multi_model_runtime_requires_explicit_selection) ... ok
test_selected_model_slices_nested_attributes (test_runtime_meta.RuntimeMetaTests.test_selected_model_slices_nested_attributes) ... ok
test_single_model_runtime_keeps_implicit_selection (test_runtime_meta.RuntimeMetaTests.test_single_model_runtime_keeps_implicit_selection) ... ok
test_unknown_model_selection_is_rejected (test_runtime_meta.RuntimeMetaTests.test_unknown_model_selection_is_rejected) ... ok
test_all_eight_pairs_and_external_paths (test_sam_binding.SAMBindingTests.test_all_eight_pairs_and_external_paths) ... ok
test_binding_rechecks_publication_facts (test_sam_binding.SAMBindingTests.test_binding_rechecks_publication_facts) ... ok
test_both_models_bind_before_execution_and_failure_is_named (test_sam_binding.SAMBindingTests.test_both_models_bind_before_execution_and_failure_is_named) ... ok
test_bound_metadata_is_an_immutable_snapshot (test_sam_binding.SAMBindingTests.test_bound_metadata_is_an_immutable_snapshot) ... ok
test_container_adaptation_and_raw_outputs_unchanged (test_sam_binding.SAMBindingTests.test_container_adaptation_and_raw_outputs_unchanged) ... ok
test_lazy_identity_gate_precedes_factory (test_sam_binding.SAMBindingTests.test_lazy_identity_gate_precedes_factory) ... ok
test_native_dtype_protocols_and_target_box_shapes (test_sam_binding.SAMBindingTests.test_native_dtype_protocols_and_target_box_shapes) ... ok
test_runtime_output_must_match_bound_metadata_not_reshape (test_sam_binding.SAMBindingTests.test_runtime_output_must_match_bound_metadata_not_reshape) ... ok
test_scalar_priority_never_reaches_the_native_protocol (test_sam_binding.SAMBindingTests.test_scalar_priority_never_reaches_the_native_protocol)
X5 board evidence 2026-09-24: native set_scheduling_params takes Mappings only. ... ok
test_scheduling_is_applied_to_both_and_rejects_invalid_requests (test_sam_binding.SAMBindingTests.test_scheduling_is_applied_to_both_and_rejects_invalid_requests) ... ok
test_tensor_validation_is_pure_strict_and_finite (test_sam_binding.SAMBindingTests.test_tensor_validation_is_pure_strict_and_finite) ... ok
test_unknown_ambiguous_or_invalid_metadata_rejected (test_sam_binding.SAMBindingTests.test_unknown_ambiguous_or_invalid_metadata_rejected) ... ok
test_all_four_calibration_groups_match_source_values (test_sam_conversion_regression.SAMConversionRegressionTests.test_all_four_calibration_groups_match_source_values) ... ok
test_all_four_decoder_calibration_groups_match_source_values (test_sam_conversion_regression.SAMConversionRegressionTests.test_all_four_decoder_calibration_groups_match_source_values) ... ok
test_s_dump_embedding_matches_source_and_checks_preprocess_and_raw_save (test_sam_conversion_regression.SAMConversionRegressionTests.test_s_dump_embedding_matches_source_and_checks_preprocess_and_raw_save) ... ok
test_board_cli_passes_without_file_digest (test_sam_evaluator.Python310FileDigestCompatTests.test_board_cli_passes_without_file_digest)
The exact board failure shape (missing file_digest) must complete with rc 0. ... ok
test_board_cli_reports_comparison_failure_as_one (test_sam_evaluator.Python310FileDigestCompatTests.test_board_cli_reports_comparison_failure_as_one)
Completed runs with a failed check still exit 1 with full evidence. ... ok
test_cli_maps_execution_exception_to_error_code_two (test_sam_evaluator.Python310FileDigestCompatTests.test_cli_maps_execution_exception_to_error_code_two)
README contract: execution failure exits 2, not an unhandled traceback. ... ok
test_digest_matches_known_sha256_without_file_digest (test_sam_evaluator.Python310FileDigestCompatTests.test_digest_matches_known_sha256_without_file_digest)
Digests stay correct on 3.10: empty file, FIPS vectors and block boundaries. ... ok
test_execution_exception_after_capture_keeps_evidence (test_sam_evaluator.Python310FileDigestCompatTests.test_execution_exception_after_capture_keeps_evidence)
An unexpected exception mid-run keeps captured arrays and exits 2. ... error: AttributeError: simulated SDK failure
ok
test_all_four_source_paths_with_full_evidence (test_sam_evaluator.SAMEvaluatorTests.test_all_four_source_paths_with_full_evidence) ... ok
test_dtype_or_mask_mismatch_is_saved_and_fails (test_sam_evaluator.SAMEvaluatorTests.test_dtype_or_mask_mismatch_is_saved_and_fails) ... ok
test_metadata_evidence_survives_copy_hostile_board_quant_params (test_sam_evaluator.SAMEvaluatorTests.test_metadata_evidence_survives_copy_hostile_board_quant_params)
The old asdict() metadata snapshot raised TypeError on the real board. ... ok
test_missing_model_error_keeps_requested_evidence_record (test_sam_evaluator.SAMEvaluatorTests.test_missing_model_error_keeps_requested_evidence_record) ... ok
test_parser_defaults_and_no_implicit_target (test_sam_evaluator.SAMEvaluatorTests.test_parser_defaults_and_no_implicit_target) ... ok
test_runtime_mask_regression_retains_failed_full_capture (test_sam_evaluator.SAMEvaluatorTests.test_runtime_mask_regression_retains_failed_full_capture) ... ok
test_s100_helper_mapping_and_explicit_control_both_apply (test_sam_evaluator.SchedulingControlTests.test_s100_helper_mapping_and_explicit_control_both_apply)
S100: source helper mapping succeeds and explicit control re-applies it. ... ok
test_x5_explicit_bpu_cores_rejected_before_evidence_or_native_calls (test_sam_evaluator.SchedulingControlTests.test_x5_explicit_bpu_cores_rejected_before_evidence_or_native_calls)
X5 core-selection rejection stays ahead of any scheduling native call. ... ok
test_x5_source_helper_scalar_rejection_and_explicit_control_recorded (test_sam_evaluator.SchedulingControlTests.test_x5_source_helper_scalar_rejection_and_explicit_control_recorded)
X5: helper's scalar call is rejected+swallowed; evaluator control is explicit. ... ok
test_all_eight_pair_bindings_are_usable (test_sam_stages.SAMStageTests.test_all_eight_pair_bindings_are_usable) ... ok
test_decoder_box_shape_follows_x5_or_s_metadata (test_sam_stages.SAMStageTests.test_decoder_box_shape_follows_x5_or_s_metadata) ... ok
test_efficient_decoder_rejects_unsupported_runtime_box (test_sam_stages.SAMStageTests.test_efficient_decoder_rejects_unsupported_runtime_box) ... ok
test_encoder_post_casts_owned_and_keeps_raw_identity (test_sam_stages.SAMStageTests.test_encoder_post_casts_owned_and_keeps_raw_identity) ... ok
test_explicit_stage_chain_equals_predict_for_a_b_a_contexts (test_sam_stages.SAMStageTests.test_explicit_stage_chain_equals_predict_for_a_b_a_contexts) ... ok
test_forward_rejects_wrong_dtype_nonfinite_and_preserves_valid_arrays (test_sam_stages.SAMStageTests.test_forward_rejects_wrong_dtype_nonfinite_and_preserves_valid_arrays) ... ok
test_four_source_postprocess_paths_match_threshold_and_resize (test_sam_stages.SAMStageTests.test_four_source_postprocess_paths_match_threshold_and_resize) ... ok
test_four_source_preprocess_paths_match_exactly (test_sam_stages.SAMStageTests.test_four_source_preprocess_paths_match_exactly) ... ok
test_pipeline_attributes_encoder_and_decoder_failures (test_sam_stages.SAMStageTests.test_pipeline_attributes_encoder_and_decoder_failures) ... ok
test_sample_pipelines_are_thin_shared_wrappers (test_sam_stages.SAMStageTests.test_sample_pipelines_are_thin_shared_wrappers) ... ok
test_sample_wrappers_fix_public_prompt_and_binding (test_sam_stages.SAMStageTests.test_sample_wrappers_fix_public_prompt_and_binding) ... ok
test_rejects_missing_extra_wrong_type_shape_and_nonfinite_auxiliary (test_single_array_runner.NamedArrayRunnerTests.test_rejects_missing_extra_wrong_type_shape_and_nonfinite_auxiliary) ... ok
test_returns_owned_raw_arrays_without_order_or_decode_assumptions (test_single_array_runner.NamedArrayRunnerTests.test_returns_owned_raw_arrays_without_order_or_decode_assumptions) ... ok
test_bad_outputs_rejected_without_decoding (test_single_array_runner.SingleArrayRunnerTests.test_bad_outputs_rejected_without_decoding) ... ok
test_binding_failure_discards_runtime (test_single_array_runner.SingleArrayRunnerTests.test_binding_failure_discards_runtime) ... ok
test_invalid_inputs_never_reach_runtime (test_single_array_runner.SingleArrayRunnerTests.test_invalid_inputs_never_reach_runtime) ... ok
test_physical_input_differs_from_logical_metadata (test_single_array_runner.SingleArrayRunnerTests.test_physical_input_differs_from_logical_metadata) ... ok
test_real_loading_checks_identity_and_artifact_before_sdk (test_single_array_runner.SingleArrayRunnerTests.test_real_loading_checks_identity_and_artifact_before_sdk) ... ok
test_scheduling_none_is_noop_and_values_are_scoped (test_single_array_runner.SingleArrayRunnerTests.test_scheduling_none_is_noop_and_values_are_scoped) ... ok
test_two_named_physical_inputs_feed_one_raw_array (test_single_array_runner.SplitInputArrayRunnerTests.test_two_named_physical_inputs_feed_one_raw_array) ... ok
test_aggregate_cer_is_micro_not_mean (test_text_metrics.TextMetricTests.test_aggregate_cer_is_micro_not_mean) ... ok
test_no_hidden_normalization_and_invalid_rows (test_text_metrics.TextMetricTests.test_no_hidden_normalization_and_invalid_rows) ... ok
test_operations_and_unicode (test_text_metrics.TextMetricTests.test_operations_and_unicode) ... ok
test_calibration_matches_runtime_pixels (test_yoloe26_decode.YoloE26Kernels.test_calibration_matches_runtime_pixels) ... ok
test_letterbox_source_pixels_and_actual_integer_geometry (test_yoloe26_decode.YoloE26Kernels.test_letterbox_source_pixels_and_actual_integer_geometry) ... ok
test_masks_match_source_on_exact_scale_and_own_data (test_yoloe26_decode.YoloE26Kernels.test_masks_match_source_on_exact_scale_and_own_data) ... ok
test_metadata_dimensions_are_integers (test_yoloe26_decode.YoloE26Kernels.test_metadata_dimensions_are_integers) ... ok
test_nonfinite_raw_rejection (test_yoloe26_decode.YoloE26Kernels.test_nonfinite_raw_rejection) ... ok
test_nontrivial_mask_interpolation_matches_source (test_yoloe26_decode.YoloE26Kernels.test_nontrivial_mask_interpolation_matches_source) ... ok
test_rounded_inverse_uses_recorded_scales_and_rejects_bad_shapes (test_yoloe26_decode.YoloE26Kernels.test_rounded_inverse_uses_recorded_scales_and_rejects_bad_shapes) ... ok
test_source_topk_single_and_multiple_labels_no_nms (test_yoloe26_decode.YoloE26Kernels.test_source_topk_single_and_multiple_labels_no_nms) ... ok
test_threshold_empty_and_strict_options (test_yoloe26_decode.YoloE26Kernels.test_threshold_empty_and_strict_options) ... ok

======================================================================
FAIL: test_download_scripts_of_unified_samples_exist_on_disk (test_manifest_coverage.ManifestCoverageTests.test_download_scripts_of_unified_samples_exist_on_disk)
----------------------------------------------------------------------
Traceback (most recent call last):
  File "/Users/Max/Workspace/company/development/RDK_MODEL_ZOO/rdk-b7-board-integration/samples/_shared/tests/test_manifest_coverage.py", line 81, in test_download_scripts_of_unified_samples_exist_on_disk
    self.assertEqual(
    ~~~~~~~~~~~~~~~~^
        missing, [], "manifest lists download scripts that are not on disk"
        ^^^^^^^^^^^^^^^^^^^^^^^^^^^^^^^^^^^^^^^^^^^^^^^^^^^^^^^^^^^^^^^^^^^
    )
    ^
AssertionError: Lists differ: ['s:paraformer -> samples/speech/paraformer/model/download_model.sh'] != []

First list contains 1 additional elements.
First extra element 0:
's:paraformer -> samples/speech/paraformer/model/download_model.sh'

- ['s:paraformer -> samples/speech/paraformer/model/download_model.sh']
+ [] : manifest lists download scripts that are not on disk

----------------------------------------------------------------------
Ran 156 tests in 0.716s

FAILED (failures=1)
