[  6%] Built target yoloe_preflight
[ 13%] Built target yoloe_core
[ 22%] Built target test_float_heads
[ 22%] Built target test_e11_decode
[ 31%] Built target test_e26_decode
[ 31%] Built target test_geometry
[ 40%] Built target test_preflight
[ 40%] Built target identity_probe
[ 50%] Built target test_pipeline
[ 50%] Built target test_image_ops
[ 54%] Built target input_probe
[ 56%] Building CXX object tests/CMakeFiles/test_sdk_runner_x5.dir/test_sdk_runner.cc.o
[ 59%] Building CXX object tests/CMakeFiles/test_sdk_runner_ucp.dir/test_sdk_runner.cc.o
[ 61%] Building CXX object tests/CMakeFiles/test_sdk_runner_x5.dir/__/src/sdk_runner.cpp.o
[ 63%] Building CXX object tests/CMakeFiles/test_sdk_runner_ucp.dir/__/src/sdk_runner.cpp.o
[ 68%] Building CXX object tests/CMakeFiles/test_sdk_runner_x5.dir/Users/Max/Workspace/company/development/RDK_MODEL_ZOO/rdk-b7-board-integration/samples/vision/ultralytics_yolo/runtime/cpp/common/dnn_io.cc.o
[ 68%] Building CXX object tests/CMakeFiles/test_sdk_runner_ucp.dir/Users/Max/Workspace/company/development/RDK_MODEL_ZOO/rdk-b7-board-integration/samples/vision/ultralytics_yolo/runtime/cpp/common/dnn_io.cc.o
[ 72%] Linking CXX executable test_sdk_runner_ucp
[ 72%] Linking CXX executable test_sdk_runner_x5
[ 72%] Built target test_sdk_runner_ucp
[ 72%] Built target test_sdk_runner_x5
[ 81%] Built target test_cli_io
[ 95%] Built target yoloe_cli_fixture
[100%] Built target mask_probe
