{
  "local_links": 100,
  "parser_commands": [
    {
      "page": "samples/vision/diffusiondrive/README.md",
      "argv": [
        "python3",
        "-m",
        "samples.vision.diffusiondrive.runtime.python.main",
        "--list-models"
      ]
    },
    {
      "page": "samples/vision/diffusiondrive/README.md",
      "argv": [
        "python3",
        "-m",
        "samples.vision.diffusiondrive.runtime.python.main",
        "--target",
        "s600",
        "--dry-run"
      ]
    },
    {
      "page": "samples/vision/diffusiondrive/README.md",
      "argv": [
        "bash",
        "samples/vision/diffusiondrive/model/download.sh",
        "--target",
        "s600"
      ]
    },
    {
      "page": "samples/vision/diffusiondrive/README.md",
      "argv": [
        "bash",
        "samples/vision/diffusiondrive/runtime/python/run.sh",
        "--target",
        "s600",
        "--output",
        "outputs/diffusiondrive"
      ]
    },
    {
      "page": "samples/vision/diffusiondrive/README.md",
      "argv": [
        "bash",
        "samples/vision/diffusiondrive/runtime/python/run_all_cases.sh",
        "--target",
        "s600",
        "--output",
        "outputs/diffusiondrive_cases"
      ]
    },
    {
      "page": "samples/vision/diffusiondrive/evaluator/README.md",
      "argv": [
        "python3",
        "-m",
        "samples.vision.diffusiondrive.evaluator.compare_outputs",
        "--reference-npz",
        "samples/vision/diffusiondrive/test_data/reference_outputs.npz",
        "--board-npz",
        "outputs/diffusiondrive/outputs.npz",
        "--output",
        "outputs/diffusiondrive-comparison.json"
      ]
    },
    {
      "page": "samples/vision/diffusiondrive/evaluator/README.md",
      "argv": [
        "python3",
        "-m",
        "samples.vision.diffusiondrive.evaluator.compare_outputs",
        "--reference-npz",
        "samples/vision/diffusiondrive/test_data/case_017/reference_outputs.npz",
        "--candidate-npz",
        "outputs/diffusiondrive_cases/case_017/outputs.npz",
        "--output",
        "outputs/diffusiondrive-case017-comparison.json"
      ]
    },
    {
      "page": "samples/vision/diffusiondrive/model/README.md",
      "argv": [
        "bash",
        "samples/vision/diffusiondrive/model/download.sh",
        "--target",
        "s100p"
      ]
    },
    {
      "page": "samples/vision/diffusiondrive/model/README.md",
      "argv": [
        "bash",
        "samples/vision/diffusiondrive/model/download.sh",
        "--target",
        "s600"
      ]
    },
    {
      "page": "samples/vision/diffusiondrive/model/README.md",
      "argv": [
        "python3",
        "-m",
        "samples.vision.diffusiondrive.model.download",
        "--target",
        "s600",
        "--output-dir",
        "/data/diffusiondrive-models"
      ]
    },
    {
      "page": "samples/vision/diffusiondrive/model/README.md",
      "argv": [
        "python3",
        "-m",
        "samples.vision.diffusiondrive.runtime.python.main",
        "--target",
        "s600",
        "--asset-id",
        "s:diffusiondrive:s600/diffusiondrive_r34_256x1024_s600.hbm",
        "--model-path",
        "/data/diffusiondrive-models/s600/diffusiondrive_r34_256x1024_s600.hbm",
        "--dry-run"
      ]
    },
    {
      "page": "samples/vision/diffusiondrive/runtime/python/README.md",
      "argv": [
        "python3",
        "-m",
        "samples.vision.diffusiondrive.runtime.python.main",
        "--target",
        "s600",
        "--dry-run"
      ]
    },
    {
      "page": "samples/vision/diffusiondrive/runtime/python/README.md",
      "argv": [
        "bash",
        "samples/vision/diffusiondrive/runtime/python/run.sh",
        "--target",
        "s600",
        "--input-npz",
        "samples/vision/diffusiondrive/test_data/case_017/inputs.npz",
        "--output",
        "outputs/diffusiondrive_case017"
      ]
    },
    {
      "page": "samples/vision/diffusiondrive/runtime/python/README.md",
      "argv": [
        "bash",
        "samples/vision/diffusiondrive/runtime/python/run_all_cases.sh",
        "--target",
        "s100p",
        "--output",
        "outputs/diffusiondrive_cases",
        "--dry-run"
      ]
    },
    {
      "page": "samples/vision/diffusiondrive/runtime/python/README.md",
      "argv": [
        "bash",
        "samples/vision/diffusiondrive/runtime/python/run_all_cases.sh",
        "--target",
        "s100p",
        "--output",
        "outputs/diffusiondrive_cases"
      ]
    },
    {
      "page": "samples/vision/diffusiondrive/test_data/README.md",
      "argv": [
        "python3",
        "-m",
        "samples.vision.diffusiondrive.runtime.python.main",
        "--target",
        "s600",
        "--input-npz",
        "samples/vision/diffusiondrive/test_data/case_017/inputs.npz",
        "--output",
        "outputs/diffusiondrive_case017"
      ]
    },
    {
      "page": "samples/vision/diffusiondrive/test_data/README.md",
      "argv": [
        "bash",
        "samples/vision/diffusiondrive/runtime/python/run_all_cases.sh",
        "--target",
        "s600",
        "--output",
        "outputs/diffusiondrive_cases"
      ]
    }
  ],
  "api_fixture_runs": [
    "samples/vision/diffusiondrive/runtime/python/README.md",
    "samples/vision/diffusiondrive/runtime/python/README_cn.md"
  ],
  "external_commands_not_executed": [
    {
      "page": "samples/vision/diffusiondrive/conversion/README.md",
      "argv": [
        "cd",
        "samples/vision/diffusiondrive/conversion"
      ],
      "executed": false
    },
    {
      "page": "samples/vision/diffusiondrive/conversion/README.md",
      "argv": [
        "hb_compile",
        "-c",
        "configs/diffusiondrive_r34_256x1024_s600.yaml"
      ],
      "executed": false
    },
    {
      "page": "samples/vision/diffusiondrive/conversion/README.md",
      "argv": [
        "hb_compile",
        "-c",
        "configs/diffusiondrive_r34_256x1024_s100p.yaml"
      ],
      "executed": false
    },
    {
      "page": "samples/vision/diffusiondrive/conversion/README.md",
      "argv": [
        "hrt_model_exec",
        "model_info",
        "--model_file",
        "build/s600/hbm/diffusiondrive_r34_256x1024_s600.hbm"
      ],
      "executed": false
    },
    {
      "page": "samples/vision/diffusiondrive/conversion/README.md",
      "argv": [
        "hrt_model_exec",
        "model_info",
        "--model_file",
        "build/s100p/hbm/diffusiondrive_r34_256x1024_s100p.hbm"
      ],
      "executed": false
    },
    {
      "page": "samples/vision/diffusiondrive/conversion/README.md",
      "argv": [
        "hrt_model_exec",
        "perf",
        "--model_file",
        "build/s600/hbm/diffusiondrive_r34_256x1024_s600.hbm",
        "--thread_num",
        "1",
        "--core_id",
        "1",
        "--input_file",
        "camera.bin,lidar.bin,status.bin,noise.bin"
      ],
      "executed": false
    },
    {
      "page": "samples/vision/diffusiondrive/conversion/README.md",
      "argv": [
        "hrt_model_exec",
        "perf",
        "--model_file",
        "build/s600/hbm/diffusiondrive_r34_256x1024_s600.hbm",
        "--thread_num",
        "2",
        "--core_id",
        "1",
        "--input_file",
        "camera.bin,lidar.bin,status.bin,noise.bin"
      ],
      "executed": false
    },
    {
      "page": "samples/vision/diffusiondrive/conversion/README.md",
      "argv": [
        "hrt_model_exec",
        "perf",
        "--model_file",
        "build/s100p/hbm/diffusiondrive_r34_256x1024_s100p.hbm",
        "--thread_num",
        "1",
        "--core_id",
        "1",
        "--input_file",
        "camera.bin,lidar.bin,status.bin,noise.bin"
      ],
      "executed": false
    },
    {
      "page": "samples/vision/diffusiondrive/conversion/README.md",
      "argv": [
        "hrt_model_exec",
        "perf",
        "--model_file",
        "build/s100p/hbm/diffusiondrive_r34_256x1024_s100p.hbm",
        "--thread_num",
        "2",
        "--core_id",
        "1",
        "--input_file",
        "camera.bin,lidar.bin,status.bin,noise.bin"
      ],
      "executed": false
    }
  ],
  "real_sdk": "not-run",
  "board": "not-run"
}
