..................................................................................................................error: AttributeError: simulated SDK failure
..............................
----------------------------------------------------------------------
Ran 144 tests in 0.706s

OK
Wrote 20 calibration files to /var/folders/04/9p6f6bf54t3f5j_khcdj2jr40000gn/T/sam-calibration-0s5jzolk/source
Wrote 20 calibration files to /var/folders/04/9p6f6bf54t3f5j_khcdj2jr40000gn/T/sam-calibration-0s5jzolk/unified/calibration_data_rgbchw_512
Wrote 20 calibration files to /var/folders/04/9p6f6bf54t3f5j_khcdj2jr40000gn/T/sam-calibration-k0j9fogf/source/batched_images
Wrote 20 calibration files to /var/folders/04/9p6f6bf54t3f5j_khcdj2jr40000gn/T/sam-calibration-k0j9fogf/unified/batched_images
Wrote 1 calibration tensors to /var/folders/04/9p6f6bf54t3f5j_khcdj2jr40000gn/T/sam-calibration-prbidjx3/source
Wrote 1 calibration tensors to /var/folders/04/9p6f6bf54t3f5j_khcdj2jr40000gn/T/sam-calibration-prbidjx3/unified/calibration_data_norm_512
Wrote 1 calibration tensors to /var/folders/04/9p6f6bf54t3f5j_khcdj2jr40000gn/T/sam-calibration-x2hk4j3g/source/normalized_images
Wrote 1 calibration tensors to /var/folders/04/9p6f6bf54t3f5j_khcdj2jr40000gn/T/sam-calibration-x2hk4j3g/unified/normalized_images
Wrote 4 embeddings to /var/folders/04/9p6f6bf54t3f5j_khcdj2jr40000gn/T/sam-decoder-calibration-aaspq09k/source/calibration_embeddings
Wrote 4 embeddings to /var/folders/04/9p6f6bf54t3f5j_khcdj2jr40000gn/T/sam-decoder-calibration-aaspq09k/unified/calibration_embeddings
Wrote 4 embeddings to /var/folders/04/9p6f6bf54t3f5j_khcdj2jr40000gn/T/sam-decoder-calibration-0_9l9g1p/source/image_embeddings
Wrote 4 embeddings to /var/folders/04/9p6f6bf54t3f5j_khcdj2jr40000gn/T/sam-decoder-calibration-0_9l9g1p/unified/image_embeddings
Wrote 4 embeddings to /var/folders/04/9p6f6bf54t3f5j_khcdj2jr40000gn/T/sam-decoder-calibration-u08wsqhq/source/calibration_embeddings
Wrote 4 boxes to /var/folders/04/9p6f6bf54t3f5j_khcdj2jr40000gn/T/sam-decoder-calibration-u08wsqhq/source/calibration_boxes
Wrote 4 embeddings to /var/folders/04/9p6f6bf54t3f5j_khcdj2jr40000gn/T/sam-decoder-calibration-u08wsqhq/unified/calibration_embeddings
Wrote 4 boxes to /var/folders/04/9p6f6bf54t3f5j_khcdj2jr40000gn/T/sam-decoder-calibration-u08wsqhq/unified/calibration_boxes
Wrote 4 embeddings to /var/folders/04/9p6f6bf54t3f5j_khcdj2jr40000gn/T/sam-decoder-calibration-fyu1c2ki/source/image_embeddings
Wrote 4 boxes to /var/folders/04/9p6f6bf54t3f5j_khcdj2jr40000gn/T/sam-decoder-calibration-fyu1c2ki/source/boxes
Wrote 4 embeddings to /var/folders/04/9p6f6bf54t3f5j_khcdj2jr40000gn/T/sam-decoder-calibration-fyu1c2ki/unified/image_embeddings
Wrote 4 boxes to /var/folders/04/9p6f6bf54t3f5j_khcdj2jr40000gn/T/sam-decoder-calibration-fyu1c2ki/unified/boxes
Wrote /var/folders/04/9p6f6bf54t3f5j_khcdj2jr40000gn/T/sam-dump-bqjx4cod/source.bin (shape (1, 256, 32, 32), dtype float32)
Wrote /var/folders/04/9p6f6bf54t3f5j_khcdj2jr40000gn/T/sam-dump-bqjx4cod/unified.bin (shape (1, 256, 32, 32), dtype float32)
Wrote /var/folders/04/9p6f6bf54t3f5j_khcdj2jr40000gn/T/sam-dump-_2gawkur/source.bin (shape (1, 256, 32, 32), dtype float32)
Wrote /var/folders/04/9p6f6bf54t3f5j_khcdj2jr40000gn/T/sam-dump-_2gawkur/unified.bin (shape (1, 256, 32, 32), dtype float32)
{
  "passed": true,
  "checks": {
    "inputs_equal": true,
    "raw_close": true,
    "mask_equal": true,
    "mask_index_equal": true,
    "iou_close": true,
    "low_res_close": true
  },
  "evidence": "/private/var/folders/04/9p6f6bf54t3f5j_khcdj2jr40000gn/T/tmp3148w3t4/evidence/comparison.json"
}
{
  "passed": true,
  "checks": {
    "inputs_equal": true,
    "raw_close": true,
    "mask_equal": true,
    "mask_index_equal": true,
    "iou_close": true,
    "low_res_close": true
  },
  "evidence": "/private/var/folders/04/9p6f6bf54t3f5j_khcdj2jr40000gn/T/tmpetcw9gor/evidence/comparison.json"
}
{
  "passed": false,
  "checks": {
    "inputs_equal": true,
    "raw_close": false,
    "mask_equal": false,
    "mask_index_equal": false,
    "iou_close": true,
    "low_res_close": false
  },
  "evidence": "/private/var/folders/04/9p6f6bf54t3f5j_khcdj2jr40000gn/T/tmppc4jp6j2/evidence/comparison.json"
}
