FF.
======================================================================
FAIL: test_collision_and_bad_features_fail_before_runtime (test_cli.CliTests.test_collision_and_bad_features_fail_before_runtime)
----------------------------------------------------------------------
Traceback (most recent call last):
  File "/Users/Max/Workspace/company/development/RDK_MODEL_ZOO/rdk-b7-board-integration/samples/vision/diffusiondrive/tests/test_cli.py", line 49, in test_collision_and_bad_features_fail_before_runtime
    runner.assert_not_called()
    ~~~~~~~~~~~~~~~~~~~~~~~~^^
  File "/opt/homebrew/Cellar/python@3.14/3.14.7/Frameworks/Python.framework/Versions/3.14/lib/python3.14/unittest/mock.py", line 947, in assert_not_called
    raise AssertionError(msg)
AssertionError: Expected 'RuntimeModelRunner' to not have been called. Called 1 times.
Calls: [call(ModelSelection(target='s600', asset=Asset(group='s', sample_id='diffusiondrive', filename='s600/diffusiondrive_r34_256x1024_s600.hbm', format='hbm', url='https://archive.d-robotics.cc/downloads/rdk_model_zoo/rdk_s100/diffusiondrive/diffusiondrive_r34_256x1024_s600.hbm', sha256='78605b5aaa573fbaa2bf4788c6c8922bcab39d90c195e264aa3a8d3a78321c53'), model_path=PosixPath('/Users/Max/Workspace/company/development/RDK_MODEL_ZOO/rdk-b7-board-integration/samples/vision/diffusiondrive/model/s600/diffusiondrive_r34_256x1024_s600.hbm'), explicit_model_path=False)),
 call().load(),
 call().set_scheduling_params(priority=0, bpu_cores=[0]),
 call().load().input_transforms.__iter__()].

======================================================================
FAIL: test_full_cli_archives_inputs_raw_outputs_and_metadata (test_cli.CliTests.test_full_cli_archives_inputs_raw_outputs_and_metadata)
----------------------------------------------------------------------
Traceback (most recent call last):
  File "/Users/Max/Workspace/company/development/RDK_MODEL_ZOO/rdk-b7-board-integration/samples/vision/diffusiondrive/tests/test_cli.py", line 41, in test_full_cli_archives_inputs_raw_outputs_and_metadata
    self.assertTrue((p/'extra.jpg').read_bytes().startswith(b'\xff\xd8'))
    ~~~~~~~~~~~~~~~^^^^^^^^^^^^^^^^^^^^^^^^^^^^^^^^^^^^^^^^^^^^^^^^^^^^^^
AssertionError: False is not true

----------------------------------------------------------------------
Ran 3 tests in 0.132s

FAILED (failures=2)
