
SUITE samples/_shared/tests
..................................................................................................................error: AttributeError: simulated SDK failure
..............................
----------------------------------------------------------------------
Ran 144 tests in 0.655s

OK
Wrote 20 calibration files to /var/folders/04/9p6f6bf54t3f5j_khcdj2jr40000gn/T/sam-calibration-2a9et0_0/source
Wrote 20 calibration files to /var/folders/04/9p6f6bf54t3f5j_khcdj2jr40000gn/T/sam-calibration-2a9et0_0/unified/calibration_data_rgbchw_512
Wrote 20 calibration files to /var/folders/04/9p6f6bf54t3f5j_khcdj2jr40000gn/T/sam-calibration-zwp3e_5l/source/batched_images
Wrote 20 calibration files to /var/folders/04/9p6f6bf54t3f5j_khcdj2jr40000gn/T/sam-calibration-zwp3e_5l/unified/batched_images
Wrote 1 calibration tensors to /var/folders/04/9p6f6bf54t3f5j_khcdj2jr40000gn/T/sam-calibration-_m4sukmf/source
Wrote 1 calibration tensors to /var/folders/04/9p6f6bf54t3f5j_khcdj2jr40000gn/T/sam-calibration-_m4sukmf/unified/calibration_data_norm_512
Wrote 1 calibration tensors to /var/folders/04/9p6f6bf54t3f5j_khcdj2jr40000gn/T/sam-calibration-1e8lc6ia/source/normalized_images
Wrote 1 calibration tensors to /var/folders/04/9p6f6bf54t3f5j_khcdj2jr40000gn/T/sam-calibration-1e8lc6ia/unified/normalized_images
Wrote 4 embeddings to /var/folders/04/9p6f6bf54t3f5j_khcdj2jr40000gn/T/sam-decoder-calibration-8yizqfir/source/calibration_embeddings
Wrote 4 embeddings to /var/folders/04/9p6f6bf54t3f5j_khcdj2jr40000gn/T/sam-decoder-calibration-8yizqfir/unified/calibration_embeddings
Wrote 4 embeddings to /var/folders/04/9p6f6bf54t3f5j_khcdj2jr40000gn/T/sam-decoder-calibration-24h1wsv1/source/image_embeddings
Wrote 4 embeddings to /var/folders/04/9p6f6bf54t3f5j_khcdj2jr40000gn/T/sam-decoder-calibration-24h1wsv1/unified/image_embeddings
Wrote 4 embeddings to /var/folders/04/9p6f6bf54t3f5j_khcdj2jr40000gn/T/sam-decoder-calibration-m0pe16bp/source/calibration_embeddings
Wrote 4 boxes to /var/folders/04/9p6f6bf54t3f5j_khcdj2jr40000gn/T/sam-decoder-calibration-m0pe16bp/source/calibration_boxes
Wrote 4 embeddings to /var/folders/04/9p6f6bf54t3f5j_khcdj2jr40000gn/T/sam-decoder-calibration-m0pe16bp/unified/calibration_embeddings
Wrote 4 boxes to /var/folders/04/9p6f6bf54t3f5j_khcdj2jr40000gn/T/sam-decoder-calibration-m0pe16bp/unified/calibration_boxes
Wrote 4 embeddings to /var/folders/04/9p6f6bf54t3f5j_khcdj2jr40000gn/T/sam-decoder-calibration-f0b11l9c/source/image_embeddings
Wrote 4 boxes to /var/folders/04/9p6f6bf54t3f5j_khcdj2jr40000gn/T/sam-decoder-calibration-f0b11l9c/source/boxes
Wrote 4 embeddings to /var/folders/04/9p6f6bf54t3f5j_khcdj2jr40000gn/T/sam-decoder-calibration-f0b11l9c/unified/image_embeddings
Wrote 4 boxes to /var/folders/04/9p6f6bf54t3f5j_khcdj2jr40000gn/T/sam-decoder-calibration-f0b11l9c/unified/boxes
Wrote /var/folders/04/9p6f6bf54t3f5j_khcdj2jr40000gn/T/sam-dump-x3z1nt4f/source.bin (shape (1, 256, 32, 32), dtype float32)
Wrote /var/folders/04/9p6f6bf54t3f5j_khcdj2jr40000gn/T/sam-dump-x3z1nt4f/unified.bin (shape (1, 256, 32, 32), dtype float32)
Wrote /var/folders/04/9p6f6bf54t3f5j_khcdj2jr40000gn/T/sam-dump-ahlhtnxm/source.bin (shape (1, 256, 32, 32), dtype float32)
Wrote /var/folders/04/9p6f6bf54t3f5j_khcdj2jr40000gn/T/sam-dump-ahlhtnxm/unified.bin (shape (1, 256, 32, 32), dtype float32)
{
  "passed": true,
  "checks": {
    "inputs_equal": true,
    "raw_close": true,
    "mask_equal": true,
    "mask_index_equal": true,
    "iou_close": true,
    "low_res_close": true
  },
  "evidence": "/private/var/folders/04/9p6f6bf54t3f5j_khcdj2jr40000gn/T/tmprbsqwupz/evidence/comparison.json"
}
{
  "passed": true,
  "checks": {
    "inputs_equal": true,
    "raw_close": true,
    "mask_equal": true,
    "mask_index_equal": true,
    "iou_close": true,
    "low_res_close": true
  },
  "evidence": "/private/var/folders/04/9p6f6bf54t3f5j_khcdj2jr40000gn/T/tmpg214ktg6/evidence/comparison.json"
}
{
  "passed": false,
  "checks": {
    "inputs_equal": true,
    "raw_close": false,
    "mask_equal": false,
    "mask_index_equal": false,
    "iou_close": true,
    "low_res_close": false
  },
  "evidence": "/private/var/folders/04/9p6f6bf54t3f5j_khcdj2jr40000gn/T/tmp9xmjy_q7/evidence/comparison.json"
}

SUITE samples/vision/resnet/tests
....................................................
----------------------------------------------------------------------
Ran 52 tests in 0.507s

OK
Downloaded s:resnet18:s600/resnet18_224x224_nv12.hbm to /Users/Max/Workspace/company/development/RDK_MODEL_ZOO/rdk-b7-board-integration/samples/vision/resnet/model/s600/resnet18_224x224_nv12.hbm
Observed SHA-256: observed-sha
Publisher SHA-256 is not recorded; origin is not independently verified.

SUITE samples/vision/ultralytics_yolo/tests
.............................[Error] Local execution requires recognized board identity; an explicit target is not hardware evidence.
.................................................
----------------------------------------------------------------------
Ran 78 tests in 13.758s

OK

Detection Report: 1 objects found
  [0] test: 0.90 | Box (2.0, 2.0, 20.0, 20.0)
[Saved] Result saved to: /var/folders/04/9p6f6bf54t3f5j_khcdj2jr40000gn/T/tmp_p0ivw7w/detect.jpg
[Saved] Result saved to: /var/folders/04/9p6f6bf54t3f5j_khcdj2jr40000gn/T/tmp_p0ivw7w/seg.jpg
[Saved] Result saved to: /var/folders/04/9p6f6bf54t3f5j_khcdj2jr40000gn/T/tmp_p0ivw7w/pose.jpg
[Saved] Result saved to: /var/folders/04/9p6f6bf54t3f5j_khcdj2jr40000gn/T/tmp_p0ivw7w/obb.jpg
Top-1 Classification Results:
  [0] tench, Tinca tinca: 0.9000
Loading model: mock.pt...
Applying BPU Monkey Patch (Output Layout: NHWC)...
Starting export (imgsz=640)...
Loading model: mock.pt...
Applying BPU Monkey Patch (Output Layout: NHWC)...
Starting export (imgsz=640)...
Loading model: mock.pt...
Applying BPU Monkey Patch (Output Layout: NHWC)...
Starting export (imgsz=640)...
Loading model: mock.pt...
Applying BPU Monkey Patch (Output Layout: NHWC)...
Starting export (imgsz=640)...
Export exception: test exporter failure
Loading Classify model: mock.pt...
Applying BPU Monkey Patch (Output Layout: NHWC)...
Starting export (imgsz=224)...

Export success: output.onnx
Loading Classify model: mock.pt...
Applying BPU Monkey Patch (Output Layout: NHWC)...
Starting export (imgsz=224)...

Export success: output.onnx
Loading Classify model: mock.pt...
Applying BPU Monkey Patch (Output Layout: NHWC)...
Starting export (imgsz=224)...

Export success: output.onnx
Loading Classify model: mock.pt...
Applying BPU Monkey Patch (Output Layout: NHWC)...
Starting export (imgsz=224)...
Export exception: test exporter failure
Loading Segment model: mock.pt...
Applying BPU Monkey Patch for Segmentation (Output Layout: NHWC)...
Starting export (imgsz=640)...

Export success: output.onnx
Loading Segment model: mock.pt...
Applying BPU Monkey Patch for Segmentation (Output Layout: NHWC)...
Starting export (imgsz=640)...

Export success: output.onnx
Loading Segment model: mock.pt...
Applying BPU Monkey Patch for Segmentation (Output Layout: NHWC)...
Starting export (imgsz=640)...

Export success: output.onnx
Loading Segment model: mock.pt...
Applying BPU Monkey Patch for Segmentation (Output Layout: NHWC)...
Starting export (imgsz=640)...
Export exception: test exporter failure
Loading Pose model: mock.pt...
Applying BPU Monkey Patch for Pose (Output Layout: NHWC)...
Starting export (imgsz=640)...

Export success: output.onnx
Loading Pose model: mock.pt...
Applying BPU Monkey Patch for Pose (Output Layout: NHWC)...
Starting export (imgsz=640)...

Export success: output.onnx
Loading Pose model: mock.pt...
Applying BPU Monkey Patch for Pose (Output Layout: NHWC)...
Starting export (imgsz=640)...

Export success: output.onnx
Loading Pose model: mock.pt...
Applying BPU Monkey Patch for Pose (Output Layout: NHWC)...
Starting export (imgsz=640)...
Export exception: test exporter failure
Loading OBB model: mock.pt...
Detected OBB Head: OBB26
Monkey patch applied for OBB task (NHWC layout).
Starting export (imgsz=640)...

Export success: output.onnx

=== Output Node Description ===
Model has 9 outputs:
  Layout: NHWC
  0-8: [Cls(NC), Box(4), Angle(1)] per scale
===============================
Loading OBB model: mock.pt...
Detected OBB Head: OBB26
Monkey patch applied for OBB task (NHWC layout).
Starting export (imgsz=640)...

Export success: output.onnx

=== Output Node Description ===
Model has 9 outputs:
  Layout: NHWC
  0-8: [Cls(NC), Box(4), Angle(1)] per scale
===============================
Loading OBB model: mock.pt...
Detected OBB Head: OBB26
Monkey patch applied for OBB task (NHWC layout).
Starting export (imgsz=640)...

Export success: output.onnx

=== Output Node Description ===
Model has 9 outputs:
  Layout: NHWC
  0-8: [Cls(NC), Box(4), Angle(1)] per scale
===============================
Loading OBB model: mock.pt...
Detected OBB Head: OBB26
Monkey patch applied for OBB task (NHWC layout).
Starting export (imgsz=640)...
Export exception: test exporter failure

SUITE samples/vision/paddle_ocr/tests
............................................
----------------------------------------------------------------------
Ran 44 tests in 0.400s

OK

SUITE tools/sample_contract/tests
...........................
----------------------------------------------------------------------
Ran 27 tests in 0.039s

OK

SUITE samples/vision/diffusiondrive/tests
......................
----------------------------------------------------------------------
Ran 22 tests in 0.347s

OK
