..................................................................................................................error: AttributeError: simulated SDK failure
..............................
----------------------------------------------------------------------
Ran 144 tests in 0.618s

OK
Wrote 20 calibration files to /var/folders/04/9p6f6bf54t3f5j_khcdj2jr40000gn/T/sam-calibration-umqmt8rs/source
Wrote 20 calibration files to /var/folders/04/9p6f6bf54t3f5j_khcdj2jr40000gn/T/sam-calibration-umqmt8rs/unified/calibration_data_rgbchw_512
Wrote 20 calibration files to /var/folders/04/9p6f6bf54t3f5j_khcdj2jr40000gn/T/sam-calibration-w3lnhc0_/source/batched_images
Wrote 20 calibration files to /var/folders/04/9p6f6bf54t3f5j_khcdj2jr40000gn/T/sam-calibration-w3lnhc0_/unified/batched_images
Wrote 1 calibration tensors to /var/folders/04/9p6f6bf54t3f5j_khcdj2jr40000gn/T/sam-calibration-8etozy_e/source
Wrote 1 calibration tensors to /var/folders/04/9p6f6bf54t3f5j_khcdj2jr40000gn/T/sam-calibration-8etozy_e/unified/calibration_data_norm_512
Wrote 1 calibration tensors to /var/folders/04/9p6f6bf54t3f5j_khcdj2jr40000gn/T/sam-calibration-0ey3bpev/source/normalized_images
Wrote 1 calibration tensors to /var/folders/04/9p6f6bf54t3f5j_khcdj2jr40000gn/T/sam-calibration-0ey3bpev/unified/normalized_images
Wrote 4 embeddings to /var/folders/04/9p6f6bf54t3f5j_khcdj2jr40000gn/T/sam-decoder-calibration-q_cwgrnm/source/calibration_embeddings
Wrote 4 embeddings to /var/folders/04/9p6f6bf54t3f5j_khcdj2jr40000gn/T/sam-decoder-calibration-q_cwgrnm/unified/calibration_embeddings
Wrote 4 embeddings to /var/folders/04/9p6f6bf54t3f5j_khcdj2jr40000gn/T/sam-decoder-calibration-s1vredau/source/image_embeddings
Wrote 4 embeddings to /var/folders/04/9p6f6bf54t3f5j_khcdj2jr40000gn/T/sam-decoder-calibration-s1vredau/unified/image_embeddings
Wrote 4 embeddings to /var/folders/04/9p6f6bf54t3f5j_khcdj2jr40000gn/T/sam-decoder-calibration-9muvmm0j/source/calibration_embeddings
Wrote 4 boxes to /var/folders/04/9p6f6bf54t3f5j_khcdj2jr40000gn/T/sam-decoder-calibration-9muvmm0j/source/calibration_boxes
Wrote 4 embeddings to /var/folders/04/9p6f6bf54t3f5j_khcdj2jr40000gn/T/sam-decoder-calibration-9muvmm0j/unified/calibration_embeddings
Wrote 4 boxes to /var/folders/04/9p6f6bf54t3f5j_khcdj2jr40000gn/T/sam-decoder-calibration-9muvmm0j/unified/calibration_boxes
Wrote 4 embeddings to /var/folders/04/9p6f6bf54t3f5j_khcdj2jr40000gn/T/sam-decoder-calibration-yng60jr9/source/image_embeddings
Wrote 4 boxes to /var/folders/04/9p6f6bf54t3f5j_khcdj2jr40000gn/T/sam-decoder-calibration-yng60jr9/source/boxes
Wrote 4 embeddings to /var/folders/04/9p6f6bf54t3f5j_khcdj2jr40000gn/T/sam-decoder-calibration-yng60jr9/unified/image_embeddings
Wrote 4 boxes to /var/folders/04/9p6f6bf54t3f5j_khcdj2jr40000gn/T/sam-decoder-calibration-yng60jr9/unified/boxes
Wrote /var/folders/04/9p6f6bf54t3f5j_khcdj2jr40000gn/T/sam-dump-cg5znid0/source.bin (shape (1, 256, 32, 32), dtype float32)
Wrote /var/folders/04/9p6f6bf54t3f5j_khcdj2jr40000gn/T/sam-dump-cg5znid0/unified.bin (shape (1, 256, 32, 32), dtype float32)
Wrote /var/folders/04/9p6f6bf54t3f5j_khcdj2jr40000gn/T/sam-dump-ggqt95q9/source.bin (shape (1, 256, 32, 32), dtype float32)
Wrote /var/folders/04/9p6f6bf54t3f5j_khcdj2jr40000gn/T/sam-dump-ggqt95q9/unified.bin (shape (1, 256, 32, 32), dtype float32)
{
  "passed": true,
  "checks": {
    "inputs_equal": true,
    "raw_close": true,
    "mask_equal": true,
    "mask_index_equal": true,
    "iou_close": true,
    "low_res_close": true
  },
  "evidence": "/private/var/folders/04/9p6f6bf54t3f5j_khcdj2jr40000gn/T/tmpimnrt_c1/evidence/comparison.json"
}
{
  "passed": true,
  "checks": {
    "inputs_equal": true,
    "raw_close": true,
    "mask_equal": true,
    "mask_index_equal": true,
    "iou_close": true,
    "low_res_close": true
  },
  "evidence": "/private/var/folders/04/9p6f6bf54t3f5j_khcdj2jr40000gn/T/tmp2gtsyg7o/evidence/comparison.json"
}
{
  "passed": false,
  "checks": {
    "inputs_equal": true,
    "raw_close": false,
    "mask_equal": false,
    "mask_index_equal": false,
    "iou_close": true,
    "low_res_close": false
  },
  "evidence": "/private/var/folders/04/9p6f6bf54t3f5j_khcdj2jr40000gn/T/tmpz1kg7ez0/evidence/comparison.json"
}
