...E.........
======================================================================
ERROR: test_float_none_descriptor_with_zero_placeholder_is_pass_through (test_diffusiondrive.DiffusionTests.test_float_none_descriptor_with_zero_placeholder_is_pass_through)
----------------------------------------------------------------------
Traceback (most recent call last):
  File "/Users/Max/Workspace/company/development/RDK_MODEL_ZOO/rdk-b7-board-integration/samples/vision/diffusiondrive/tests/test_diffusiondrive.py", line 303, in test_float_none_descriptor_with_zero_placeholder_is_pass_through
    binding=bind_model(resolve_selection('s600'),m)
  File "/Users/Max/Workspace/company/development/RDK_MODEL_ZOO/rdk-b7-board-integration/samples/vision/diffusiondrive/runtime/python/model_binding.py", line 119, in bind_model
    result[name] = transform(
                   ~~~~~~~~~^
        dtypes.get(name),
        ^^^^^^^^^^^^^^^^^
    ...<2 lines>...
        input_tensor=direction == "input",
        ^^^^^^^^^^^^^^^^^^^^^^^^^^^^^^^^^^
    )
    ^
  File "/Users/Max/Workspace/company/development/RDK_MODEL_ZOO/rdk-b7-board-integration/samples/vision/diffusiondrive/runtime/python/quantization.py", line 40, in transform
    raise ValueError(
        "Floating tensor has inconsistent empty quantization metadata"
    )
ValueError: Floating tensor has inconsistent empty quantization metadata

----------------------------------------------------------------------
Ran 13 tests in 0.267s

FAILED (errors=1)
