FFFFFF
======================================================================
FAIL: test_bad_decoder_output_is_not_a_transcript (test_pipeline.PipelineTests.test_bad_decoder_output_is_not_a_transcript)
----------------------------------------------------------------------
Traceback (most recent call last):
  File "/Users/Max/Workspace/company/development/RDK_MODEL_ZOO/rdk-b7-board-integration/samples/speech/paraformer/tests/test_pipeline.py", line 13, in setUp
    self.assertIsNotNone(importlib.util.find_spec(name), "Missing Paraformer pipeline")
    ~~~~~~~~~~~~~~~~~~~~^^^^^^^^^^^^^^^^^^^^^^^^^^^^^^^^^^^^^^^^^^^^^^^^^^^^^^^^^^^^^^^
AssertionError: unexpectedly None : Missing Paraformer pipeline

======================================================================
FAIL: test_bad_frontend_contract_fails_before_any_model (test_pipeline.PipelineTests.test_bad_frontend_contract_fails_before_any_model)
----------------------------------------------------------------------
Traceback (most recent call last):
  File "/Users/Max/Workspace/company/development/RDK_MODEL_ZOO/rdk-b7-board-integration/samples/speech/paraformer/tests/test_pipeline.py", line 13, in setUp
    self.assertIsNotNone(importlib.util.find_spec(name), "Missing Paraformer pipeline")
    ~~~~~~~~~~~~~~~~~~~~^^^^^^^^^^^^^^^^^^^^^^^^^^^^^^^^^^^^^^^^^^^^^^^^^^^^^^^^^^^^^^^
AssertionError: unexpectedly None : Missing Paraformer pipeline

======================================================================
FAIL: test_missing_predictor_output_stops_before_decoder (test_pipeline.PipelineTests.test_missing_predictor_output_stops_before_decoder)
----------------------------------------------------------------------
Traceback (most recent call last):
  File "/Users/Max/Workspace/company/development/RDK_MODEL_ZOO/rdk-b7-board-integration/samples/speech/paraformer/tests/test_pipeline.py", line 13, in setUp
    self.assertIsNotNone(importlib.util.find_spec(name), "Missing Paraformer pipeline")
    ~~~~~~~~~~~~~~~~~~~~^^^^^^^^^^^^^^^^^^^^^^^^^^^^^^^^^^^^^^^^^^^^^^^^^^^^^^^^^^^^^^^
AssertionError: unexpectedly None : Missing Paraformer pipeline

======================================================================
FAIL: test_model_order_masking_and_source_text_rules (test_pipeline.PipelineTests.test_model_order_masking_and_source_text_rules)
----------------------------------------------------------------------
Traceback (most recent call last):
  File "/Users/Max/Workspace/company/development/RDK_MODEL_ZOO/rdk-b7-board-integration/samples/speech/paraformer/tests/test_pipeline.py", line 13, in setUp
    self.assertIsNotNone(importlib.util.find_spec(name), "Missing Paraformer pipeline")
    ~~~~~~~~~~~~~~~~~~~~^^^^^^^^^^^^^^^^^^^^^^^^^^^^^^^^^^^^^^^^^^^^^^^^^^^^^^^^^^^^^^^
AssertionError: unexpectedly None : Missing Paraformer pipeline

======================================================================
FAIL: test_no_token_skips_decoder_and_returns_empty_text (test_pipeline.PipelineTests.test_no_token_skips_decoder_and_returns_empty_text)
----------------------------------------------------------------------
Traceback (most recent call last):
  File "/Users/Max/Workspace/company/development/RDK_MODEL_ZOO/rdk-b7-board-integration/samples/speech/paraformer/tests/test_pipeline.py", line 13, in setUp
    self.assertIsNotNone(importlib.util.find_spec(name), "Missing Paraformer pipeline")
    ~~~~~~~~~~~~~~~~~~~~^^^^^^^^^^^^^^^^^^^^^^^^^^^^^^^^^^^^^^^^^^^^^^^^^^^^^^^^^^^^^^^
AssertionError: unexpectedly None : Missing Paraformer pipeline

======================================================================
FAIL: test_vocabulary_must_match_8404_ordered_nonempty_tokens (test_pipeline.PipelineTests.test_vocabulary_must_match_8404_ordered_nonempty_tokens)
----------------------------------------------------------------------
Traceback (most recent call last):
  File "/Users/Max/Workspace/company/development/RDK_MODEL_ZOO/rdk-b7-board-integration/samples/speech/paraformer/tests/test_pipeline.py", line 13, in setUp
    self.assertIsNotNone(importlib.util.find_spec(name), "Missing Paraformer pipeline")
    ~~~~~~~~~~~~~~~~~~~~^^^^^^^^^^^^^^^^^^^^^^^^^^^^^^^^^^^^^^^^^^^^^^^^^^^^^^^^^^^^^^^
AssertionError: unexpectedly None : Missing Paraformer pipeline

----------------------------------------------------------------------
Ran 6 tests in 0.001s

FAILED (failures=6)
