.......................................[Error] Local execution requires recognized board identity; an explicit target is not hardware evidence.
............/Users/Max/Workspace/company/development/RDK_MODEL_ZOO/rdk-b7-board-integration/samples/vision/ultralytics_yolo/tests/test_forward_purity.py:156: DeprecationWarning: Setting the shape on a NumPy array has been deprecated in NumPy 2.5.
As an alternative, you can create a new view using np.reshape (with copy=False if needed).
  physical["cls_8"].shape = (64, 1)
........................................EEEE.....................
======================================================================
ERROR: test_all_task_platform_input_bindings (test_yolo26.Yolo26Contracts.test_all_task_platform_input_bindings) (platform='x5', task='cls')
----------------------------------------------------------------------
Traceback (most recent call last):
  File "/Users/Max/Workspace/company/development/RDK_MODEL_ZOO/rdk-b7-board-integration/samples/vision/ultralytics_yolo/runtime/python/model_runner.py", line 120, in from_selection
    require_execution_target(requested)
    ~~~~~~~~~~~~~~~~~~~~~~~~^^^^^^^^^^^
  File "/Users/Max/Workspace/company/development/RDK_MODEL_ZOO/rdk-b7-board-integration/samples/_shared/platforms.py", line 94, in require_execution_target
    raise ValueError('Local execution requires recognized board identity; an explicit target is not hardware evidence.')
ValueError: Local execution requires recognized board identity; an explicit target is not hardware evidence.

The above exception was the direct cause of the following exception:

Traceback (most recent call last):
  File "/Users/Max/Workspace/company/development/RDK_MODEL_ZOO/rdk-b7-board-integration/samples/vision/ultralytics_yolo/tests/test_yolo26.py", line 46, in test_all_task_platform_input_bindings
    runtime=Model(Config('stub',platform=profile))
  File "/Users/Max/Workspace/company/development/RDK_MODEL_ZOO/rdk-b7-board-integration/samples/vision/ultralytics_yolo/runtime/python/yolo_cls.py", line 51, in __init__
    runner = build_runner(ModelSelection(
        config.model_path, target=getattr(config.platform, "key", None),
        platform=config.platform, task="classify", contract=requested,
        input_shape=config.input_shape))
  File "/Users/Max/Workspace/company/development/RDK_MODEL_ZOO/rdk-b7-board-integration/samples/vision/ultralytics_yolo/runtime/python/model_runner.py", line 201, in build_runner
    return ModelRunner.from_selection(selection, runtime_loader)
           ~~~~~~~~~~~~~~~~~~~~~~~~~~^^^^^^^^^^^^^^^^^^^^^^^^^^^
  File "/Users/Max/Workspace/company/development/RDK_MODEL_ZOO/rdk-b7-board-integration/samples/vision/ultralytics_yolo/runtime/python/model_runner.py", line 122, in from_selection
    raise RunnerError(str(exc)) from exc
samples.vision.ultralytics_yolo.runtime.python.model_runner.RunnerError: Local execution requires recognized board identity; an explicit target is not hardware evidence.

======================================================================
ERROR: test_all_task_platform_input_bindings (test_yolo26.Yolo26Contracts.test_all_task_platform_input_bindings) (platform='s100', task='cls')
----------------------------------------------------------------------
Traceback (most recent call last):
  File "/Users/Max/Workspace/company/development/RDK_MODEL_ZOO/rdk-b7-board-integration/samples/vision/ultralytics_yolo/runtime/python/model_runner.py", line 120, in from_selection
    require_execution_target(requested)
    ~~~~~~~~~~~~~~~~~~~~~~~~^^^^^^^^^^^
  File "/Users/Max/Workspace/company/development/RDK_MODEL_ZOO/rdk-b7-board-integration/samples/_shared/platforms.py", line 94, in require_execution_target
    raise ValueError('Local execution requires recognized board identity; an explicit target is not hardware evidence.')
ValueError: Local execution requires recognized board identity; an explicit target is not hardware evidence.

The above exception was the direct cause of the following exception:

Traceback (most recent call last):
  File "/Users/Max/Workspace/company/development/RDK_MODEL_ZOO/rdk-b7-board-integration/samples/vision/ultralytics_yolo/tests/test_yolo26.py", line 46, in test_all_task_platform_input_bindings
    runtime=Model(Config('stub',platform=profile))
  File "/Users/Max/Workspace/company/development/RDK_MODEL_ZOO/rdk-b7-board-integration/samples/vision/ultralytics_yolo/runtime/python/yolo_cls.py", line 51, in __init__
    runner = build_runner(ModelSelection(
        config.model_path, target=getattr(config.platform, "key", None),
        platform=config.platform, task="classify", contract=requested,
        input_shape=config.input_shape))
  File "/Users/Max/Workspace/company/development/RDK_MODEL_ZOO/rdk-b7-board-integration/samples/vision/ultralytics_yolo/runtime/python/model_runner.py", line 201, in build_runner
    return ModelRunner.from_selection(selection, runtime_loader)
           ~~~~~~~~~~~~~~~~~~~~~~~~~~^^^^^^^^^^^^^^^^^^^^^^^^^^^
  File "/Users/Max/Workspace/company/development/RDK_MODEL_ZOO/rdk-b7-board-integration/samples/vision/ultralytics_yolo/runtime/python/model_runner.py", line 122, in from_selection
    raise RunnerError(str(exc)) from exc
samples.vision.ultralytics_yolo.runtime.python.model_runner.RunnerError: Local execution requires recognized board identity; an explicit target is not hardware evidence.

======================================================================
ERROR: test_all_task_platform_input_bindings (test_yolo26.Yolo26Contracts.test_all_task_platform_input_bindings) (platform='s100p', task='cls')
----------------------------------------------------------------------
Traceback (most recent call last):
  File "/Users/Max/Workspace/company/development/RDK_MODEL_ZOO/rdk-b7-board-integration/samples/vision/ultralytics_yolo/runtime/python/model_runner.py", line 120, in from_selection
    require_execution_target(requested)
    ~~~~~~~~~~~~~~~~~~~~~~~~^^^^^^^^^^^
  File "/Users/Max/Workspace/company/development/RDK_MODEL_ZOO/rdk-b7-board-integration/samples/_shared/platforms.py", line 94, in require_execution_target
    raise ValueError('Local execution requires recognized board identity; an explicit target is not hardware evidence.')
ValueError: Local execution requires recognized board identity; an explicit target is not hardware evidence.

The above exception was the direct cause of the following exception:

Traceback (most recent call last):
  File "/Users/Max/Workspace/company/development/RDK_MODEL_ZOO/rdk-b7-board-integration/samples/vision/ultralytics_yolo/tests/test_yolo26.py", line 46, in test_all_task_platform_input_bindings
    runtime=Model(Config('stub',platform=profile))
  File "/Users/Max/Workspace/company/development/RDK_MODEL_ZOO/rdk-b7-board-integration/samples/vision/ultralytics_yolo/runtime/python/yolo_cls.py", line 51, in __init__
    runner = build_runner(ModelSelection(
        config.model_path, target=getattr(config.platform, "key", None),
        platform=config.platform, task="classify", contract=requested,
        input_shape=config.input_shape))
  File "/Users/Max/Workspace/company/development/RDK_MODEL_ZOO/rdk-b7-board-integration/samples/vision/ultralytics_yolo/runtime/python/model_runner.py", line 201, in build_runner
    return ModelRunner.from_selection(selection, runtime_loader)
           ~~~~~~~~~~~~~~~~~~~~~~~~~~^^^^^^^^^^^^^^^^^^^^^^^^^^^
  File "/Users/Max/Workspace/company/development/RDK_MODEL_ZOO/rdk-b7-board-integration/samples/vision/ultralytics_yolo/runtime/python/model_runner.py", line 122, in from_selection
    raise RunnerError(str(exc)) from exc
samples.vision.ultralytics_yolo.runtime.python.model_runner.RunnerError: Local execution requires recognized board identity; an explicit target is not hardware evidence.

======================================================================
ERROR: test_all_task_platform_input_bindings (test_yolo26.Yolo26Contracts.test_all_task_platform_input_bindings) (platform='s600', task='cls')
----------------------------------------------------------------------
Traceback (most recent call last):
  File "/Users/Max/Workspace/company/development/RDK_MODEL_ZOO/rdk-b7-board-integration/samples/vision/ultralytics_yolo/runtime/python/model_runner.py", line 120, in from_selection
    require_execution_target(requested)
    ~~~~~~~~~~~~~~~~~~~~~~~~^^^^^^^^^^^
  File "/Users/Max/Workspace/company/development/RDK_MODEL_ZOO/rdk-b7-board-integration/samples/_shared/platforms.py", line 94, in require_execution_target
    raise ValueError('Local execution requires recognized board identity; an explicit target is not hardware evidence.')
ValueError: Local execution requires recognized board identity; an explicit target is not hardware evidence.

The above exception was the direct cause of the following exception:

Traceback (most recent call last):
  File "/Users/Max/Workspace/company/development/RDK_MODEL_ZOO/rdk-b7-board-integration/samples/vision/ultralytics_yolo/tests/test_yolo26.py", line 46, in test_all_task_platform_input_bindings
    runtime=Model(Config('stub',platform=profile))
  File "/Users/Max/Workspace/company/development/RDK_MODEL_ZOO/rdk-b7-board-integration/samples/vision/ultralytics_yolo/runtime/python/yolo_cls.py", line 51, in __init__
    runner = build_runner(ModelSelection(
        config.model_path, target=getattr(config.platform, "key", None),
        platform=config.platform, task="classify", contract=requested,
        input_shape=config.input_shape))
  File "/Users/Max/Workspace/company/development/RDK_MODEL_ZOO/rdk-b7-board-integration/samples/vision/ultralytics_yolo/runtime/python/model_runner.py", line 201, in build_runner
    return ModelRunner.from_selection(selection, runtime_loader)
           ~~~~~~~~~~~~~~~~~~~~~~~~~~^^^^^^^^^^^^^^^^^^^^^^^^^^^
  File "/Users/Max/Workspace/company/development/RDK_MODEL_ZOO/rdk-b7-board-integration/samples/vision/ultralytics_yolo/runtime/python/model_runner.py", line 122, in from_selection
    raise RunnerError(str(exc)) from exc
samples.vision.ultralytics_yolo.runtime.python.model_runner.RunnerError: Local execution requires recognized board identity; an explicit target is not hardware evidence.

----------------------------------------------------------------------
Ran 113 tests in 15.605s

FAILED (errors=4)

Detection Report: 1 objects found
  [0] test: 0.90 | Box (2.0, 2.0, 20.0, 20.0)
[Saved] Result saved to: /var/folders/04/9p6f6bf54t3f5j_khcdj2jr40000gn/T/tmpsgce7ksd/detect.jpg
[Saved] Result saved to: /var/folders/04/9p6f6bf54t3f5j_khcdj2jr40000gn/T/tmpsgce7ksd/seg.jpg
[Saved] Result saved to: /var/folders/04/9p6f6bf54t3f5j_khcdj2jr40000gn/T/tmpsgce7ksd/pose.jpg
[Saved] Result saved to: /var/folders/04/9p6f6bf54t3f5j_khcdj2jr40000gn/T/tmpsgce7ksd/obb.jpg
Top-1 Classification Results:
  [0] tench, Tinca tinca: 0.9000
Loading model: mock.pt...
Applying BPU Monkey Patch (Output Layout: NHWC)...
Starting export (imgsz=640)...
Loading model: mock.pt...
Applying BPU Monkey Patch (Output Layout: NHWC)...
Starting export (imgsz=640)...
Loading model: mock.pt...
Applying BPU Monkey Patch (Output Layout: NHWC)...
Starting export (imgsz=640)...
Loading model: mock.pt...
Applying BPU Monkey Patch (Output Layout: NHWC)...
Starting export (imgsz=640)...
Export exception: test exporter failure
Loading Classify model: mock.pt...
Applying BPU Monkey Patch (Output Layout: NHWC)...
Starting export (imgsz=224)...

Export success: output.onnx
Loading Classify model: mock.pt...
Applying BPU Monkey Patch (Output Layout: NHWC)...
Starting export (imgsz=224)...

Export success: output.onnx
Loading Classify model: mock.pt...
Applying BPU Monkey Patch (Output Layout: NHWC)...
Starting export (imgsz=224)...

Export success: output.onnx
Loading Classify model: mock.pt...
Applying BPU Monkey Patch (Output Layout: NHWC)...
Starting export (imgsz=224)...
Export exception: test exporter failure
Loading Segment model: mock.pt...
Applying BPU Monkey Patch for Segmentation (Output Layout: NHWC)...
Starting export (imgsz=640)...

Export success: output.onnx
Loading Segment model: mock.pt...
Applying BPU Monkey Patch for Segmentation (Output Layout: NHWC)...
Starting export (imgsz=640)...

Export success: output.onnx
Loading Segment model: mock.pt...
Applying BPU Monkey Patch for Segmentation (Output Layout: NHWC)...
Starting export (imgsz=640)...

Export success: output.onnx
Loading Segment model: mock.pt...
Applying BPU Monkey Patch for Segmentation (Output Layout: NHWC)...
Starting export (imgsz=640)...
Export exception: test exporter failure
Loading Pose model: mock.pt...
Applying BPU Monkey Patch for Pose (Output Layout: NHWC)...
Starting export (imgsz=640)...

Export success: output.onnx
Loading Pose model: mock.pt...
Applying BPU Monkey Patch for Pose (Output Layout: NHWC)...
Starting export (imgsz=640)...

Export success: output.onnx
Loading Pose model: mock.pt...
Applying BPU Monkey Patch for Pose (Output Layout: NHWC)...
Starting export (imgsz=640)...

Export success: output.onnx
Loading Pose model: mock.pt...
Applying BPU Monkey Patch for Pose (Output Layout: NHWC)...
Starting export (imgsz=640)...
Export exception: test exporter failure
Loading OBB model: mock.pt...
Detected OBB Head: OBB26
Monkey patch applied for OBB task (NHWC layout).
Starting export (imgsz=640)...

Export success: output.onnx

=== Output Node Description ===
Model has 9 outputs:
  Layout: NHWC
  0-8: [Cls(NC), Box(4), Angle(1)] per scale
===============================
Loading OBB model: mock.pt...
Detected OBB Head: OBB26
Monkey patch applied for OBB task (NHWC layout).
Starting export (imgsz=640)...

Export success: output.onnx

=== Output Node Description ===
Model has 9 outputs:
  Layout: NHWC
  0-8: [Cls(NC), Box(4), Angle(1)] per scale
===============================
Loading OBB model: mock.pt...
Detected OBB Head: OBB26
Monkey patch applied for OBB task (NHWC layout).
Starting export (imgsz=640)...

Export success: output.onnx

=== Output Node Description ===
Model has 9 outputs:
  Layout: NHWC
  0-8: [Cls(NC), Box(4), Angle(1)] per scale
===============================
Loading OBB model: mock.pt...
Detected OBB Head: OBB26
Monkey patch applied for OBB task (NHWC layout).
Starting export (imgsz=640)...
Export exception: test exporter failure
