[
  {
    "target": "x5",
    "variant": "11s",
    "asset_id": "x5:yoloe:yoloe_11s_seg_pf_bayese_640x640_nv12.bin",
    "published_float": true
  },
  {
    "target": "x5",
    "variant": "11m",
    "asset_id": "x5:yoloe:yoloe_11m_seg_pf_bayese_640x640_nv12.bin",
    "published_float": true
  },
  {
    "target": "x5",
    "variant": "11l",
    "asset_id": "x5:yoloe:yoloe_11l_seg_pf_bayese_640x640_nv12.bin",
    "published_float": true
  },
  {
    "target": "s100",
    "variant": "11s",
    "asset_id": "s:yoloe11_seg:yoloe_11s_seg_pf_nashe_640x640_nv12.hbm",
    "published_float": false
  },
  {
    "target": "s100",
    "variant": "26n",
    "asset_id": "s:yoloe26_seg:nash-e/yoloe_26n_seg_pf_nashe_640x640_nv12.hbm",
    "published_float": false
  },
  {
    "target": "s100",
    "variant": "26s",
    "asset_id": "s:yoloe26_seg:nash-e/yoloe_26s_seg_pf_nashe_640x640_nv12.hbm",
    "published_float": false
  },
  {
    "target": "s100",
    "variant": "26m",
    "asset_id": "s:yoloe26_seg:nash-e/yoloe_26m_seg_pf_nashe_640x640_nv12.hbm",
    "published_float": false
  },
  {
    "target": "s100",
    "variant": "26l",
    "asset_id": "s:yoloe26_seg:nash-e/yoloe_26l_seg_pf_nashe_640x640_nv12.hbm",
    "published_float": false
  },
  {
    "target": "s100",
    "variant": "26x",
    "asset_id": "s:yoloe26_seg:nash-e/yoloe_26x_seg_pf_nashe_640x640_nv12.hbm",
    "published_float": false
  },
  {
    "target": "s100p",
    "variant": "26n",
    "asset_id": "s:yoloe26_seg:nash-m/yoloe_26n_seg_pf_nashm_640x640_nv12.hbm",
    "published_float": false
  },
  {
    "target": "s100p",
    "variant": "26s",
    "asset_id": "s:yoloe26_seg:nash-m/yoloe_26s_seg_pf_nashm_640x640_nv12.hbm",
    "published_float": false
  },
  {
    "target": "s100p",
    "variant": "26m",
    "asset_id": "s:yoloe26_seg:nash-m/yoloe_26m_seg_pf_nashm_640x640_nv12.hbm",
    "published_float": false
  },
  {
    "target": "s100p",
    "variant": "26l",
    "asset_id": "s:yoloe26_seg:nash-m/yoloe_26l_seg_pf_nashm_640x640_nv12.hbm",
    "published_float": false
  },
  {
    "target": "s100p",
    "variant": "26x",
    "asset_id": "s:yoloe26_seg:nash-m/yoloe_26x_seg_pf_nashm_640x640_nv12.hbm",
    "published_float": false
  }
]
{
  "schema": "rdk-model-zoo/yoloe-native-launch/v1",
  "target": "x5",
  "variant": "11s",
  "source_asset_id": "x5:yoloe:yoloe_11s_seg_pf_bayese_640x640_nv12.bin",
  "model_kind": "published",
  "publisher_sha256": "8b997e9148a1797a3196f6230c1db2029b85ebdd69bd39ad609577723af3f8fa",
  "publisher_checksum_verified": false,
  "local_float_sha256": null,
  "config": {
    "score_thres": 0.25,
    "nms_thres": null,
    "resize_type": 1,
    "do_morph": false,
    "max_det": 300,
    "single_label": true
  },
  "cwd": "/Users/Max/Workspace/company/development/RDK_MODEL_ZOO/rdk-b7-board-integration",
  "build_directory": "/Users/Max/Workspace/company/development/RDK_MODEL_ZOO/rdk-b7-board-integration/samples/vision/yoloe/runtime/cpp/build/x5",
  "command": [
    "/Users/Max/Workspace/company/development/RDK_MODEL_ZOO/rdk-b7-board-integration/samples/vision/yoloe/runtime/cpp/build/x5/yoloe_demo",
    "--target",
    "x5",
    "--variant",
    "11s",
    "--model-path",
    "/Users/Max/Workspace/company/development/RDK_MODEL_ZOO/rdk-b7-board-integration/samples/vision/yoloe/model/x5/yoloe_11s_seg_pf_bayese_640x640_nv12.bin",
    "--model-sha256",
    "8b997e9148a1797a3196f6230c1db2029b85ebdd69bd39ad609577723af3f8fa",
    "--test-img",
    "/Users/Max/Workspace/company/development/RDK_MODEL_ZOO/rdk-b7-board-integration/samples/vision/yoloe/test_data/office_desk.jpg",
    "--label-file",
    "/Users/Max/Workspace/company/development/RDK_MODEL_ZOO/rdk-b7-board-integration/samples/vision/yoloe/test_data/classes.names",
    "--output",
    "/Users/Max/Workspace/company/development/RDK_MODEL_ZOO/rdk-b7-board-integration/outputs/yoloe_cpp/result",
    "--score-thres",
    "0.25",
    "--resize-type",
    "1",
    "--max-det",
    "300"
  ],
  "executed": false,
  "downloaded": false,
  "runtime_metadata_verified": false,
  "processes": [],
  "status": "metadata validation required"
}
{
  "schema": "rdk-model-zoo/yoloe-native-launch/v1",
  "target": "s100p",
  "variant": "26n",
  "source_asset_id": "s:yoloe26_seg:nash-m/yoloe_26n_seg_pf_nashm_640x640_nv12.hbm",
  "model_kind": "published",
  "publisher_sha256": "58922c669bcccec7a00c11719db6c3b9c4eaa4e0388b58bd120fda914fe9d048",
  "publisher_checksum_verified": false,
  "local_float_sha256": null,
  "config": {
    "score_thres": 0.25,
    "nms_thres": null,
    "resize_type": 1,
    "do_morph": false,
    "max_det": 300,
    "single_label": true
  },
  "cwd": "/Users/Max/Workspace/company/development/RDK_MODEL_ZOO/rdk-b7-board-integration",
  "build_directory": "/Users/Max/Workspace/company/development/RDK_MODEL_ZOO/rdk-b7-board-integration/samples/vision/yoloe/runtime/cpp/build/s100p",
  "command": [
    "/Users/Max/Workspace/company/development/RDK_MODEL_ZOO/rdk-b7-board-integration/samples/vision/yoloe/runtime/cpp/build/s100p/yoloe_demo",
    "--target",
    "s100p",
    "--variant",
    "26n",
    "--model-path",
    "/Users/Max/Workspace/company/development/RDK_MODEL_ZOO/rdk-b7-board-integration/samples/vision/yoloe/model/s100p/nash-m/yoloe_26n_seg_pf_nashm_640x640_nv12.hbm",
    "--model-sha256",
    "58922c669bcccec7a00c11719db6c3b9c4eaa4e0388b58bd120fda914fe9d048",
    "--test-img",
    "/Users/Max/Workspace/company/development/RDK_MODEL_ZOO/rdk-b7-board-integration/samples/vision/yoloe/test_data/office_desk.jpg",
    "--label-file",
    "/Users/Max/Workspace/company/development/RDK_MODEL_ZOO/rdk-b7-board-integration/samples/vision/yoloe/test_data/classes.names",
    "--output",
    "/Users/Max/Workspace/company/development/RDK_MODEL_ZOO/rdk-b7-board-integration/outputs/yoloe_cpp/result",
    "--score-thres",
    "0.25",
    "--resize-type",
    "1",
    "--max-det",
    "300"
  ],
  "executed": false,
  "downloaded": false,
  "runtime_metadata_verified": false,
  "processes": [],
  "status": "requires local floating-output conversion"
}
-- Found OpenCV: /Users/Max/Workspace/company/development/RDK_MODEL_ZOO/.coordination/opencv-native/install (found version "4.14.0") found components: core imgproc imgcodecs
-- Configuring done (0.1s)
-- Generating done (0.1s)
-- Build files have been written to: /tmp/yoloe-native-opencv
[  4%] Built target test_geometry
[ 13%] Built target test_e26_decode
[ 15%] Built target test_float_heads
[ 18%] Built target test_e11_decode
[ 20%] Linking CXX executable test_image_ops
[ 25%] Built target identity_probe
[ 31%] Building CXX object CMakeFiles/yoloe_preflight.dir/Users/Max/Workspace/company/development/RDK_MODEL_ZOO/rdk-b7-board-integration/samples/vision/yoloe/runtime/cpp/src/preflight.cpp.o
[ 34%] Built target yoloe_core
ld: warning: ignoring duplicate libraries: '/Users/Max/Workspace/company/development/RDK_MODEL_ZOO/.coordination/opencv-native/install/lib/libopencv_core.a', '/Users/Max/Workspace/company/development/RDK_MODEL_ZOO/.coordination/opencv-native/install/lib/libopencv_imgproc.a'
[ 36%] Linking CXX executable mask_probe
[ 38%] Linking CXX executable test_pipeline
ld: warning: ignoring duplicate libraries: '/Users/Max/Workspace/company/development/RDK_MODEL_ZOO/.coordination/opencv-native/install/lib/libopencv_core.a', '/Users/Max/Workspace/company/development/RDK_MODEL_ZOO/.coordination/opencv-native/install/lib/libopencv_imgproc.a'
[ 40%] Built target test_image_ops
[ 43%] Linking CXX executable input_probe
[ 45%] Built target test_pipeline
[ 47%] Built target mask_probe
[ 52%] Building CXX object CMakeFiles/test_sdk_runner_x5.dir/test_sdk_runner.cc.o
[ 52%] Building CXX object CMakeFiles/test_sdk_runner_ucp.dir/test_sdk_runner.cc.o
[ 54%] Built target input_probe
[ 56%] Building CXX object CMakeFiles/test_sdk_runner_x5.dir/Users/Max/Workspace/company/development/RDK_MODEL_ZOO/rdk-b7-board-integration/samples/vision/yoloe/runtime/cpp/src/sdk_runner.cpp.o
[ 59%] Linking CXX static library libyoloe_preflight.a
[ 61%] Built target yoloe_preflight
[ 63%] Building CXX object CMakeFiles/yoloe_cli_fixture.dir/Users/Max/Workspace/company/development/RDK_MODEL_ZOO/rdk-b7-board-integration/samples/vision/yoloe/runtime/cpp/src/main.cpp.o
[ 68%] Building CXX object CMakeFiles/test_sdk_runner_ucp.dir/Users/Max/Workspace/company/development/RDK_MODEL_ZOO/rdk-b7-board-integration/samples/vision/yoloe/runtime/cpp/src/sdk_runner.cpp.o
[ 68%] Building CXX object CMakeFiles/yoloe_cli_fixture.dir/Users/Max/Workspace/company/development/RDK_MODEL_ZOO/rdk-b7-board-integration/samples/vision/yoloe/runtime/cpp/src/cli_options.cpp.o
[ 70%] Linking CXX executable test_sdk_runner_x5
[ 72%] Building CXX object CMakeFiles/yoloe_cli_fixture.dir/Users/Max/Workspace/company/development/RDK_MODEL_ZOO/rdk-b7-board-integration/samples/vision/yoloe/runtime/cpp/src/cli_io.cpp.o
[ 75%] Built target test_sdk_runner_x5
[ 77%] Building CXX object CMakeFiles/yoloe_cli_fixture.dir/Users/Max/Workspace/company/development/RDK_MODEL_ZOO/rdk-b7-board-integration/samples/vision/yoloe/runtime/cpp/src/preflight.cpp.o
[ 79%] Building CXX object CMakeFiles/yoloe_cli_fixture.dir/cli_fixture_runner.cpp.o
[ 81%] Building CXX object CMakeFiles/test_preflight.dir/test_preflight.cc.o
[ 84%] Linking CXX executable test_sdk_runner_ucp
[ 86%] Built target test_sdk_runner_ucp
[ 88%] Building CXX object CMakeFiles/test_cli_io.dir/test_cli_io.cc.o
[ 90%] Building CXX object CMakeFiles/test_cli_io.dir/Users/Max/Workspace/company/development/RDK_MODEL_ZOO/rdk-b7-board-integration/samples/vision/yoloe/runtime/cpp/src/cli_io.cpp.o
[ 93%] Linking CXX executable yoloe_cli_fixture
[ 95%] Linking CXX executable test_preflight
[ 95%] Built target test_preflight
[ 97%] Building CXX object CMakeFiles/test_cli_io.dir/Users/Max/Workspace/company/development/RDK_MODEL_ZOO/rdk-b7-board-integration/samples/vision/yoloe/runtime/cpp/src/cli_options.cpp.o
[ 97%] Built target yoloe_cli_fixture
[100%] Linking CXX executable test_cli_io
[100%] Built target test_cli_io
-- Found OpenCV: /Users/Max/Workspace/company/development/RDK_MODEL_ZOO/.coordination/opencv-native/install (found version "4.14.0") found components: core imgproc imgcodecs
-- Configuring done (0.1s)
-- Generating done (0.1s)
-- Build files have been written to: /tmp/yoloe-stage-core
[  9%] Built target test_float_heads
[  9%] Built target test_e11_decode
[ 15%] Built target yoloe_core
[ 18%] Building CXX object CMakeFiles/yoloe_preflight.dir/src/preflight.cpp.o
[ 22%] Built target test_geometry
[ 27%] Built target test_e26_decode
[ 31%] Built target identity_probe
[ 34%] Linking CXX executable test_image_ops
[ 36%] Linking CXX executable test_pipeline
[ 38%] Linking CXX executable input_probe
ld: warning: ignoring duplicate libraries: '/Users/Max/Workspace/company/development/RDK_MODEL_ZOO/.coordination/opencv-native/install/lib/libopencv_core.a', '/Users/Max/Workspace/company/development/RDK_MODEL_ZOO/.coordination/opencv-native/install/lib/libopencv_imgcodecs.a', '/Users/Max/Workspace/company/development/RDK_MODEL_ZOO/.coordination/opencv-native/install/lib/libopencv_imgproc.a'
[ 40%] Built target test_image_ops
[ 45%] Built target test_pipeline
[ 45%] Built target input_probe
[ 47%] Building CXX object tests/CMakeFiles/yoloe_cli_fixture.dir/__/src/main.cpp.o
[ 50%] Building CXX object tests/CMakeFiles/test_sdk_runner_ucp.dir/test_sdk_runner.cc.o
[ 52%] Building CXX object tests/CMakeFiles/test_sdk_runner_x5.dir/test_sdk_runner.cc.o
[ 54%] Linking CXX static library libyoloe_preflight.a
[ 56%] Built target yoloe_preflight
[ 59%] Building CXX object tests/CMakeFiles/yoloe_cli_fixture.dir/__/src/cli_options.cpp.o
[ 61%] Linking CXX executable mask_probe
ld: warning: ignoring duplicate libraries: '/Users/Max/Workspace/company/development/RDK_MODEL_ZOO/.coordination/opencv-native/install/lib/libopencv_core.a', '/Users/Max/Workspace/company/development/RDK_MODEL_ZOO/.coordination/opencv-native/install/lib/libopencv_imgcodecs.a', '/Users/Max/Workspace/company/development/RDK_MODEL_ZOO/.coordination/opencv-native/install/lib/libopencv_imgproc.a'
[ 63%] Built target mask_probe
[ 65%] Building CXX object tests/CMakeFiles/yoloe_cli_fixture.dir/__/src/cli_io.cpp.o
[ 68%] Building CXX object tests/CMakeFiles/test_sdk_runner_x5.dir/__/src/sdk_runner.cpp.o
[ 70%] Building CXX object tests/CMakeFiles/test_sdk_runner_ucp.dir/__/src/sdk_runner.cpp.o
[ 72%] Building CXX object tests/CMakeFiles/yoloe_cli_fixture.dir/__/src/preflight.cpp.o
[ 75%] Building CXX object tests/CMakeFiles/test_preflight.dir/test_preflight.cc.o
[ 77%] Building CXX object tests/CMakeFiles/yoloe_cli_fixture.dir/cli_fixture_runner.cpp.o
[ 79%] Linking CXX executable test_sdk_runner_ucp
[ 81%] Linking CXX executable test_sdk_runner_x5
[ 84%] Built target test_sdk_runner_ucp
[ 86%] Built target test_sdk_runner_x5
[ 90%] Building CXX object tests/CMakeFiles/test_cli_io.dir/test_cli_io.cc.o
[ 90%] Building CXX object tests/CMakeFiles/test_cli_io.dir/__/src/cli_io.cpp.o
[ 93%] Linking CXX executable test_preflight
[ 93%] Built target test_preflight
[ 95%] Building CXX object tests/CMakeFiles/test_cli_io.dir/__/src/cli_options.cpp.o
[ 97%] Linking CXX executable yoloe_cli_fixture
[ 97%] Built target yoloe_cli_fixture
[100%] Linking CXX executable test_cli_io
[100%] Built target test_cli_io
Test project /tmp/yoloe-native-opencv
      Start  1: float_heads
 1/11 Test  #1: float_heads ......................   Passed    0.02 sec
      Start  2: e11_decode
 2/11 Test  #2: e11_decode .......................   Passed    6.43 sec
      Start  3: e26_decode
 3/11 Test  #3: e26_decode .......................   Passed    5.18 sec
      Start  4: geometry
 4/11 Test  #4: geometry .........................   Passed    0.02 sec
      Start  5: preflight
 5/11 Test  #5: preflight ........................   Passed    0.38 sec
      Start  6: image_ops
 6/11 Test  #6: image_ops ........................   Passed    0.60 sec
      Start  7: pipeline
 7/11 Test  #7: pipeline .........................   Passed    6.84 sec
      Start  8: sdk_runner_x5
 8/11 Test  #8: sdk_runner_x5 ....................   Passed    9.21 sec
      Start  9: sdk_runner_ucp
 9/11 Test  #9: sdk_runner_ucp ...................   Passed    9.64 sec
      Start 10: cli_io
10/11 Test #10: cli_io ...........................   Passed    0.51 sec
      Start 11: cli_fixture_help
11/11 Test #11: cli_fixture_help .................   Passed    0.40 sec

100% tests passed out of 11

Total Test time (real) =  39.22 sec
Test project /tmp/yoloe-stage-core
      Start  1: float_heads
 1/11 Test  #1: float_heads ......................   Passed    0.02 sec
      Start  2: e11_decode
 2/11 Test  #2: e11_decode .......................   Passed    3.81 sec
      Start  3: e26_decode
 3/11 Test  #3: e26_decode .......................   Passed    3.65 sec
      Start  4: geometry
 4/11 Test  #4: geometry .........................   Passed    0.01 sec
      Start  5: preflight
 5/11 Test  #5: preflight ........................   Passed    0.37 sec
      Start  6: image_ops
 6/11 Test  #6: image_ops ........................   Passed    0.39 sec
      Start  7: pipeline
 7/11 Test  #7: pipeline .........................   Passed    6.64 sec
      Start  8: sdk_runner_x5
 8/11 Test  #8: sdk_runner_x5 ....................   Passed    9.12 sec
      Start  9: sdk_runner_ucp
 9/11 Test  #9: sdk_runner_ucp ...................   Passed    8.38 sec
      Start 10: cli_io
10/11 Test #10: cli_io ...........................   Passed    0.43 sec
      Start 11: cli_fixture_help
11/11 Test #11: cli_fixture_help .................   Passed    0.39 sec

100% tests passed out of 11

Total Test time (real) =  33.21 sec
