{
  "schema": "rdk-model-zoo/yoloe-native-launch/v1",
  "target": "s100",
  "variant": "11s",
  "source_asset_id": "s:yoloe11_seg:yoloe_11s_seg_pf_nashe_640x640_nv12.hbm",
  "model_kind": "published",
  "publisher_sha256": null,
  "publisher_checksum_verified": false,
  "local_float_sha256": null,
  "config": {
    "score_thres": 0.25,
    "nms_thres": null,
    "resize_type": 1,
    "do_morph": true,
    "max_det": 300,
    "single_label": true
  },
  "cwd": "/Users/Max/Workspace/company/development/RDK_MODEL_ZOO/rdk-b7-board-integration",
  "build_directory": "/Users/Max/Workspace/company/development/RDK_MODEL_ZOO/rdk-b7-board-integration/samples/vision/yoloe/runtime/cpp/build/s100",
  "command": [
    "/Users/Max/Workspace/company/development/RDK_MODEL_ZOO/rdk-b7-board-integration/samples/vision/yoloe/runtime/cpp/build/s100/yoloe_demo",
    "--target",
    "s100",
    "--variant",
    "11s",
    "--model-path",
    "/Users/Max/Workspace/company/development/RDK_MODEL_ZOO/rdk-b7-board-integration/samples/vision/yoloe/model/s100/yoloe_11s_seg_pf_nashe_640x640_nv12.hbm",
    "--model-sha256",
    "<verified-model-sha256>",
    "--test-img",
    "/Users/Max/Workspace/company/development/RDK_MODEL_ZOO/rdk-b7-board-integration/samples/vision/yoloe/test_data/office_desk.jpg",
    "--label-file",
    "/Users/Max/Workspace/company/development/RDK_MODEL_ZOO/rdk-b7-board-integration/samples/vision/yoloe/test_data/classes.names",
    "--output",
    "/Users/Max/Workspace/company/development/RDK_MODEL_ZOO/rdk-b7-board-integration/outputs/yoloe_cpp/result",
    "--score-thres",
    "0.25",
    "--resize-type",
    "1",
    "--max-det",
    "300"
  ],
  "executed": false,
  "downloaded": false,
  "runtime_metadata_verified": false,
  "processes": [],
  "status": "requires local floating-output conversion"
}
