{
  "schema": "rdk-model-zoo/yoloe-native-launch/v1",
  "target": "x5",
  "variant": "11s",
  "source_asset_id": "x5:yoloe:yoloe_11s_seg_pf_bayese_640x640_nv12.bin",
  "model_kind": "published",
  "publisher_sha256": "8b997e9148a1797a3196f6230c1db2029b85ebdd69bd39ad609577723af3f8fa",
  "publisher_checksum_verified": false,
  "local_float_sha256": null,
  "config": {
    "score_thres": 0.25,
    "nms_thres": null,
    "resize_type": 1,
    "do_morph": false,
    "max_det": 300,
    "single_label": true
  },
  "cwd": "/Users/Max/Workspace/company/development/RDK_MODEL_ZOO/rdk-b7-board-integration",
  "build_directory": "/Users/Max/Workspace/company/development/RDK_MODEL_ZOO/rdk-b7-board-integration/samples/vision/yoloe/runtime/cpp/build/x5",
  "command": [
    "/Users/Max/Workspace/company/development/RDK_MODEL_ZOO/rdk-b7-board-integration/samples/vision/yoloe/runtime/cpp/build/x5/yoloe_demo",
    "--target",
    "x5",
    "--variant",
    "11s",
    "--model-path",
    "/Users/Max/Workspace/company/development/RDK_MODEL_ZOO/rdk-b7-board-integration/samples/vision/yoloe/model/x5/yoloe_11s_seg_pf_bayese_640x640_nv12.bin",
    "--model-sha256",
    "8b997e9148a1797a3196f6230c1db2029b85ebdd69bd39ad609577723af3f8fa",
    "--test-img",
    "/Users/Max/Workspace/company/development/RDK_MODEL_ZOO/rdk-b7-board-integration/samples/vision/yoloe/test_data/office_desk.jpg",
    "--label-file",
    "/Users/Max/Workspace/company/development/RDK_MODEL_ZOO/rdk-b7-board-integration/samples/vision/yoloe/test_data/classes.names",
    "--output",
    "/Users/Max/Workspace/company/development/RDK_MODEL_ZOO/rdk-b7-board-integration/outputs/yoloe_cpp/result",
    "--score-thres",
    "0.25",
    "--resize-type",
    "1",
    "--max-det",
    "300"
  ],
  "executed": false,
  "downloaded": false,
  "runtime_metadata_verified": false,
  "processes": [],
  "status": "metadata validation required"
}
