[
  {
    "target": "x5",
    "variant": "11s",
    "asset_id": "x5:yoloe:yoloe_11s_seg_pf_bayese_640x640_nv12.bin",
    "published_float": true
  },
  {
    "target": "x5",
    "variant": "11m",
    "asset_id": "x5:yoloe:yoloe_11m_seg_pf_bayese_640x640_nv12.bin",
    "published_float": true
  },
  {
    "target": "x5",
    "variant": "11l",
    "asset_id": "x5:yoloe:yoloe_11l_seg_pf_bayese_640x640_nv12.bin",
    "published_float": true
  },
  {
    "target": "s100",
    "variant": "11s",
    "asset_id": "s:yoloe11_seg:yoloe_11s_seg_pf_nashe_640x640_nv12.hbm",
    "published_float": false
  },
  {
    "target": "s100",
    "variant": "26n",
    "asset_id": "s:yoloe26_seg:nash-e/yoloe_26n_seg_pf_nashe_640x640_nv12.hbm",
    "published_float": false
  },
  {
    "target": "s100",
    "variant": "26s",
    "asset_id": "s:yoloe26_seg:nash-e/yoloe_26s_seg_pf_nashe_640x640_nv12.hbm",
    "published_float": false
  },
  {
    "target": "s100",
    "variant": "26m",
    "asset_id": "s:yoloe26_seg:nash-e/yoloe_26m_seg_pf_nashe_640x640_nv12.hbm",
    "published_float": false
  },
  {
    "target": "s100",
    "variant": "26l",
    "asset_id": "s:yoloe26_seg:nash-e/yoloe_26l_seg_pf_nashe_640x640_nv12.hbm",
    "published_float": false
  },
  {
    "target": "s100",
    "variant": "26x",
    "asset_id": "s:yoloe26_seg:nash-e/yoloe_26x_seg_pf_nashe_640x640_nv12.hbm",
    "published_float": false
  },
  {
    "target": "s100p",
    "variant": "26n",
    "asset_id": "s:yoloe26_seg:nash-m/yoloe_26n_seg_pf_nashm_640x640_nv12.hbm",
    "published_float": false
  },
  {
    "target": "s100p",
    "variant": "26s",
    "asset_id": "s:yoloe26_seg:nash-m/yoloe_26s_seg_pf_nashm_640x640_nv12.hbm",
    "published_float": false
  },
  {
    "target": "s100p",
    "variant": "26m",
    "asset_id": "s:yoloe26_seg:nash-m/yoloe_26m_seg_pf_nashm_640x640_nv12.hbm",
    "published_float": false
  },
  {
    "target": "s100p",
    "variant": "26l",
    "asset_id": "s:yoloe26_seg:nash-m/yoloe_26l_seg_pf_nashm_640x640_nv12.hbm",
    "published_float": false
  },
  {
    "target": "s100p",
    "variant": "26x",
    "asset_id": "s:yoloe26_seg:nash-m/yoloe_26x_seg_pf_nashm_640x640_nv12.hbm",
    "published_float": false
  }
]
