[  5%] Built target test_contract
[ 22%] Built target asr_preflight
[ 22%] Built target asr_frontend
[ 33%] Built target test_audio
[ 41%] Built target test_task
[ 44%] Building CXX object tests/CMakeFiles/test_sdk.dir/test_sdk.cc.o
[ 47%] Building CXX object tests/CMakeFiles/asr_cli_fixture.dir/__/src/main.cc.o
[ 58%] Built target test_preflight
[ 61%] Building CXX object tests/CMakeFiles/test_cli_io.dir/test_cli_io.cc.o
[ 63%] Building CXX object tests/CMakeFiles/test_cli_io.dir/__/src/cli_io.cc.o
[ 66%] Linking CXX executable test_sdk
[ 75%] Built target test_sdk
[ 77%] Building CXX object tests/CMakeFiles/asr_cli_fixture.dir/__/src/cli_io.cc.o
[ 80%] Building CXX object tests/CMakeFiles/asr_cli_fixture.dir/__/src/preflight.cc.o
[ 83%] Building CXX object tests/CMakeFiles/test_cli_io.dir/__/src/preflight.cc.o
[ 86%] Building CXX object tests/CMakeFiles/asr_cli_fixture.dir/cli_fixture_runner.cc.o
[ 88%] Building CXX object tests/CMakeFiles/asr_cli_fixture.dir/__/src/audio_io.cc.o
[ 91%] Building CXX object tests/CMakeFiles/asr_cli_fixture.dir/__/src/frontend.cc.o
[ 94%] Building CXX object tests/CMakeFiles/test_cli_io.dir/Users/Max/Workspace/company/development/RDK_MODEL_ZOO/rdk-b7-board-integration/samples/_shared/cpp/platform_identity.cc.o
[ 97%] Linking CXX executable asr_cli_fixture
[100%] Linking CXX executable test_cli_io
[100%] Built target asr_cli_fixture
[100%] Built target test_cli_io
