-- Configuring done (0.0s)
-- Generating done (0.0s)
-- Build files have been written to: /tmp/rdk-asr-library
[  8%] Built target asr_frontend
[ 16%] Built target asr_preflight
[ 22%] Built target test_contract
[ 33%] Built target test_audio
[ 41%] Built target test_task
[ 55%] Built target test_sdk
[ 66%] Built target test_preflight
[ 69%] Building CXX object tests/CMakeFiles/asr_cli_fixture.dir/__/src/main.cc.o
[ 72%] Building CXX object tests/CMakeFiles/asr_cli_fixture.dir/__/src/cli_io.cc.o
[ 75%] Building CXX object tests/CMakeFiles/asr_cli_fixture.dir/__/src/preflight.cc.o
[ 77%] Building CXX object tests/CMakeFiles/asr_cli_fixture.dir/cli_fixture_runner.cc.o
[ 80%] Building CXX object tests/CMakeFiles/asr_cli_fixture.dir/__/src/audio_io.cc.o
[ 83%] Building CXX object tests/CMakeFiles/asr_cli_fixture.dir/__/src/frontend.cc.o
[ 86%] Linking CXX executable asr_cli_fixture
[ 86%] Built target asr_cli_fixture
[ 88%] Building CXX object tests/CMakeFiles/test_cli_io.dir/test_cli_io.cc.o
[ 91%] Building CXX object tests/CMakeFiles/test_cli_io.dir/__/src/cli_io.cc.o
[ 94%] Building CXX object tests/CMakeFiles/test_cli_io.dir/__/src/preflight.cc.o
[ 97%] Building CXX object tests/CMakeFiles/test_cli_io.dir/Users/Max/Workspace/company/development/RDK_MODEL_ZOO/rdk-b7-board-integration/samples/_shared/cpp/platform_identity.cc.o
[100%] Linking CXX executable test_cli_io
[100%] Built target test_cli_io
Test project /tmp/rdk-asr-library
    Start 1: asr_contract
1/7 Test #1: asr_contract .....................   Passed    0.01 sec
    Start 2: asr_audio
2/7 Test #2: asr_audio ........................   Passed    0.07 sec
    Start 3: asr_task
3/7 Test #3: asr_task .........................   Passed    0.10 sec
    Start 4: asr_sdk_fixture
4/7 Test #4: asr_sdk_fixture ..................   Passed    0.03 sec
    Start 5: asr_preflight
5/7 Test #5: asr_preflight ....................   Passed    0.02 sec
    Start 6: asr_cli_fixture_help
6/7 Test #6: asr_cli_fixture_help .............   Passed    0.42 sec
    Start 7: asr_cli_io
7/7 Test #7: asr_cli_io .......................   Passed    0.36 sec

100% tests passed out of 7

Total Test time (real) =   1.48 sec
