[
  {
    "asset_id": "s:asr:s100/asr.hbm",
    "target": "s100"
  },
  {
    "asset_id": "s:asr:s600/asr.hbm",
    "target": "s600"
  }
]
{
  "schema": "rdk-model-zoo/asr-native-launch/v1",
  "target": "s100",
  "asset_id": "s:asr:s100/asr.hbm",
  "decode_mode": "ctc",
  "publisher_sha256": null,
  "publisher_checksum_verified": false,
  "executed": false,
  "downloaded": false,
  "runtime_metadata_verified": false,
  "status": "prepared",
  "command": [
    "/Users/Max/Workspace/company/development/RDK_MODEL_ZOO/rdk-b7-board-integration/samples/speech/asr/runtime/cpp/build/s100/asr_demo",
    "--target",
    "s100",
    "--asset-id",
    "s:asr:s100/asr.hbm",
    "--model-path",
    "/Users/Max/Workspace/company/development/RDK_MODEL_ZOO/rdk-b7-board-integration/samples/speech/asr/model/s100/asr.hbm",
    "--model-sha256",
    "<observed-model-sha256>",
    "--audio-file",
    "/Users/Max/Workspace/company/development/RDK_MODEL_ZOO/rdk-b7-board-integration/samples/speech/asr/test_data/chi_sound.wav",
    "--vocab-file",
    "/Users/Max/Workspace/company/development/RDK_MODEL_ZOO/rdk-b7-board-integration/samples/speech/asr/test_data/vocab.json",
    "--decode-mode",
    "ctc",
    "--output-dir",
    "/Users/Max/Workspace/company/development/RDK_MODEL_ZOO/rdk-b7-board-integration/outputs/asr_cpp/result"
  ],
  "processes": []
}
{
  "schema": "rdk-model-zoo/asr-native-launch/v1",
  "target": "s600",
  "asset_id": "s:asr:s600/asr.hbm",
  "decode_mode": "ctc",
  "publisher_sha256": null,
  "publisher_checksum_verified": false,
  "executed": false,
  "downloaded": false,
  "runtime_metadata_verified": false,
  "status": "prepared",
  "command": [
    "/Users/Max/Workspace/company/development/RDK_MODEL_ZOO/rdk-b7-board-integration/samples/speech/asr/runtime/cpp/build/s600/asr_demo",
    "--target",
    "s600",
    "--asset-id",
    "s:asr:s600/asr.hbm",
    "--model-path",
    "/Users/Max/Workspace/company/development/RDK_MODEL_ZOO/rdk-b7-board-integration/samples/speech/asr/model/s600/asr.hbm",
    "--model-sha256",
    "<observed-model-sha256>",
    "--audio-file",
    "/Users/Max/Workspace/company/development/RDK_MODEL_ZOO/rdk-b7-board-integration/samples/speech/asr/test_data/chi_sound.wav",
    "--vocab-file",
    "/Users/Max/Workspace/company/development/RDK_MODEL_ZOO/rdk-b7-board-integration/samples/speech/asr/test_data/vocab.json",
    "--decode-mode",
    "ctc",
    "--output-dir",
    "/Users/Max/Workspace/company/development/RDK_MODEL_ZOO/rdk-b7-board-integration/outputs/asr_cpp/result"
  ],
  "processes": []
}
