/Users/Max/Workspace/company/development/RDK_MODEL_ZOO/rdk-b7-board-integration/samples/vision/yoloe/conversion/export.py:140: DeprecationWarning: You are using the legacy TorchScript-based ONNX export. Starting in PyTorch 2.9, the new torch.export-based ONNX exporter has become the default. Learn more about the new export logic: https://docs.pytorch.org/docs/stable/onnx_export.html. For exporting control flow: https://pytorch.org/tutorials/beginner/onnx/export_control_flow_model_to_onnx_tutorial.html
  torch.onnx.export(
{
  "status": "float_checked",
  "variant": "11l",
  "started_utc": "2026-09-27T20:58:47.571761+00:00",
  "checkpoint": "/Users/Max/Workspace/company/development/RDK_MODEL_ZOO/.coordination/yoloe-checkpoints/yoloe-11l-seg-pf.pt",
  "checkpoint_sha256": "bf39e17c356f4b73977aa978bbdf6d19d0830e6bff46727d2d1f260414e41e0f",
  "versions": {
    "torch": "2.14.0",
    "ultralytics": "8.4.127",
    "onnxruntime": "1.30.0"
  },
  "validation": {
    "upstream_static_pf": "passed",
    "onnx_float": "passed",
    "onnx_graph": "passed",
    "compiled_model": "not-run",
    "board": "not-run",
    "dataset_accuracy": "not-run",
    "upstream_comparison": {
      "all_raw_anchors": "passed",
      "decoded_before_topk": "passed",
      "raw_max_abs_error": {
        "boxes": 0.0,
        "scores": 4.9591064453125e-05,
        "mask_coefficient": 0.0
      },
      "topk": "not-applicable"
    },
    "onnx_graph_optimization": "ORT_DISABLE_ALL",
    "onnx_max_abs_error": {
      "cls_8": 0.001171112060546875,
      "box_8": 0.003345489501953125,
      "mces_8": 0.00035059452056884766,
      "cls_16": 0.0009002685546875,
      "box_16": 0.003956794738769531,
      "mces_16": 0.0004858970642089844,
      "cls_32": 0.00035858154296875,
      "box_32": 0.0021991729736328125,
      "mces_32": 8.651614189147949e-05,
      "protos": 0.00012540817260742188
    },
    "rtol": 0.002,
    "atol": 0.002
  },
  "validation_input": {
    "kind": "image",
    "path": "/Users/Max/Workspace/company/development/RDK_MODEL_ZOO/rdk-b7-board-integration/samples/vision/yoloe/test_data/office_desk.jpg",
    "sha256": "ecefff4893149e6ac22348a59c8e4d3c1b3a751266a15bd38e3e6d041bf39c52",
    "tensor_sha256": "09a5e8bad67a26d4186f9de0836d2410bdb3b7d1833dfad56ac0989e3bbc2d85"
  },
  "graph": {
    "onnx_sha256": "efb3135371255ea49dc846a5e2b05e47b85b69e549c274007c47bc3b52aa160f",
    "names_sha256": "1a6c943dd251993770e7cf6fed23a38b7ac068f4c8fbc7a0db85cbe0fe5221b3",
    "input_name": "images",
    "input_shape": [
      1,
      3,
      640,
      640
    ],
    "output_roles": {
      "cls_8": "cls_8",
      "box_8": "box_8",
      "mces_8": "mces_8",
      "cls_16": "cls_16",
      "box_16": "box_16",
      "mces_16": "mces_16",
      "cls_32": "cls_32",
      "box_32": "box_32",
      "mces_32": "mces_32",
      "protos": "protos"
    },
    "output_shapes": {
      "cls_8": [
        1,
        80,
        80,
        4585
      ],
      "box_8": [
        1,
        80,
        80,
        64
      ],
      "mces_8": [
        1,
        80,
        80,
        32
      ],
      "cls_16": [
        1,
        40,
        40,
        4585
      ],
      "box_16": [
        1,
        40,
        40,
        64
      ],
      "mces_16": [
        1,
        40,
        40,
        32
      ],
      "cls_32": [
        1,
        20,
        20,
        4585
      ],
      "box_32": [
        1,
        20,
        20,
        64
      ],
      "mces_32": [
        1,
        20,
        20,
        32
      ],
      "protos": [
        1,
        160,
        160,
        32
      ]
    },
    "output_dtype": "float32",
    "softmax_nodes": [
      "/model.10/m/m.0/attn/Softmax",
      "/model.10/m/m.1/attn/Softmax"
    ]
  },
  "onnx": "/Users/Max/Workspace/company/development/RDK_MODEL_ZOO/.coordination/yoloe-export-final-v3-20260928/11l/yoloe_11l_seg_pf.onnx",
  "names": "/Users/Max/Workspace/company/development/RDK_MODEL_ZOO/.coordination/yoloe-export-final-v3-20260928/11l/yoloe_11l_seg_pf.names",
  "opset": 11,
  "finished_utc": "2026-09-27T20:58:50.498002+00:00"
}
