/Users/Max/Workspace/company/development/RDK_MODEL_ZOO/rdk-b7-board-integration/samples/vision/yoloe/conversion/export.py:140: DeprecationWarning: You are using the legacy TorchScript-based ONNX export. Starting in PyTorch 2.9, the new torch.export-based ONNX exporter has become the default. Learn more about the new export logic: https://docs.pytorch.org/docs/stable/onnx_export.html. For exporting control flow: https://pytorch.org/tutorials/beginner/onnx/export_control_flow_model_to_onnx_tutorial.html
  torch.onnx.export(
{
  "status": "float_checked",
  "variant": "11s",
  "started_utc": "2026-09-27T20:58:41.048552+00:00",
  "checkpoint": "/Users/Max/Workspace/company/development/RDK_MODEL_ZOO/.coordination/yoloe-checkpoints/yoloe-11s-seg-pf.pt",
  "checkpoint_sha256": "292bdf157a9ec7315f34b567cb93467c5043cd1889a1cc18abbfdeb88d7a948d",
  "versions": {
    "torch": "2.14.0",
    "ultralytics": "8.4.127",
    "onnxruntime": "1.30.0"
  },
  "validation": {
    "upstream_static_pf": "passed",
    "onnx_float": "passed",
    "onnx_graph": "passed",
    "compiled_model": "not-run",
    "board": "not-run",
    "dataset_accuracy": "not-run",
    "upstream_comparison": {
      "all_raw_anchors": "passed",
      "decoded_before_topk": "passed",
      "raw_max_abs_error": {
        "boxes": 0.0,
        "scores": 5.340576171875e-05,
        "mask_coefficient": 0.0
      },
      "topk": "not-applicable"
    },
    "onnx_graph_optimization": "ORT_DISABLE_ALL",
    "onnx_max_abs_error": {
      "cls_8": 0.00034332275390625,
      "box_8": 0.0010614395141601562,
      "mces_8": 6.604194641113281e-05,
      "cls_16": 0.000396728515625,
      "box_16": 0.0010231733322143555,
      "mces_16": 6.151199340820312e-05,
      "cls_32": 0.00025177001953125,
      "box_32": 0.0019178390502929688,
      "mces_32": 9.107589721679688e-05,
      "protos": 7.748603820800781e-05
    },
    "rtol": 0.002,
    "atol": 0.002
  },
  "validation_input": {
    "kind": "image",
    "path": "/Users/Max/Workspace/company/development/RDK_MODEL_ZOO/rdk-b7-board-integration/samples/vision/yoloe/test_data/office_desk.jpg",
    "sha256": "ecefff4893149e6ac22348a59c8e4d3c1b3a751266a15bd38e3e6d041bf39c52",
    "tensor_sha256": "09a5e8bad67a26d4186f9de0836d2410bdb3b7d1833dfad56ac0989e3bbc2d85"
  },
  "graph": {
    "onnx_sha256": "4597984abfe92f8f028bc30a8025d5a7230d29c0c9e5e7432a0fb8edbc4e5b47",
    "names_sha256": "1a6c943dd251993770e7cf6fed23a38b7ac068f4c8fbc7a0db85cbe0fe5221b3",
    "input_name": "images",
    "input_shape": [
      1,
      3,
      640,
      640
    ],
    "output_roles": {
      "cls_8": "cls_8",
      "box_8": "box_8",
      "mces_8": "mces_8",
      "cls_16": "cls_16",
      "box_16": "box_16",
      "mces_16": "mces_16",
      "cls_32": "cls_32",
      "box_32": "box_32",
      "mces_32": "mces_32",
      "protos": "protos"
    },
    "output_shapes": {
      "cls_8": [
        1,
        80,
        80,
        4585
      ],
      "box_8": [
        1,
        80,
        80,
        64
      ],
      "mces_8": [
        1,
        80,
        80,
        32
      ],
      "cls_16": [
        1,
        40,
        40,
        4585
      ],
      "box_16": [
        1,
        40,
        40,
        64
      ],
      "mces_16": [
        1,
        40,
        40,
        32
      ],
      "cls_32": [
        1,
        20,
        20,
        4585
      ],
      "box_32": [
        1,
        20,
        20,
        64
      ],
      "mces_32": [
        1,
        20,
        20,
        32
      ],
      "protos": [
        1,
        160,
        160,
        32
      ]
    },
    "output_dtype": "float32",
    "softmax_nodes": [
      "/model.10/m/m.0/attn/Softmax"
    ]
  },
  "onnx": "/Users/Max/Workspace/company/development/RDK_MODEL_ZOO/.coordination/yoloe-export-final-v3-20260928/11s/yoloe_11s_seg_pf.onnx",
  "names": "/Users/Max/Workspace/company/development/RDK_MODEL_ZOO/.coordination/yoloe-export-final-v3-20260928/11s/yoloe_11s_seg_pf.names",
  "opset": 11,
  "finished_utc": "2026-09-27T20:58:42.805114+00:00"
}
