/Users/Max/Workspace/company/development/RDK_MODEL_ZOO/rdk-b7-board-integration/samples/vision/yoloe/conversion/export.py:140: DeprecationWarning: You are using the legacy TorchScript-based ONNX export. Starting in PyTorch 2.9, the new torch.export-based ONNX exporter has become the default. Learn more about the new export logic: https://docs.pytorch.org/docs/stable/onnx_export.html. For exporting control flow: https://pytorch.org/tutorials/beginner/onnx/export_control_flow_model_to_onnx_tutorial.html
  torch.onnx.export(
{
  "status": "float_checked",
  "variant": "26n",
  "started_utc": "2026-09-27T20:58:51.393374+00:00",
  "checkpoint": "/Users/Max/Workspace/company/development/RDK_MODEL_ZOO/.coordination/yoloe-checkpoints/yoloe-26n-seg-pf.pt",
  "checkpoint_sha256": "ae805a9ac11c85214588b32da8248d68a516e1d071465e1e86a03cbfadb66ba7",
  "versions": {
    "torch": "2.14.0",
    "ultralytics": "8.4.127",
    "onnxruntime": "1.30.0"
  },
  "validation": {
    "upstream_static_pf": "passed",
    "onnx_float": "passed",
    "onnx_graph": "passed",
    "compiled_model": "not-run",
    "board": "not-run",
    "dataset_accuracy": "not-run",
    "upstream_comparison": {
      "all_raw_anchors": "passed",
      "decoded_before_topk": "passed",
      "raw_max_abs_error": {
        "boxes": 0.0,
        "scores": 7.62939453125e-05,
        "mask_coefficient": 0.0
      },
      "topk": {
        "selected_anchor_class_set": "identical",
        "selected_rows": 1000,
        "order_identical": true,
        "reordered_rows": 0,
        "comparison": "per-identity rtol=atol=1e-4"
      }
    },
    "onnx_graph_optimization": "ORT_DISABLE_ALL",
    "onnx_max_abs_error": {
      "cls_8": 0.000240325927734375,
      "box_8": 8.249282836914062e-05,
      "mces_8": 1.728534698486328e-05,
      "cls_16": 0.00141143798828125,
      "box_16": 0.00010251998901367188,
      "mces_16": 3.392994403839111e-05,
      "cls_32": 0.0006866455078125,
      "box_32": 9.393692016601562e-05,
      "mces_32": 1.1920928955078125e-05,
      "protos": 9.500980377197266e-05
    },
    "rtol": 0.002,
    "atol": 0.002
  },
  "validation_input": {
    "kind": "image",
    "path": "/Users/Max/Workspace/company/development/RDK_MODEL_ZOO/rdk-b7-board-integration/samples/vision/yoloe/test_data/office_desk.jpg",
    "sha256": "ecefff4893149e6ac22348a59c8e4d3c1b3a751266a15bd38e3e6d041bf39c52",
    "tensor_sha256": "9331d12814877358b4bb998a940863e2d76f5654ea55ee06b2631685c003c975"
  },
  "graph": {
    "onnx_sha256": "263e9d155b54f27d19c59856a7e558b94d37b40ef2dd2c106ce3cfec7010787f",
    "names_sha256": "1a6c943dd251993770e7cf6fed23a38b7ac068f4c8fbc7a0db85cbe0fe5221b3",
    "input_name": "images",
    "input_shape": [
      1,
      3,
      640,
      640
    ],
    "output_roles": {
      "cls_8": "cls_8",
      "box_8": "box_8",
      "mces_8": "mces_8",
      "cls_16": "cls_16",
      "box_16": "box_16",
      "mces_16": "mces_16",
      "cls_32": "cls_32",
      "box_32": "box_32",
      "mces_32": "mces_32",
      "protos": "protos"
    },
    "output_shapes": {
      "cls_8": [
        1,
        80,
        80,
        4585
      ],
      "box_8": [
        1,
        80,
        80,
        4
      ],
      "mces_8": [
        1,
        80,
        80,
        32
      ],
      "cls_16": [
        1,
        40,
        40,
        4585
      ],
      "box_16": [
        1,
        40,
        40,
        4
      ],
      "mces_16": [
        1,
        40,
        40,
        32
      ],
      "cls_32": [
        1,
        20,
        20,
        4585
      ],
      "box_32": [
        1,
        20,
        20,
        4
      ],
      "mces_32": [
        1,
        20,
        20,
        32
      ],
      "protos": [
        1,
        160,
        160,
        32
      ]
    },
    "output_dtype": "float32",
    "softmax_nodes": [
      "/model.10/m/m.0/attn/Softmax",
      "/model.22/m.0/m.0.1/attn/Softmax"
    ]
  },
  "onnx": "/Users/Max/Workspace/company/development/RDK_MODEL_ZOO/.coordination/yoloe-export-final-v3-20260928/26n/yoloe_26n_seg_pf.onnx",
  "names": "/Users/Max/Workspace/company/development/RDK_MODEL_ZOO/.coordination/yoloe-export-final-v3-20260928/26n/yoloe_26n_seg_pf.names",
  "opset": 17,
  "finished_utc": "2026-09-27T20:58:52.861096+00:00"
}
