{
  "target": "s100p",
  "variant_declared": "26m",
  "source_asset_id": "s:yoloe26_seg:nash-m/yoloe_26m_seg_pf_nashm_640x640_nv12.hbm",
  "status": "config_only",
  "started_utc": "2026-09-27T21:00:40.230477+00:00",
  "source": "/Users/Max/Workspace/company/development/RDK_MODEL_ZOO/.coordination/yoloe-export-final-v3-20260928/26m/yoloe_26m_seg_pf.onnx",
  "graph": {
    "onnx_sha256": "d608e606bef5b3776ec91a55dab0dc11ba668b3f0afab165b33244965948394b",
    "names_sha256": "1a6c943dd251993770e7cf6fed23a38b7ac068f4c8fbc7a0db85cbe0fe5221b3",
    "input_name": "images",
    "input_shape": [
      1,
      3,
      640,
      640
    ],
    "output_roles": {
      "cls_8": "cls_8",
      "box_8": "box_8",
      "mces_8": "mces_8",
      "cls_16": "cls_16",
      "box_16": "box_16",
      "mces_16": "mces_16",
      "cls_32": "cls_32",
      "box_32": "box_32",
      "mces_32": "mces_32",
      "protos": "protos"
    },
    "output_shapes": {
      "cls_8": [
        1,
        80,
        80,
        4585
      ],
      "box_8": [
        1,
        80,
        80,
        4
      ],
      "mces_8": [
        1,
        80,
        80,
        32
      ],
      "cls_16": [
        1,
        40,
        40,
        4585
      ],
      "box_16": [
        1,
        40,
        40,
        4
      ],
      "mces_16": [
        1,
        40,
        40,
        32
      ],
      "cls_32": [
        1,
        20,
        20,
        4585
      ],
      "box_32": [
        1,
        20,
        20,
        4
      ],
      "mces_32": [
        1,
        20,
        20,
        32
      ],
      "protos": [
        1,
        160,
        160,
        32
      ]
    },
    "output_dtype": "float32",
    "softmax_nodes": [
      "/model.10/m/m.0/attn/Softmax",
      "/model.22/m.0/m.0.1/attn/Softmax"
    ]
  },
  "expected_output_dtype": "float32",
  "observed_output_dtype": null,
  "board": "not-run",
  "dataset_accuracy": "not-run",
  "compiler": null,
  "artifact": null,
  "warnings": [
    "fewer than 20 calibration images; no accuracy acceptance"
  ],
  "calibration": {
    "requested": 1,
    "actual": 1,
    "format": "npy-float32-rgb-0..1"
  },
  "config_sha256": "514af6f30c4f8f9b064f879774b40cf902581d621e394d38eceb58e3a1442604",
  "finished_utc": "2026-09-27T21:00:40.319498+00:00"
}
