{
  "target": "s100",
  "variant_declared": "26l",
  "source_asset_id": "s:yoloe26_seg:nash-e/yoloe_26l_seg_pf_nashe_640x640_nv12.hbm",
  "status": "config_only",
  "started_utc": "2026-09-27T21:00:37.293785+00:00",
  "source": "/Users/Max/Workspace/company/development/RDK_MODEL_ZOO/.coordination/yoloe-export-final-v3-20260928/26l/yoloe_26l_seg_pf.onnx",
  "graph": {
    "onnx_sha256": "1b0fb36c46ae15774988090f0db23ca622866d773903c4da65ec13d7b622dd6f",
    "names_sha256": "1a6c943dd251993770e7cf6fed23a38b7ac068f4c8fbc7a0db85cbe0fe5221b3",
    "input_name": "images",
    "input_shape": [
      1,
      3,
      640,
      640
    ],
    "output_roles": {
      "cls_8": "cls_8",
      "box_8": "box_8",
      "mces_8": "mces_8",
      "cls_16": "cls_16",
      "box_16": "box_16",
      "mces_16": "mces_16",
      "cls_32": "cls_32",
      "box_32": "box_32",
      "mces_32": "mces_32",
      "protos": "protos"
    },
    "output_shapes": {
      "cls_8": [
        1,
        80,
        80,
        4585
      ],
      "box_8": [
        1,
        80,
        80,
        4
      ],
      "mces_8": [
        1,
        80,
        80,
        32
      ],
      "cls_16": [
        1,
        40,
        40,
        4585
      ],
      "box_16": [
        1,
        40,
        40,
        4
      ],
      "mces_16": [
        1,
        40,
        40,
        32
      ],
      "cls_32": [
        1,
        20,
        20,
        4585
      ],
      "box_32": [
        1,
        20,
        20,
        4
      ],
      "mces_32": [
        1,
        20,
        20,
        32
      ],
      "protos": [
        1,
        160,
        160,
        32
      ]
    },
    "output_dtype": "float32",
    "softmax_nodes": [
      "/model.10/m/m.0/attn/Softmax",
      "/model.10/m/m.1/attn/Softmax",
      "/model.22/m.0/m.0.1/attn/Softmax"
    ]
  },
  "expected_output_dtype": "float32",
  "observed_output_dtype": null,
  "board": "not-run",
  "dataset_accuracy": "not-run",
  "compiler": null,
  "artifact": null,
  "warnings": [
    "fewer than 20 calibration images; no accuracy acceptance"
  ],
  "calibration": {
    "requested": 1,
    "actual": 1,
    "format": "npy-float32-rgb-0..1"
  },
  "config_sha256": "049a9318f92a50b6d1665099d709afcf3e836fd51ed464cfe7f28e60ea5220b5",
  "finished_utc": "2026-09-27T21:00:37.419271+00:00"
}
