{
  "target": "s100",
  "variant_declared": "26s",
  "source_asset_id": "s:yoloe26_seg:nash-e/yoloe_26s_seg_pf_nashe_640x640_nv12.hbm",
  "status": "config_only",
  "started_utc": "2026-09-27T21:00:35.029704+00:00",
  "source": "/Users/Max/Workspace/company/development/RDK_MODEL_ZOO/.coordination/yoloe-export-final-v3-20260928/26s/yoloe_26s_seg_pf.onnx",
  "graph": {
    "onnx_sha256": "5859e0c36f08203a123165dcaef72076ec7e4965f0c23ffeead77b271ade2692",
    "names_sha256": "1a6c943dd251993770e7cf6fed23a38b7ac068f4c8fbc7a0db85cbe0fe5221b3",
    "input_name": "images",
    "input_shape": [
      1,
      3,
      640,
      640
    ],
    "output_roles": {
      "cls_8": "cls_8",
      "box_8": "box_8",
      "mces_8": "mces_8",
      "cls_16": "cls_16",
      "box_16": "box_16",
      "mces_16": "mces_16",
      "cls_32": "cls_32",
      "box_32": "box_32",
      "mces_32": "mces_32",
      "protos": "protos"
    },
    "output_shapes": {
      "cls_8": [
        1,
        80,
        80,
        4585
      ],
      "box_8": [
        1,
        80,
        80,
        4
      ],
      "mces_8": [
        1,
        80,
        80,
        32
      ],
      "cls_16": [
        1,
        40,
        40,
        4585
      ],
      "box_16": [
        1,
        40,
        40,
        4
      ],
      "mces_16": [
        1,
        40,
        40,
        32
      ],
      "cls_32": [
        1,
        20,
        20,
        4585
      ],
      "box_32": [
        1,
        20,
        20,
        4
      ],
      "mces_32": [
        1,
        20,
        20,
        32
      ],
      "protos": [
        1,
        160,
        160,
        32
      ]
    },
    "output_dtype": "float32",
    "softmax_nodes": [
      "/model.10/m/m.0/attn/Softmax",
      "/model.22/m.0/m.0.1/attn/Softmax"
    ]
  },
  "expected_output_dtype": "float32",
  "observed_output_dtype": null,
  "board": "not-run",
  "dataset_accuracy": "not-run",
  "compiler": null,
  "artifact": null,
  "warnings": [
    "fewer than 20 calibration images; no accuracy acceptance"
  ],
  "calibration": {
    "requested": 1,
    "actual": 1,
    "format": "npy-float32-rgb-0..1"
  },
  "config_sha256": "2f29451c400117d0037dd7d077d4397be011a9385f12fa6e8d6a8f691e1db018",
  "finished_utc": "2026-09-27T21:00:35.109005+00:00"
}
