..................................................................................................................error: AttributeError: simulated SDK failure
..............................
----------------------------------------------------------------------
Ran 144 tests in 0.680s

OK
Wrote 20 calibration files to /var/folders/04/9p6f6bf54t3f5j_khcdj2jr40000gn/T/sam-calibration-gdmu7fad/source
Wrote 20 calibration files to /var/folders/04/9p6f6bf54t3f5j_khcdj2jr40000gn/T/sam-calibration-gdmu7fad/unified/calibration_data_rgbchw_512
Wrote 20 calibration files to /var/folders/04/9p6f6bf54t3f5j_khcdj2jr40000gn/T/sam-calibration-mvn1exez/source/batched_images
Wrote 20 calibration files to /var/folders/04/9p6f6bf54t3f5j_khcdj2jr40000gn/T/sam-calibration-mvn1exez/unified/batched_images
Wrote 1 calibration tensors to /var/folders/04/9p6f6bf54t3f5j_khcdj2jr40000gn/T/sam-calibration-iet6dk49/source
Wrote 1 calibration tensors to /var/folders/04/9p6f6bf54t3f5j_khcdj2jr40000gn/T/sam-calibration-iet6dk49/unified/calibration_data_norm_512
Wrote 1 calibration tensors to /var/folders/04/9p6f6bf54t3f5j_khcdj2jr40000gn/T/sam-calibration-n2c5pqm9/source/normalized_images
Wrote 1 calibration tensors to /var/folders/04/9p6f6bf54t3f5j_khcdj2jr40000gn/T/sam-calibration-n2c5pqm9/unified/normalized_images
Wrote 4 embeddings to /var/folders/04/9p6f6bf54t3f5j_khcdj2jr40000gn/T/sam-decoder-calibration-bo63rlj5/source/calibration_embeddings
Wrote 4 embeddings to /var/folders/04/9p6f6bf54t3f5j_khcdj2jr40000gn/T/sam-decoder-calibration-bo63rlj5/unified/calibration_embeddings
Wrote 4 embeddings to /var/folders/04/9p6f6bf54t3f5j_khcdj2jr40000gn/T/sam-decoder-calibration-25ryb0nc/source/image_embeddings
Wrote 4 embeddings to /var/folders/04/9p6f6bf54t3f5j_khcdj2jr40000gn/T/sam-decoder-calibration-25ryb0nc/unified/image_embeddings
Wrote 4 embeddings to /var/folders/04/9p6f6bf54t3f5j_khcdj2jr40000gn/T/sam-decoder-calibration-yw8n6956/source/calibration_embeddings
Wrote 4 boxes to /var/folders/04/9p6f6bf54t3f5j_khcdj2jr40000gn/T/sam-decoder-calibration-yw8n6956/source/calibration_boxes
Wrote 4 embeddings to /var/folders/04/9p6f6bf54t3f5j_khcdj2jr40000gn/T/sam-decoder-calibration-yw8n6956/unified/calibration_embeddings
Wrote 4 boxes to /var/folders/04/9p6f6bf54t3f5j_khcdj2jr40000gn/T/sam-decoder-calibration-yw8n6956/unified/calibration_boxes
Wrote 4 embeddings to /var/folders/04/9p6f6bf54t3f5j_khcdj2jr40000gn/T/sam-decoder-calibration-6bnr0vwc/source/image_embeddings
Wrote 4 boxes to /var/folders/04/9p6f6bf54t3f5j_khcdj2jr40000gn/T/sam-decoder-calibration-6bnr0vwc/source/boxes
Wrote 4 embeddings to /var/folders/04/9p6f6bf54t3f5j_khcdj2jr40000gn/T/sam-decoder-calibration-6bnr0vwc/unified/image_embeddings
Wrote 4 boxes to /var/folders/04/9p6f6bf54t3f5j_khcdj2jr40000gn/T/sam-decoder-calibration-6bnr0vwc/unified/boxes
Wrote /var/folders/04/9p6f6bf54t3f5j_khcdj2jr40000gn/T/sam-dump-qno_m8g1/source.bin (shape (1, 256, 32, 32), dtype float32)
Wrote /var/folders/04/9p6f6bf54t3f5j_khcdj2jr40000gn/T/sam-dump-qno_m8g1/unified.bin (shape (1, 256, 32, 32), dtype float32)
Wrote /var/folders/04/9p6f6bf54t3f5j_khcdj2jr40000gn/T/sam-dump-ig6qn8ot/source.bin (shape (1, 256, 32, 32), dtype float32)
Wrote /var/folders/04/9p6f6bf54t3f5j_khcdj2jr40000gn/T/sam-dump-ig6qn8ot/unified.bin (shape (1, 256, 32, 32), dtype float32)
{
  "passed": true,
  "checks": {
    "inputs_equal": true,
    "raw_close": true,
    "mask_equal": true,
    "mask_index_equal": true,
    "iou_close": true,
    "low_res_close": true
  },
  "evidence": "/private/var/folders/04/9p6f6bf54t3f5j_khcdj2jr40000gn/T/tmpacji2v13/evidence/comparison.json"
}
{
  "passed": true,
  "checks": {
    "inputs_equal": true,
    "raw_close": true,
    "mask_equal": true,
    "mask_index_equal": true,
    "iou_close": true,
    "low_res_close": true
  },
  "evidence": "/private/var/folders/04/9p6f6bf54t3f5j_khcdj2jr40000gn/T/tmpa_3ogao9/evidence/comparison.json"
}
{
  "passed": false,
  "checks": {
    "inputs_equal": true,
    "raw_close": false,
    "mask_equal": false,
    "mask_index_equal": false,
    "iou_close": true,
    "low_res_close": false
  },
  "evidence": "/private/var/folders/04/9p6f6bf54t3f5j_khcdj2jr40000gn/T/tmp6m9qkanq/evidence/comparison.json"
}
