test_bad_decoder_output_is_not_a_transcript (samples.speech.paraformer.tests.test_pipeline.PipelineTests.test_bad_decoder_output_is_not_a_transcript) ... ok
test_bad_frontend_contract_fails_before_any_model (samples.speech.paraformer.tests.test_pipeline.PipelineTests.test_bad_frontend_contract_fails_before_any_model) ... ok
test_missing_predictor_output_stops_before_decoder (samples.speech.paraformer.tests.test_pipeline.PipelineTests.test_missing_predictor_output_stops_before_decoder) ... ok
test_model_order_masking_and_source_text_rules (samples.speech.paraformer.tests.test_pipeline.PipelineTests.test_model_order_masking_and_source_text_rules) ... ok
test_no_token_skips_decoder_and_returns_empty_text (samples.speech.paraformer.tests.test_pipeline.PipelineTests.test_no_token_skips_decoder_and_returns_empty_text) ... ok
test_vocabulary_must_match_8404_ordered_nonempty_tokens (samples.speech.paraformer.tests.test_pipeline.PipelineTests.test_vocabulary_must_match_8404_ordered_nonempty_tokens) ... ok
test_decoder_context_and_inputs_do_not_leak_between_calls (samples.speech.paraformer.tests.test_stage_api.StageAPI.test_decoder_context_and_inputs_do_not_leak_between_calls) ... ERROR
test_explicit_stages_match_pipeline (samples.speech.paraformer.tests.test_stage_api.StageAPI.test_explicit_stages_match_pipeline) ... ERROR
test_malformed_outputs_identify_stage (samples.speech.paraformer.tests.test_stage_api.StageAPI.test_malformed_outputs_identify_stage) ... ERROR
test_raw_forward_is_not_decoding_or_activation (samples.speech.paraformer.tests.test_stage_api.StageAPI.test_raw_forward_is_not_decoding_or_activation) ... ERROR
test_stage_error_retains_original_cause_and_stops_later_models (samples.speech.paraformer.tests.test_stage_api.StageAPI.test_stage_error_retains_original_cause_and_stops_later_models) ... ERROR

======================================================================
ERROR: test_decoder_context_and_inputs_do_not_leak_between_calls (samples.speech.paraformer.tests.test_stage_api.StageAPI.test_decoder_context_and_inputs_do_not_leak_between_calls)
----------------------------------------------------------------------
Traceback (most recent call last):
  File "/Users/Max/Workspace/company/development/RDK_MODEL_ZOO/rdk-b7-board-integration/samples/speech/paraformer/tests/test_stage_api.py", line 39, in test_decoder_context_and_inputs_do_not_leak_between_calls
    _, pipeline = self.fixture(); task = pipeline.decoder_stage
                                         ^^^^^^^^^^^^^^^^^^^^^^
AttributeError: 'ParaformerPipeline' object has no attribute 'decoder_stage'

======================================================================
ERROR: test_explicit_stages_match_pipeline (samples.speech.paraformer.tests.test_stage_api.StageAPI.test_explicit_stages_match_pipeline)
----------------------------------------------------------------------
Traceback (most recent call last):
  File "/Users/Max/Workspace/company/development/RDK_MODEL_ZOO/rdk-b7-board-integration/samples/speech/paraformer/tests/test_stage_api.py", line 18, in test_explicit_stages_match_pipeline
    enc, pred, dec = pipeline.encoder_stage, pipeline.predictor_stage, pipeline.decoder_stage
                     ^^^^^^^^^^^^^^^^^^^^^^
AttributeError: 'ParaformerPipeline' object has no attribute 'encoder_stage'

======================================================================
ERROR: test_malformed_outputs_identify_stage (samples.speech.paraformer.tests.test_stage_api.StageAPI.test_malformed_outputs_identify_stage)
----------------------------------------------------------------------
Traceback (most recent call last):
  File "/Users/Max/Workspace/company/development/RDK_MODEL_ZOO/rdk-b7-board-integration/samples/speech/paraformer/tests/test_stage_api.py", line 66, in test_malformed_outputs_identify_stage
    from samples.speech.paraformer.runtime.python.stages import StageError
ModuleNotFoundError: No module named 'samples.speech.paraformer.runtime.python.stages'

======================================================================
ERROR: test_raw_forward_is_not_decoding_or_activation (samples.speech.paraformer.tests.test_stage_api.StageAPI.test_raw_forward_is_not_decoding_or_activation)
----------------------------------------------------------------------
Traceback (most recent call last):
  File "/Users/Max/Workspace/company/development/RDK_MODEL_ZOO/rdk-b7-board-integration/samples/speech/paraformer/tests/test_stage_api.py", line 32, in test_raw_forward_is_not_decoding_or_activation
    task = pipeline.encoder_stage
           ^^^^^^^^^^^^^^^^^^^^^^
AttributeError: 'ParaformerPipeline' object has no attribute 'encoder_stage'

======================================================================
ERROR: test_stage_error_retains_original_cause_and_stops_later_models (samples.speech.paraformer.tests.test_stage_api.StageAPI.test_stage_error_retains_original_cause_and_stops_later_models)
----------------------------------------------------------------------
Traceback (most recent call last):
  File "/Users/Max/Workspace/company/development/RDK_MODEL_ZOO/rdk-b7-board-integration/samples/speech/paraformer/tests/test_stage_api.py", line 53, in test_stage_error_retains_original_cause_and_stops_later_models
    from samples.speech.paraformer.runtime.python.stages import StageError
ModuleNotFoundError: No module named 'samples.speech.paraformer.runtime.python.stages'

----------------------------------------------------------------------
Ran 11 tests in 0.027s

FAILED (errors=5)
