-- Configuring done (0.0s)
-- Generating done (0.0s)
-- Build files have been written to: /tmp/yoloe-native-opencv
[ 10%] Built target test_geometry
[ 21%] Built target test_float_heads
[ 36%] Built target test_e26_decode
[ 42%] Built target test_e11_decode
[ 52%] Building CXX object CMakeFiles/yoloe_core.dir/Users/Max/Workspace/company/development/RDK_MODEL_ZOO/rdk-b7-board-integration/samples/vision/ultralytics_yolo/runtime/cpp/common/nv12_geometry.cc.o
[ 52%] Building CXX object CMakeFiles/yoloe_core.dir/Users/Max/Workspace/company/development/RDK_MODEL_ZOO/rdk-b7-board-integration/samples/vision/yoloe/runtime/cpp/src/yoloe.cpp.o
[ 63%] Built target test_image_ops
[ 73%] Built target mask_probe
[ 78%] Linking CXX static library libyoloe_core.a
[ 78%] Built target yoloe_core
[ 84%] Building CXX object CMakeFiles/test_pipeline.dir/test_pipeline.cc.o
[ 89%] Building CXX object CMakeFiles/input_probe.dir/input_probe.cc.o
[100%] Linking CXX executable test_pipeline
[100%] Linking CXX executable input_probe
[100%] Built target input_probe
[100%] Built target test_pipeline
-- The CXX compiler identification is AppleClang 21.0.0.21000334
-- Detecting CXX compiler ABI info
-- Detecting CXX compiler ABI info - done
-- Check for working CXX compiler: /usr/bin/c++ - skipped
-- Detecting CXX compile features
-- Detecting CXX compile features - done
-- Found OpenCV: /Users/Max/Workspace/company/development/RDK_MODEL_ZOO/.coordination/opencv-native/install (found version "4.14.0") found components: core imgproc
-- Configuring done (0.3s)
-- Generating done (0.0s)
-- Build files have been written to: /tmp/yoloe-stage-core
[ 21%] Building CXX object tests/CMakeFiles/test_e26_decode.dir/test_e26_decode.cc.o
[ 21%] Building CXX object tests/CMakeFiles/test_float_heads.dir/test_float_heads.cc.o
[ 21%] Building CXX object tests/CMakeFiles/test_e11_decode.dir/test_e11_decode.cc.o
[ 21%] Building CXX object CMakeFiles/yoloe_core.dir/src/yoloe.cpp.o
[ 26%] Linking CXX executable test_e26_decode
[ 31%] Linking CXX executable test_float_heads
[ 31%] Built target test_e26_decode
[ 31%] Built target test_float_heads
[ 36%] Building CXX object tests/CMakeFiles/test_geometry.dir/test_geometry.cc.o
[ 42%] Building CXX object tests/CMakeFiles/test_image_ops.dir/test_image_ops.cc.o
[ 47%] Linking CXX executable test_e11_decode
[ 47%] Built target test_e11_decode
[ 52%] Building CXX object tests/CMakeFiles/mask_probe.dir/mask_probe.cc.o
[ 57%] Linking CXX executable test_geometry
[ 57%] Built target test_geometry
[ 63%] Building CXX object CMakeFiles/yoloe_core.dir/Users/Max/Workspace/company/development/RDK_MODEL_ZOO/rdk-b7-board-integration/samples/vision/ultralytics_yolo/runtime/cpp/common/nv12_geometry.cc.o
[ 68%] Linking CXX static library libyoloe_core.a
[ 68%] Built target yoloe_core
[ 78%] Building CXX object tests/CMakeFiles/input_probe.dir/input_probe.cc.o
[ 78%] Building CXX object tests/CMakeFiles/test_pipeline.dir/test_pipeline.cc.o
[ 84%] Linking CXX executable test_image_ops
ld: warning: ignoring duplicate libraries: '/Users/Max/Workspace/company/development/RDK_MODEL_ZOO/.coordination/opencv-native/install/lib/libopencv_core.a', '/Users/Max/Workspace/company/development/RDK_MODEL_ZOO/.coordination/opencv-native/install/lib/libopencv_imgproc.a'
[ 84%] Built target test_image_ops
[ 89%] Linking CXX executable mask_probe
ld: warning: ignoring duplicate libraries: '/Users/Max/Workspace/company/development/RDK_MODEL_ZOO/.coordination/opencv-native/install/lib/libopencv_core.a', '/Users/Max/Workspace/company/development/RDK_MODEL_ZOO/.coordination/opencv-native/install/lib/libopencv_imgproc.a'
[ 89%] Built target mask_probe
[ 94%] Linking CXX executable test_pipeline
[100%] Linking CXX executable input_probe
[100%] Built target test_pipeline
[100%] Built target input_probe
Test project /tmp/yoloe-native-opencv
    Start 1: float_heads
1/6 Test #1: float_heads ......................   Passed    0.02 sec
    Start 2: e11_decode
2/6 Test #2: e11_decode .......................   Passed    4.27 sec
    Start 3: e26_decode
3/6 Test #3: e26_decode .......................   Passed    3.52 sec
    Start 4: geometry
4/6 Test #4: geometry .........................   Passed    0.01 sec
    Start 5: image_ops
5/6 Test #5: image_ops ........................   Passed    0.29 sec
    Start 6: pipeline
6/6 Test #6: pipeline .........................   Passed    6.65 sec

100% tests passed out of 6

Total Test time (real) =  14.77 sec
Test project /tmp/yoloe-stage-core
    Start 1: float_heads
1/6 Test #1: float_heads ......................   Passed    1.05 sec
    Start 2: e11_decode
2/6 Test #2: e11_decode .......................   Passed    3.61 sec
    Start 3: e26_decode
3/6 Test #3: e26_decode .......................   Passed    3.90 sec
    Start 4: geometry
4/6 Test #4: geometry .........................   Passed    0.42 sec
    Start 5: image_ops
5/6 Test #5: image_ops ........................   Passed    0.61 sec
    Start 6: pipeline
6/6 Test #6: pipeline .........................   Passed    6.75 sec

100% tests passed out of 6

Total Test time (real) =  16.34 sec
