test_corrupt_digest_and_wrong_shape_fail_without_type_coercion (samples.speech.paraformer.tests.test_evaluator_inputs.EvaluationInputs.test_corrupt_digest_and_wrong_shape_fail_without_type_coercion) ... ERROR
test_invalid_full_manifest_rejected_even_outside_selected_prefix (samples.speech.paraformer.tests.test_evaluator_inputs.EvaluationInputs.test_invalid_full_manifest_rejected_even_outside_selected_prefix) ... ERROR
test_legacy_and_prepared_paths_preserve_same_owned_features (samples.speech.paraformer.tests.test_evaluator_inputs.EvaluationInputs.test_legacy_and_prepared_paths_preserve_same_owned_features) ... ERROR

======================================================================
ERROR: test_corrupt_digest_and_wrong_shape_fail_without_type_coercion (samples.speech.paraformer.tests.test_evaluator_inputs.EvaluationInputs.test_corrupt_digest_and_wrong_shape_fail_without_type_coercion)
----------------------------------------------------------------------
Traceback (most recent call last):
  File "/Users/Max/Workspace/company/development/RDK_MODEL_ZOO/rdk-b7-board-integration/samples/speech/paraformer/tests/test_evaluator_inputs.py", line 36, in test_corrupt_digest_and_wrong_shape_fail_without_type_coercion
    from samples.speech.paraformer.evaluator.inputs import read_manifest, load_feature
ModuleNotFoundError: No module named 'samples.speech.paraformer.evaluator.inputs'

======================================================================
ERROR: test_invalid_full_manifest_rejected_even_outside_selected_prefix (samples.speech.paraformer.tests.test_evaluator_inputs.EvaluationInputs.test_invalid_full_manifest_rejected_even_outside_selected_prefix)
----------------------------------------------------------------------
Traceback (most recent call last):
  File "/Users/Max/Workspace/company/development/RDK_MODEL_ZOO/rdk-b7-board-integration/samples/speech/paraformer/tests/test_evaluator_inputs.py", line 26, in test_invalid_full_manifest_rejected_even_outside_selected_prefix
    from samples.speech.paraformer.evaluator.inputs import read_manifest
ModuleNotFoundError: No module named 'samples.speech.paraformer.evaluator.inputs'

======================================================================
ERROR: test_legacy_and_prepared_paths_preserve_same_owned_features (samples.speech.paraformer.tests.test_evaluator_inputs.EvaluationInputs.test_legacy_and_prepared_paths_preserve_same_owned_features)
----------------------------------------------------------------------
Traceback (most recent call last):
  File "/Users/Max/Workspace/company/development/RDK_MODEL_ZOO/rdk-b7-board-integration/samples/speech/paraformer/tests/test_evaluator_inputs.py", line 12, in test_legacy_and_prepared_paths_preserve_same_owned_features
    from samples.speech.paraformer.evaluator.inputs import read_manifest, load_feature
ModuleNotFoundError: No module named 'samples.speech.paraformer.evaluator.inputs'

----------------------------------------------------------------------
Ran 3 tests in 0.001s

FAILED (errors=3)
