[  4%] Building CXX object CMakeFiles/asr_frontend.dir/src/audio_io.cc.o
[  8%] Building CXX object CMakeFiles/asr_frontend.dir/src/frontend.cc.o
[ 12%] Linking CXX static library libasr_frontend.a
[ 12%] Built target asr_frontend
[ 16%] Building CXX object CMakeFiles/asr_preflight.dir/src/preflight.cc.o
[ 20%] Building CXX object CMakeFiles/asr_preflight.dir/Users/Max/Workspace/company/development/RDK_MODEL_ZOO/rdk-b7-board-integration/samples/_shared/cpp/platform_identity.cc.o
[ 25%] Linking CXX static library libasr_preflight.a
[ 25%] Built target asr_preflight
[ 29%] Building CXX object tests/CMakeFiles/test_contract.dir/test_contract.cc.o
[ 33%] Linking CXX executable test_contract
[ 33%] Built target test_contract
[ 37%] Building CXX object tests/CMakeFiles/test_audio.dir/test_audio.cc.o
[ 41%] Building CXX object tests/CMakeFiles/test_audio.dir/__/src/audio_io.cc.o
[ 45%] Building CXX object tests/CMakeFiles/test_audio.dir/__/src/frontend.cc.o
[ 50%] Linking CXX executable test_audio
[ 50%] Built target test_audio
[ 54%] Building CXX object tests/CMakeFiles/test_task.dir/test_task.cc.o
[ 58%] Building CXX object tests/CMakeFiles/test_task.dir/__/src/frontend.cc.o
[ 62%] Linking CXX executable test_task
[ 62%] Built target test_task
[ 66%] Building CXX object tests/CMakeFiles/test_sdk.dir/test_sdk.cc.o
[ 70%] Building CXX object tests/CMakeFiles/test_sdk.dir/__/src/sdk_runner.cc.o
[ 75%] Building CXX object tests/CMakeFiles/test_sdk.dir/Users/Max/Workspace/company/development/RDK_MODEL_ZOO/rdk-b7-board-integration/samples/vision/ultralytics_yolo/runtime/cpp/common/dnn_io.cc.o
[ 79%] Building CXX object tests/CMakeFiles/test_sdk.dir/Users/Max/Workspace/company/development/RDK_MODEL_ZOO/rdk-b7-board-integration/samples/vision/ultralytics_yolo/runtime/cpp/common/nv12_geometry.cc.o
[ 83%] Linking CXX executable test_sdk
[ 83%] Built target test_sdk
[ 87%] Building CXX object tests/CMakeFiles/test_preflight.dir/test_preflight.cc.o
[ 91%] Building CXX object tests/CMakeFiles/test_preflight.dir/__/src/preflight.cc.o
[ 95%] Building CXX object tests/CMakeFiles/test_preflight.dir/Users/Max/Workspace/company/development/RDK_MODEL_ZOO/rdk-b7-board-integration/samples/_shared/cpp/platform_identity.cc.o
[100%] Linking CXX executable test_preflight
[100%] Built target test_preflight
