-- Configuring done (0.0s)
-- Generating done (0.0s)
-- Build files have been written to: /tmp/rdk-asr-audio
[ 11%] Built target test_contract
[ 33%] Built target test_audio
[ 50%] Built target test_task
[ 55%] Building CXX object CMakeFiles/test_sdk.dir/test_sdk.cc.o
[ 61%] Linking CXX executable test_sdk
[ 77%] Built target test_sdk
[100%] Built target test_preflight
Test project /tmp/rdk-asr-audio
    Start 1: asr_contract
1/5 Test #1: asr_contract .....................   Passed    0.01 sec
    Start 2: asr_audio
2/5 Test #2: asr_audio ........................   Passed    0.06 sec
    Start 3: asr_task
3/5 Test #3: asr_task .........................   Passed    0.08 sec
    Start 4: asr_sdk_fixture
4/5 Test #4: asr_sdk_fixture ..................   Passed    0.10 sec
    Start 5: asr_preflight
5/5 Test #5: asr_preflight ....................   Passed    0.02 sec

100% tests passed out of 5

Total Test time (real) =   0.27 sec
