-- Configuring done (0.0s)
-- Generating done (0.0s)
-- Build files have been written to: /Users/Max/Workspace/company/development/RDK_MODEL_ZOO/.coordination/yolo-common-native-io
[ 10%] Built target test_decode
[ 20%] Built target test_head_probe
[ 30%] Built target test_nv12_geometry
[ 40%] Built target test_benchmark
[ 50%] Built target test_classification
[ 60%] Built target test_task_outputs
[ 62%] Building CXX object CMakeFiles/test_classification_binding_X5.dir/test_classification_binding.cc.o
[ 65%] Linking CXX executable test_classification_binding_X5
[ 65%] Built target test_classification_binding_X5
[ 67%] Building CXX object CMakeFiles/test_classification_binding_UCP.dir/test_classification_binding.cc.o
[ 70%] Linking CXX executable test_classification_binding_UCP
[ 70%] Built target test_classification_binding_UCP
[ 72%] Building CXX object CMakeFiles/test_task_output_binding_X5.dir/test_task_output_binding.cc.o
[ 75%] Linking CXX executable test_task_output_binding_X5
[ 75%] Built target test_task_output_binding_X5
[ 77%] Building CXX object CMakeFiles/test_task_output_binding_UCP.dir/test_task_output_binding.cc.o
[ 80%] Linking CXX executable test_task_output_binding_UCP
[ 80%] Built target test_task_output_binding_UCP
[ 82%] Building CXX object CMakeFiles/test_dnn_io_x5.dir/test_dnn_io.cc.o
[ 85%] Building CXX object CMakeFiles/test_dnn_io_x5.dir/Users/Max/Workspace/company/development/RDK_MODEL_ZOO/rdk-b7-board-integration/samples/vision/ultralytics_yolo/runtime/cpp/common/dnn_io.cc.o
[ 87%] Linking CXX executable test_dnn_io_x5
[ 90%] Built target test_dnn_io_x5
[ 92%] Building CXX object CMakeFiles/test_dnn_io_ucp.dir/test_dnn_io.cc.o
[ 95%] Building CXX object CMakeFiles/test_dnn_io_ucp.dir/Users/Max/Workspace/company/development/RDK_MODEL_ZOO/rdk-b7-board-integration/samples/vision/ultralytics_yolo/runtime/cpp/common/dnn_io.cc.o
[ 97%] Linking CXX executable test_dnn_io_ucp
[100%] Built target test_dnn_io_ucp
