[  6%] Built target yoloe_preflight
[ 13%] Built target yoloe_core
[ 18%] Built target test_float_heads
[ 22%] Built target test_e11_decode
[ 27%] Built target test_e26_decode
[ 31%] Built target test_geometry
[ 36%] Built target test_preflight
[ 40%] Built target identity_probe
[ 45%] Built target test_image_ops
[ 50%] Built target test_pipeline
[ 54%] Built target input_probe
[ 56%] Building CXX object tests/CMakeFiles/test_sdk_runner_x5.dir/__/src/sdk_runner.cpp.o
[ 59%] Linking CXX executable test_sdk_runner_x5
[ 63%] Built target test_sdk_runner_x5
[ 65%] Building CXX object tests/CMakeFiles/test_sdk_runner_ucp.dir/__/src/sdk_runner.cpp.o
[ 68%] Linking CXX executable test_sdk_runner_ucp
[ 72%] Built target test_sdk_runner_ucp
[ 81%] Built target test_cli_io
[ 95%] Built target yoloe_cli_fixture
[100%] Built target mask_probe
