EEE
======================================================================
ERROR: test_context_interleaving_empty_and_predict (test_v10_stages.V10Stages.test_context_interleaving_empty_and_predict)
----------------------------------------------------------------------
Traceback (most recent call last):
  File "/Users/Max/Workspace/company/development/RDK_MODEL_ZOO/rdk-b7-board-integration/samples/vision/ultralytics_yolo/tests/test_v10_stages.py", line 40, in test_context_interleaving_empty_and_predict
    model,raw=fixture()
              ~~~~~~~^^
  File "/Users/Max/Workspace/company/development/RDK_MODEL_ZOO/rdk-b7-board-integration/samples/vision/ultralytics_yolo/tests/test_v10_stages.py", line 16, in fixture
    model=YoloV10Detect(YoloV10DetectConfig('stub',classes_num=1),runner=ModelRunner(previous.model,binding))
TypeError: YoloV10Detect.__init__() got an unexpected keyword argument 'runner'

======================================================================
ERROR: test_nms_contract_cannot_be_overridden (test_v10_stages.V10Stages.test_nms_contract_cannot_be_overridden)
----------------------------------------------------------------------
Traceback (most recent call last):
  File "/Users/Max/Workspace/company/development/RDK_MODEL_ZOO/rdk-b7-board-integration/samples/vision/ultralytics_yolo/tests/test_v10_stages.py", line 54, in test_nms_contract_cannot_be_overridden
    with self.assertRaises(ValueError):YoloV10Detect(YoloV10DetectConfig('stub'),runner=runner)
                                       ~~~~~~~~~~~~~^^^^^^^^^^^^^^^^^^^^^^^^^^^^^^^^^^^^^^^^^^^
TypeError: YoloV10Detect.__init__() got an unexpected keyword argument 'runner'

======================================================================
ERROR: test_raw_identity_overlap_and_source_order (test_v10_stages.V10Stages.test_raw_identity_overlap_and_source_order)
----------------------------------------------------------------------
Traceback (most recent call last):
  File "/Users/Max/Workspace/company/development/RDK_MODEL_ZOO/rdk-b7-board-integration/samples/vision/ultralytics_yolo/tests/test_v10_stages.py", line 22, in test_raw_identity_overlap_and_source_order
    model,raw=fixture()
              ~~~~~~~^^
  File "/Users/Max/Workspace/company/development/RDK_MODEL_ZOO/rdk-b7-board-integration/samples/vision/ultralytics_yolo/tests/test_v10_stages.py", line 16, in fixture
    model=YoloV10Detect(YoloV10DetectConfig('stub',classes_num=1),runner=ModelRunner(previous.model,binding))
TypeError: YoloV10Detect.__init__() got an unexpected keyword argument 'runner'

----------------------------------------------------------------------
Ran 3 tests in 0.001s

FAILED (errors=3)
