{
  "local_links": [
    {
      "page": "samples/vision/ultralytics_yolo/README.md",
      "href": "README_cn.md"
    },
    {
      "page": "samples/vision/ultralytics_yolo/README.md",
      "href": "model/README.md"
    },
    {
      "page": "samples/vision/ultralytics_yolo/README.md",
      "href": "runtime/cpp/README.md"
    },
    {
      "page": "samples/vision/ultralytics_yolo/README.md",
      "href": "../../../docs/releases/unified-migration/2026-09-16-pilot-validation.md"
    },
    {
      "page": "samples/vision/ultralytics_yolo/README.md",
      "href": "../../../docs/releases/unified-migration/2026-09-16-p2-validation.md"
    },
    {
      "page": "samples/vision/ultralytics_yolo/README.md",
      "href": "../../../platforms/x5/samples/vision/ultralytics_yolo/evaluator/README.md"
    },
    {
      "page": "samples/vision/ultralytics_yolo/README.md",
      "href": "../../../platforms/s/samples/vision/ultralytics_yolo/evaluator/README.md"
    },
    {
      "page": "samples/vision/ultralytics_yolo/README.md",
      "href": "../../../docs/release/platforms.json"
    },
    {
      "page": "samples/vision/ultralytics_yolo/README.md",
      "href": "model/README.md"
    },
    {
      "page": "samples/vision/ultralytics_yolo/README.md",
      "href": "runtime/python/README.md"
    },
    {
      "page": "samples/vision/ultralytics_yolo/README.md",
      "href": "test_data/ultralytics_YOLO_Detect_demo.jpg"
    },
    {
      "page": "samples/vision/ultralytics_yolo/README.md",
      "href": "model/README.md"
    },
    {
      "page": "samples/vision/ultralytics_yolo/README.md",
      "href": "runtime/python/README.md"
    },
    {
      "page": "samples/vision/ultralytics_yolo/README.md",
      "href": "runtime/cpp/README.md"
    },
    {
      "page": "samples/vision/ultralytics_yolo/README.md",
      "href": "conversion/README.md"
    },
    {
      "page": "samples/vision/ultralytics_yolo/README.md",
      "href": "evaluator/README.md"
    },
    {
      "page": "samples/vision/ultralytics_yolo/README.md",
      "href": "DETECTION_CONTRACT.md"
    },
    {
      "page": "samples/vision/ultralytics_yolo/README.md",
      "href": "../../../LICENSE"
    },
    {
      "page": "samples/vision/ultralytics_yolo/README.md",
      "href": "model/README.md#standalone-assets"
    },
    {
      "page": "samples/vision/ultralytics_yolo/README_cn.md",
      "href": "README.md"
    },
    {
      "page": "samples/vision/ultralytics_yolo/README_cn.md",
      "href": "model/README_cn.md"
    },
    {
      "page": "samples/vision/ultralytics_yolo/README_cn.md",
      "href": "runtime/cpp/README_cn.md"
    },
    {
      "page": "samples/vision/ultralytics_yolo/README_cn.md",
      "href": "../../../docs/releases/unified-migration/2026-09-16-pilot-validation.md"
    },
    {
      "page": "samples/vision/ultralytics_yolo/README_cn.md",
      "href": "../../../docs/releases/unified-migration/2026-09-16-p2-validation.md"
    },
    {
      "page": "samples/vision/ultralytics_yolo/README_cn.md",
      "href": "../../../platforms/x5/samples/vision/ultralytics_yolo/evaluator/README.md"
    },
    {
      "page": "samples/vision/ultralytics_yolo/README_cn.md",
      "href": "../../../platforms/s/samples/vision/ultralytics_yolo/evaluator/README.md"
    },
    {
      "page": "samples/vision/ultralytics_yolo/README_cn.md",
      "href": "../../../docs/release/platforms.json"
    },
    {
      "page": "samples/vision/ultralytics_yolo/README_cn.md",
      "href": "model/README_cn.md"
    },
    {
      "page": "samples/vision/ultralytics_yolo/README_cn.md",
      "href": "runtime/python/README_cn.md"
    },
    {
      "page": "samples/vision/ultralytics_yolo/README_cn.md",
      "href": "test_data/ultralytics_YOLO_Detect_demo.jpg"
    },
    {
      "page": "samples/vision/ultralytics_yolo/README_cn.md",
      "href": "model/README_cn.md"
    },
    {
      "page": "samples/vision/ultralytics_yolo/README_cn.md",
      "href": "runtime/python/README_cn.md"
    },
    {
      "page": "samples/vision/ultralytics_yolo/README_cn.md",
      "href": "runtime/cpp/README_cn.md"
    },
    {
      "page": "samples/vision/ultralytics_yolo/README_cn.md",
      "href": "conversion/README_cn.md"
    },
    {
      "page": "samples/vision/ultralytics_yolo/README_cn.md",
      "href": "evaluator/README_cn.md"
    },
    {
      "page": "samples/vision/ultralytics_yolo/README_cn.md",
      "href": "DETECTION_CONTRACT.md"
    },
    {
      "page": "samples/vision/ultralytics_yolo/README_cn.md",
      "href": "../../../LICENSE"
    },
    {
      "page": "samples/vision/ultralytics_yolo/README_cn.md",
      "href": "model/README_cn.md#standalone-assets"
    },
    {
      "page": "samples/vision/ultralytics_yolo/evaluator/README.md",
      "href": "README_cn.md"
    },
    {
      "page": "samples/vision/ultralytics_yolo/evaluator/README.md",
      "href": "../runtime/python/README.md"
    },
    {
      "page": "samples/vision/ultralytics_yolo/evaluator/README.md",
      "href": "../../../../platforms/x5/datasets/coco/README.md"
    },
    {
      "page": "samples/vision/ultralytics_yolo/evaluator/README.md",
      "href": "../../../../platforms/s/datasets/coco/README.md"
    },
    {
      "page": "samples/vision/ultralytics_yolo/evaluator/README.md",
      "href": "../../../../platforms/x5/datasets/imagenet/README.md"
    },
    {
      "page": "samples/vision/ultralytics_yolo/evaluator/README.md",
      "href": "../../../../platforms/s/datasets/imagenet/README.md"
    },
    {
      "page": "samples/vision/ultralytics_yolo/evaluator/README.md",
      "href": "../model/README.md"
    },
    {
      "page": "samples/vision/ultralytics_yolo/evaluator/README.md",
      "href": "../../../../platforms/x5/samples/vision/ultralytics_yolo/evaluator/README.md"
    },
    {
      "page": "samples/vision/ultralytics_yolo/evaluator/README.md",
      "href": "../../../../platforms/s/samples/vision/ultralytics_yolo/evaluator/README.md"
    },
    {
      "page": "samples/vision/ultralytics_yolo/evaluator/README.md",
      "href": "../../../../platforms/x5/samples/vision/ultralytics_yolo26/README.md"
    },
    {
      "page": "samples/vision/ultralytics_yolo/evaluator/README.md",
      "href": "../../../../platforms/s/samples/vision/ultralytics_yolo26/README.md"
    },
    {
      "page": "samples/vision/ultralytics_yolo/evaluator/README.md",
      "href": "../../../../docs/release/x5/"
    },
    {
      "page": "samples/vision/ultralytics_yolo/evaluator/README.md",
      "href": "../../../../docs/release/s/"
    },
    {
      "page": "samples/vision/ultralytics_yolo/evaluator/README.md",
      "href": "../README.md"
    },
    {
      "page": "samples/vision/ultralytics_yolo/evaluator/README.md",
      "href": "../conversion/README.md"
    },
    {
      "page": "samples/vision/ultralytics_yolo/evaluator/README_cn.md",
      "href": "README.md"
    },
    {
      "page": "samples/vision/ultralytics_yolo/evaluator/README_cn.md",
      "href": "../runtime/python/README.md"
    },
    {
      "page": "samples/vision/ultralytics_yolo/evaluator/README_cn.md",
      "href": "../../../../platforms/x5/datasets/coco/README.md"
    },
    {
      "page": "samples/vision/ultralytics_yolo/evaluator/README_cn.md",
      "href": "../../../../platforms/s/datasets/coco/README.md"
    },
    {
      "page": "samples/vision/ultralytics_yolo/evaluator/README_cn.md",
      "href": "../../../../platforms/x5/datasets/imagenet/README_cn.md"
    },
    {
      "page": "samples/vision/ultralytics_yolo/evaluator/README_cn.md",
      "href": "../../../../platforms/s/datasets/imagenet/README_cn.md"
    },
    {
      "page": "samples/vision/ultralytics_yolo/evaluator/README_cn.md",
      "href": "../model/README_cn.md"
    },
    {
      "page": "samples/vision/ultralytics_yolo/evaluator/README_cn.md",
      "href": "../../../../platforms/x5/samples/vision/ultralytics_yolo/evaluator/README_cn.md"
    },
    {
      "page": "samples/vision/ultralytics_yolo/evaluator/README_cn.md",
      "href": "../../../../platforms/s/samples/vision/ultralytics_yolo/evaluator/README_cn.md"
    },
    {
      "page": "samples/vision/ultralytics_yolo/evaluator/README_cn.md",
      "href": "../../../../platforms/x5/samples/vision/ultralytics_yolo26/README_cn.md"
    },
    {
      "page": "samples/vision/ultralytics_yolo/evaluator/README_cn.md",
      "href": "../../../../platforms/s/samples/vision/ultralytics_yolo26/README_cn.md"
    },
    {
      "page": "samples/vision/ultralytics_yolo/evaluator/README_cn.md",
      "href": "../../../../docs/release/x5/"
    },
    {
      "page": "samples/vision/ultralytics_yolo/evaluator/README_cn.md",
      "href": "../../../../docs/release/s/"
    },
    {
      "page": "samples/vision/ultralytics_yolo/evaluator/README_cn.md",
      "href": "../README_cn.md"
    },
    {
      "page": "samples/vision/ultralytics_yolo/evaluator/README_cn.md",
      "href": "../conversion/README_cn.md"
    },
    {
      "page": "samples/vision/ultralytics_yolo/model/README.md",
      "href": "README_cn.md"
    },
    {
      "page": "samples/vision/ultralytics_yolo/model/README.md",
      "href": "../README.md"
    },
    {
      "page": "samples/vision/ultralytics_yolo/model/README.md",
      "href": "../runtime/python/README.md"
    },
    {
      "page": "samples/vision/ultralytics_yolo/model/README.md",
      "href": "../../../../docs/release/x5/models.yaml"
    },
    {
      "page": "samples/vision/ultralytics_yolo/model/README.md",
      "href": "../../../../docs/release/s/models.yaml"
    },
    {
      "page": "samples/vision/ultralytics_yolo/model/README.md",
      "href": "../test_data"
    },
    {
      "page": "samples/vision/ultralytics_yolo/model/README.md",
      "href": "../runtime/python/README.md"
    },
    {
      "page": "samples/vision/ultralytics_yolo/model/README.md",
      "href": "../runtime/cpp/README.md"
    },
    {
      "page": "samples/vision/ultralytics_yolo/model/README.md",
      "href": "../conversion/README.md"
    },
    {
      "page": "samples/vision/ultralytics_yolo/model/README.md",
      "href": "../evaluator/README.md"
    },
    {
      "page": "samples/vision/ultralytics_yolo/model/README.md",
      "href": "../../../../docs/releases/unified-migration/2026-09-27-b9-source-consolidation-review.md"
    },
    {
      "page": "samples/vision/ultralytics_yolo/model/README_cn.md",
      "href": "README.md"
    },
    {
      "page": "samples/vision/ultralytics_yolo/model/README_cn.md",
      "href": "../README_cn.md"
    },
    {
      "page": "samples/vision/ultralytics_yolo/model/README_cn.md",
      "href": "../runtime/python/README_cn.md"
    },
    {
      "page": "samples/vision/ultralytics_yolo/model/README_cn.md",
      "href": "../../../../docs/release/x5/models.yaml"
    },
    {
      "page": "samples/vision/ultralytics_yolo/model/README_cn.md",
      "href": "../../../../docs/release/s/models.yaml"
    },
    {
      "page": "samples/vision/ultralytics_yolo/model/README_cn.md",
      "href": "../test_data"
    },
    {
      "page": "samples/vision/ultralytics_yolo/model/README_cn.md",
      "href": "../runtime/python/README_cn.md"
    },
    {
      "page": "samples/vision/ultralytics_yolo/model/README_cn.md",
      "href": "../runtime/cpp/README_cn.md"
    },
    {
      "page": "samples/vision/ultralytics_yolo/model/README_cn.md",
      "href": "../conversion/README_cn.md"
    },
    {
      "page": "samples/vision/ultralytics_yolo/model/README_cn.md",
      "href": "../evaluator/README_cn.md"
    },
    {
      "page": "samples/vision/ultralytics_yolo/model/README_cn.md",
      "href": "../../../../docs/releases/unified-migration/2026-09-27-b9-source-consolidation-review.md"
    },
    {
      "page": "samples/vision/ultralytics_yolo/conversion/README.md",
      "href": "README_cn.md"
    },
    {
      "page": "samples/vision/ultralytics_yolo/conversion/README.md",
      "href": "../model/README.md"
    },
    {
      "page": "samples/vision/ultralytics_yolo/conversion/README.md",
      "href": "../DETECTION_CONTRACT.md"
    },
    {
      "page": "samples/vision/ultralytics_yolo/conversion/README.md",
      "href": "CONVERSION_CONTRACT.md"
    },
    {
      "page": "samples/vision/ultralytics_yolo/conversion/README_cn.md",
      "href": "README.md"
    },
    {
      "page": "samples/vision/ultralytics_yolo/conversion/README_cn.md",
      "href": "../model/README_cn.md"
    },
    {
      "page": "samples/vision/ultralytics_yolo/conversion/README_cn.md",
      "href": "../DETECTION_CONTRACT.md"
    },
    {
      "page": "samples/vision/ultralytics_yolo/conversion/README_cn.md",
      "href": "CONVERSION_CONTRACT.md"
    },
    {
      "page": "samples/vision/ultralytics_yolo/runtime/python/README.md",
      "href": "README_cn.md"
    },
    {
      "page": "samples/vision/ultralytics_yolo/runtime/python/README.md",
      "href": "../../conversion/README.md"
    },
    {
      "page": "samples/vision/ultralytics_yolo/runtime/python/README.md",
      "href": "../../evaluator/README.md"
    },
    {
      "page": "samples/vision/ultralytics_yolo/runtime/python/README.md",
      "href": "../../model/README.md"
    },
    {
      "page": "samples/vision/ultralytics_yolo/runtime/python/README.md",
      "href": "../../DETECTION_CONTRACT.md"
    },
    {
      "page": "samples/vision/ultralytics_yolo/runtime/python/README.md",
      "href": "../../model/README.md"
    },
    {
      "page": "samples/vision/ultralytics_yolo/runtime/python/README.md",
      "href": "../../model/README.md#standalone-assets"
    },
    {
      "page": "samples/vision/ultralytics_yolo/runtime/python/README_cn.md",
      "href": "README.md"
    },
    {
      "page": "samples/vision/ultralytics_yolo/runtime/python/README_cn.md",
      "href": "../../conversion/README_cn.md"
    },
    {
      "page": "samples/vision/ultralytics_yolo/runtime/python/README_cn.md",
      "href": "../../evaluator/README_cn.md"
    },
    {
      "page": "samples/vision/ultralytics_yolo/runtime/python/README_cn.md",
      "href": "../../model/README_cn.md"
    },
    {
      "page": "samples/vision/ultralytics_yolo/runtime/python/README_cn.md",
      "href": "../../DETECTION_CONTRACT.md"
    },
    {
      "page": "samples/vision/ultralytics_yolo/runtime/python/README_cn.md",
      "href": "../../model/README_cn.md"
    },
    {
      "page": "samples/vision/ultralytics_yolo/runtime/python/README_cn.md",
      "href": "../../model/README_cn.md#standalone-assets"
    },
    {
      "page": "samples/vision/ultralytics_yolo/runtime/cpp/README.md",
      "href": "README_cn.md"
    },
    {
      "page": "samples/vision/ultralytics_yolo/runtime/cpp/README.md",
      "href": "../python/README.md"
    },
    {
      "page": "samples/vision/ultralytics_yolo/runtime/cpp/README.md",
      "href": "../../model/README.md"
    },
    {
      "page": "samples/vision/ultralytics_yolo/runtime/cpp/README_cn.md",
      "href": "README.md"
    },
    {
      "page": "samples/vision/ultralytics_yolo/runtime/cpp/README_cn.md",
      "href": "../python/README_cn.md"
    },
    {
      "page": "samples/vision/ultralytics_yolo/runtime/cpp/README_cn.md",
      "href": "../../model/README_cn.md"
    },
    {
      "page": "samples/vision/ultralytics_yolo/DETECTION_CONTRACT.md",
      "href": "../../../docs/releases/unified-migration/2026-09-16-pilot-validation.md"
    },
    {
      "page": "samples/vision/ultralytics_yolo/DETECTION_CONTRACT.md",
      "href": "../../../docs/releases/unified-migration/2026-09-16-p2-validation.md"
    }
  ],
  "api_fixture_runs": [
    {
      "page": "samples/vision/ultralytics_yolo/runtime/python/README.md",
      "sdk_calls": 2,
      "stdout": "(1, 4) (1,) (1,)\n",
      "results": 1,
      "raw_box_dtype": "int8"
    },
    {
      "page": "samples/vision/ultralytics_yolo/runtime/python/README_cn.md",
      "sdk_calls": 2,
      "stdout": "(1, 4) (1,) (1,)\n",
      "results": 1,
      "raw_box_dtype": "int8"
    },
    {
      "page": "samples/vision/ultralytics_yolo/runtime/python/README.md",
      "task": "segmentation",
      "sdk_calls": 2,
      "stdout": "(1, 4) (1,) (1,) [(272, 272)]\n",
      "masks": 1,
      "raw_prototype_dtype": "int8",
      "raw_prototype_shape": [
        1,
        32,
        16,
        16
      ]
    },
    {
      "page": "samples/vision/ultralytics_yolo/runtime/python/README_cn.md",
      "task": "segmentation",
      "sdk_calls": 2,
      "stdout": "(1, 4) (1,) (1,) [(272, 272)]\n",
      "masks": 1,
      "raw_prototype_dtype": "int8",
      "raw_prototype_shape": [
        1,
        32,
        16,
        16
      ]
    }
  ],
  "real_sdk": "not-run",
  "board": "not-run"
}
