test_cli_full_workflow_preserves_raw_outputs_and_warmup_count (test_cli.CliTests.test_cli_full_workflow_preserves_raw_outputs_and_warmup_count) ... ok
test_download_exact_asset_preserves_hash_policy (test_cli.CliTests.test_download_exact_asset_preserves_hash_policy) ... ok
test_gate_precedes_factory (test_cli.CliTests.test_gate_precedes_factory) ... ok
test_sdk_free_list_dry_run_and_validation (test_cli.CliTests.test_sdk_free_list_dry_run_and_validation) ... ok
test_all_29_templates_preserved_and_compilation_paths_bound (test_conversion.ConversionTests.test_all_29_templates_preserved_and_compilation_paths_bound) ... ok
test_calibration_geometries_and_dtypes (test_conversion.ConversionTests.test_calibration_geometries_and_dtypes) ... ok
test_calibration_real_files_manifest_and_no_overwrite (test_conversion.ConversionTests.test_calibration_real_files_manifest_and_no_overwrite) ... ok
test_compile_prepare_only_checks_profile_and_digests (test_conversion.ConversionTests.test_compile_prepare_only_checks_profile_and_digests) ... ok
test_compiler_exit_success_without_artifact_is_failure (test_conversion.ConversionTests.test_compiler_exit_success_without_artifact_is_failure) ... ok
test_export_help_is_host_only_and_boundary_selection (test_conversion.ConversionTests.test_export_help_is_host_only_and_boundary_selection) ... ok
test_fake_compiler_artifact_and_source_metric_collection (test_conversion.ConversionTests.test_fake_compiler_artifact_and_source_metric_collection) ... ok
test_binding_rejects_wrong_geometry_and_boundary (test_depth.DepthTests.test_binding_rejects_wrong_geometry_and_boundary) ... ok
test_context_is_per_call_and_cross_profile_refused (test_depth.DepthTests.test_context_is_per_call_and_cross_profile_refused) ... ok
test_forward_is_raw_and_nchw_binding_keeps_same_depth (test_depth.DepthTests.test_forward_is_raw_and_nchw_binding_keeps_same_depth) ... ok
test_invalid_input_output_and_exp_overflow (test_depth.DepthTests.test_invalid_input_output_and_exp_overflow) ... ok
test_lite_source_parity_both_constants (test_depth.DepthTests.test_lite_source_parity_both_constants) ... ok
test_no_mutable_last_transform_and_predict_equivalence (test_depth.DepthTests.test_no_mutable_last_transform_and_predict_equivalence) ... ok
test_nv12_source_preprocess_and_postprocess (test_depth.DepthTests.test_nv12_source_preprocess_and_postprocess) ... ok
test_render_source_parity_and_invalid_rejection (test_depth.DepthTests.test_render_source_parity_and_invalid_rejection) ... ok
test_runner_transport_lazy_owned_and_exact_names (test_depth.DepthTests.test_runner_transport_lazy_owned_and_exact_names) ... ok
test_selection_rejects_conflicts_and_forgery (test_depth.DepthTests.test_selection_rejects_conflicts_and_forgery) ... ok
test_source_evaluator_counterexample_not_recalibrated (test_depth.DepthTests.test_source_evaluator_counterexample_not_recalibrated) ... ok
test_twenty_assets_default_and_profile_identity (test_depth.DepthTests.test_twenty_assets_default_and_profile_identity) ... ok
test_archive_identity_is_exact (test_evaluator.EvaluatorTests.test_archive_identity_is_exact) ... ok
test_cli_metric_report_and_missing_ids_rejection (test_evaluator.EvaluatorTests.test_cli_metric_report_and_missing_ids_rejection) ... ok
test_decoder_matches_canonical_deployment_profiles (test_evaluator.EvaluatorTests.test_decoder_matches_canonical_deployment_profiles) ... ok
test_fidelity_does_not_silently_drop_nonfinite_or_misaligned_data (test_evaluator.EvaluatorTests.test_fidelity_does_not_silently_drop_nonfinite_or_misaligned_data) ... ok
test_no_valid_gt_is_not_perfect_accuracy (test_evaluator.EvaluatorTests.test_no_valid_gt_is_not_perfect_accuracy) ... ok
test_pixel_pooling_and_lower_median (test_evaluator.EvaluatorTests.test_pixel_pooling_and_lower_median) ... ok
test_preparation_preserves_three_protocols_and_small_screen (test_evaluator.EvaluatorTests.test_preparation_preserves_three_protocols_and_small_screen) ... ok
test_single_image_comparison_has_actual_labels_and_rejects_zero_depth (test_evaluator.EvaluatorTests.test_single_image_comparison_has_actual_labels_and_rejects_zero_depth) ... ok

----------------------------------------------------------------------
Ran 31 tests in 0.477s

OK
