test_cli (unittest.loader._FailedTest.test_cli) ... ERROR
test_binding_rejects_wrong_geometry_and_boundary (test_depth.DepthTests.test_binding_rejects_wrong_geometry_and_boundary) ... ok
test_context_is_per_call_and_cross_profile_refused (test_depth.DepthTests.test_context_is_per_call_and_cross_profile_refused) ... ok
test_invalid_input_output_and_exp_overflow (test_depth.DepthTests.test_invalid_input_output_and_exp_overflow) ... ok
test_lite_source_parity_both_constants (test_depth.DepthTests.test_lite_source_parity_both_constants) ... ok
test_no_mutable_last_transform_and_predict_equivalence (test_depth.DepthTests.test_no_mutable_last_transform_and_predict_equivalence) ... ok
test_nv12_source_preprocess_and_postprocess (test_depth.DepthTests.test_nv12_source_preprocess_and_postprocess) ... ok
test_render_source_parity_and_invalid_rejection (test_depth.DepthTests.test_render_source_parity_and_invalid_rejection) ... ok
test_runner_transport_lazy_owned_and_exact_names (test_depth.DepthTests.test_runner_transport_lazy_owned_and_exact_names) ... ok
test_selection_rejects_conflicts_and_forgery (test_depth.DepthTests.test_selection_rejects_conflicts_and_forgery) ... ok
test_source_evaluator_counterexample_not_recalibrated (test_depth.DepthTests.test_source_evaluator_counterexample_not_recalibrated) ... ok
test_twenty_assets_default_and_profile_identity (test_depth.DepthTests.test_twenty_assets_default_and_profile_identity) ... ok

======================================================================
ERROR: test_cli (unittest.loader._FailedTest.test_cli)
----------------------------------------------------------------------
ImportError: Failed to import test module: test_cli
Traceback (most recent call last):
  File "/opt/homebrew/Cellar/python@3.14/3.14.7/Frameworks/Python.framework/Versions/3.14/lib/python3.14/unittest/loader.py", line 433, in _find_test_path
    module = self._get_module_from_name(name)
  File "/opt/homebrew/Cellar/python@3.14/3.14.7/Frameworks/Python.framework/Versions/3.14/lib/python3.14/unittest/loader.py", line 374, in _get_module_from_name
    __import__(name)
    ~~~~~~~~~~^^^^^^
  File "/Users/Max/Workspace/company/development/RDK_MODEL_ZOO/rdk-b7-board-integration/samples/vision/yolo26_depth/tests/test_cli.py", line 15, in <module>
    from samples.vision.yolo26_depth.runtime.python import main
ImportError: cannot import name 'main' from 'samples.vision.yolo26_depth.runtime.python' (unknown location)


----------------------------------------------------------------------
Ran 12 tests in 0.112s

FAILED (errors=1)
