# captured after final edits 2026-09-28 19:18 (venv python, cwd repo root)
=== checker samples/vision/convnext (after) ===
sample: samples/vision/convnext
  skipped R-STAGE-PURITY samples/vision/convnext/runtime/python/main.py: policy skip: CLI layer: saving output and argument handling live here
summary: 1 samples, 0 violations, 1 skips, 0 exemptions applied
=== checker samples/vision/edgenext (after) ===
sample: samples/vision/edgenext
  skipped R-STAGE-PURITY samples/vision/edgenext/runtime/python/main.py: policy skip: CLI layer: saving output and argument handling live here
summary: 1 samples, 0 violations, 1 skips, 0 exemptions applied
=== checker samples/vision/fasternet (after) ===
sample: samples/vision/fasternet
  skipped R-STAGE-PURITY samples/vision/fasternet/runtime/python/main.py: policy skip: CLI layer: saving output and argument handling live here
summary: 1 samples, 0 violations, 1 skips, 0 exemptions applied
=== checker samples/vision/fastvit (after) ===
sample: samples/vision/fastvit
  skipped R-STAGE-PURITY samples/vision/fastvit/runtime/python/main.py: policy skip: CLI layer: saving output and argument handling live here
summary: 1 samples, 0 violations, 1 skips, 0 exemptions applied
=== checker samples/vision/googlenet (after) ===
sample: samples/vision/googlenet
  skipped R-STAGE-PURITY samples/vision/googlenet/runtime/python/main.py: policy skip: CLI layer: saving output and argument handling live here
summary: 1 samples, 0 violations, 1 skips, 0 exemptions applied
=== checker samples/vision/hgnetv2 (after) ===
sample: samples/vision/hgnetv2
  skipped R-STAGE-PURITY samples/vision/hgnetv2/runtime/python/main.py: policy skip: CLI layer: saving output and argument handling live here
summary: 1 samples, 0 violations, 1 skips, 0 exemptions applied
=== checker samples/vision/mobileone (after) ===
sample: samples/vision/mobileone
  skipped R-STAGE-PURITY samples/vision/mobileone/runtime/python/main.py: policy skip: CLI layer: saving output and argument handling live here
summary: 1 samples, 0 violations, 1 skips, 0 exemptions applied
=== checker samples/vision/repghost (after) ===
sample: samples/vision/repghost
  skipped R-STAGE-PURITY samples/vision/repghost/runtime/python/main.py: policy skip: CLI layer: saving output and argument handling live here
summary: 1 samples, 0 violations, 1 skips, 0 exemptions applied
=== checker samples/vision/repvgg (after) ===
sample: samples/vision/repvgg
  skipped R-STAGE-PURITY samples/vision/repvgg/runtime/python/main.py: policy skip: CLI layer: saving output and argument handling live here
summary: 1 samples, 0 violations, 1 skips, 0 exemptions applied
=== checker samples/vision/repvit (after) ===
sample: samples/vision/repvit
  skipped R-STAGE-PURITY samples/vision/repvit/runtime/python/main.py: policy skip: CLI layer: saving output and argument handling live here
summary: 1 samples, 0 violations, 1 skips, 0 exemptions applied
=== checker samples/vision/resnext (after) ===
sample: samples/vision/resnext
  skipped R-STAGE-PURITY samples/vision/resnext/runtime/python/main.py: policy skip: CLI layer: saving output and argument handling live here
summary: 1 samples, 0 violations, 1 skips, 0 exemptions applied
=== checker samples/vision/vargconvnet (after) ===
sample: samples/vision/vargconvnet
  skipped R-STAGE-PURITY samples/vision/vargconvnet/runtime/python/main.py: policy skip: CLI layer: saving output and argument handling live here
summary: 1 samples, 0 violations, 1 skips, 0 exemptions applied
=== sample host test suites (after) ===
--- convnext ---
Ran 28 tests in 0.380s
OK
--- edgenext ---
Ran 26 tests in 0.569s
OK
--- fasternet ---
Ran 28 tests in 0.569s
OK
--- fastvit ---
Ran 28 tests in 0.576s
OK
--- googlenet ---
Ran 10 tests in 0.364s
OK
--- hgnetv2 ---
Ran 16 tests in 0.368s
OK
--- mobileone ---
Ran 10 tests in 0.372s
OK
--- repghost ---
Ran 8 tests in 0.370s
OK
--- repvgg ---
Ran 10 tests in 0.372s
OK
--- repvit ---
Ran 10 tests in 0.356s
OK
--- resnext ---
Ran 10 tests in 0.366s
OK
--- vargconvnet ---
Ran 10 tests in 0.363s
OK
