test_allocation_state_and_prefix_retention (test_cpp_kv.KvCacheTests.test_allocation_state_and_prefix_retention) ... ok
test_full_inference_task_ownership (test_cpp_resources.SdkResourceTests.test_full_inference_task_ownership) ... ok
test_selective_inference_task_ownership (test_cpp_resources.SdkResourceTests.test_selective_inference_task_ownership) ... ok
test_tensor_allocation_ownership (test_cpp_resources.SdkResourceTests.test_tensor_allocation_ownership) ... ok
test_vision_constructor_ownership (test_cpp_resources.SdkResourceTests.test_vision_constructor_ownership) ... ok
test_vision_transport_integration (test_cpp_resources.SdkResourceTests.test_vision_transport_integration) ... ok
test_constructor_and_tensor_ownership (test_cpp_text_resources.TextOwnershipTests.test_constructor_and_tensor_ownership) ... ok
test_stages_session_flow_and_readme_example (test_cpp_text_stages.TextStageRefactorTests.test_stages_session_flow_and_readme_example) ... ok
test_contract_and_generation_flow (test_cpp_text_tensors.TextTensorContractTests.test_contract_and_generation_flow) ... ok
test_dirty_pinned_submodule_is_rejected (test_dependency_preparation.DependencyPreparationTests.test_dirty_pinned_submodule_is_rejected) ... ok
test_failed_clone_leaves_no_destination_or_stage (test_dependency_preparation.DependencyPreparationTests.test_failed_clone_leaves_no_destination_or_stage) ... ok
test_incomplete_existing_directory_is_preserved (test_dependency_preparation.DependencyPreparationTests.test_incomplete_existing_directory_is_preserved) ... ok
test_local_pin_install_and_reuse (test_dependency_preparation.DependencyPreparationTests.test_local_pin_install_and_reuse) ... ok
test_modified_existing_checkout_is_preserved_and_rejected (test_dependency_preparation.DependencyPreparationTests.test_modified_existing_checkout_is_preserved_and_rejected) ... ok
test_old_rust_is_rejected_without_installation (test_dependency_preparation.DependencyPreparationTests.test_old_rust_is_rejected_without_installation) ... ok
test_preview_has_no_writes (test_dependency_preparation.DependencyPreparationTests.test_preview_has_no_writes) ... ok
test_wrong_commit_is_preserved (test_dependency_preparation.DependencyPreparationTests.test_wrong_commit_is_preserved) ... ok
test_build_is_explicit_and_target_is_forwarded (test_launcher.LauncherTest.test_build_is_explicit_and_target_is_forwarded) ... ok
test_environment_is_copied_and_s600_source_settings_preserved (test_launcher.LauncherTest.test_environment_is_copied_and_s600_source_settings_preserved) ... ok
test_missing_binary_does_not_build_or_download (test_launcher.LauncherTest.test_missing_binary_does_not_build_or_download) ... ok
test_native_process_receives_exact_args_environment_and_exit_code (test_launcher.LauncherTest.test_native_process_receives_exact_args_environment_and_exit_code) ... ok
test_preview_preserves_all_modes_and_native_arguments (test_launcher.LauncherTest.test_preview_preserves_all_modes_and_native_arguments) ... ok
test_real_execution_rejects_host_before_build_or_binary (test_launcher.LauncherTest.test_real_execution_rejects_host_before_build_or_binary) ... ok
test_unknown_mode_and_x5_rejected_without_side_effects (test_launcher.LauncherTest.test_unknown_mode_and_x5_rejected_without_side_effects) ... ok
test_download_and_reuse_with_fake_transport (test_model_preparation.ModelPreparationTests.test_download_and_reuse_with_fake_transport) ... ok
test_empty_transfer_is_not_published (test_model_preparation.ModelPreparationTests.test_empty_transfer_is_not_published) ... ok
test_preview_does_not_create_or_download (test_model_preparation.ModelPreparationTests.test_preview_does_not_create_or_download) ... ok
test_requires_explicit_target_without_side_effects (test_model_preparation.ModelPreparationTests.test_requires_explicit_target_without_side_effects) ... ok
test_s100_requires_explicit_hbm_source (test_model_preparation.ModelPreparationTests.test_s100_requires_explicit_hbm_source) ... ok
test_unknown_argument_has_no_effect (test_model_preparation.ModelPreparationTests.test_unknown_argument_has_no_effect) ... ok

----------------------------------------------------------------------
Ran 30 tests in 25.769s

OK
