.EEEEEEEEE..................................
======================================================================
ERROR: test_all_fourteen_target_variants_produce_reviewable_configs (test_conversion.ConversionTests.test_all_fourteen_target_variants_produce_reviewable_configs)
----------------------------------------------------------------------
Traceback (most recent call last):
  File "/Users/Max/Workspace/company/development/RDK_MODEL_ZOO/rdk-b7-board-integration/samples/vision/yoloe/tests/test_conversion.py", line 132, in setUp
    graph(self.onnx)
    ~~~~~^^^^^^^^^^^
  File "/Users/Max/Workspace/company/development/RDK_MODEL_ZOO/rdk-b7-board-integration/samples/vision/yoloe/tests/test_conversion.py", line 25, in graph
    import onnx
ModuleNotFoundError: No module named 'onnx'

======================================================================
ERROR: test_bad_proto_and_unreadable_image_leave_honest_status (test_conversion.ConversionTests.test_bad_proto_and_unreadable_image_leave_honest_status)
----------------------------------------------------------------------
Traceback (most recent call last):
  File "/Users/Max/Workspace/company/development/RDK_MODEL_ZOO/rdk-b7-board-integration/samples/vision/yoloe/tests/test_conversion.py", line 132, in setUp
    graph(self.onnx)
    ~~~~~^^^^^^^^^^^
  File "/Users/Max/Workspace/company/development/RDK_MODEL_ZOO/rdk-b7-board-integration/samples/vision/yoloe/tests/test_conversion.py", line 25, in graph
    import onnx
ModuleNotFoundError: No module named 'onnx'

======================================================================
ERROR: test_config_only_snapshots_inputs_and_preserves_float_outputs (test_conversion.ConversionTests.test_config_only_snapshots_inputs_and_preserves_float_outputs)
----------------------------------------------------------------------
Traceback (most recent call last):
  File "/Users/Max/Workspace/company/development/RDK_MODEL_ZOO/rdk-b7-board-integration/samples/vision/yoloe/tests/test_conversion.py", line 132, in setUp
    graph(self.onnx)
    ~~~~~^^^^^^^^^^^
  File "/Users/Max/Workspace/company/development/RDK_MODEL_ZOO/rdk-b7-board-integration/samples/vision/yoloe/tests/test_conversion.py", line 25, in graph
    import onnx
ModuleNotFoundError: No module named 'onnx'

======================================================================
ERROR: test_documented_preparation_commands_run_without_compiler (test_conversion.ConversionTests.test_documented_preparation_commands_run_without_compiler)
----------------------------------------------------------------------
Traceback (most recent call last):
  File "/Users/Max/Workspace/company/development/RDK_MODEL_ZOO/rdk-b7-board-integration/samples/vision/yoloe/tests/test_conversion.py", line 132, in setUp
    graph(self.onnx)
    ~~~~~^^^^^^^^^^^
  File "/Users/Max/Workspace/company/development/RDK_MODEL_ZOO/rdk-b7-board-integration/samples/vision/yoloe/tests/test_conversion.py", line 25, in graph
    import onnx
ModuleNotFoundError: No module named 'onnx'

======================================================================
ERROR: test_external_tensor_and_nonstatic_shapes_are_rejected (test_conversion.ConversionTests.test_external_tensor_and_nonstatic_shapes_are_rejected)
----------------------------------------------------------------------
Traceback (most recent call last):
  File "/Users/Max/Workspace/company/development/RDK_MODEL_ZOO/rdk-b7-board-integration/samples/vision/yoloe/tests/test_conversion.py", line 132, in setUp
    graph(self.onnx)
    ~~~~~^^^^^^^^^^^
  File "/Users/Max/Workspace/company/development/RDK_MODEL_ZOO/rdk-b7-board-integration/samples/vision/yoloe/tests/test_conversion.py", line 25, in graph
    import onnx
ModuleNotFoundError: No module named 'onnx'

======================================================================
ERROR: test_fake_compiler_failure_and_success_are_not_precision_verification (test_conversion.ConversionTests.test_fake_compiler_failure_and_success_are_not_precision_verification)
----------------------------------------------------------------------
Traceback (most recent call last):
  File "/Users/Max/Workspace/company/development/RDK_MODEL_ZOO/rdk-b7-board-integration/samples/vision/yoloe/tests/test_conversion.py", line 132, in setUp
    graph(self.onnx)
    ~~~~~^^^^^^^^^^^
  File "/Users/Max/Workspace/company/development/RDK_MODEL_ZOO/rdk-b7-board-integration/samples/vision/yoloe/tests/test_conversion.py", line 25, in graph
    import onnx
ModuleNotFoundError: No module named 'onnx'

======================================================================
ERROR: test_invalid_graph_vocab_target_rejected_without_output (test_conversion.ConversionTests.test_invalid_graph_vocab_target_rejected_without_output)
----------------------------------------------------------------------
Traceback (most recent call last):
  File "/Users/Max/Workspace/company/development/RDK_MODEL_ZOO/rdk-b7-board-integration/samples/vision/yoloe/tests/test_conversion.py", line 132, in setUp
    graph(self.onnx)
    ~~~~~^^^^^^^^^^^
  File "/Users/Max/Workspace/company/development/RDK_MODEL_ZOO/rdk-b7-board-integration/samples/vision/yoloe/tests/test_conversion.py", line 25, in graph
    import onnx
ModuleNotFoundError: No module named 'onnx'

======================================================================
ERROR: test_x5_large_recipe_keeps_both_source_attention_overrides (test_conversion.ConversionTests.test_x5_large_recipe_keeps_both_source_attention_overrides)
----------------------------------------------------------------------
Traceback (most recent call last):
  File "/Users/Max/Workspace/company/development/RDK_MODEL_ZOO/rdk-b7-board-integration/samples/vision/yoloe/tests/test_conversion.py", line 132, in setUp
    graph(self.onnx)
    ~~~~~^^^^^^^^^^^
  File "/Users/Max/Workspace/company/development/RDK_MODEL_ZOO/rdk-b7-board-integration/samples/vision/yoloe/tests/test_conversion.py", line 25, in graph
    import onnx
ModuleNotFoundError: No module named 'onnx'

======================================================================
ERROR: test_x5_raw_file_and_source_softmax_override (test_conversion.ConversionTests.test_x5_raw_file_and_source_softmax_override)
----------------------------------------------------------------------
Traceback (most recent call last):
  File "/Users/Max/Workspace/company/development/RDK_MODEL_ZOO/rdk-b7-board-integration/samples/vision/yoloe/tests/test_conversion.py", line 132, in setUp
    graph(self.onnx)
    ~~~~~^^^^^^^^^^^
  File "/Users/Max/Workspace/company/development/RDK_MODEL_ZOO/rdk-b7-board-integration/samples/vision/yoloe/tests/test_conversion.py", line 25, in graph
    import onnx
ModuleNotFoundError: No module named 'onnx'

----------------------------------------------------------------------
Ran 44 tests in 2.418s

FAILED (errors=9)
