EEEEEEE
======================================================================
ERROR: test_dynamic_gather_is_explicit_and_overflow_rejected (test_conversion_graph_ops.GraphOperations.test_dynamic_gather_is_explicit_and_overflow_rejected)
----------------------------------------------------------------------
Traceback (most recent call last):
  File "/Users/Max/Workspace/company/development/RDK_MODEL_ZOO/rdk-b7-board-integration/samples/speech/paraformer/tests/test_conversion_graph_ops.py", line 14, in setUp
    from samples.speech.paraformer.conversion import graph_ops
ImportError: cannot import name 'graph_ops' from 'samples.speech.paraformer.conversion' (unknown location)

======================================================================
ERROR: test_dynamic_range_cannot_be_frozen_from_one_example (test_conversion_graph_ops.GraphOperations.test_dynamic_range_cannot_be_frozen_from_one_example)
----------------------------------------------------------------------
Traceback (most recent call last):
  File "/Users/Max/Workspace/company/development/RDK_MODEL_ZOO/rdk-b7-board-integration/samples/speech/paraformer/tests/test_conversion_graph_ops.py", line 14, in setUp
    from samples.speech.paraformer.conversion import graph_ops
ImportError: cannot import name 'graph_ops' from 'samples.speech.paraformer.conversion' (unknown location)

======================================================================
ERROR: test_gather_does_not_mutate_shared_int64_constant (test_conversion_graph_ops.GraphOperations.test_gather_does_not_mutate_shared_int64_constant)
----------------------------------------------------------------------
Traceback (most recent call last):
  File "/Users/Max/Workspace/company/development/RDK_MODEL_ZOO/rdk-b7-board-integration/samples/speech/paraformer/tests/test_conversion_graph_ops.py", line 14, in setUp
    from samples.speech.paraformer.conversion import graph_ops
ImportError: cannot import name 'graph_ops' from 'samples.speech.paraformer.conversion' (unknown location)

======================================================================
ERROR: test_shape_derived_range_folds_without_data_probe (test_conversion_graph_ops.GraphOperations.test_shape_derived_range_folds_without_data_probe)
----------------------------------------------------------------------
Traceback (most recent call last):
  File "/Users/Max/Workspace/company/development/RDK_MODEL_ZOO/rdk-b7-board-integration/samples/speech/paraformer/tests/test_conversion_graph_ops.py", line 14, in setUp
    from samples.speech.paraformer.conversion import graph_ops
ImportError: cannot import name 'graph_ops' from 'samples.speech.paraformer.conversion' (unknown location)

======================================================================
ERROR: test_shared_axes_are_copied_per_consumer_rank (test_conversion_graph_ops.GraphOperations.test_shared_axes_are_copied_per_consumer_rank)
----------------------------------------------------------------------
Traceback (most recent call last):
  File "/Users/Max/Workspace/company/development/RDK_MODEL_ZOO/rdk-b7-board-integration/samples/speech/paraformer/tests/test_conversion_graph_ops.py", line 14, in setUp
    from samples.speech.paraformer.conversion import graph_ops
ImportError: cannot import name 'graph_ops' from 'samples.speech.paraformer.conversion' (unknown location)

======================================================================
ERROR: test_toposort_preserves_nodes_with_duplicate_names_and_metadata (test_conversion_graph_ops.GraphOperations.test_toposort_preserves_nodes_with_duplicate_names_and_metadata)
----------------------------------------------------------------------
Traceback (most recent call last):
  File "/Users/Max/Workspace/company/development/RDK_MODEL_ZOO/rdk-b7-board-integration/samples/speech/paraformer/tests/test_conversion_graph_ops.py", line 14, in setUp
    from samples.speech.paraformer.conversion import graph_ops
ImportError: cannot import name 'graph_ops' from 'samples.speech.paraformer.conversion' (unknown location)

======================================================================
ERROR: test_toposort_rejects_cycle_missing_and_duplicate_producers (test_conversion_graph_ops.GraphOperations.test_toposort_rejects_cycle_missing_and_duplicate_producers)
----------------------------------------------------------------------
Traceback (most recent call last):
  File "/Users/Max/Workspace/company/development/RDK_MODEL_ZOO/rdk-b7-board-integration/samples/speech/paraformer/tests/test_conversion_graph_ops.py", line 14, in setUp
    from samples.speech.paraformer.conversion import graph_ops
ImportError: cannot import name 'graph_ops' from 'samples.speech.paraformer.conversion' (unknown location)

----------------------------------------------------------------------
Ran 7 tests in 0.001s

FAILED (errors=7)
