E
======================================================================
ERROR: test_actual_x5_adapter_supports_explicit_geometry (test_yolo26_segmentation_source.SegmentationSource.test_actual_x5_adapter_supports_explicit_geometry)
----------------------------------------------------------------------
Traceback (most recent call last):
  File "/Users/Max/Workspace/company/development/RDK_MODEL_ZOO/rdk-b7-board-integration/samples/vision/ultralytics_yolo/tests/test_yolo26_segmentation_source.py", line 17, in test_actual_x5_adapter_supports_explicit_geometry
    boxes,scores,ids,full=legacy.predict(image)
                          ~~~~~~~~~~~~~~^^^^^^^
  File "/Users/Max/Workspace/company/development/RDK_MODEL_ZOO/rdk-b7-board-integration/samples/vision/ultralytics_yolo/runtime/python/yolo_seg.py", line 188, in predict
    return _predict_task(self, img, image_format, score_thres, nms_thres)
  File "/Users/Max/Workspace/company/development/RDK_MODEL_ZOO/rdk-b7-board-integration/samples/vision/ultralytics_yolo/runtime/python/detection_io.py", line 262, in _predict_task
    return task.post_process(
           ~~~~~~~~~~~~~~~~~^
        outputs,
        ^^^^^^^^
    ...<2 lines>...
        transform=prepared.transform,
        ^^^^^^^^^^^^^^^^^^^^^^^^^^^^^
    )
    ^
TypeError: YOLO26Seg.post_process() missing 2 required positional arguments: 'ori_img_w' and 'ori_img_h'

----------------------------------------------------------------------
Ran 1 test in 0.006s

FAILED (errors=1)
