samples/vision/ultralytics_yolo/tests/fixtures/x5_yolo26_seg_source.py:73: trailing whitespace.
+def process_mask(protos: np.ndarray, 
samples/vision/ultralytics_yolo/tests/fixtures/x5_yolo26_seg_source.py:74: trailing whitespace.
+                 masks_in: np.ndarray, 
samples/vision/ultralytics_yolo/tests/fixtures/x5_yolo26_seg_source.py:75: trailing whitespace.
+                 bboxes: np.ndarray, 
samples/vision/ultralytics_yolo/tests/fixtures/x5_yolo26_seg_source.py:76: trailing whitespace.
+                 shape: Tuple[int, int], 
samples/vision/ultralytics_yolo/tests/fixtures/x5_yolo26_seg_source.py:96: trailing whitespace.
+    downsampled_bboxes = bboxes * (mh / 640.0) 
samples/vision/ultralytics_yolo/tests/fixtures/x5_yolo26_seg_source.py:303: trailing whitespace.
+        
samples/vision/ultralytics_yolo/tests/fixtures/x5_yolo26_seg_source.py:369: trailing whitespace.
+        if proto_tensor.shape[0] == 1: 
samples/vision/ultralytics_yolo/tests/fixtures/x5_yolo26_seg_source.py:375: trailing whitespace.
+        
samples/vision/ultralytics_yolo/tests/fixtures/x5_yolo26_seg_source.py:389: trailing whitespace.
+            
samples/vision/ultralytics_yolo/tests/fixtures/x5_yolo26_seg_source.py:395: trailing whitespace.
+        masks = process_mask(proto_tensor, mask_coefs, xyxy, 
samples/vision/ultralytics_yolo/tests/fixtures/x5_yolo26_seg_source.py:402: trailing whitespace.
+        
