s:paraformer:s100/paraformer_large_encoder_400x560_s100.hbm: https://archive.d-robotics.cc/downloads/rdk_model_zoo/rdk_s100/paraformer/nash-e/encoder_int16.hbm -> /Users/Max/Workspace/company/development/RDK_MODEL_ZOO/rdk-b7-board-integration/samples/speech/paraformer/model/s100/paraformer_large_encoder_400x560_s100.hbm
s:paraformer:s100/paraformer_large_predictor_400x512_s100.hbm: https://archive.d-robotics.cc/downloads/rdk_model_zoo/rdk_s100/paraformer/nash-e/predictor_int16.hbm -> /Users/Max/Workspace/company/development/RDK_MODEL_ZOO/rdk-b7-board-integration/samples/speech/paraformer/model/s100/paraformer_large_predictor_400x512_s100.hbm
s:paraformer:s100/paraformer_large_decoder_400x512_s100.hbm: https://archive.d-robotics.cc/downloads/rdk_model_zoo/rdk_s100/paraformer/nash-e/decoder_int16.hbm -> /Users/Max/Workspace/company/development/RDK_MODEL_ZOO/rdk-b7-board-integration/samples/speech/paraformer/model/s100/paraformer_large_decoder_400x512_s100.hbm
s:paraformer:s100/tokens.json: https://archive.d-robotics.cc/downloads/rdk_model_zoo/rdk_s100/paraformer/nash-e/tokens.json -> /Users/Max/Workspace/company/development/RDK_MODEL_ZOO/rdk-b7-board-integration/samples/speech/paraformer/model/s100/tokens.json
s:paraformer:s100/am.mvn: /Users/Max/Workspace/company/development/RDK_MODEL_ZOO/rdk-b7-board-integration/samples/speech/paraformer/model/am.mvn -> /Users/Max/Workspace/company/development/RDK_MODEL_ZOO/rdk-b7-board-integration/samples/speech/paraformer/model/s100/am.mvn
s:paraformer:s100/paraformer_config.yaml: /Users/Max/Workspace/company/development/RDK_MODEL_ZOO/rdk-b7-board-integration/samples/speech/paraformer/model/paraformer_config.yaml -> /Users/Max/Workspace/company/development/RDK_MODEL_ZOO/rdk-b7-board-integration/samples/speech/paraformer/model/s100/paraformer_config.yaml
{
  "target": "s100",
  "models": [
    {
      "stage": "encoder",
      "asset_id": "s:paraformer:s100/paraformer_large_encoder_400x560_s100.hbm",
      "model_path": "/Users/Max/Workspace/company/development/RDK_MODEL_ZOO/rdk-b7-board-integration/samples/speech/paraformer/model/s100/paraformer_large_encoder_400x560_s100.hbm",
      "url": "https://archive.d-robotics.cc/downloads/rdk_model_zoo/rdk_s100/paraformer/nash-e/encoder_int16.hbm",
      "publisher_sha256": null
    },
    {
      "stage": "predictor",
      "asset_id": "s:paraformer:s100/paraformer_large_predictor_400x512_s100.hbm",
      "model_path": "/Users/Max/Workspace/company/development/RDK_MODEL_ZOO/rdk-b7-board-integration/samples/speech/paraformer/model/s100/paraformer_large_predictor_400x512_s100.hbm",
      "url": "https://archive.d-robotics.cc/downloads/rdk_model_zoo/rdk_s100/paraformer/nash-e/predictor_int16.hbm",
      "publisher_sha256": null
    },
    {
      "stage": "decoder",
      "asset_id": "s:paraformer:s100/paraformer_large_decoder_400x512_s100.hbm",
      "model_path": "/Users/Max/Workspace/company/development/RDK_MODEL_ZOO/rdk-b7-board-integration/samples/speech/paraformer/model/s100/paraformer_large_decoder_400x512_s100.hbm",
      "url": "https://archive.d-robotics.cc/downloads/rdk_model_zoo/rdk_s100/paraformer/nash-e/decoder_int16.hbm",
      "publisher_sha256": null
    }
  ],
  "sdk_loaded": false,
  "downloaded": false,
  "runtime_metadata_verified": false,
  "output_dir": "/private/var/folders/04/9p6f6bf54t3f5j_khcdj2jr40000gn/T/tmpltmc01cj/outputs/paraformer"
}
