{
  "target": "s100",
  "models": [
    {
      "stage": "encoder",
      "asset_id": "s:paraformer:s100/paraformer_large_encoder_400x560_s100.hbm",
      "model_path": "/Users/Max/Workspace/company/development/RDK_MODEL_ZOO/rdk-b7-board-integration/samples/speech/paraformer/model/s100/paraformer_large_encoder_400x560_s100.hbm",
      "url": "https://archive.d-robotics.cc/downloads/rdk_model_zoo/rdk_s100/paraformer/nash-e/encoder_int16.hbm",
      "publisher_sha256": null
    },
    {
      "stage": "predictor",
      "asset_id": "s:paraformer:s100/paraformer_large_predictor_400x512_s100.hbm",
      "model_path": "/Users/Max/Workspace/company/development/RDK_MODEL_ZOO/rdk-b7-board-integration/samples/speech/paraformer/model/s100/paraformer_large_predictor_400x512_s100.hbm",
      "url": "https://archive.d-robotics.cc/downloads/rdk_model_zoo/rdk_s100/paraformer/nash-e/predictor_int16.hbm",
      "publisher_sha256": null
    },
    {
      "stage": "decoder",
      "asset_id": "s:paraformer:s100/paraformer_large_decoder_400x512_s100.hbm",
      "model_path": "/Users/Max/Workspace/company/development/RDK_MODEL_ZOO/rdk-b7-board-integration/samples/speech/paraformer/model/s100/paraformer_large_decoder_400x512_s100.hbm",
      "url": "https://archive.d-robotics.cc/downloads/rdk_model_zoo/rdk_s100/paraformer/nash-e/decoder_int16.hbm",
      "publisher_sha256": null
    }
  ],
  "sdk_loaded": false,
  "downloaded": false,
  "runtime_metadata_verified": false,
  "output_dir": "/private/var/folders/04/9p6f6bf54t3f5j_khcdj2jr40000gn/T/tmpb7epabvs/outputs/paraformer"
}
{
  "target": "s100",
  "models": [
    {
      "stage": "encoder",
      "asset_id": "s:paraformer:s100/paraformer_large_encoder_400x560_s100.hbm",
      "model_path": "/Users/Max/Workspace/company/development/RDK_MODEL_ZOO/rdk-b7-board-integration/samples/speech/paraformer/model/s100/paraformer_large_encoder_400x560_s100.hbm",
      "url": "https://archive.d-robotics.cc/downloads/rdk_model_zoo/rdk_s100/paraformer/nash-e/encoder_int16.hbm",
      "publisher_sha256": null
    },
    {
      "stage": "predictor",
      "asset_id": "s:paraformer:s100/paraformer_large_predictor_400x512_s100.hbm",
      "model_path": "/Users/Max/Workspace/company/development/RDK_MODEL_ZOO/rdk-b7-board-integration/samples/speech/paraformer/model/s100/paraformer_large_predictor_400x512_s100.hbm",
      "url": "https://archive.d-robotics.cc/downloads/rdk_model_zoo/rdk_s100/paraformer/nash-e/predictor_int16.hbm",
      "publisher_sha256": null
    },
    {
      "stage": "decoder",
      "asset_id": "s:paraformer:s100/paraformer_large_decoder_400x512_s100.hbm",
      "model_path": "/Users/Max/Workspace/company/development/RDK_MODEL_ZOO/rdk-b7-board-integration/samples/speech/paraformer/model/s100/paraformer_large_decoder_400x512_s100.hbm",
      "url": "https://archive.d-robotics.cc/downloads/rdk_model_zoo/rdk_s100/paraformer/nash-e/decoder_int16.hbm",
      "publisher_sha256": null
    }
  ],
  "sdk_loaded": false,
  "downloaded": false,
  "runtime_metadata_verified": false,
  "output_dir": "/private/var/folders/04/9p6f6bf54t3f5j_khcdj2jr40000gn/T/tmpb7epabvs/outputs/paraformer"
}
Notice: ffmpeg is not installed. torchaudio is used to load audio
If you want to use ffmpeg backend to load audio, please install it by:
	sudo apt install ffmpeg # ubuntu
	# brew install ffmpeg # mac
{
  "status": "completed",
  "target": "s100",
  "mode": "preprocess-only",
  "inference_executed": false,
  "inference_attempted": false,
  "started_utc": "2026-09-28T02:00:32.707452+00:00",
  "random_seed": 191009,
  "cmvn_sha256": "29b3c740a2c0cfc6b308126d31d7f265fa2be74f3bb095cd2f143ea970896ae5",
  "manifest_sha256": "7f6c6bda4b0eb7ca4c416b70fa28f1ef5c4686899ed1ad05a8f7689d9d1046a5",
  "utterances": [
    {
      "utt_id": "BAC009S0724W0121",
      "audio_path": "/Users/Max/Workspace/company/development/RDK_MODEL_ZOO/rdk-b7-board-integration/samples/speech/paraformer/test_data/audio/BAC009S0724W0121.wav",
      "audio_sha256": "2f9fc9c912bb71c85fb286cb88b599c81efb8f727c727a5ea8f6d1c89c55ac13",
      "sample_rate": 16000,
      "sample_count": 68496,
      "valid_frames": 71,
      "original_frames": 71,
      "truncated": false,
      "frontend_ms": 2.7332499994372483,
      "reference_text": "广州市房地产中介协会分析",
      "feature_file": "feats/BAC009S0724W0121.npy",
      "feature_sha256": "92848df2ad9649d4a6cb7b86b9626a54134d403097484a73af8c9ebdfee76ed2"
    },
    {
      "utt_id": "BAC009S0724W0168",
      "audio_path": "/Users/Max/Workspace/company/development/RDK_MODEL_ZOO/rdk-b7-board-integration/samples/speech/paraformer/test_data/audio/BAC009S0724W0168.wav",
      "audio_sha256": "84193516c402d88f47699bd9817bc1850b4fe188cde5bb56c6d7eb469c06a3ce",
      "sample_rate": 16000,
      "sample_count": 75137,
      "valid_frames": 78,
      "original_frames": 78,
      "truncated": false,
      "frontend_ms": 2.4443339971185196,
      "reference_text": "新地王的诞生迅速搅热南沙土地市场",
      "feature_file": "feats/BAC009S0724W0168.npy",
      "feature_sha256": "65dc148bf31176cd50bed4ec56000d9c99e0e44d7039b7fccb6c178ac1550b5e"
    }
  ],
  "model_set": [
    {
      "stage": "encoder",
      "asset_id": "s:paraformer:s100/paraformer_large_encoder_400x560_s100.hbm",
      "path": "/Users/Max/Workspace/company/development/RDK_MODEL_ZOO/rdk-b7-board-integration/samples/speech/paraformer/model/s100/paraformer_large_encoder_400x560_s100.hbm",
      "publisher_sha256": null,
      "observed_sha256": null
    },
    {
      "stage": "predictor",
      "asset_id": "s:paraformer:s100/paraformer_large_predictor_400x512_s100.hbm",
      "path": "/Users/Max/Workspace/company/development/RDK_MODEL_ZOO/rdk-b7-board-integration/samples/speech/paraformer/model/s100/paraformer_large_predictor_400x512_s100.hbm",
      "publisher_sha256": null,
      "observed_sha256": null
    },
    {
      "stage": "decoder",
      "asset_id": "s:paraformer:s100/paraformer_large_decoder_400x512_s100.hbm",
      "path": "/Users/Max/Workspace/company/development/RDK_MODEL_ZOO/rdk-b7-board-integration/samples/speech/paraformer/model/s100/paraformer_large_decoder_400x512_s100.hbm",
      "publisher_sha256": null,
      "observed_sha256": null
    }
  ],
  "tokens_sha256": null,
  "scheduling": {
    "priority": null,
    "bpu_cores": null
  },
  "ended_utc": "2026-09-28T02:00:35.156277+00:00"
}
