FFFFF
======================================================================
FAIL: test_dry_run_does_not_load_sdk_frontend_or_write_output (test_cli.CliTests.test_dry_run_does_not_load_sdk_frontend_or_write_output)
----------------------------------------------------------------------
Traceback (most recent call last):
  File "/Users/Max/Workspace/company/development/RDK_MODEL_ZOO/rdk-b7-board-integration/samples/speech/paraformer/tests/test_cli.py", line 20, in setUp
    self.assertIsNotNone(importlib.util.find_spec(name), "Missing Paraformer CLI")
    ~~~~~~~~~~~~~~~~~~~~^^^^^^^^^^^^^^^^^^^^^^^^^^^^^^^^^^^^^^^^^^^^^^^^^^^^^^^^^^
AssertionError: unexpectedly None : Missing Paraformer CLI

======================================================================
FAIL: test_failed_preprocessing_keeps_failure_record_and_input_manifest (test_cli.CliTests.test_failed_preprocessing_keeps_failure_record_and_input_manifest)
----------------------------------------------------------------------
Traceback (most recent call last):
  File "/Users/Max/Workspace/company/development/RDK_MODEL_ZOO/rdk-b7-board-integration/samples/speech/paraformer/tests/test_cli.py", line 20, in setUp
    self.assertIsNotNone(importlib.util.find_spec(name), "Missing Paraformer CLI")
    ~~~~~~~~~~~~~~~~~~~~^^^^^^^^^^^^^^^^^^^^^^^^^^^^^^^^^^^^^^^^^^^^^^^^^^^^^^^^^^
AssertionError: unexpectedly None : Missing Paraformer CLI

======================================================================
FAIL: test_manifest_rejects_duplicate_or_escaping_ids_and_negative_limit (test_cli.CliTests.test_manifest_rejects_duplicate_or_escaping_ids_and_negative_limit)
----------------------------------------------------------------------
Traceback (most recent call last):
  File "/Users/Max/Workspace/company/development/RDK_MODEL_ZOO/rdk-b7-board-integration/samples/speech/paraformer/tests/test_cli.py", line 20, in setUp
    self.assertIsNotNone(importlib.util.find_spec(name), "Missing Paraformer CLI")
    ~~~~~~~~~~~~~~~~~~~~^^^^^^^^^^^^^^^^^^^^^^^^^^^^^^^^^^^^^^^^^^^^^^^^^^^^^^^^^^
AssertionError: unexpectedly None : Missing Paraformer CLI

======================================================================
FAIL: test_missing_selected_wav_fails_instead_of_silent_skip (test_cli.CliTests.test_missing_selected_wav_fails_instead_of_silent_skip)
----------------------------------------------------------------------
Traceback (most recent call last):
  File "/Users/Max/Workspace/company/development/RDK_MODEL_ZOO/rdk-b7-board-integration/samples/speech/paraformer/tests/test_cli.py", line 20, in setUp
    self.assertIsNotNone(importlib.util.find_spec(name), "Missing Paraformer CLI")
    ~~~~~~~~~~~~~~~~~~~~^^^^^^^^^^^^^^^^^^^^^^^^^^^^^^^^^^^^^^^^^^^^^^^^^^^^^^^^^^
AssertionError: unexpectedly None : Missing Paraformer CLI

======================================================================
FAIL: test_preprocess_writes_separate_manifest_and_refuses_existing_output (test_cli.CliTests.test_preprocess_writes_separate_manifest_and_refuses_existing_output)
----------------------------------------------------------------------
Traceback (most recent call last):
  File "/Users/Max/Workspace/company/development/RDK_MODEL_ZOO/rdk-b7-board-integration/samples/speech/paraformer/tests/test_cli.py", line 20, in setUp
    self.assertIsNotNone(importlib.util.find_spec(name), "Missing Paraformer CLI")
    ~~~~~~~~~~~~~~~~~~~~^^^^^^^^^^^^^^^^^^^^^^^^^^^^^^^^^^^^^^^^^^^^^^^^^^^^^^^^^^
AssertionError: unexpectedly None : Missing Paraformer CLI

----------------------------------------------------------------------
Ran 5 tests in 0.001s

FAILED (failures=5)
