usage: main.py [-h] [--target {auto,x5,s100,s100p,s600}] [--list-models |
               --dry-run | --preprocess-only] [--manifest MANIFEST |
               --audio-file AUDIO_FILE] [--audio-dir AUDIO_DIR]
               [--output-dir OUTPUT_DIR] [--max-utts MAX_UTTS]
               [--cmvn-path CMVN_PATH] [--tokens-path TOKENS_PATH]
               [--random-seed RANDOM_SEED] [--priority PRIORITY]
               [--bpu-cores BPU_CORES [BPU_CORES ...]]
               [--encoder-model-path ENCODER_MODEL_PATH]
               [--encoder-asset-id ENCODER_ASSET_ID]
               [--predictor-model-path PREDICTOR_MODEL_PATH]
               [--predictor-asset-id PREDICTOR_ASSET_ID]
               [--decoder-model-path DECODER_MODEL_PATH]
               [--decoder-asset-id DECODER_ASSET_ID]

Paraformer: explicit model selection, host feature preparation and inference.

options:
  -h, --help            show this help message and exit
  --target {auto,x5,s100,s100p,s600}
  --list-models
  --dry-run
  --preprocess-only
  --manifest MANIFEST
  --audio-file AUDIO_FILE
  --audio-dir AUDIO_DIR
  --output-dir OUTPUT_DIR
  --max-utts MAX_UTTS
  --cmvn-path CMVN_PATH
  --tokens-path TOKENS_PATH
  --random-seed RANDOM_SEED
  --priority PRIORITY
  --bpu-cores BPU_CORES [BPU_CORES ...]
  --encoder-model-path ENCODER_MODEL_PATH
  --encoder-asset-id ENCODER_ASSET_ID
  --predictor-model-path PREDICTOR_MODEL_PATH
  --predictor-asset-id PREDICTOR_ASSET_ID
  --decoder-model-path DECODER_MODEL_PATH
  --decoder-asset-id DECODER_ASSET_ID
