{
  "files": {
    "himloco": 52,
    "asr": 22,
    "kws": 15,
    "paraformer": 43
  },
  "missing_before": {
    "himloco": [],
    "asr": [],
    "kws": [],
    "paraformer": []
  },
  "verified_himloco": 21,
  "cif": {
    "raised": true,
    "type": "IndexError",
    "message": "index 0 is out of bounds for axis 0 with size 0"
  },
  "asr": "aaabb",
  "audio": {
    "platforms/s/samples/speech/asr/test_data/chi_sound.wav": {
      "rate": 16000,
      "channels": 1,
      "frames": 73440,
      "sample_bytes": 2,
      "sha256": "55faf2ac6f06f4355337f4466c9589fb7dd8e38b22eb80c24826081aa79cbcd8"
    },
    "platforms/s/samples/speech/kws/test_data/sample.wav": {
      "rate": 16000,
      "channels": 1,
      "frames": 40000,
      "sample_bytes": 2,
      "sha256": "eb39ea9bff0e37e262ee3735eba4111a52bb53a84bb776d28a43d7cea6b88cad"
    },
    "platforms/s/samples/speech/paraformer/test_data/audio/BAC009S0724W0168.wav": {
      "rate": 16000,
      "channels": 1,
      "frames": 75137,
      "sample_bytes": 2,
      "sha256": "84193516c402d88f47699bd9817bc1850b4fe188cde5bb56c6d7eb469c06a3ce"
    },
    "platforms/s/samples/speech/paraformer/test_data/audio/BAC009S0724W0121.wav": {
      "rate": 16000,
      "channels": 1,
      "frames": 68496,
      "sample_bytes": 2,
      "sha256": "2f9fc9c912bb71c85fb286cb88b599c81efb8f727c727a5ea8f6d1c89c55ac13"
    }
  }
}
