EEEEEEEEEEEEEEEEEEEEEEEEEFE
======================================================================
ERROR: test_bad_metadata (test_pointnet.BindingTests.test_bad_metadata)
----------------------------------------------------------------------
Traceback (most recent call last):
  File "/Users/Max/Workspace/company/development/RDK_MODEL_ZOO/rdk-b7-board-integration/samples/vision/pointnet/tests/test_pointnet.py", line 117, in test_bad_metadata
    from samples.vision.pointnet.runtime.python.model_binding import bind_model, resolve_selection
ModuleNotFoundError: No module named 'samples.vision.pointnet.runtime'

======================================================================
ERROR: test_exact_asset_and_default (test_pointnet.BindingTests.test_exact_asset_and_default)
----------------------------------------------------------------------
Traceback (most recent call last):
  File "/Users/Max/Workspace/company/development/RDK_MODEL_ZOO/rdk-b7-board-integration/samples/vision/pointnet/tests/test_pointnet.py", line 98, in test_exact_asset_and_default
    from samples.vision.pointnet.runtime.python.model_binding import resolve_selection
ModuleNotFoundError: No module named 'samples.vision.pointnet.runtime'

======================================================================
ERROR: test_invalid_integer_descriptor (test_pointnet.BindingTests.test_invalid_integer_descriptor) (scale=[])
----------------------------------------------------------------------
Traceback (most recent call last):
  File "/Users/Max/Workspace/company/development/RDK_MODEL_ZOO/rdk-b7-board-integration/samples/vision/pointnet/tests/test_pointnet.py", line 132, in test_invalid_integer_descriptor
    with self.subTest(scale=scale), self.assertRaises(ValueError): bound(dtype='int16', quant=q)
                                                                   ~~~~~^^^^^^^^^^^^^^^^^^^^^^^^
  File "/Users/Max/Workspace/company/development/RDK_MODEL_ZOO/rdk-b7-board-integration/samples/vision/pointnet/tests/test_pointnet.py", line 26, in bound
    from samples.vision.pointnet.runtime.python.model_binding import bind_model, resolve_selection
ModuleNotFoundError: No module named 'samples.vision.pointnet.runtime'

======================================================================
ERROR: test_invalid_integer_descriptor (test_pointnet.BindingTests.test_invalid_integer_descriptor) (scale=[1, 2])
----------------------------------------------------------------------
Traceback (most recent call last):
  File "/Users/Max/Workspace/company/development/RDK_MODEL_ZOO/rdk-b7-board-integration/samples/vision/pointnet/tests/test_pointnet.py", line 132, in test_invalid_integer_descriptor
    with self.subTest(scale=scale), self.assertRaises(ValueError): bound(dtype='int16', quant=q)
                                                                   ~~~~~^^^^^^^^^^^^^^^^^^^^^^^^
  File "/Users/Max/Workspace/company/development/RDK_MODEL_ZOO/rdk-b7-board-integration/samples/vision/pointnet/tests/test_pointnet.py", line 26, in bound
    from samples.vision.pointnet.runtime.python.model_binding import bind_model, resolve_selection
ModuleNotFoundError: No module named 'samples.vision.pointnet.runtime'

======================================================================
ERROR: test_invalid_integer_descriptor (test_pointnet.BindingTests.test_invalid_integer_descriptor) (scale=[1, 2, 3, 4])
----------------------------------------------------------------------
Traceback (most recent call last):
  File "/Users/Max/Workspace/company/development/RDK_MODEL_ZOO/rdk-b7-board-integration/samples/vision/pointnet/tests/test_pointnet.py", line 132, in test_invalid_integer_descriptor
    with self.subTest(scale=scale), self.assertRaises(ValueError): bound(dtype='int16', quant=q)
                                                                   ~~~~~^^^^^^^^^^^^^^^^^^^^^^^^
  File "/Users/Max/Workspace/company/development/RDK_MODEL_ZOO/rdk-b7-board-integration/samples/vision/pointnet/tests/test_pointnet.py", line 26, in bound
    from samples.vision.pointnet.runtime.python.model_binding import bind_model, resolve_selection
ModuleNotFoundError: No module named 'samples.vision.pointnet.runtime'

======================================================================
ERROR: test_invalid_integer_descriptor (test_pointnet.BindingTests.test_invalid_integer_descriptor) (scale=[1, 2, 3, 4])
----------------------------------------------------------------------
Traceback (most recent call last):
  File "/Users/Max/Workspace/company/development/RDK_MODEL_ZOO/rdk-b7-board-integration/samples/vision/pointnet/tests/test_pointnet.py", line 132, in test_invalid_integer_descriptor
    with self.subTest(scale=scale), self.assertRaises(ValueError): bound(dtype='int16', quant=q)
                                                                   ~~~~~^^^^^^^^^^^^^^^^^^^^^^^^
  File "/Users/Max/Workspace/company/development/RDK_MODEL_ZOO/rdk-b7-board-integration/samples/vision/pointnet/tests/test_pointnet.py", line 26, in bound
    from samples.vision.pointnet.runtime.python.model_binding import bind_model, resolve_selection
ModuleNotFoundError: No module named 'samples.vision.pointnet.runtime'

======================================================================
ERROR: test_invalid_integer_descriptor (test_pointnet.BindingTests.test_invalid_integer_descriptor) (scale=[nan])
----------------------------------------------------------------------
Traceback (most recent call last):
  File "/Users/Max/Workspace/company/development/RDK_MODEL_ZOO/rdk-b7-board-integration/samples/vision/pointnet/tests/test_pointnet.py", line 132, in test_invalid_integer_descriptor
    with self.subTest(scale=scale), self.assertRaises(ValueError): bound(dtype='int16', quant=q)
                                                                   ~~~~~^^^^^^^^^^^^^^^^^^^^^^^^
  File "/Users/Max/Workspace/company/development/RDK_MODEL_ZOO/rdk-b7-board-integration/samples/vision/pointnet/tests/test_pointnet.py", line 26, in bound
    from samples.vision.pointnet.runtime.python.model_binding import bind_model, resolve_selection
ModuleNotFoundError: No module named 'samples.vision.pointnet.runtime'

======================================================================
ERROR: test_rejects_forged_selection (test_pointnet.BindingTests.test_rejects_forged_selection)
----------------------------------------------------------------------
Traceback (most recent call last):
  File "/Users/Max/Workspace/company/development/RDK_MODEL_ZOO/rdk-b7-board-integration/samples/vision/pointnet/tests/test_pointnet.py", line 112, in test_rejects_forged_selection
    from samples.vision.pointnet.runtime.python.model_binding import resolve_selection, bind_model
ModuleNotFoundError: No module named 'samples.vision.pointnet.runtime'

======================================================================
ERROR: test_targets_and_external_identity (test_pointnet.BindingTests.test_targets_and_external_identity)
----------------------------------------------------------------------
Traceback (most recent call last):
  File "/Users/Max/Workspace/company/development/RDK_MODEL_ZOO/rdk-b7-board-integration/samples/vision/pointnet/tests/test_pointnet.py", line 105, in test_targets_and_external_identity
    from samples.vision.pointnet.runtime.python.model_binding import resolve_selection
ModuleNotFoundError: No module named 'samples.vision.pointnet.runtime'

======================================================================
ERROR: test_context_is_per_call_and_frozen (test_pointnet.PointNetTests.test_context_is_per_call_and_frozen)
----------------------------------------------------------------------
Traceback (most recent call last):
  File "/Users/Max/Workspace/company/development/RDK_MODEL_ZOO/rdk-b7-board-integration/samples/vision/pointnet/tests/test_pointnet.py", line 62, in test_context_is_per_call_and_frozen
    task = self.task(); a = task.pre_process(self.points())
  File "/Users/Max/Workspace/company/development/RDK_MODEL_ZOO/rdk-b7-board-integration/samples/vision/pointnet/tests/test_pointnet.py", line 32, in task
    from samples.vision.pointnet.runtime.python.pointnet import PointNetTask
ModuleNotFoundError: No module named 'samples.vision.pointnet.runtime'

======================================================================
ERROR: test_forward_keeps_raw_scores (test_pointnet.PointNetTests.test_forward_keeps_raw_scores)
----------------------------------------------------------------------
Traceback (most recent call last):
  File "/Users/Max/Workspace/company/development/RDK_MODEL_ZOO/rdk-b7-board-integration/samples/vision/pointnet/tests/test_pointnet.py", line 58, in test_forward_keeps_raw_scores
    task = self.task(raw)
  File "/Users/Max/Workspace/company/development/RDK_MODEL_ZOO/rdk-b7-board-integration/samples/vision/pointnet/tests/test_pointnet.py", line 32, in task
    from samples.vision.pointnet.runtime.python.pointnet import PointNetTask
ModuleNotFoundError: No module named 'samples.vision.pointnet.runtime'

======================================================================
ERROR: test_integer_logits_dequantized_only_in_post (test_pointnet.PointNetTests.test_integer_logits_dequantized_only_in_post)
----------------------------------------------------------------------
Traceback (most recent call last):
  File "/Users/Max/Workspace/company/development/RDK_MODEL_ZOO/rdk-b7-board-integration/samples/vision/pointnet/tests/test_pointnet.py", line 87, in test_integer_logits_dequantized_only_in_post
    task = self.task(raw, bound(dtype='int16', quant=q))
                          ~~~~~^^^^^^^^^^^^^^^^^^^^^^^^
  File "/Users/Max/Workspace/company/development/RDK_MODEL_ZOO/rdk-b7-board-integration/samples/vision/pointnet/tests/test_pointnet.py", line 26, in bound
    from samples.vision.pointnet.runtime.python.model_binding import bind_model, resolve_selection
ModuleNotFoundError: No module named 'samples.vision.pointnet.runtime'

======================================================================
ERROR: test_post_rejects_shape_dtype_and_nonfinite (test_pointnet.PointNetTests.test_post_rejects_shape_dtype_and_nonfinite) (shape=(2, 4, 4))
----------------------------------------------------------------------
Traceback (most recent call last):
  File "/Users/Max/Workspace/company/development/RDK_MODEL_ZOO/rdk-b7-board-integration/samples/vision/pointnet/tests/test_pointnet.py", line 80, in test_post_rejects_shape_dtype_and_nonfinite
    self.task().post_process(raw)
    ~~~~~~~~~^^
  File "/Users/Max/Workspace/company/development/RDK_MODEL_ZOO/rdk-b7-board-integration/samples/vision/pointnet/tests/test_pointnet.py", line 32, in task
    from samples.vision.pointnet.runtime.python.pointnet import PointNetTask
ModuleNotFoundError: No module named 'samples.vision.pointnet.runtime'

======================================================================
ERROR: test_post_rejects_shape_dtype_and_nonfinite (test_pointnet.PointNetTests.test_post_rejects_shape_dtype_and_nonfinite) (shape=(1, 5, 4))
----------------------------------------------------------------------
Traceback (most recent call last):
  File "/Users/Max/Workspace/company/development/RDK_MODEL_ZOO/rdk-b7-board-integration/samples/vision/pointnet/tests/test_pointnet.py", line 80, in test_post_rejects_shape_dtype_and_nonfinite
    self.task().post_process(raw)
    ~~~~~~~~~^^
  File "/Users/Max/Workspace/company/development/RDK_MODEL_ZOO/rdk-b7-board-integration/samples/vision/pointnet/tests/test_pointnet.py", line 32, in task
    from samples.vision.pointnet.runtime.python.pointnet import PointNetTask
ModuleNotFoundError: No module named 'samples.vision.pointnet.runtime'

======================================================================
ERROR: test_post_rejects_shape_dtype_and_nonfinite (test_pointnet.PointNetTests.test_post_rejects_shape_dtype_and_nonfinite) (shape=(1, 4, 4))
----------------------------------------------------------------------
Traceback (most recent call last):
  File "/Users/Max/Workspace/company/development/RDK_MODEL_ZOO/rdk-b7-board-integration/samples/vision/pointnet/tests/test_pointnet.py", line 80, in test_post_rejects_shape_dtype_and_nonfinite
    self.task().post_process(raw)
    ~~~~~~~~~^^
  File "/Users/Max/Workspace/company/development/RDK_MODEL_ZOO/rdk-b7-board-integration/samples/vision/pointnet/tests/test_pointnet.py", line 32, in task
    from samples.vision.pointnet.runtime.python.pointnet import PointNetTask
ModuleNotFoundError: No module named 'samples.vision.pointnet.runtime'

======================================================================
ERROR: test_post_rejects_shape_dtype_and_nonfinite (test_pointnet.PointNetTests.test_post_rejects_shape_dtype_and_nonfinite) (shape=(1, 4, 4))
----------------------------------------------------------------------
Traceback (most recent call last):
  File "/Users/Max/Workspace/company/development/RDK_MODEL_ZOO/rdk-b7-board-integration/samples/vision/pointnet/tests/test_pointnet.py", line 80, in test_post_rejects_shape_dtype_and_nonfinite
    self.task().post_process(raw)
    ~~~~~~~~~^^
  File "/Users/Max/Workspace/company/development/RDK_MODEL_ZOO/rdk-b7-board-integration/samples/vision/pointnet/tests/test_pointnet.py", line 32, in task
    from samples.vision.pointnet.runtime.python.pointnet import PointNetTask
ModuleNotFoundError: No module named 'samples.vision.pointnet.runtime'

======================================================================
ERROR: test_predict_equals_explicit_stages (test_pointnet.PointNetTests.test_predict_equals_explicit_stages)
----------------------------------------------------------------------
Traceback (most recent call last):
  File "/Users/Max/Workspace/company/development/RDK_MODEL_ZOO/rdk-b7-board-integration/samples/vision/pointnet/tests/test_pointnet.py", line 50, in test_predict_equals_explicit_stages
    task = self.task(); prepared = task.pre_process(self.points())
  File "/Users/Max/Workspace/company/development/RDK_MODEL_ZOO/rdk-b7-board-integration/samples/vision/pointnet/tests/test_pointnet.py", line 32, in task
    from samples.vision.pointnet.runtime.python.pointnet import PointNetTask
ModuleNotFoundError: No module named 'samples.vision.pointnet.runtime'

======================================================================
ERROR: test_raw_f32_ignores_vestigial_quantization (test_pointnet.PointNetTests.test_raw_f32_ignores_vestigial_quantization)
----------------------------------------------------------------------
Traceback (most recent call last):
  File "/Users/Max/Workspace/company/development/RDK_MODEL_ZOO/rdk-b7-board-integration/samples/vision/pointnet/tests/test_pointnet.py", line 93, in test_raw_f32_ignores_vestigial_quantization
    np.testing.assert_array_equal(self.task(binding=bound(quant=q)).predict(self.points()), [0, 1, 2, 3])
                                                    ~~~~~^^^^^^^^^
  File "/Users/Max/Workspace/company/development/RDK_MODEL_ZOO/rdk-b7-board-integration/samples/vision/pointnet/tests/test_pointnet.py", line 26, in bound
    from samples.vision.pointnet.runtime.python.model_binding import bind_model, resolve_selection
ModuleNotFoundError: No module named 'samples.vision.pointnet.runtime'

======================================================================
ERROR: test_rejects_invalid_or_wrong_count_points (test_pointnet.PointNetTests.test_rejects_invalid_or_wrong_count_points) (shape=(4, 3))
----------------------------------------------------------------------
Traceback (most recent call last):
  File "/Users/Max/Workspace/company/development/RDK_MODEL_ZOO/rdk-b7-board-integration/samples/vision/pointnet/tests/test_pointnet.py", line 74, in test_rejects_invalid_or_wrong_count_points
    self.task().pre_process(p)
    ~~~~~~~~~^^
  File "/Users/Max/Workspace/company/development/RDK_MODEL_ZOO/rdk-b7-board-integration/samples/vision/pointnet/tests/test_pointnet.py", line 32, in task
    from samples.vision.pointnet.runtime.python.pointnet import PointNetTask
ModuleNotFoundError: No module named 'samples.vision.pointnet.runtime'

======================================================================
ERROR: test_rejects_invalid_or_wrong_count_points (test_pointnet.PointNetTests.test_rejects_invalid_or_wrong_count_points) (shape=(3, 3))
----------------------------------------------------------------------
Traceback (most recent call last):
  File "/Users/Max/Workspace/company/development/RDK_MODEL_ZOO/rdk-b7-board-integration/samples/vision/pointnet/tests/test_pointnet.py", line 74, in test_rejects_invalid_or_wrong_count_points
    self.task().pre_process(p)
    ~~~~~~~~~^^
  File "/Users/Max/Workspace/company/development/RDK_MODEL_ZOO/rdk-b7-board-integration/samples/vision/pointnet/tests/test_pointnet.py", line 32, in task
    from samples.vision.pointnet.runtime.python.pointnet import PointNetTask
ModuleNotFoundError: No module named 'samples.vision.pointnet.runtime'

======================================================================
ERROR: test_rejects_invalid_or_wrong_count_points (test_pointnet.PointNetTests.test_rejects_invalid_or_wrong_count_points) (shape=(4, 4))
----------------------------------------------------------------------
Traceback (most recent call last):
  File "/Users/Max/Workspace/company/development/RDK_MODEL_ZOO/rdk-b7-board-integration/samples/vision/pointnet/tests/test_pointnet.py", line 74, in test_rejects_invalid_or_wrong_count_points
    self.task().pre_process(p)
    ~~~~~~~~~^^
  File "/Users/Max/Workspace/company/development/RDK_MODEL_ZOO/rdk-b7-board-integration/samples/vision/pointnet/tests/test_pointnet.py", line 32, in task
    from samples.vision.pointnet.runtime.python.pointnet import PointNetTask
ModuleNotFoundError: No module named 'samples.vision.pointnet.runtime'

======================================================================
ERROR: test_rejects_invalid_or_wrong_count_points (test_pointnet.PointNetTests.test_rejects_invalid_or_wrong_count_points) (shape=(4, 3))
----------------------------------------------------------------------
Traceback (most recent call last):
  File "/Users/Max/Workspace/company/development/RDK_MODEL_ZOO/rdk-b7-board-integration/samples/vision/pointnet/tests/test_pointnet.py", line 74, in test_rejects_invalid_or_wrong_count_points
    self.task().pre_process(p)
    ~~~~~~~~~^^
  File "/Users/Max/Workspace/company/development/RDK_MODEL_ZOO/rdk-b7-board-integration/samples/vision/pointnet/tests/test_pointnet.py", line 32, in task
    from samples.vision.pointnet.runtime.python.pointnet import PointNetTask
ModuleNotFoundError: No module named 'samples.vision.pointnet.runtime'

======================================================================
ERROR: test_rejects_invalid_or_wrong_count_points (test_pointnet.PointNetTests.test_rejects_invalid_or_wrong_count_points) (shape=(4, 3))
----------------------------------------------------------------------
Traceback (most recent call last):
  File "/Users/Max/Workspace/company/development/RDK_MODEL_ZOO/rdk-b7-board-integration/samples/vision/pointnet/tests/test_pointnet.py", line 74, in test_rejects_invalid_or_wrong_count_points
    self.task().pre_process(p)
    ~~~~~~~~~^^
  File "/Users/Max/Workspace/company/development/RDK_MODEL_ZOO/rdk-b7-board-integration/samples/vision/pointnet/tests/test_pointnet.py", line 32, in task
    from samples.vision.pointnet.runtime.python.pointnet import PointNetTask
ModuleNotFoundError: No module named 'samples.vision.pointnet.runtime'

======================================================================
ERROR: test_source_cli_normalization_and_tensor_bytes (test_pointnet.PointNetTests.test_source_cli_normalization_and_tensor_bytes)
----------------------------------------------------------------------
Traceback (most recent call last):
  File "/Users/Max/Workspace/company/development/RDK_MODEL_ZOO/rdk-b7-board-integration/samples/vision/pointnet/tests/test_pointnet.py", line 44, in test_source_cli_normalization_and_tensor_bytes
    prepared = self.task().pre_process(p)
               ~~~~~~~~~^^
  File "/Users/Max/Workspace/company/development/RDK_MODEL_ZOO/rdk-b7-board-integration/samples/vision/pointnet/tests/test_pointnet.py", line 32, in task
    from samples.vision.pointnet.runtime.python.pointnet import PointNetTask
ModuleNotFoundError: No module named 'samples.vision.pointnet.runtime'

======================================================================
ERROR: test_board_identity_checked_before_sdk (test_pointnet.RunnerAndCLITests.test_board_identity_checked_before_sdk)
----------------------------------------------------------------------
Traceback (most recent call last):
  File "/Users/Max/Workspace/company/development/RDK_MODEL_ZOO/rdk-b7-board-integration/samples/vision/pointnet/tests/test_pointnet.py", line 152, in test_board_identity_checked_before_sdk
    from samples.vision.pointnet.runtime.python.model_runner import RuntimeModelRunner
ModuleNotFoundError: No module named 'samples.vision.pointnet.runtime'

======================================================================
ERROR: test_runtime_output_owned_and_input_checked (test_pointnet.RunnerAndCLITests.test_runtime_output_owned_and_input_checked)
----------------------------------------------------------------------
Traceback (most recent call last):
  File "/Users/Max/Workspace/company/development/RDK_MODEL_ZOO/rdk-b7-board-integration/samples/vision/pointnet/tests/test_pointnet.py", line 137, in test_runtime_output_owned_and_input_checked
    from samples.vision.pointnet.runtime.python.model_runner import RuntimeModelRunner
ModuleNotFoundError: No module named 'samples.vision.pointnet.runtime'

======================================================================
FAIL: test_host_safe_entrypoints_and_target_rejection (test_pointnet.RunnerAndCLITests.test_host_safe_entrypoints_and_target_rejection)
----------------------------------------------------------------------
Traceback (most recent call last):
  File "/Users/Max/Workspace/company/development/RDK_MODEL_ZOO/rdk-b7-board-integration/samples/vision/pointnet/tests/test_pointnet.py", line 163, in test_host_safe_entrypoints_and_target_rejection
    self.assertEqual(result.returncode,code,result.stderr)
    ~~~~~~~~~~~~~~~~^^^^^^^^^^^^^^^^^^^^^^^^^^^^^^^^^^^^^^
AssertionError: 2 != 0 : /opt/homebrew/Cellar/python@3.14/3.14.7/Frameworks/Python.framework/Versions/3.14/Resources/Python.app/Contents/MacOS/Python: can't open file '/Users/Max/Workspace/company/development/RDK_MODEL_ZOO/rdk-b7-board-integration/samples/vision/pointnet/runtime/python/main.py': [Errno 2] No such file or directory


----------------------------------------------------------------------
Ran 16 tests in 0.031s

FAILED (failures=1, errors=26)
