stderr | tests/artifact.test.ts > published catalog artifact > writes a checksummed payload and the metadata that describes it
x5: Catalog warning: 125 accuracy metrics have no published dataset.

stderr | tests/sources.test.ts > platform source resolution > keeps pinned-tag source links prefix-free while the worktree build is prefixed
x5: Catalog warning: 125 accuracy metrics have no published dataset.

stderr | tests/artifact.test.ts > published catalog artifact > writes a checksummed payload and the metadata that describes it
s: Catalog warning: 35 accuracy metrics have no published dataset.

stderr | tests/sources.test.ts > platform source resolution > keeps pinned-tag source links prefix-free while the worktree build is prefixed
s: Catalog warning: 35 accuracy metrics have no published dataset.

stderr | tests/artifact.test.ts > published catalog artifact > writes a checksummed payload and the metadata that describes it
x3: Catalog warning: 18 accuracy metrics have no published dataset.

stderr | tests/sources.test.ts > platform source resolution > keeps pinned-tag source links prefix-free while the worktree build is prefixed
x3: Catalog warning: 18 accuracy metrics have no published dataset.

stderr | tests/sources.test.ts > pinned platform VERSION resolution > builds the catalog from the advertised historical pin
x5: Catalog warning: 121 accuracy metrics have no published dataset.

stderr | tests/sources.test.ts > pinned platform VERSION resolution > builds the catalog from the advertised historical pin
s: Catalog warning: 35 accuracy metrics have no published dataset.

stderr | tests/sources.test.ts > pinned platform VERSION resolution > builds the catalog from the advertised historical pin
x3: Catalog warning: 18 accuracy metrics have no published dataset.

stderr | tests/benchmark-coverage.test.ts > audited benchmark coverage > accounts for the complete release inventory
x5: Catalog warning: 125 accuracy metrics have no published dataset.

stderr | tests/benchmark-coverage.test.ts > audited benchmark coverage > accounts for the complete release inventory
s: Catalog warning: 35 accuracy metrics have no published dataset.

stderr | tests/benchmark-coverage.test.ts > audited benchmark coverage > accounts for the complete release inventory
x3: Catalog warning: 18 accuracy metrics have no published dataset.

stderr | tests/gemma-artifact-identity.test.ts > keeps Gemma S100P and S600 models while treating shared embeddings as a dependency
x5: Catalog warning: 125 accuracy metrics have no published dataset.

stderr | tests/gemma-artifact-identity.test.ts > keeps Gemma S100P and S600 models while treating shared embeddings as a dependency
s: Catalog warning: 35 accuracy metrics have no published dataset.

stderr | tests/gemma-artifact-identity.test.ts > keeps Gemma S100P and S600 models while treating shared embeddings as a dependency
x3: Catalog warning: 18 accuracy metrics have no published dataset.

stderr | tests/x5-evidence.test.ts > X5 published evidence > keeps the exact C++ runtime throughput and the completed YOLOE family
x5: Catalog warning: 125 accuracy metrics have no published dataset.

stderr | tests/x5-evidence.test.ts > X5 published evidence > keeps the exact C++ runtime throughput and the completed YOLOE family
s: Catalog warning: 35 accuracy metrics have no published dataset.

stderr | tests/x5-evidence.test.ts > X5 published evidence > keeps the exact C++ runtime throughput and the completed YOLOE family
x3: Catalog warning: 18 accuracy metrics have no published dataset.

stderr | tests/yolo26-detect-release.test.ts > YOLO26 Detect published release > publishes the exact 'x5'/'n' URL and SHA256
x5: Catalog warning: 125 accuracy metrics have no published dataset.

stderr | tests/yolo26-detect-release.test.ts > YOLO26 Detect published release > publishes the exact 'x5'/'n' URL and SHA256
s: Catalog warning: 35 accuracy metrics have no published dataset.

stderr | tests/yolo26-detect-release.test.ts > YOLO26 Detect published release > publishes the exact 'x5'/'n' URL and SHA256
x3: Catalog warning: 18 accuracy metrics have no published dataset.

stderr | tests/multiplatform-catalog.test.ts > multi-platform variant catalog > groups YOLOv8 sizes into one family card with multi-platform evidence
x5: Catalog warning: 125 accuracy metrics have no published dataset.

stderr | tests/multiplatform-catalog.test.ts > multi-platform variant catalog > groups YOLOv8 sizes into one family card with multi-platform evidence
s: Catalog warning: 35 accuracy metrics have no published dataset.

stderr | tests/multiplatform-catalog.test.ts > multi-platform variant catalog > groups YOLOv8 sizes into one family card with multi-platform evidence
x3: Catalog warning: 18 accuracy metrics have no published dataset.

stderr | tests/family-merge.test.ts > family rows joined across sample directories > keeps one row per YOLO26 size on every task, with assets and benchmarks
x5: Catalog warning: 125 accuracy metrics have no published dataset.

stderr | tests/family-merge.test.ts > family rows joined across sample directories > keeps one row per YOLO26 size on every task, with assets and benchmarks
s: Catalog warning: 35 accuracy metrics have no published dataset.

stderr | tests/family-merge.test.ts > family rows joined across sample directories > keeps one row per YOLO26 size on every task, with assets and benchmarks
x3: Catalog warning: 18 accuracy metrics have no published dataset.

stderr | tests/s-classification-resolution.test.ts > uses canonical 224 classification assets on all three S boards
x5: Catalog warning: 125 accuracy metrics have no published dataset.

stderr | tests/s-classification-resolution.test.ts > uses canonical 224 classification assets on all three S boards
s: Catalog warning: 35 accuracy metrics have no published dataset.

stderr | tests/s-classification-resolution.test.ts > uses canonical 224 classification assets on all three S boards
x3: Catalog warning: 18 accuracy metrics have no published dataset.

stderr | tests/model-naming.test.ts > production catalog naming > publishes official names and one card per model family
x5: Catalog warning: 125 accuracy metrics have no published dataset.

stderr | tests/model-naming.test.ts > production catalog naming > publishes official names and one card per model family
s: Catalog warning: 35 accuracy metrics have no published dataset.

stderr | tests/model-naming.test.ts > production catalog naming > publishes official names and one card per model family
x3: Catalog warning: 18 accuracy metrics have no published dataset.

x5: Catalog warning: 125 accuracy metrics have no published dataset.
s: Catalog warning: 35 accuracy metrics have no published dataset.
x3: Catalog warning: 18 accuracy metrics have no published dataset.
x5: Catalog warning: 125 accuracy metrics have no published dataset.
s: Catalog warning: 35 accuracy metrics have no published dataset.
x3: Catalog warning: 18 accuracy metrics have no published dataset.
