
> check
> npm run validate:sources && npm test && npm run build && npm run catalog:check


> validate:sources
> tsx scripts/validate-sources.ts

ok x5 (worktree develop/docs/release/x5): 37 samples, 239 benchmark records, 636 performance metrics, 419 accuracy metrics
ok s (worktree develop/docs/release/s): 34 samples, 555 benchmark records, 1342 performance metrics, 2773 accuracy metrics
ok x3 (worktree main/release): 15 samples, 20 benchmark records, 104 performance metrics, 25 accuracy metrics
All platform sources validated.

> test
> vitest run


 RUN  v3.2.7 /Users/Max/Workspace/company/development/RDK_MODEL_ZOO/rdk-b7-board-integration/tools/catalog-publisher

 ✓ tests/artifact.test.ts (7 tests) 1814ms
   ✓ published catalog artifact > writes a checksummed payload and the metadata that describes it  1296ms
 ✓ tests/sources.test.ts (16 tests) 2628ms
   ✓ platform source resolution > keeps pinned-tag source links prefix-free while the worktree build is prefixed  1301ms
   ✓ pinned platform VERSION resolution > builds the catalog from the advertised historical pin  568ms
 ✓ tests/benchmark-coverage.test.ts (5 tests) 1247ms
   ✓ audited benchmark coverage > accounts for the complete release inventory  1214ms
 ✓ tests/gemma-artifact-identity.test.ts (1 test) 1205ms
   ✓ keeps Gemma S100P and S600 models while treating shared embeddings as a dependency  1204ms
 ✓ tests/x5-evidence.test.ts (10 tests) 1212ms
   ✓ X5 published evidence > keeps the exact C++ runtime throughput and the completed YOLOE family  1210ms
 ✓ tests/yolo26-detect-release.test.ts (21 tests) 1210ms
   ✓ YOLO26 Detect published release > publishes the exact 'x5'/'n' URL and SHA256  1205ms
 ✓ tests/multiplatform-catalog.test.ts (13 tests) 1214ms
   ✓ multi-platform variant catalog > groups YOLOv8 sizes into one family card with multi-platform evidence  1196ms
 ✓ tests/family-merge.test.ts (2 tests) 1199ms
   ✓ family rows joined across sample directories > keeps one row per YOLO26 size on every task, with assets and benchmarks  1198ms
 ✓ tests/s-classification-resolution.test.ts (1 test) 1199ms
   ✓ uses canonical 224 classification assets on all three S boards  1198ms
 ✓ tests/x3-catalog-errata.test.ts (11 tests) 301ms
 ✓ tests/manifest-validation.test.ts (16 tests) 118ms
 ✓ tests/model-naming.test.ts (4 tests) 1183ms
   ✓ production catalog naming > publishes official names and one card per model family  1181ms
 ✓ tests/variants.test.ts (7 tests) 11ms
 ✓ tests/platform-registry.test.ts (4 tests) 47ms
 ✓ tests/redirect-artifact.test.ts (4 tests) 3ms
 ✓ tests/release-workflow.test.ts (4 tests) 2ms
 ✓ tests/source-corrections.test.ts (2 tests) 1ms
 ✓ tests/release-summary.test.ts (2 tests) 1ms

 Test Files  18 passed (18)
      Tests  130 passed (130)
   Start at  00:39:05
   Duration  8.78s (transform 132ms, setup 0ms, collect 653ms, tests 14.59s, environment 1ms, prepare 406ms)


> build
> npm run catalog:build && npm run typecheck


> catalog:build
> tsx scripts/build-catalog.ts

source x5: worktree develop -> ./docs/release/x5
source s: worktree develop -> ./docs/release/s
source x3: worktree main -> platforms/x3/release
Wrote /Users/Max/Workspace/company/development/RDK_MODEL_ZOO/rdk-b7-board-integration/tools/catalog-publisher/dist/catalog.json
Wrote /Users/Max/Workspace/company/development/RDK_MODEL_ZOO/rdk-b7-board-integration/tools/catalog-publisher/dist/catalog.meta.json
catalog_version: catalog-v1.0.0-bcb085e3cb057c77
sha256: 8e9e91eee245eeda1f49481ab236e7c84a73d0a567c2dbe1c7d78e0730e9a9fc (9132380 bytes)
families: 57, benchmarks: 812

> typecheck
> tsc --noEmit


> catalog:check
> tsx scripts/build-catalog.ts --check

source x5: worktree develop -> ./docs/release/x5
source s: worktree develop -> ./docs/release/s
source x3: worktree main -> platforms/x3/release
Catalog artifact is reproducible and its checksum contract verifies (catalog-v1.0.0-bcb085e3cb057c77).
