-- Configuring done (0.1s)
-- Generating done (0.0s)
-- Build files have been written to: /tmp/yoloe-native-opencv
[ 16%] Built target test_geometry
[ 33%] Built target test_float_heads
[ 50%] Built target test_e26_decode
[ 66%] Built target test_e11_decode
[ 75%] Building CXX object CMakeFiles/test_image_ops.dir/test_image_ops.cc.o
[ 83%] Building CXX object CMakeFiles/mask_probe.dir/mask_probe.cc.o
[ 91%] Linking CXX executable test_image_ops
ld: warning: ignoring duplicate libraries: '/Users/Max/Workspace/company/development/RDK_MODEL_ZOO/.coordination/opencv-native/install/lib/libopencv_core.a'
[100%] Linking CXX executable mask_probe
[100%] Built target test_image_ops
ld: warning: ignoring duplicate libraries: '/Users/Max/Workspace/company/development/RDK_MODEL_ZOO/.coordination/opencv-native/install/lib/libopencv_core.a'
[100%] Built target mask_probe
Test project /tmp/yoloe-native-opencv
    Start 1: float_heads
1/5 Test #1: float_heads ......................   Passed    0.01 sec
    Start 2: e11_decode
2/5 Test #2: e11_decode .......................   Passed    4.81 sec
    Start 3: e26_decode
3/5 Test #3: e26_decode .......................   Passed    4.63 sec
    Start 4: geometry
4/5 Test #4: geometry .........................   Passed    0.01 sec
    Start 5: image_ops
5/5 Test #5: image_ops ........................   Passed    0.64 sec

100% tests passed out of 5

Total Test time (real) =  10.11 sec
