[ 50%] Building CXX object CMakeFiles/test_image_ops.dir/test_image_ops.cc.o
/Users/Max/Workspace/company/development/RDK_MODEL_ZOO/rdk-b7-board-integration/samples/vision/yoloe/runtime/cpp/tests/test_image_ops.cc:70:22: error: no member named 'restore_e11_masks' in namespace 'yoloe'; did you mean 'restore_e26_masks'?
   70 |   auto legacy=yoloe::restore_e11_masks({candidate},proto,e11.geometry,false);
      |                      ^~~~~~~~~~~~~~~~~
      |                      restore_e26_masks
/Users/Max/Workspace/company/development/RDK_MODEL_ZOO/rdk-b7-board-integration/samples/vision/yoloe/runtime/cpp/tests/../common/image_ops.h:32:1: note: 'restore_e26_masks' declared here
   32 | restore_e26_masks(const std::vector<RawDetection> &candidates,
      | ^
/Users/Max/Workspace/company/development/RDK_MODEL_ZOO/rdk-b7-board-integration/samples/vision/yoloe/runtime/cpp/tests/test_image_ops.cc:70:71: error: too many arguments to function call, expected 3, have 4
   70 |   auto legacy=yoloe::restore_e11_masks({candidate},proto,e11.geometry,false);
      |               ~~~~~~~~~~~~~~~~~~~~~~~~                                ^~~~~
/Users/Max/Workspace/company/development/RDK_MODEL_ZOO/rdk-b7-board-integration/samples/vision/yoloe/runtime/cpp/tests/../common/image_ops.h:32:1: note: 'restore_e26_masks' declared here
   32 | restore_e26_masks(const std::vector<RawDetection> &candidates,
      | ^                 ~~~~~~~~~~~~~~~~~~~~~~~~~~~~~~~~~~~~~~~~~~~~
   33 |                   const std::vector<float> &proto, const Geometry &geometry) {
      |                   ~~~~~~~~~~~~~~~~~~~~~~~~~~~~~~~~~~~~~~~~~~~~~~~~~~~~~~~~~
/Users/Max/Workspace/company/development/RDK_MODEL_ZOO/rdk-b7-board-integration/samples/vision/yoloe/runtime/cpp/tests/test_image_ops.cc:74:17: error: no member named 'restore_e11_masks' in namespace 'yoloe'; did you mean 'restore_e26_masks'?
   74 |   legacy=yoloe::restore_e11_masks({candidate},proto,e11.geometry,true);
      |                 ^~~~~~~~~~~~~~~~~
      |                 restore_e26_masks
/Users/Max/Workspace/company/development/RDK_MODEL_ZOO/rdk-b7-board-integration/samples/vision/yoloe/runtime/cpp/tests/../common/image_ops.h:32:1: note: 'restore_e26_masks' declared here
   32 | restore_e26_masks(const std::vector<RawDetection> &candidates,
      | ^
/Users/Max/Workspace/company/development/RDK_MODEL_ZOO/rdk-b7-board-integration/samples/vision/yoloe/runtime/cpp/tests/test_image_ops.cc:74:66: error: too many arguments to function call, expected 3, have 4
   74 |   legacy=yoloe::restore_e11_masks({candidate},proto,e11.geometry,true);
      |          ~~~~~~~~~~~~~~~~~~~~~~~~                                ^~~~
/Users/Max/Workspace/company/development/RDK_MODEL_ZOO/rdk-b7-board-integration/samples/vision/yoloe/runtime/cpp/tests/../common/image_ops.h:32:1: note: 'restore_e26_masks' declared here
   32 | restore_e26_masks(const std::vector<RawDetection> &candidates,
      | ^                 ~~~~~~~~~~~~~~~~~~~~~~~~~~~~~~~~~~~~~~~~~~~~
   33 |                   const std::vector<float> &proto, const Geometry &geometry) {
      |                   ~~~~~~~~~~~~~~~~~~~~~~~~~~~~~~~~~~~~~~~~~~~~~~~~~~~~~~~~~
/Users/Max/Workspace/company/development/RDK_MODEL_ZOO/rdk-b7-board-integration/samples/vision/yoloe/runtime/cpp/tests/test_image_ops.cc:77:17: error: no member named 'restore_e11_masks' in namespace 'yoloe'; did you mean 'restore_e26_masks'?
   77 |   legacy=yoloe::restore_e11_masks({candidate},proto,e11.geometry,false);
      |                 ^~~~~~~~~~~~~~~~~
      |                 restore_e26_masks
/Users/Max/Workspace/company/development/RDK_MODEL_ZOO/rdk-b7-board-integration/samples/vision/yoloe/runtime/cpp/tests/../common/image_ops.h:32:1: note: 'restore_e26_masks' declared here
   32 | restore_e26_masks(const std::vector<RawDetection> &candidates,
      | ^
/Users/Max/Workspace/company/development/RDK_MODEL_ZOO/rdk-b7-board-integration/samples/vision/yoloe/runtime/cpp/tests/test_image_ops.cc:77:66: error: too many arguments to function call, expected 3, have 4
   77 |   legacy=yoloe::restore_e11_masks({candidate},proto,e11.geometry,false);
      |          ~~~~~~~~~~~~~~~~~~~~~~~~                                ^~~~~
/Users/Max/Workspace/company/development/RDK_MODEL_ZOO/rdk-b7-board-integration/samples/vision/yoloe/runtime/cpp/tests/../common/image_ops.h:32:1: note: 'restore_e26_masks' declared here
   32 | restore_e26_masks(const std::vector<RawDetection> &candidates,
      | ^                 ~~~~~~~~~~~~~~~~~~~~~~~~~~~~~~~~~~~~~~~~~~~~
   33 |                   const std::vector<float> &proto, const Geometry &geometry) {
      |                   ~~~~~~~~~~~~~~~~~~~~~~~~~~~~~~~~~~~~~~~~~~~~~~~~~~~~~~~~~
/Users/Max/Workspace/company/development/RDK_MODEL_ZOO/rdk-b7-board-integration/samples/vision/yoloe/runtime/cpp/tests/test_image_ops.cc:79:22: error: no member named 'restore_e11_masks' in namespace 'yoloe'; did you mean 'restore_e26_masks'?
   79 |   rejects([&]{yoloe::restore_e11_masks({candidate},proto,prepared.geometry,false);});
      |                      ^~~~~~~~~~~~~~~~~
      |                      restore_e26_masks
/Users/Max/Workspace/company/development/RDK_MODEL_ZOO/rdk-b7-board-integration/samples/vision/yoloe/runtime/cpp/tests/../common/image_ops.h:32:1: note: 'restore_e26_masks' declared here
   32 | restore_e26_masks(const std::vector<RawDetection> &candidates,
      | ^
/Users/Max/Workspace/company/development/RDK_MODEL_ZOO/rdk-b7-board-integration/samples/vision/yoloe/runtime/cpp/tests/test_image_ops.cc:79:76: error: too many arguments to function call, expected 3, have 4
   79 |   rejects([&]{yoloe::restore_e11_masks({candidate},proto,prepared.geometry,false);});
      |               ~~~~~~~~~~~~~~~~~~~~~~~~                                     ^~~~~
/Users/Max/Workspace/company/development/RDK_MODEL_ZOO/rdk-b7-board-integration/samples/vision/yoloe/runtime/cpp/tests/../common/image_ops.h:32:1: note: 'restore_e26_masks' declared here
   32 | restore_e26_masks(const std::vector<RawDetection> &candidates,
      | ^                 ~~~~~~~~~~~~~~~~~~~~~~~~~~~~~~~~~~~~~~~~~~~~
   33 |                   const std::vector<float> &proto, const Geometry &geometry) {
      |                   ~~~~~~~~~~~~~~~~~~~~~~~~~~~~~~~~~~~~~~~~~~~~~~~~~~~~~~~~~
8 errors generated.
make[3]: *** [CMakeFiles/test_image_ops.dir/test_image_ops.cc.o] Error 1
make[2]: *** [CMakeFiles/test_image_ops.dir/all] Error 2
make[1]: *** [CMakeFiles/test_image_ops.dir/rule] Error 2
make: *** [test_image_ops] Error 2
