..........................F..
======================================================================
FAIL: test_x5_and_s11_numeric_results (test_source_equivalence.SourceEquivalence.test_x5_and_s11_numeric_results)
----------------------------------------------------------------------
Traceback (most recent call last):
  File "/Users/Max/Workspace/company/development/RDK_MODEL_ZOO/rdk-b7-board-integration/samples/vision/yoloe/tests/test_source_equivalence.py", line 98, in test_x5_and_s11_numeric_results
    np.testing.assert_array_equal(actual, reference)
    ~~~~~~~~~~~~~~~~~~~~~~~~~~~~~^^^^^^^^^^^^^^^^^^^
  File "/Users/Max/Workspace/company/development/RDK_MODEL_ZOO/.coordination/yoloe-conversion-deps/numpy/testing/_private/utils.py", line 1128, in assert_array_equal
    assert_array_compare(operator.__eq__, actual, desired, err_msg=err_msg,
    ~~~~~~~~~~~~~~~~~~~~^^^^^^^^^^^^^^^^^^^^^^^^^^^^^^^^^^^^^^^^^^^^^^^^^^^
                         verbose=verbose, header='Arrays are not equal',
                         ^^^^^^^^^^^^^^^^^^^^^^^^^^^^^^^^^^^^^^^^^^^^^^^
                         strict=strict)
                         ^^^^^^^^^^^^^^
  File "/Users/Max/Workspace/company/development/RDK_MODEL_ZOO/.coordination/yoloe-conversion-deps/numpy/testing/_private/utils.py", line 988, in assert_array_compare
    raise AssertionError(msg)
AssertionError: 
Arrays are not equal

Mismatched elements: 5 / 14400 (0.0347%)
Mismatch at indices:
 [91, 31]: 1 (ACTUAL), 2 (DESIRED)
 [91, 32]: 1 (ACTUAL), 2 (DESIRED)
 [92, 31]: 1 (ACTUAL), 2 (DESIRED)
 [92, 32]: 1 (ACTUAL), 2 (DESIRED)
 [108, 52]: 1 (ACTUAL), 2 (DESIRED)
Max absolute difference among violations: 1
Max relative difference among violations: 0.5
 ACTUAL: array([[0, 0, 0, ..., 1, 1, 1],
       [0, 0, 0, ..., 1, 1, 1],
       [0, 0, 0, ..., 1, 1, 1],...
 DESIRED: array([[0, 0, 0, ..., 1, 1, 1],
       [0, 0, 0, ..., 1, 1, 1],
       [0, 0, 0, ..., 1, 1, 1],...

----------------------------------------------------------------------
Ran 29 tests in 2.579s

FAILED (failures=1)
