-- The CXX compiler identification is AppleClang 21.0.0.21000334
-- Detecting CXX compiler ABI info
-- Detecting CXX compiler ABI info - done
-- Check for working CXX compiler: /usr/bin/c++ - skipped
-- Detecting CXX compile features
-- Detecting CXX compile features - done
-- Configuring done (0.2s)
-- Generating done (0.0s)
-- Build files have been written to: /tmp/rdk-paraformer-core
[ 28%] Building CXX object CMakeFiles/paraformer_contract.dir/src/contract.cc.o
[ 28%] Building CXX object CMakeFiles/paraformer_contract.dir/src/pipeline.cc.o
[ 42%] Linking CXX static library libparaformer_contract.a
[ 42%] Built target paraformer_contract
[ 71%] Building CXX object CMakeFiles/test_pipeline.dir/tests/test_pipeline.cc.o
[ 71%] Building CXX object CMakeFiles/test_contract.dir/tests/test_contract.cc.o
[ 85%] Linking CXX executable test_contract
[ 85%] Built target test_contract
[100%] Linking CXX executable test_pipeline
[100%] Built target test_pipeline
Test project /tmp/rdk-paraformer-core
    Start 1: paraformer_contract
1/2 Test #1: paraformer_contract ..............   Passed    0.43 sec
    Start 2: paraformer_pipeline
2/2 Test #2: paraformer_pipeline ..............   Passed    0.32 sec

100% tests passed out of 2

Total Test time (real) =   0.76 sec
