{
  "count": 2,
  "reference_characters": 4,
  "exact_matches": 1,
  "cer": 0.25,
  "errors": {
    "substitutions": 1,
    "deletions": 0,
    "insertions": 0,
    "distance": 1
  },
  "utterances": [
    {
      "id": "one",
      "reference": "你好",
      "hypothesis": "你号",
      "reference_characters": 2,
      "substitutions": 1,
      "deletions": 0,
      "insertions": 0,
      "distance": 1
    },
    {
      "id": "two",
      "reference": "世界",
      "hypothesis": "世界",
      "reference_characters": 2,
      "substitutions": 0,
      "deletions": 0,
      "insertions": 0,
      "distance": 0
    }
  ],
  "normalization": "none; Unicode code points; whitespace/case/punctuation retained",
  "schema": "rdk-model-zoo/asr-metrics/v1",
  "provenance": {
    "dataset": "synthetic-example",
    "model": "none",
    "decode_mode": "ctc"
  },
  "predictions_sha256": "3d2d73098a99f3cd12fd69e8d7468085d79ee312f6af7ce0b4b1a1a76aa63c87",
  "inference_executed": false,
  "provenance_independently_verified": false
}
