-- Install configuration: "Release"
-- Installing: /Users/Max/Workspace/company/development/RDK_MODEL_ZOO/.coordination/asr-audio-deps/install/lib/libsndfile.a
-- Installing: /Users/Max/Workspace/company/development/RDK_MODEL_ZOO/.coordination/asr-audio-deps/install/include/sndfile.h
-- Installing: /Users/Max/Workspace/company/development/RDK_MODEL_ZOO/.coordination/asr-audio-deps/install/include/sndfile.hh
-- Installing: /Users/Max/Workspace/company/development/RDK_MODEL_ZOO/.coordination/asr-audio-deps/install/lib/cmake/SndFile/SndFileTargets.cmake
-- Installing: /Users/Max/Workspace/company/development/RDK_MODEL_ZOO/.coordination/asr-audio-deps/install/lib/cmake/SndFile/SndFileTargets-release.cmake
-- Installing: /Users/Max/Workspace/company/development/RDK_MODEL_ZOO/.coordination/asr-audio-deps/install/lib/cmake/SndFile/SndFileConfig.cmake
-- Installing: /Users/Max/Workspace/company/development/RDK_MODEL_ZOO/.coordination/asr-audio-deps/install/lib/cmake/SndFile/SndFileConfigVersion.cmake
-- Installing: /Users/Max/Workspace/company/development/RDK_MODEL_ZOO/.coordination/asr-audio-deps/install/share/doc/libsndfile/index.md
-- Installing: /Users/Max/Workspace/company/development/RDK_MODEL_ZOO/.coordination/asr-audio-deps/install/share/doc/libsndfile/libsndfile.jpg
-- Installing: /Users/Max/Workspace/company/development/RDK_MODEL_ZOO/.coordination/asr-audio-deps/install/share/doc/libsndfile/libsndfile.css
-- Installing: /Users/Max/Workspace/company/development/RDK_MODEL_ZOO/.coordination/asr-audio-deps/install/share/doc/libsndfile/print.css
-- Installing: /Users/Max/Workspace/company/development/RDK_MODEL_ZOO/.coordination/asr-audio-deps/install/share/doc/libsndfile/api.md
-- Installing: /Users/Max/Workspace/company/development/RDK_MODEL_ZOO/.coordination/asr-audio-deps/install/share/doc/libsndfile/command.md
-- Installing: /Users/Max/Workspace/company/development/RDK_MODEL_ZOO/.coordination/asr-audio-deps/install/share/doc/libsndfile/bugs.md
-- Installing: /Users/Max/Workspace/company/development/RDK_MODEL_ZOO/.coordination/asr-audio-deps/install/share/doc/libsndfile/formats.md
-- Installing: /Users/Max/Workspace/company/development/RDK_MODEL_ZOO/.coordination/asr-audio-deps/install/share/doc/libsndfile/sndfile_info.md
-- Installing: /Users/Max/Workspace/company/development/RDK_MODEL_ZOO/.coordination/asr-audio-deps/install/share/doc/libsndfile/new_file_type_howto.md
-- Installing: /Users/Max/Workspace/company/development/RDK_MODEL_ZOO/.coordination/asr-audio-deps/install/share/doc/libsndfile/win32.md
-- Installing: /Users/Max/Workspace/company/development/RDK_MODEL_ZOO/.coordination/asr-audio-deps/install/share/doc/libsndfile/FAQ.md
-- Installing: /Users/Max/Workspace/company/development/RDK_MODEL_ZOO/.coordination/asr-audio-deps/install/share/doc/libsndfile/lists.md
-- Installing: /Users/Max/Workspace/company/development/RDK_MODEL_ZOO/.coordination/asr-audio-deps/install/share/doc/libsndfile/embedded_files.md
-- Installing: /Users/Max/Workspace/company/development/RDK_MODEL_ZOO/.coordination/asr-audio-deps/install/share/doc/libsndfile/octave.md
-- Installing: /Users/Max/Workspace/company/development/RDK_MODEL_ZOO/.coordination/asr-audio-deps/install/share/doc/libsndfile/tutorial.md
-- Installing: /Users/Max/Workspace/company/development/RDK_MODEL_ZOO/.coordination/asr-audio-deps/install/lib/pkgconfig/sndfile.pc
