-- Install configuration: "Release"
-- Installing: /Users/Max/Workspace/company/development/RDK_MODEL_ZOO/.coordination/asr-audio-deps/install/lib/libsamplerate.a
-- Installing: /Users/Max/Workspace/company/development/RDK_MODEL_ZOO/.coordination/asr-audio-deps/install/include/samplerate.h
-- Installing: /Users/Max/Workspace/company/development/RDK_MODEL_ZOO/.coordination/asr-audio-deps/install/lib/pkgconfig/samplerate.pc
-- Installing: /Users/Max/Workspace/company/development/RDK_MODEL_ZOO/.coordination/asr-audio-deps/install/lib/cmake/SampleRate/SampleRateConfig.cmake
-- Installing: /Users/Max/Workspace/company/development/RDK_MODEL_ZOO/.coordination/asr-audio-deps/install/lib/cmake/SampleRate/SampleRateConfigVersion.cmake
-- Installing: /Users/Max/Workspace/company/development/RDK_MODEL_ZOO/.coordination/asr-audio-deps/install/lib/cmake/SampleRate/SampleRateTargets.cmake
-- Installing: /Users/Max/Workspace/company/development/RDK_MODEL_ZOO/.coordination/asr-audio-deps/install/lib/cmake/SampleRate/SampleRateTargets-release.cmake
-- Installing: /Users/Max/Workspace/company/development/RDK_MODEL_ZOO/.coordination/asr-audio-deps/install/share/doc/libsamplerate/api.md
-- Installing: /Users/Max/Workspace/company/development/RDK_MODEL_ZOO/.coordination/asr-audio-deps/install/share/doc/libsamplerate/api_callback.md
-- Installing: /Users/Max/Workspace/company/development/RDK_MODEL_ZOO/.coordination/asr-audio-deps/install/share/doc/libsamplerate/api_full.md
-- Installing: /Users/Max/Workspace/company/development/RDK_MODEL_ZOO/.coordination/asr-audio-deps/install/share/doc/libsamplerate/api_misc.md
-- Installing: /Users/Max/Workspace/company/development/RDK_MODEL_ZOO/.coordination/asr-audio-deps/install/share/doc/libsamplerate/api_simple.md
-- Installing: /Users/Max/Workspace/company/development/RDK_MODEL_ZOO/.coordination/asr-audio-deps/install/share/doc/libsamplerate/bugs.md
-- Installing: /Users/Max/Workspace/company/development/RDK_MODEL_ZOO/.coordination/asr-audio-deps/install/share/doc/libsamplerate/download.md
-- Installing: /Users/Max/Workspace/company/development/RDK_MODEL_ZOO/.coordination/asr-audio-deps/install/share/doc/libsamplerate/faq.md
-- Installing: /Users/Max/Workspace/company/development/RDK_MODEL_ZOO/.coordination/asr-audio-deps/install/share/doc/libsamplerate/history.md
-- Installing: /Users/Max/Workspace/company/development/RDK_MODEL_ZOO/.coordination/asr-audio-deps/install/share/doc/libsamplerate/index.md
-- Installing: /Users/Max/Workspace/company/development/RDK_MODEL_ZOO/.coordination/asr-audio-deps/install/share/doc/libsamplerate/license.md
-- Installing: /Users/Max/Workspace/company/development/RDK_MODEL_ZOO/.coordination/asr-audio-deps/install/share/doc/libsamplerate/lists.md
-- Installing: /Users/Max/Workspace/company/development/RDK_MODEL_ZOO/.coordination/asr-audio-deps/install/share/doc/libsamplerate/quality.md
-- Installing: /Users/Max/Workspace/company/development/RDK_MODEL_ZOO/.coordination/asr-audio-deps/install/share/doc/libsamplerate/win32.md
-- Installing: /Users/Max/Workspace/company/development/RDK_MODEL_ZOO/.coordination/asr-audio-deps/install/share/doc/libsamplerate/SRC.png
