CMake Warning (deprecated) at CMakeLists.txt:1 (cmake_minimum_required):
  Compatibility with CMake < 3.10 will be removed from a future version of
  CMake.

  Update the VERSION argument <min> value.  Or, use the <min>...<max> syntax
  to tell CMake that the project requires at least <min> but has been updated
  to work with policies introduced by <max> or earlier.
This warning is for project developers.  Use -Wno-author or -Wno-deprecated
to suppress it.

CMake Warning (deprecated) at CMakeLists.txt:16 (cmake_policy):
  The OLD behavior for policy CMP0091 will be removed from a future version
  of CMake.

  The cmake-policies(7) manual explains that the OLD behaviors of all
  policies are deprecated and that a policy should be set to OLD only under
  specific short-term circumstances.  Projects should be ported to the NEW
  behavior and not rely on setting a policy to OLD.
This warning is for project developers.  Use -Wno-author or -Wno-deprecated
to suppress it.

-- The C compiler identification is AppleClang 21.0.0.21000334
-- Detecting C compiler ABI info
-- Detecting C compiler ABI info - done
-- Check for working C compiler: /usr/bin/cc - skipped
-- Detecting C compile features
-- Detecting C compile features - done
-- Looking for stdbool.h
-- Looking for stdbool.h - found
-- Looking for unistd.h
-- Looking for unistd.h - found
-- Could NOT find PkgConfig (missing: PKG_CONFIG_EXECUTABLE) 
-- Checking processor clipping capabilities...
-- Performing Test CPU_CLIPS_POSITIVE
-- Performing Test CPU_CLIPS_POSITIVE - Failed
-- Performing Test CPU_CLIPS_NEGATIVE
-- Performing Test CPU_CLIPS_NEGATIVE - Failed
-- Checking processor clipping capabilities... none
-- Performing Test HAVE_VISIBILITY
-- Performing Test HAVE_VISIBILITY - Success
-- Configuring done (3.5s)
-- Generating done (0.0s)
-- Build files have been written to: /Users/Max/Workspace/company/development/RDK_MODEL_ZOO/.coordination/asr-audio-deps/libsamplerate-0.2.2-build
