[
  {
    "asset_id": "s:asr:s100/asr.hbm",
    "target": "s100",
    "url": "https://archive.d-robotics.cc/downloads/rdk_model_zoo/rdk_s100/asr/asr.hbm",
    "sha256": null
  },
  {
    "asset_id": "s:asr:s600/asr.hbm",
    "target": "s600",
    "url": "https://archive.d-robotics.cc/downloads/rdk_model_zoo/rdk_s600/asr/asr.hbm",
    "sha256": null
  }
]
{
  "target": "s100",
  "asset_id": "s:asr:s100/asr.hbm",
  "model_path": "/Users/Max/Workspace/company/development/RDK_MODEL_ZOO/rdk-b7-board-integration/samples/speech/asr/model/s100/asr.hbm",
  "input": "float32 [1,30000]",
  "output": "[1,T,3503]; T and dtype checked at load",
  "decode_mode": "ctc",
  "sdk_loaded": false,
  "downloaded": false,
  "runtime_metadata_verified": false
}
{
  "target": "s600",
  "asset_id": "s:asr:s600/asr.hbm",
  "model_path": "/Users/Max/Workspace/company/development/RDK_MODEL_ZOO/rdk-b7-board-integration/samples/speech/asr/model/s600/asr.hbm",
  "input": "float32 [1,30000]",
  "output": "[1,T,3503]; T and dtype checked at load",
  "decode_mode": "ctc",
  "sdk_loaded": false,
  "downloaded": false,
  "runtime_metadata_verified": false
}
