EEEEEEEE
======================================================================
ERROR: test_auto_uses_board_or_explicit_asset_never_s100_fallback (test_unetmobilenet.BindingTests.test_auto_uses_board_or_explicit_asset_never_s100_fallback)
----------------------------------------------------------------------
Traceback (most recent call last):
  File "/Users/Max/Workspace/company/development/RDK_MODEL_ZOO/rdk-b7-board-integration/samples/vision/unetmobilenet/tests/test_unetmobilenet.py", line 52, in test_auto_uses_board_or_explicit_asset_never_s100_fallback
    from samples.vision.unetmobilenet.runtime.python import model_binding as binding
ImportError: cannot import name 'model_binding' from 'samples.vision.unetmobilenet.runtime.python' (unknown location)

======================================================================
ERROR: test_invalid_split_layout_and_output_contract_rejected (test_unetmobilenet.BindingTests.test_invalid_split_layout_and_output_contract_rejected)
----------------------------------------------------------------------
Traceback (most recent call last):
  File "/Users/Max/Workspace/company/development/RDK_MODEL_ZOO/rdk-b7-board-integration/samples/vision/unetmobilenet/tests/test_unetmobilenet.py", line 62, in test_invalid_split_layout_and_output_contract_rejected
    from samples.vision.unetmobilenet.runtime.python.model_binding import bind_model, resolve_selection
ModuleNotFoundError: No module named 'samples.vision.unetmobilenet.runtime.python.model_binding'

======================================================================
ERROR: test_target_assets_and_paths_are_separate (test_unetmobilenet.BindingTests.test_target_assets_and_paths_are_separate)
----------------------------------------------------------------------
Traceback (most recent call last):
  File "/Users/Max/Workspace/company/development/RDK_MODEL_ZOO/rdk-b7-board-integration/samples/vision/unetmobilenet/tests/test_unetmobilenet.py", line 38, in test_target_assets_and_paths_are_separate
    from samples.vision.unetmobilenet.runtime.python.model_binding import resolve_selection
ModuleNotFoundError: No module named 'samples.vision.unetmobilenet.runtime.python.model_binding'

======================================================================
ERROR: test_channel_scales_change_argmax_without_mutating_raw (test_unetmobilenet.StageTests.test_channel_scales_change_argmax_without_mutating_raw)
----------------------------------------------------------------------
Traceback (most recent call last):
  File "/Users/Max/Workspace/company/development/RDK_MODEL_ZOO/rdk-b7-board-integration/samples/vision/unetmobilenet/tests/test_unetmobilenet.py", line 124, in test_channel_scales_change_argmax_without_mutating_raw
    task, _ = make_task(raw, quant)
              ~~~~~~~~~^^^^^^^^^^^^
  File "/Users/Max/Workspace/company/development/RDK_MODEL_ZOO/rdk-b7-board-integration/samples/vision/unetmobilenet/tests/test_unetmobilenet.py", line 27, in make_task
    from samples.vision.unetmobilenet.runtime.python.model_binding import bind_model, resolve_selection
ModuleNotFoundError: No module named 'samples.vision.unetmobilenet.runtime.python.model_binding'

======================================================================
ERROR: test_invalid_images_and_logits_fail (test_unetmobilenet.StageTests.test_invalid_images_and_logits_fail)
----------------------------------------------------------------------
Traceback (most recent call last):
  File "/Users/Max/Workspace/company/development/RDK_MODEL_ZOO/rdk-b7-board-integration/samples/vision/unetmobilenet/tests/test_unetmobilenet.py", line 140, in test_invalid_images_and_logits_fail
    task, raw = make_task()
                ~~~~~~~~~^^
  File "/Users/Max/Workspace/company/development/RDK_MODEL_ZOO/rdk-b7-board-integration/samples/vision/unetmobilenet/tests/test_unetmobilenet.py", line 27, in make_task
    from samples.vision.unetmobilenet.runtime.python.model_binding import bind_model, resolve_selection
ModuleNotFoundError: No module named 'samples.vision.unetmobilenet.runtime.python.model_binding'

======================================================================
ERROR: test_large_raw_int32_order_and_lowest_id_ties (test_unetmobilenet.StageTests.test_large_raw_int32_order_and_lowest_id_ties)
----------------------------------------------------------------------
Traceback (most recent call last):
  File "/Users/Max/Workspace/company/development/RDK_MODEL_ZOO/rdk-b7-board-integration/samples/vision/unetmobilenet/tests/test_unetmobilenet.py", line 133, in test_large_raw_int32_order_and_lowest_id_ties
    task,_ = make_task(raw)
             ~~~~~~~~~^^^^^
  File "/Users/Max/Workspace/company/development/RDK_MODEL_ZOO/rdk-b7-board-integration/samples/vision/unetmobilenet/tests/test_unetmobilenet.py", line 27, in make_task
    from samples.vision.unetmobilenet.runtime.python.model_binding import bind_model, resolve_selection
ModuleNotFoundError: No module named 'samples.vision.unetmobilenet.runtime.python.model_binding'

======================================================================
ERROR: test_source_preprocessing_and_output_resize_parity (test_unetmobilenet.StageTests.test_source_preprocessing_and_output_resize_parity)
----------------------------------------------------------------------
Traceback (most recent call last):
  File "/Users/Max/Workspace/company/development/RDK_MODEL_ZOO/rdk-b7-board-integration/samples/vision/unetmobilenet/tests/test_unetmobilenet.py", line 83, in test_source_preprocessing_and_output_resize_parity
    spec.loader.exec_module(module)
    ~~~~~~~~~~~~~~~~~~~~~~~^^^^^^^^
  File "<frozen importlib._bootstrap_external>", line 759, in exec_module
  File "<frozen importlib._bootstrap>", line 491, in _call_with_frames_removed
  File "/Users/Max/Workspace/company/development/RDK_MODEL_ZOO/rdk-b7-board-integration/platforms/s/utils/py_utils/postprocess.py", line 40, in <module>
    from hbm_runtime import QuantParams
ModuleNotFoundError: No module named 'hbm_runtime'

======================================================================
ERROR: test_stage_context_is_per_call_and_predict_returns_mask (test_unetmobilenet.StageTests.test_stage_context_is_per_call_and_predict_returns_mask)
----------------------------------------------------------------------
Traceback (most recent call last):
  File "/Users/Max/Workspace/company/development/RDK_MODEL_ZOO/rdk-b7-board-integration/samples/vision/unetmobilenet/tests/test_unetmobilenet.py", line 111, in test_stage_context_is_per_call_and_predict_returns_mask
    task, raw = make_task()
                ~~~~~~~~~^^
  File "/Users/Max/Workspace/company/development/RDK_MODEL_ZOO/rdk-b7-board-integration/samples/vision/unetmobilenet/tests/test_unetmobilenet.py", line 27, in make_task
    from samples.vision.unetmobilenet.runtime.python.model_binding import bind_model, resolve_selection
ModuleNotFoundError: No module named 'samples.vision.unetmobilenet.runtime.python.model_binding'

----------------------------------------------------------------------
Ran 8 tests in 0.002s

FAILED (errors=8)
