E.....E.
======================================================================
ERROR: test_auto_uses_board_or_explicit_asset_never_s100_fallback (test_unetmobilenet.BindingTests.test_auto_uses_board_or_explicit_asset_never_s100_fallback)
----------------------------------------------------------------------
Traceback (most recent call last):
  File "/Users/Max/Workspace/company/development/RDK_MODEL_ZOO/rdk-b7-board-integration/samples/vision/unetmobilenet/tests/test_unetmobilenet.py", line 59, in test_auto_uses_board_or_explicit_asset_never_s100_fallback
    self.assertEqual(binding.resolve_selection(asset_id=asset).target, 's600')
                     ~~~~~~~~~~~~~~~~~~~~~~~~~^^^^^^^^^^^^^^^^
  File "/Users/Max/Workspace/company/development/RDK_MODEL_ZOO/rdk-b7-board-integration/samples/vision/unetmobilenet/runtime/python/model_binding.py", line 61, in resolve_selection
    key = resolve_target(target)
  File "/opt/homebrew/Cellar/python@3.14/3.14.7/Frameworks/Python.framework/Versions/3.14/lib/python3.14/unittest/mock.py", line 1176, in __call__
    return self._mock_call(*args, **kwargs)
           ~~~~~~~~~~~~~~~^^^^^^^^^^^^^^^^^
  File "/opt/homebrew/Cellar/python@3.14/3.14.7/Frameworks/Python.framework/Versions/3.14/lib/python3.14/unittest/mock.py", line 1180, in _mock_call
    return self._execute_mock_call(*args, **kwargs)
           ~~~~~~~~~~~~~~~~~~~~~~~^^^^^^^^^^^^^^^^^
  File "/opt/homebrew/Cellar/python@3.14/3.14.7/Frameworks/Python.framework/Versions/3.14/lib/python3.14/unittest/mock.py", line 1241, in _execute_mock_call
    raise effect
ValueError: unknown-board

======================================================================
ERROR: test_source_preprocessing_and_output_resize_parity (test_unetmobilenet.StageTests.test_source_preprocessing_and_output_resize_parity)
----------------------------------------------------------------------
Traceback (most recent call last):
  File "/Users/Max/Workspace/company/development/RDK_MODEL_ZOO/rdk-b7-board-integration/samples/vision/unetmobilenet/tests/test_unetmobilenet.py", line 83, in test_source_preprocessing_and_output_resize_parity
    spec.loader.exec_module(module)
    ~~~~~~~~~~~~~~~~~~~~~~~^^^^^^^^
  File "<frozen importlib._bootstrap_external>", line 759, in exec_module
  File "<frozen importlib._bootstrap>", line 491, in _call_with_frames_removed
  File "/Users/Max/Workspace/company/development/RDK_MODEL_ZOO/rdk-b7-board-integration/platforms/s/utils/py_utils/postprocess.py", line 40, in <module>
    from hbm_runtime import QuantParams
ModuleNotFoundError: No module named 'hbm_runtime'

----------------------------------------------------------------------
Ran 8 tests in 0.088s

FAILED (errors=2)
