
> check
> npm run validate:sources && npm test && npm run build && npm run catalog:check


> validate:sources
> tsx scripts/validate-sources.ts

ok x5 (worktree develop/docs/release/x5): 37 samples, 239 benchmark records, 636 performance metrics, 419 accuracy metrics
ok s (worktree develop/docs/release/s): 34 samples, 555 benchmark records, 1342 performance metrics, 2773 accuracy metrics
ok x3 (worktree main/release): 15 samples, 20 benchmark records, 104 performance metrics, 25 accuracy metrics
All platform sources validated.

> test
> vitest run


 RUN  v3.2.7 /Users/Max/Workspace/company/development/RDK_MODEL_ZOO/rdk-b7-board-integration/tools/catalog-publisher

stderr | tests/artifact.test.ts > published catalog artifact > writes a checksummed payload and the metadata that describes it
x5: Catalog warning: 125 accuracy metrics have no published dataset.

stderr | tests/sources.test.ts > platform source resolution > keeps pinned-tag source links prefix-free while the worktree build is prefixed
x5: Catalog warning: 125 accuracy metrics have no published dataset.

stderr | tests/artifact.test.ts > published catalog artifact > writes a checksummed payload and the metadata that describes it
s: Catalog warning: 35 accuracy metrics have no published dataset.

stderr | tests/sources.test.ts > platform source resolution > keeps pinned-tag source links prefix-free while the worktree build is prefixed
s: Catalog warning: 35 accuracy metrics have no published dataset.

stderr | tests/artifact.test.ts > published catalog artifact > writes a checksummed payload and the metadata that describes it
x3: Catalog warning: 18 accuracy metrics have no published dataset.

stderr | tests/sources.test.ts > platform source resolution > keeps pinned-tag source links prefix-free while the worktree build is prefixed
x3: Catalog warning: 18 accuracy metrics have no published dataset.

 ✓ tests/sources.test.ts (7 tests) 1242ms
   ✓ platform source resolution > keeps pinned-tag source links prefix-free while the worktree build is prefixed  1206ms
 ✓ tests/artifact.test.ts (7 tests) 1719ms
   ✓ published catalog artifact > writes a checksummed payload and the metadata that describes it  1212ms
stderr | tests/multiplatform-catalog.test.ts > multi-platform variant catalog > groups YOLOv8 sizes into one family card with multi-platform evidence
x5: Catalog warning: 125 accuracy metrics have no published dataset.

stderr | tests/multiplatform-catalog.test.ts > multi-platform variant catalog > groups YOLOv8 sizes into one family card with multi-platform evidence
s: Catalog warning: 35 accuracy metrics have no published dataset.

stderr | tests/multiplatform-catalog.test.ts > multi-platform variant catalog > groups YOLOv8 sizes into one family card with multi-platform evidence
x3: Catalog warning: 18 accuracy metrics have no published dataset.

 ✓ tests/multiplatform-catalog.test.ts (13 tests) 1166ms
   ✓ multi-platform variant catalog > groups YOLOv8 sizes into one family card with multi-platform evidence  1149ms
stderr | tests/family-merge.test.ts > family rows joined across sample directories > keeps one row per YOLO26 size on every task, with assets and benchmarks
x5: Catalog warning: 125 accuracy metrics have no published dataset.

stderr | tests/family-merge.test.ts > family rows joined across sample directories > keeps one row per YOLO26 size on every task, with assets and benchmarks
s: Catalog warning: 35 accuracy metrics have no published dataset.

stderr | tests/family-merge.test.ts > family rows joined across sample directories > keeps one row per YOLO26 size on every task, with assets and benchmarks
x3: Catalog warning: 18 accuracy metrics have no published dataset.

 ✓ tests/family-merge.test.ts (2 tests) 1146ms
   ✓ family rows joined across sample directories > keeps one row per YOLO26 size on every task, with assets and benchmarks  1145ms
stderr | tests/gemma-artifact-identity.test.ts > keeps Gemma S100P and S600 models while treating shared embeddings as a dependency
x5: Catalog warning: 125 accuracy metrics have no published dataset.

stderr | tests/gemma-artifact-identity.test.ts > keeps Gemma S100P and S600 models while treating shared embeddings as a dependency
s: Catalog warning: 35 accuracy metrics have no published dataset.

stderr | tests/gemma-artifact-identity.test.ts > keeps Gemma S100P and S600 models while treating shared embeddings as a dependency
x3: Catalog warning: 18 accuracy metrics have no published dataset.

 ✓ tests/gemma-artifact-identity.test.ts (1 test) 1150ms
   ✓ keeps Gemma S100P and S600 models while treating shared embeddings as a dependency  1150ms
stderr | tests/model-naming.test.ts > production catalog naming > publishes official names and one card per model family
x5: Catalog warning: 125 accuracy metrics have no published dataset.

stderr | tests/model-naming.test.ts > production catalog naming > publishes official names and one card per model family
s: Catalog warning: 35 accuracy metrics have no published dataset.

stderr | tests/model-naming.test.ts > production catalog naming > publishes official names and one card per model family
x3: Catalog warning: 18 accuracy metrics have no published dataset.

 ✓ tests/model-naming.test.ts (4 tests) 1146ms
   ✓ production catalog naming > publishes official names and one card per model family  1145ms
stderr | tests/yolo26-detect-release.test.ts > YOLO26 Detect published release > publishes the exact 'x5'/'n' URL and SHA256
x5: Catalog warning: 125 accuracy metrics have no published dataset.

stderr | tests/yolo26-detect-release.test.ts > YOLO26 Detect published release > publishes the exact 'x5'/'n' URL and SHA256
s: Catalog warning: 35 accuracy metrics have no published dataset.

stderr | tests/yolo26-detect-release.test.ts > YOLO26 Detect published release > publishes the exact 'x5'/'n' URL and SHA256
x3: Catalog warning: 18 accuracy metrics have no published dataset.

stderr | tests/benchmark-coverage.test.ts > audited benchmark coverage > accounts for the complete release inventory
x5: Catalog warning: 125 accuracy metrics have no published dataset.

 ✓ tests/yolo26-detect-release.test.ts (21 tests) 1141ms
   ✓ YOLO26 Detect published release > publishes the exact 'x5'/'n' URL and SHA256  1136ms
stderr | tests/benchmark-coverage.test.ts > audited benchmark coverage > accounts for the complete release inventory
s: Catalog warning: 35 accuracy metrics have no published dataset.

stderr | tests/benchmark-coverage.test.ts > audited benchmark coverage > accounts for the complete release inventory
x3: Catalog warning: 18 accuracy metrics have no published dataset.

 ✓ tests/benchmark-coverage.test.ts (5 tests) 1157ms
   ✓ audited benchmark coverage > accounts for the complete release inventory  1122ms
stderr | tests/s-classification-resolution.test.ts > uses canonical 224 classification assets on all three S boards
x5: Catalog warning: 125 accuracy metrics have no published dataset.

stderr | tests/s-classification-resolution.test.ts > uses canonical 224 classification assets on all three S boards
s: Catalog warning: 35 accuracy metrics have no published dataset.

stderr | tests/s-classification-resolution.test.ts > uses canonical 224 classification assets on all three S boards
x3: Catalog warning: 18 accuracy metrics have no published dataset.

 ✓ tests/s-classification-resolution.test.ts (1 test) 1146ms
   ✓ uses canonical 224 classification assets on all three S boards  1145ms
stderr | tests/x5-evidence.test.ts > X5 published evidence > keeps the exact C++ runtime throughput and the completed YOLOE family
x5: Catalog warning: 125 accuracy metrics have no published dataset.

stderr | tests/x5-evidence.test.ts > X5 published evidence > keeps the exact C++ runtime throughput and the completed YOLOE family
s: Catalog warning: 35 accuracy metrics have no published dataset.

stderr | tests/x5-evidence.test.ts > X5 published evidence > keeps the exact C++ runtime throughput and the completed YOLOE family
x3: Catalog warning: 18 accuracy metrics have no published dataset.

 ✓ tests/x3-catalog-errata.test.ts (11 tests) 289ms
 ✓ tests/x5-evidence.test.ts (10 tests) 1133ms
   ✓ X5 published evidence > keeps the exact C++ runtime throughput and the completed YOLOE family  1131ms
 ✓ tests/platform-registry.test.ts (4 tests) 52ms
 ✓ tests/manifest-validation.test.ts (16 tests) 130ms
 ✓ tests/variants.test.ts (7 tests) 11ms
 ✓ tests/release-workflow.test.ts (4 tests) 2ms
 ✓ tests/redirect-artifact.test.ts (4 tests) 3ms
 ✓ tests/source-corrections.test.ts (2 tests) 1ms
 ✓ tests/release-summary.test.ts (2 tests) 1ms

 Test Files  18 passed (18)
      Tests  121 passed (121)
   Start at  03:18:16
   Duration  7.77s (transform 115ms, setup 0ms, collect 615ms, tests 12.64s, environment 1ms, prepare 396ms)


> build
> npm run catalog:build && npm run typecheck


> catalog:build
> tsx scripts/build-catalog.ts

source x5: worktree develop -> ./docs/release/x5
source s: worktree develop -> ./docs/release/s
source x3: worktree main -> platforms/x3/release
x5: Catalog warning: 125 accuracy metrics have no published dataset.
s: Catalog warning: 35 accuracy metrics have no published dataset.
x3: Catalog warning: 18 accuracy metrics have no published dataset.
Wrote /Users/Max/Workspace/company/development/RDK_MODEL_ZOO/rdk-b7-board-integration/tools/catalog-publisher/dist/catalog.json
Wrote /Users/Max/Workspace/company/development/RDK_MODEL_ZOO/rdk-b7-board-integration/tools/catalog-publisher/dist/catalog.meta.json
catalog_version: catalog-v1.0.0-ff82dedea59c7c0b
sha256: 0215a5662270a329e3f091daae1ab8e5a88cbd7eb57b677a0b1f79124ea61c7e (9131984 bytes)
families: 57, benchmarks: 812

> typecheck
> tsc --noEmit


> catalog:check
> tsx scripts/build-catalog.ts --check

source x5: worktree develop -> ./docs/release/x5
source s: worktree develop -> ./docs/release/s
source x3: worktree main -> platforms/x3/release
x5: Catalog warning: 125 accuracy metrics have no published dataset.
s: Catalog warning: 35 accuracy metrics have no published dataset.
x3: Catalog warning: 18 accuracy metrics have no published dataset.
Catalog artifact is reproducible and its checksum contract verifies (catalog-v1.0.0-ff82dedea59c7c0b).
