{
  "source_files_verified": 30,
  "release_files_verified": 22,
  "active_hbm_hashes": 10,
  "vocabulary_entries": 4585,
  "all_source_vocabularies_match": true,
  "s11_intermediate_and_final_dtypes": {
    "hb_model_info_yoloe_11s_seg.txt": [
      "FLOAT32",
      "FLOAT32",
      "FLOAT32",
      "FLOAT32",
      "FLOAT32",
      "FLOAT32",
      "FLOAT32",
      "FLOAT32",
      "FLOAT32",
      "FLOAT32"
    ],
    "hb_combine_yoloe_11s_seg.txt": [
      "FLOAT32",
      "INT32",
      "INT32",
      "FLOAT32",
      "INT32",
      "INT32",
      "FLOAT32",
      "INT32",
      "INT32",
      "INT16"
    ]
  },
  "hbm_downloaded": false,
  "board": "not-run"
}
