-- The CXX compiler identification is AppleClang 21.0.0.21000334
-- Detecting CXX compiler ABI info
-- Detecting CXX compiler ABI info - done
-- Check for working CXX compiler: /usr/bin/c++ - skipped
-- Detecting CXX compile features
-- Detecting CXX compile features - done
-- Found OpenCV: /Users/Max/Workspace/company/development/RDK_MODEL_ZOO/.coordination/opencv-native/install (found version "4.14.0") found components: core imgproc
-- Configuring done (0.2s)
-- Generating done (0.0s)
-- Build files have been written to: /tmp/yoloe-native-opencv
[ 33%] Building CXX object CMakeFiles/test_e26_decode.dir/test_e26_decode.cc.o
[ 33%] Building CXX object CMakeFiles/test_float_heads.dir/test_float_heads.cc.o
[ 33%] Building CXX object CMakeFiles/test_e11_decode.dir/test_e11_decode.cc.o
[ 33%] Building CXX object CMakeFiles/test_geometry.dir/test_geometry.cc.o
[ 41%] Linking CXX executable test_geometry
[ 41%] Built target test_geometry
[ 50%] Building CXX object CMakeFiles/test_image_ops.dir/test_image_ops.cc.o
[ 58%] Linking CXX executable test_e26_decode
[ 66%] Linking CXX executable test_float_heads
[ 66%] Built target test_e26_decode
[ 66%] Built target test_float_heads
[ 75%] Building CXX object CMakeFiles/mask_probe.dir/mask_probe.cc.o
[ 83%] Linking CXX executable test_e11_decode
[ 83%] Built target test_e11_decode
[ 91%] Linking CXX executable test_image_ops
ld: warning: ignoring duplicate libraries: '/Users/Max/Workspace/company/development/RDK_MODEL_ZOO/.coordination/opencv-native/install/lib/libopencv_core.a'
[ 91%] Built target test_image_ops
[100%] Linking CXX executable mask_probe
ld: warning: ignoring duplicate libraries: '/Users/Max/Workspace/company/development/RDK_MODEL_ZOO/.coordination/opencv-native/install/lib/libopencv_core.a'
[100%] Built target mask_probe
Test project /tmp/yoloe-native-opencv
    Start 1: float_heads
1/5 Test #1: float_heads ......................   Passed    0.33 sec
    Start 2: e11_decode
2/5 Test #2: e11_decode .......................   Passed    3.47 sec
    Start 3: e26_decode
3/5 Test #3: e26_decode .......................   Passed    3.99 sec
    Start 4: geometry
4/5 Test #4: geometry .........................   Passed    0.29 sec
    Start 5: image_ops
5/5 Test #5: image_ops ........................   Passed    0.53 sec

100% tests passed out of 5

Total Test time (real) =   8.61 sec
