CMake Warning (deprecated) at CMakeLists.txt:25 (cmake_minimum_required):
  Compatibility with CMake < 3.10 will be removed from a future version of
  CMake.

  Update the VERSION argument <min> value.  Or, use the <min>...<max> syntax
  to tell CMake that the project requires at least <min> but has been updated
  to work with policies introduced by <max> or earlier.
This warning is for project developers.  Use -Wno-author or -Wno-deprecated
to suppress it.

CMake Warning (deprecated) at CMakeLists.txt:88 (cmake_policy):
  The OLD behavior for policy CMP0146 will be removed from a future version
  of CMake.

  The cmake-policies(7) manual explains that the OLD behaviors of all
  policies are deprecated and that a policy should be set to OLD only under
  specific short-term circumstances.  Projects should be ported to the NEW
  behavior and not rely on setting a policy to OLD.
This warning is for project developers.  Use -Wno-author or -Wno-deprecated
to suppress it.

CMake Warning (deprecated) at CMakeLists.txt:92 (cmake_policy):
  The OLD behavior for policy CMP0148 will be removed from a future version
  of CMake.

  The cmake-policies(7) manual explains that the OLD behaviors of all
  policies are deprecated and that a policy should be set to OLD only under
  specific short-term circumstances.  Projects should be ported to the NEW
  behavior and not rely on setting a policy to OLD.
This warning is for project developers.  Use -Wno-author or -Wno-deprecated
to suppress it.

-- The CXX compiler identification is AppleClang 21.0.0.21000334
-- The C compiler identification is AppleClang 21.0.0.21000334
-- Detecting CXX compiler ABI info
-- Detecting CXX compiler ABI info - done
-- Check for working CXX compiler: /usr/bin/c++ - skipped
-- Detecting CXX compile features
-- Detecting CXX compile features - done
-- Detecting C compiler ABI info
-- Detecting C compiler ABI info - done
-- Check for working C compiler: /usr/bin/cc - skipped
-- Detecting C compile features
-- Detecting C compile features - done
-- ocv_init_download: OpenCV source tree is not fetched as git repository. 3rdparty resources will be downloaded from github.com by default.
-- Detected processor: arm64
-- Found PythonInterp: /opt/homebrew/bin/python3 (found suitable version "3.14.7", minimum required is "3.2")
-- Found PythonLibs: /opt/homebrew/Frameworks/Python.framework/Versions/3.14/lib/libpython3.14.dylib (found suitable exact version "3.14.7")
Traceback (most recent call last):
  File "<string>", line 1, in <module>
    import numpy; print(numpy.get_include())
    ^^^^^^^^^^^^
ModuleNotFoundError: No module named 'numpy'
-- Looking for ccache - not found
-- Performing Test HAVE_CXX_FSIGNED_CHAR
-- Performing Test HAVE_CXX_FSIGNED_CHAR - Success
-- Performing Test HAVE_C_FSIGNED_CHAR
-- Performing Test HAVE_C_FSIGNED_CHAR - Success
-- Performing Test HAVE_CXX_W
-- Performing Test HAVE_CXX_W - Success
-- Performing Test HAVE_C_W
-- Performing Test HAVE_C_W - Success
-- Performing Test HAVE_CXX_WALL
-- Performing Test HAVE_CXX_WALL - Success
-- Performing Test HAVE_C_WALL
-- Performing Test HAVE_C_WALL - Success
-- Performing Test HAVE_CXX_WRETURN_TYPE
-- Performing Test HAVE_CXX_WRETURN_TYPE - Success
-- Performing Test HAVE_C_WRETURN_TYPE
-- Performing Test HAVE_C_WRETURN_TYPE - Success
-- Performing Test HAVE_CXX_WNON_VIRTUAL_DTOR
-- Performing Test HAVE_CXX_WNON_VIRTUAL_DTOR - Success
-- Performing Test HAVE_C_WNON_VIRTUAL_DTOR
-- Performing Test HAVE_C_WNON_VIRTUAL_DTOR - Success
-- Performing Test HAVE_CXX_WADDRESS
-- Performing Test HAVE_CXX_WADDRESS - Success
-- Performing Test HAVE_C_WADDRESS
-- Performing Test HAVE_C_WADDRESS - Success
-- Performing Test HAVE_CXX_WSEQUENCE_POINT
-- Performing Test HAVE_CXX_WSEQUENCE_POINT - Success
-- Performing Test HAVE_C_WSEQUENCE_POINT
-- Performing Test HAVE_C_WSEQUENCE_POINT - Success
-- Performing Test HAVE_CXX_WFORMAT
-- Performing Test HAVE_CXX_WFORMAT - Success
-- Performing Test HAVE_C_WFORMAT
-- Performing Test HAVE_C_WFORMAT - Success
-- Performing Test HAVE_CXX_WFORMAT_SECURITY
-- Performing Test HAVE_CXX_WFORMAT_SECURITY - Success
-- Performing Test HAVE_C_WFORMAT_SECURITY
-- Performing Test HAVE_C_WFORMAT_SECURITY - Success
-- Performing Test HAVE_CXX_WMISSING_DECLARATIONS
-- Performing Test HAVE_CXX_WMISSING_DECLARATIONS - Success
-- Performing Test HAVE_C_WMISSING_DECLARATIONS
-- Performing Test HAVE_C_WMISSING_DECLARATIONS - Success
-- Performing Test HAVE_CXX_WMISSING_PROTOTYPES
-- Performing Test HAVE_CXX_WMISSING_PROTOTYPES - Success
-- Performing Test HAVE_C_WMISSING_PROTOTYPES
-- Performing Test HAVE_C_WMISSING_PROTOTYPES - Success
-- Performing Test HAVE_CXX_WSTRICT_PROTOTYPES
-- Performing Test HAVE_CXX_WSTRICT_PROTOTYPES - Success
-- Performing Test HAVE_C_WSTRICT_PROTOTYPES
-- Performing Test HAVE_C_WSTRICT_PROTOTYPES - Success
-- Performing Test HAVE_CXX_WUNDEF
-- Performing Test HAVE_CXX_WUNDEF - Success
-- Performing Test HAVE_C_WUNDEF
-- Performing Test HAVE_C_WUNDEF - Success
-- Performing Test HAVE_CXX_WINIT_SELF
-- Performing Test HAVE_CXX_WINIT_SELF - Success
-- Performing Test HAVE_C_WINIT_SELF
-- Performing Test HAVE_C_WINIT_SELF - Success
-- Performing Test HAVE_CXX_WPOINTER_ARITH
-- Performing Test HAVE_CXX_WPOINTER_ARITH - Success
-- Performing Test HAVE_C_WPOINTER_ARITH
-- Performing Test HAVE_C_WPOINTER_ARITH - Success
-- Performing Test HAVE_CXX_WSHADOW
-- Performing Test HAVE_CXX_WSHADOW - Success
-- Performing Test HAVE_C_WSHADOW
-- Performing Test HAVE_C_WSHADOW - Success
-- Performing Test HAVE_CXX_WSIGN_PROMO
-- Performing Test HAVE_CXX_WSIGN_PROMO - Success
-- Performing Test HAVE_C_WSIGN_PROMO
-- Performing Test HAVE_C_WSIGN_PROMO - Success
-- Performing Test HAVE_CXX_WUNINITIALIZED
-- Performing Test HAVE_CXX_WUNINITIALIZED - Success
-- Performing Test HAVE_C_WUNINITIALIZED
-- Performing Test HAVE_C_WUNINITIALIZED - Success
-- Performing Test HAVE_CXX_WNO_DELETE_NON_VIRTUAL_DTOR
-- Performing Test HAVE_CXX_WNO_DELETE_NON_VIRTUAL_DTOR - Success
-- Performing Test HAVE_C_WNO_DELETE_NON_VIRTUAL_DTOR
-- Performing Test HAVE_C_WNO_DELETE_NON_VIRTUAL_DTOR - Success
-- Performing Test HAVE_CXX_WNO_UNNAMED_TYPE_TEMPLATE_ARGS
-- Performing Test HAVE_CXX_WNO_UNNAMED_TYPE_TEMPLATE_ARGS - Success
-- Performing Test HAVE_C_WNO_UNNAMED_TYPE_TEMPLATE_ARGS
-- Performing Test HAVE_C_WNO_UNNAMED_TYPE_TEMPLATE_ARGS - Success
-- Performing Test HAVE_CXX_WNO_COMMENT
-- Performing Test HAVE_CXX_WNO_COMMENT - Success
-- Performing Test HAVE_C_WNO_COMMENT
-- Performing Test HAVE_C_WNO_COMMENT - Success
-- Performing Test HAVE_CXX_FDIAGNOSTICS_SHOW_OPTION
-- Performing Test HAVE_CXX_FDIAGNOSTICS_SHOW_OPTION - Success
-- Performing Test HAVE_C_FDIAGNOSTICS_SHOW_OPTION
-- Performing Test HAVE_C_FDIAGNOSTICS_SHOW_OPTION - Success
-- Performing Test HAVE_CXX_QUNUSED_ARGUMENTS
-- Performing Test HAVE_CXX_QUNUSED_ARGUMENTS - Success
-- Performing Test HAVE_C_QUNUSED_ARGUMENTS
-- Performing Test HAVE_C_QUNUSED_ARGUMENTS - Success
-- Performing Test HAVE_CXX_WNO_SEMICOLON_BEFORE_METHOD_BODY
-- Performing Test HAVE_CXX_WNO_SEMICOLON_BEFORE_METHOD_BODY - Success
-- Performing Test HAVE_C_WNO_SEMICOLON_BEFORE_METHOD_BODY
-- Performing Test HAVE_C_WNO_SEMICOLON_BEFORE_METHOD_BODY - Success
-- Performing Test HAVE_CXX_FFUNCTION_SECTIONS
-- Performing Test HAVE_CXX_FFUNCTION_SECTIONS - Success
-- Performing Test HAVE_C_FFUNCTION_SECTIONS
-- Performing Test HAVE_C_FFUNCTION_SECTIONS - Success
-- Performing Test HAVE_CXX_FDATA_SECTIONS
-- Performing Test HAVE_CXX_FDATA_SECTIONS - Success
-- Performing Test HAVE_C_FDATA_SECTIONS
-- Performing Test HAVE_C_FDATA_SECTIONS - Success
-- Performing Test HAVE_CPU_NEON_SUPPORT (check file: cmake/checks/cpu_neon.cpp)
-- Performing Test HAVE_CPU_NEON_SUPPORT - Success
-- Performing Test HAVE_CPU_FP16_SUPPORT (check file: cmake/checks/cpu_fp16.cpp)
-- Performing Test HAVE_CPU_FP16_SUPPORT - Success
-- Performing Test HAVE_CPU_NEON_DOTPROD_SUPPORT (check file: cmake/checks/cpu_neon_dotprod.cpp)
-- Performing Test HAVE_CPU_NEON_DOTPROD_SUPPORT - Success
-- Performing Test HAVE_CPU_NEON_FP16_SUPPORT (check file: cmake/checks/cpu_neon_fp16.cpp)
-- Performing Test HAVE_CPU_NEON_FP16_SUPPORT - Success
-- Performing Test HAVE_CPU_NEON_BF16_SUPPORT (check file: cmake/checks/cpu_neon_bf16.cpp)
-- Performing Test HAVE_CPU_NEON_BF16_SUPPORT - Failed
-- Performing Test HAVE_CXX_MARCH_ARMV8_2_A+BF16 (check file: cmake/checks/cpu_neon_bf16.cpp)
-- Performing Test HAVE_CXX_MARCH_ARMV8_2_A+BF16 - Success
-- Performing Test HAVE_CPU_BASELINE_FLAGS
-- Performing Test HAVE_CPU_BASELINE_FLAGS - Success
-- Performing Test HAVE_CPU_DISPATCH_FLAGS_NEON_BF16
-- Performing Test HAVE_CPU_DISPATCH_FLAGS_NEON_BF16 - Success
-- Performing Test HAVE_CXX_FVISIBILITY_HIDDEN
-- Performing Test HAVE_CXX_FVISIBILITY_HIDDEN - Success
-- Performing Test HAVE_C_FVISIBILITY_HIDDEN
-- Performing Test HAVE_C_FVISIBILITY_HIDDEN - Success
-- Performing Test HAVE_CXX_FVISIBILITY_INLINES_HIDDEN
-- Performing Test HAVE_CXX_FVISIBILITY_INLINES_HIDDEN - Success
-- Performing Test HAVE_C_FVISIBILITY_INLINES_HIDDEN
-- Performing Test HAVE_C_FVISIBILITY_INLINES_HIDDEN - Success
-- Performing Test HAVE_LINK_AS_NEEDED
-- Performing Test HAVE_LINK_AS_NEEDED - Failed
-- Performing Test HAVE_LINK_NO_UNDEFINED
-- Performing Test HAVE_LINK_NO_UNDEFINED - Failed
-- Looking for posix_memalign
-- Looking for posix_memalign - found
-- Looking for malloc.h
-- Looking for malloc.h - not found
-- Looking for getauxval
-- Looking for getauxval - not found
-- Looking for elf_aux_info
-- Looking for elf_aux_info - not found
-- Looking for fseeko
-- Looking for fseeko - found
-- Looking for unistd.h
-- Looking for unistd.h - found
-- Looking for stdarg.h
-- Looking for stdarg.h - found
-- Looking for sys/types.h
-- Looking for sys/types.h - found
-- Looking for stdint.h
-- Looking for stdint.h - found
-- Looking for stddef.h
-- Looking for stddef.h - found
-- Check size of off64_t
-- Check size of off64_t - failed
-- Performing Test HAVE_C_WNO_SHORTEN_64_TO_32
-- Performing Test HAVE_C_WNO_SHORTEN_64_TO_32 - Success
-- Performing Test HAVE_C_WNO_ATTRIBUTES
-- Performing Test HAVE_C_WNO_ATTRIBUTES - Success
-- Performing Test HAVE_C_WNO_STRICT_PROTOTYPES
-- Performing Test HAVE_C_WNO_STRICT_PROTOTYPES - Success
-- Performing Test HAVE_C_WNO_MISSING_PROTOTYPES
-- Performing Test HAVE_C_WNO_MISSING_PROTOTYPES - Success
-- Performing Test HAVE_C_WNO_MISSING_DECLARATIONS
-- Performing Test HAVE_C_WNO_MISSING_DECLARATIONS - Success
-- Performing Test HAVE_C_WNO_SHIFT_NEGATIVE_VALUE
-- Performing Test HAVE_C_WNO_SHIFT_NEGATIVE_VALUE - Success
-- Performing Test HAVE_C_WNO_UNDEF
-- Performing Test HAVE_C_WNO_UNDEF - Success
-- Performing Test HAVE_C_WNO_IMPLICIT_FALLTHROUGH
-- Performing Test HAVE_C_WNO_IMPLICIT_FALLTHROUGH - Success
-- Performing Test HAVE_C_WNO_UNUSED_PARAMETER
-- Performing Test HAVE_C_WNO_UNUSED_PARAMETER - Success
-- Performing Test HAVE_C_WNO_SIGN_COMPARE
-- Performing Test HAVE_C_WNO_SIGN_COMPARE - Success
-- Performing Test HAVE_C_WNO_UNUSED_VARIABLE
-- Performing Test HAVE_C_WNO_UNUSED_VARIABLE - Success
-- libjpeg-turbo: VERSION = 3.1.2, BUILD = opencv-4.14.0-libjpeg-turbo
-- Check size of size_t
-- Check size of size_t - done
-- Check size of unsigned long
-- Check size of unsigned long - done
-- Looking for include file locale.h
-- Looking for include file locale.h - found
-- Looking for include file stdlib.h
-- Looking for include file stdlib.h - found
-- Looking for include file sys/types.h
-- Looking for include file sys/types.h - found
-- Performing Test HAVE_VLD1_S16_X3
-- Performing Test HAVE_VLD1_S16_X3 - Success
-- Performing Test HAVE_VLD1_U16_X2
-- Performing Test HAVE_VLD1_U16_X2 - Success
-- Performing Test HAVE_VLD1Q_U8_X4
-- Performing Test HAVE_VLD1Q_U8_X4 - Success
-- Use full Neon SIMD intrinsics implementation (NEON_INTRINSICS = ON)
-- SIMD extensions: arm64 (WITH_SIMD = 1)
-- Could NOT find OpenJPEG (minimal suitable version: 2.0, recommended version >= 2.3.1). OpenJPEG will be built from sources
-- Performing Test HAVE_C_WNO_IMPLICIT_CONST_INT_FLOAT_CONVERSION
-- Performing Test HAVE_C_WNO_IMPLICIT_CONST_INT_FLOAT_CONVERSION - Success
-- Performing Test HAVE_C_WNO_UNUSED_BUT_SET_VARIABLE
-- Performing Test HAVE_C_WNO_UNUSED_BUT_SET_VARIABLE - Success
-- Performing Test HAVE_C_WNO_DOCUMENTATION
-- Performing Test HAVE_C_WNO_DOCUMENTATION - Success
-- OpenJPEG: VERSION = 2.5.3, BUILD = opencv-4.14.0-openjp2-2.5.3
-- Looking for string.h
-- Looking for string.h - found
-- Looking for memory.h
-- Looking for memory.h - found
-- Looking for stdio.h
-- Looking for stdio.h - found
-- Looking for math.h
-- Looking for math.h - found
-- Looking for float.h
-- Looking for float.h - found
-- Looking for time.h
-- Looking for time.h - found
-- Looking for ctype.h
-- Looking for ctype.h - found
-- Looking for assert.h
-- Looking for assert.h - found
-- Looking for stdint.h
-- Looking for stdint.h - found
-- Looking for inttypes.h
-- Looking for inttypes.h - found
-- Looking for strings.h
-- Looking for strings.h - found
-- Looking for sys/stat.h
-- Looking for sys/stat.h - found
-- Looking for include file malloc.h
-- Looking for include file malloc.h - not found
-- Looking for _aligned_malloc
-- Looking for _aligned_malloc - not found
-- Looking for posix_memalign
-- Looking for posix_memalign - found
-- Looking for memalign
-- Looking for memalign - not found
-- Performing Test HAVE_C_WNO_CAST_FUNCTION_TYPE
-- Performing Test HAVE_C_WNO_CAST_FUNCTION_TYPE - Success
-- Performing Test HAVE_C_WNO_SHADOW
-- Performing Test HAVE_C_WNO_SHADOW - Success
-- Performing Test HAVE_C_WNO_UNUSED_FUNCTION
-- Performing Test HAVE_C_WNO_UNUSED_FUNCTION - Success
-- OpenJPEG libraries will be built from sources: libopenjp2 (version "2.5.3")
-- The ASM compiler identification is AppleClang
-- Found assembler: /usr/bin/cc
-- Performing Test HAVE_C_WNO_CAST_ALIGN
-- Performing Test HAVE_C_WNO_CAST_ALIGN - Success
-- Performing Test HAVE_C_WNO_MAYBE_UNINITIALIZED
-- Performing Test HAVE_C_WNO_MAYBE_UNINITIALIZED - Failed
-- Performing Test HAVE_C_WNO_NULL_POINTER_SUBTRACTION
-- Performing Test HAVE_C_WNO_NULL_POINTER_SUBTRACTION - Success
-- KLEIDICV: Downloading kleidicv-26.03.tar.gz from https://gitlab.arm.com/kleidi/kleidicv/-/archive/26.03/kleidicv-26.03.tar.gz
-- VTK is not found. Please set -DVTK_DIR in CMake to VTK build directory, or to VTK install subdirectory with VTKConfig.cmake file
CMake Warning (deprecated) at hal/carotene/hal/CMakeLists.txt:1 (cmake_minimum_required):
  Compatibility with CMake < 3.10 will be removed from a future version of
  CMake.

  Update the VERSION argument <min> value.  Or, use the <min>...<max> syntax
  to tell CMake that the project requires at least <min> but has been updated
  to work with policies introduced by <max> or earlier.
This warning is for project developers.  Use -Wno-author or -Wno-deprecated
to suppress it.

-- Performing Test HAVE_CXX_WNO_UNUSED_FUNCTION
-- Performing Test HAVE_CXX_WNO_UNUSED_FUNCTION - Success
CMake Warning (deprecated) at hal/carotene/CMakeLists.txt:1 (cmake_minimum_required):
  Compatibility with CMake < 3.10 will be removed from a future version of
  CMake.

  Update the VERSION argument <min> value.  Or, use the <min>...<max> syntax
  to tell CMake that the project requires at least <min> but has been updated
  to work with policies introduced by <max> or earlier.
This warning is for project developers.  Use -Wno-author or -Wno-deprecated
to suppress it.

-- ADE: Downloading v0.1.2e.zip from https://github.com/opencv/ade/archive/v0.1.2e.zip
-- Try 1 failed
CMake Warning at cmake/OpenCVDownload.cmake:251 (message):
  ADE: Download failed: 35;"SSL connect error.  If this is due to https
  certificate verification failure, one may set environment variable
  CMAKE_TLS_VERIFY=0 to suppress it."

  For details please refer to the download log file:

  
  /Users/Max/Workspace/company/development/RDK_MODEL_ZOO/.coordination/opencv-native/build/CMakeDownloadLog.txt

Call Stack (most recent call first):
  modules/gapi/cmake/DownloadADE.cmake:5 (ocv_download)
  modules/gapi/cmake/init.cmake:20 (include)
  cmake/OpenCVModule.cmake:298 (include)
  cmake/OpenCVModule.cmake:361 (_add_modules_1)
  cmake/OpenCVModule.cmake:408 (ocv_glob_modules)
  CMakeLists.txt:1115 (ocv_register_modules)


-- Looking for linux/videodev2.h
-- Looking for linux/videodev2.h - not found
-- Using whitelist: opencv_core;opencv_imgcodecs;opencv_imgproc
-- Module opencv_calib3d disabled by whitelist
-- Module opencv_dnn disabled by whitelist
-- Module opencv_features2d disabled by whitelist
-- Module opencv_flann disabled by whitelist
-- Module opencv_highgui disabled by whitelist
-- Module opencv_java_bindings_generator disabled by whitelist
-- Module opencv_js_bindings_generator disabled by whitelist
-- Module opencv_ml disabled by whitelist
-- Module opencv_objc_bindings_generator disabled by whitelist
-- Module opencv_objdetect disabled by whitelist
-- Module opencv_photo disabled by whitelist
-- Module opencv_python_bindings_generator disabled by whitelist
-- Module opencv_python_tests disabled by whitelist
-- Module opencv_stitching disabled by whitelist
-- Module opencv_video disabled by whitelist
-- Module opencv_videoio disabled by whitelist
-- Allocator metrics storage type: 'int'
-- Excluding from source files list: modules/imgproc/src/corner.avx.cpp
-- Excluding from source files list: modules/imgproc/src/imgwarp.avx2.cpp
-- Excluding from source files list: modules/imgproc/src/imgwarp.lasx.cpp
-- Excluding from source files list: modules/imgproc/src/imgwarp.sse4_1.cpp
-- Excluding from source files list: modules/imgproc/src/resize.avx2.cpp
-- Excluding from source files list: modules/imgproc/src/resize.lasx.cpp
-- Excluding from source files list: modules/imgproc/src/resize.sse4_1.cpp
-- Performing Test HAVE_CXX_FOBJC_EXCEPTIONS
-- Performing Test HAVE_CXX_FOBJC_EXCEPTIONS - Success
-- Performing Test HAVE_CXX_WNO_DEPRECATED_DECLARATIONS
-- Performing Test HAVE_CXX_WNO_DEPRECATED_DECLARATIONS - Success
-- 
-- General configuration for OpenCV 4.14.0 =====================================
--   Version control:               unknown
-- 
--   Platform:
--     Timestamp:                   2026-09-27T21:53:05Z
--     Host:                        Darwin 27.0.0 arm64
--     CMake:                       4.4.3
--     CMake generator:             Unix Makefiles
--     CMake build tool:            /usr/bin/make
--     Configuration:               Release
--     Algorithm Hint:              ALGO_HINT_ACCURATE
-- 
--   CPU/HW features:
--     Baseline:                    NEON FP16 NEON_DOTPROD NEON_FP16
--       requested:                 DETECT
--     Dispatched code generation:  NEON_BF16
--       requested:                 NEON_FP16 NEON_BF16 NEON_DOTPROD
--       NEON_BF16 (0 files):       + NEON_BF16
-- 
--   C/C++:
--     Built as dynamic libs?:      NO
--     C++ standard:                11
--     C++ Compiler:                /usr/bin/c++  (ver 21.0.0.21000334)
--     C++ flags (Release):         -fsigned-char -W -Wall -Wreturn-type -Wnon-virtual-dtor -Waddress -Wsequence-point -Wformat -Wformat-security -Wmissing-declarations -Wmissing-prototypes -Wstrict-prototypes -Wundef -Winit-self -Wpointer-arith -Wshadow -Wsign-promo -Wuninitialized -Wno-delete-non-virtual-dtor -Wno-unnamed-type-template-args -Wno-comment -fdiagnostics-show-option -Qunused-arguments -Wno-semicolon-before-method-body -ffunction-sections -fdata-sections  -fvisibility=hidden -fvisibility-inlines-hidden -O3 -DNDEBUG  -DNDEBUG
--     C++ flags (Debug):           -fsigned-char -W -Wall -Wreturn-type -Wnon-virtual-dtor -Waddress -Wsequence-point -Wformat -Wformat-security -Wmissing-declarations -Wmissing-prototypes -Wstrict-prototypes -Wundef -Winit-self -Wpointer-arith -Wshadow -Wsign-promo -Wuninitialized -Wno-delete-non-virtual-dtor -Wno-unnamed-type-template-args -Wno-comment -fdiagnostics-show-option -Qunused-arguments -Wno-semicolon-before-method-body -ffunction-sections -fdata-sections  -fvisibility=hidden -fvisibility-inlines-hidden -g  -O0 -DDEBUG -D_DEBUG
--     C Compiler:                  /usr/bin/cc
--     C flags (Release):           -fsigned-char -W -Wall -Wreturn-type -Wnon-virtual-dtor -Waddress -Wsequence-point -Wformat -Wformat-security -Wmissing-declarations -Wmissing-prototypes -Wstrict-prototypes -Wundef -Winit-self -Wpointer-arith -Wshadow -Wsign-promo -Wuninitialized -Wno-delete-non-virtual-dtor -Wno-unnamed-type-template-args -Wno-comment -fdiagnostics-show-option -Qunused-arguments -Wno-semicolon-before-method-body -ffunction-sections -fdata-sections  -fvisibility=hidden -fvisibility-inlines-hidden -O3 -DNDEBUG  -DNDEBUG
--     C flags (Debug):             -fsigned-char -W -Wall -Wreturn-type -Wnon-virtual-dtor -Waddress -Wsequence-point -Wformat -Wformat-security -Wmissing-declarations -Wmissing-prototypes -Wstrict-prototypes -Wundef -Winit-self -Wpointer-arith -Wshadow -Wsign-promo -Wuninitialized -Wno-delete-non-virtual-dtor -Wno-unnamed-type-template-args -Wno-comment -fdiagnostics-show-option -Qunused-arguments -Wno-semicolon-before-method-body -ffunction-sections -fdata-sections  -fvisibility=hidden -fvisibility-inlines-hidden -g  -O0 -DDEBUG -D_DEBUG
--     Linker flags (Release):      -Wl,-dead_strip  
--     Linker flags (Debug):        -Wl,-dead_strip  
--     ccache:                      NO
--     Precompiled headers:         NO
--     Extra dependencies:          -framework AppKit
--     3rdparty dependencies:       libjpeg-turbo libpng libopenjp2 zlib tegra_hal kleidicv_hal kleidicv kleidicv_thread
-- 
--   OpenCV modules:
--     To be built:                 core imgcodecs imgproc
--     Disabled:                    world
--     Disabled by dependency:      calib3d dnn features2d flann highgui java_bindings_generator js_bindings_generator ml objc_bindings_generator objdetect photo python_bindings_generator python_tests stitching video videoio
--     Unavailable:                 gapi java python2 python3 ts
--     Applications:                -
--     Documentation:               NO
--     Non-free algorithms:         NO
-- 
--   GUI: 
--     Cocoa:                       YES
--     VTK support:                 NO
-- 
--   Media I/O: 
--     ZLib:                        build (ver 1.3.2)
--     JPEG:                        build-libjpeg-turbo (ver 3.1.2-70)
--       SIMD Support Request:      YES
--       SIMD Support:              YES
--     PNG:                         build (ver 1.6.57)
--       SIMD Support Request:      YES
--       SIMD Support:              YES (Arm NEON)
--       Metadata Support:          EXIF XMP ICC cICP
--     JPEG 2000:                   build (ver 2.5.3)
--     GIF:                         YES
--     HDR:                         YES
--     SUNRASTER:                   YES
--     PXM:                         YES
--     PFM:                         YES
-- 
--   Video I/O:
--     AVFoundation:                YES
--     Orbbec:                      NO
-- 
--   Parallel framework:            GCD
-- 
--   Trace:                         YES (built-in)
-- 
--   Other third-party libraries:
--     Eigen:                       NO
--     Custom HAL:                  YES (carotene (ver 0.0.1) KleidiCV (ver 26.03))
--     Flatbuffers:                 builtin/3rdparty (25.9.23)
-- 
--   Python (for build):            /opt/homebrew/bin/python3
-- 
--   Install to:                    /Users/Max/Workspace/company/development/RDK_MODEL_ZOO/.coordination/opencv-native/install
-- -----------------------------------------------------------------
-- 
CMake Warning (policy) at cmake/OpenCVUtils.cmake:32 (get_property):
  Policy CMP0218 is not set: The CMAKE_WARN_DEPRECATED and
  CMAKE_ERROR_DEPRECATED variables are ignored.  Run "cmake --help-policy
  CMP0218" for policy details.  Use the cmake_policy command to set the
  policy and suppress this warning.
Call Stack (most recent call first):
  CMakeLists.txt:2083 (ocv_cmake_dump_vars)
This warning is for project developers.  Use -Wno-author or -Wno-policy to
suppress it.

CMake Warning (policy) at cmake/OpenCVUtils.cmake:32 (get_property):
  Policy CMP0218 is not set: The CMAKE_WARN_DEPRECATED and
  CMAKE_ERROR_DEPRECATED variables are ignored.  Run "cmake --help-policy
  CMP0218" for policy details.  Use the cmake_policy command to set the
  policy and suppress this warning.
Call Stack (most recent call first):
  CMakeLists.txt:2083 (ocv_cmake_dump_vars)
This warning is for project developers.  Use -Wno-author or -Wno-policy to
suppress it.

-- Configuring done (17.1s)
-- Generating done (0.2s)
-- Build files have been written to: /Users/Max/Workspace/company/development/RDK_MODEL_ZOO/.coordination/opencv-native/build
