{
  "local_links": [
    {
      "page": "samples/vision/ultralytics_yolo/README.md",
      "href": "README_cn.md"
    },
    {
      "page": "samples/vision/ultralytics_yolo/README.md",
      "href": "model/README.md"
    },
    {
      "page": "samples/vision/ultralytics_yolo/README.md",
      "href": "runtime/cpp/README.md"
    },
    {
      "page": "samples/vision/ultralytics_yolo/README.md",
      "href": "../../../docs/releases/unified-migration/2026-09-16-pilot-validation.md"
    },
    {
      "page": "samples/vision/ultralytics_yolo/README.md",
      "href": "../../../docs/releases/unified-migration/2026-09-16-p2-validation.md"
    },
    {
      "page": "samples/vision/ultralytics_yolo/README.md",
      "href": "../../../platforms/x5/samples/vision/ultralytics_yolo/evaluator/README.md"
    },
    {
      "page": "samples/vision/ultralytics_yolo/README.md",
      "href": "../../../platforms/s/samples/vision/ultralytics_yolo/evaluator/README.md"
    },
    {
      "page": "samples/vision/ultralytics_yolo/README.md",
      "href": "../../../docs/release/platforms.json"
    },
    {
      "page": "samples/vision/ultralytics_yolo/README.md",
      "href": "model/README.md"
    },
    {
      "page": "samples/vision/ultralytics_yolo/README.md",
      "href": "runtime/python/README.md"
    },
    {
      "page": "samples/vision/ultralytics_yolo/README.md",
      "href": "test_data/ultralytics_YOLO_Detect_demo.jpg"
    },
    {
      "page": "samples/vision/ultralytics_yolo/README.md",
      "href": "model/README.md"
    },
    {
      "page": "samples/vision/ultralytics_yolo/README.md",
      "href": "runtime/python/README.md"
    },
    {
      "page": "samples/vision/ultralytics_yolo/README.md",
      "href": "runtime/cpp/README.md"
    },
    {
      "page": "samples/vision/ultralytics_yolo/README.md",
      "href": "conversion/README.md"
    },
    {
      "page": "samples/vision/ultralytics_yolo/README.md",
      "href": "evaluator/README.md"
    },
    {
      "page": "samples/vision/ultralytics_yolo/README.md",
      "href": "DETECTION_CONTRACT.md"
    },
    {
      "page": "samples/vision/ultralytics_yolo/README.md",
      "href": "../../../LICENSE"
    },
    {
      "page": "samples/vision/ultralytics_yolo/README.md",
      "href": "model/README.md#maintained-scope"
    },
    {
      "page": "samples/vision/ultralytics_yolo/README_cn.md",
      "href": "README.md"
    },
    {
      "page": "samples/vision/ultralytics_yolo/README_cn.md",
      "href": "model/README_cn.md"
    },
    {
      "page": "samples/vision/ultralytics_yolo/README_cn.md",
      "href": "runtime/cpp/README_cn.md"
    },
    {
      "page": "samples/vision/ultralytics_yolo/README_cn.md",
      "href": "../../../docs/releases/unified-migration/2026-09-16-pilot-validation.md"
    },
    {
      "page": "samples/vision/ultralytics_yolo/README_cn.md",
      "href": "../../../docs/releases/unified-migration/2026-09-16-p2-validation.md"
    },
    {
      "page": "samples/vision/ultralytics_yolo/README_cn.md",
      "href": "../../../platforms/x5/samples/vision/ultralytics_yolo/evaluator/README.md"
    },
    {
      "page": "samples/vision/ultralytics_yolo/README_cn.md",
      "href": "../../../platforms/s/samples/vision/ultralytics_yolo/evaluator/README.md"
    },
    {
      "page": "samples/vision/ultralytics_yolo/README_cn.md",
      "href": "../../../docs/release/platforms.json"
    },
    {
      "page": "samples/vision/ultralytics_yolo/README_cn.md",
      "href": "model/README_cn.md"
    },
    {
      "page": "samples/vision/ultralytics_yolo/README_cn.md",
      "href": "runtime/python/README_cn.md"
    },
    {
      "page": "samples/vision/ultralytics_yolo/README_cn.md",
      "href": "test_data/ultralytics_YOLO_Detect_demo.jpg"
    },
    {
      "page": "samples/vision/ultralytics_yolo/README_cn.md",
      "href": "model/README_cn.md"
    },
    {
      "page": "samples/vision/ultralytics_yolo/README_cn.md",
      "href": "runtime/python/README_cn.md"
    },
    {
      "page": "samples/vision/ultralytics_yolo/README_cn.md",
      "href": "runtime/cpp/README_cn.md"
    },
    {
      "page": "samples/vision/ultralytics_yolo/README_cn.md",
      "href": "conversion/README_cn.md"
    },
    {
      "page": "samples/vision/ultralytics_yolo/README_cn.md",
      "href": "evaluator/README_cn.md"
    },
    {
      "page": "samples/vision/ultralytics_yolo/README_cn.md",
      "href": "DETECTION_CONTRACT.md"
    },
    {
      "page": "samples/vision/ultralytics_yolo/README_cn.md",
      "href": "../../../LICENSE"
    },
    {
      "page": "samples/vision/ultralytics_yolo/README_cn.md",
      "href": "model/README_cn.md#maintained-scope"
    },
    {
      "page": "samples/vision/ultralytics_yolo/evaluator/README.md",
      "href": "README_cn.md"
    },
    {
      "page": "samples/vision/ultralytics_yolo/evaluator/README.md",
      "href": "../runtime/python/README.md"
    },
    {
      "page": "samples/vision/ultralytics_yolo/evaluator/README.md",
      "href": "../../../../platforms/x5/datasets/coco/README.md"
    },
    {
      "page": "samples/vision/ultralytics_yolo/evaluator/README.md",
      "href": "../../../../platforms/s/datasets/coco/README.md"
    },
    {
      "page": "samples/vision/ultralytics_yolo/evaluator/README.md",
      "href": "../../../../platforms/x5/datasets/imagenet/README.md"
    },
    {
      "page": "samples/vision/ultralytics_yolo/evaluator/README.md",
      "href": "../../../../platforms/s/datasets/imagenet/README.md"
    },
    {
      "page": "samples/vision/ultralytics_yolo/evaluator/README.md",
      "href": "../model/README.md"
    },
    {
      "page": "samples/vision/ultralytics_yolo/evaluator/README.md",
      "href": "../../../../platforms/x5/samples/vision/ultralytics_yolo/evaluator/README.md"
    },
    {
      "page": "samples/vision/ultralytics_yolo/evaluator/README.md",
      "href": "../../../../platforms/s/samples/vision/ultralytics_yolo/evaluator/README.md"
    },
    {
      "page": "samples/vision/ultralytics_yolo/evaluator/README.md",
      "href": "../../../../platforms/x5/samples/vision/ultralytics_yolo26/README.md"
    },
    {
      "page": "samples/vision/ultralytics_yolo/evaluator/README.md",
      "href": "../../../../platforms/s/samples/vision/ultralytics_yolo26/README.md"
    },
    {
      "page": "samples/vision/ultralytics_yolo/evaluator/README.md",
      "href": "../../../../docs/release/x5/"
    },
    {
      "page": "samples/vision/ultralytics_yolo/evaluator/README.md",
      "href": "../../../../docs/release/s/"
    },
    {
      "page": "samples/vision/ultralytics_yolo/evaluator/README.md",
      "href": "../README.md"
    },
    {
      "page": "samples/vision/ultralytics_yolo/evaluator/README.md",
      "href": "../conversion/README.md"
    },
    {
      "page": "samples/vision/ultralytics_yolo/evaluator/README_cn.md",
      "href": "README.md"
    },
    {
      "page": "samples/vision/ultralytics_yolo/evaluator/README_cn.md",
      "href": "../runtime/python/README.md"
    },
    {
      "page": "samples/vision/ultralytics_yolo/evaluator/README_cn.md",
      "href": "../../../../platforms/x5/datasets/coco/README.md"
    },
    {
      "page": "samples/vision/ultralytics_yolo/evaluator/README_cn.md",
      "href": "../../../../platforms/s/datasets/coco/README.md"
    },
    {
      "page": "samples/vision/ultralytics_yolo/evaluator/README_cn.md",
      "href": "../../../../platforms/x5/datasets/imagenet/README_cn.md"
    },
    {
      "page": "samples/vision/ultralytics_yolo/evaluator/README_cn.md",
      "href": "../../../../platforms/s/datasets/imagenet/README_cn.md"
    },
    {
      "page": "samples/vision/ultralytics_yolo/evaluator/README_cn.md",
      "href": "../model/README_cn.md"
    },
    {
      "page": "samples/vision/ultralytics_yolo/evaluator/README_cn.md",
      "href": "../../../../platforms/x5/samples/vision/ultralytics_yolo/evaluator/README_cn.md"
    },
    {
      "page": "samples/vision/ultralytics_yolo/evaluator/README_cn.md",
      "href": "../../../../platforms/s/samples/vision/ultralytics_yolo/evaluator/README_cn.md"
    },
    {
      "page": "samples/vision/ultralytics_yolo/evaluator/README_cn.md",
      "href": "../../../../platforms/x5/samples/vision/ultralytics_yolo26/README_cn.md"
    },
    {
      "page": "samples/vision/ultralytics_yolo/evaluator/README_cn.md",
      "href": "../../../../platforms/s/samples/vision/ultralytics_yolo26/README_cn.md"
    },
    {
      "page": "samples/vision/ultralytics_yolo/evaluator/README_cn.md",
      "href": "../../../../docs/release/x5/"
    },
    {
      "page": "samples/vision/ultralytics_yolo/evaluator/README_cn.md",
      "href": "../../../../docs/release/s/"
    },
    {
      "page": "samples/vision/ultralytics_yolo/evaluator/README_cn.md",
      "href": "../README_cn.md"
    },
    {
      "page": "samples/vision/ultralytics_yolo/evaluator/README_cn.md",
      "href": "../conversion/README_cn.md"
    },
    {
      "page": "samples/vision/ultralytics_yolo/model/README.md",
      "href": "README_cn.md"
    },
    {
      "page": "samples/vision/ultralytics_yolo/model/README.md",
      "href": "../README.md"
    },
    {
      "page": "samples/vision/ultralytics_yolo/model/README.md",
      "href": "../runtime/python/README.md"
    },
    {
      "page": "samples/vision/ultralytics_yolo/model/README.md",
      "href": "../../../../docs/release/x5/models.yaml"
    },
    {
      "page": "samples/vision/ultralytics_yolo/model/README.md",
      "href": "../../../../docs/release/s/models.yaml"
    },
    {
      "page": "samples/vision/ultralytics_yolo/model/README.md",
      "href": "../test_data"
    },
    {
      "page": "samples/vision/ultralytics_yolo/model/README.md",
      "href": "../runtime/python/README.md"
    },
    {
      "page": "samples/vision/ultralytics_yolo/model/README.md",
      "href": "../runtime/cpp/README.md"
    },
    {
      "page": "samples/vision/ultralytics_yolo/model/README.md",
      "href": "../conversion/README.md"
    },
    {
      "page": "samples/vision/ultralytics_yolo/model/README.md",
      "href": "../evaluator/README.md"
    },
    {
      "page": "samples/vision/ultralytics_yolo/model/README_cn.md",
      "href": "README.md"
    },
    {
      "page": "samples/vision/ultralytics_yolo/model/README_cn.md",
      "href": "../README_cn.md"
    },
    {
      "page": "samples/vision/ultralytics_yolo/model/README_cn.md",
      "href": "../runtime/python/README_cn.md"
    },
    {
      "page": "samples/vision/ultralytics_yolo/model/README_cn.md",
      "href": "../../../../docs/release/x5/models.yaml"
    },
    {
      "page": "samples/vision/ultralytics_yolo/model/README_cn.md",
      "href": "../../../../docs/release/s/models.yaml"
    },
    {
      "page": "samples/vision/ultralytics_yolo/model/README_cn.md",
      "href": "../test_data"
    },
    {
      "page": "samples/vision/ultralytics_yolo/model/README_cn.md",
      "href": "../runtime/python/README_cn.md"
    },
    {
      "page": "samples/vision/ultralytics_yolo/model/README_cn.md",
      "href": "../runtime/cpp/README_cn.md"
    },
    {
      "page": "samples/vision/ultralytics_yolo/model/README_cn.md",
      "href": "../conversion/README_cn.md"
    },
    {
      "page": "samples/vision/ultralytics_yolo/model/README_cn.md",
      "href": "../evaluator/README_cn.md"
    },
    {
      "page": "samples/vision/ultralytics_yolo/conversion/README.md",
      "href": "README_cn.md"
    },
    {
      "page": "samples/vision/ultralytics_yolo/conversion/README.md",
      "href": "../model/README.md"
    },
    {
      "page": "samples/vision/ultralytics_yolo/conversion/README.md",
      "href": "../DETECTION_CONTRACT.md"
    },
    {
      "page": "samples/vision/ultralytics_yolo/conversion/README.md",
      "href": "CONVERSION_CONTRACT.md"
    },
    {
      "page": "samples/vision/ultralytics_yolo/conversion/README_cn.md",
      "href": "README.md"
    },
    {
      "page": "samples/vision/ultralytics_yolo/conversion/README_cn.md",
      "href": "../model/README_cn.md"
    },
    {
      "page": "samples/vision/ultralytics_yolo/conversion/README_cn.md",
      "href": "../DETECTION_CONTRACT.md"
    },
    {
      "page": "samples/vision/ultralytics_yolo/conversion/README_cn.md",
      "href": "CONVERSION_CONTRACT.md"
    },
    {
      "page": "samples/vision/ultralytics_yolo/runtime/python/README.md",
      "href": "README_cn.md"
    },
    {
      "page": "samples/vision/ultralytics_yolo/runtime/python/README.md",
      "href": "../../conversion/README.md"
    },
    {
      "page": "samples/vision/ultralytics_yolo/runtime/python/README.md",
      "href": "../../evaluator/README.md"
    },
    {
      "page": "samples/vision/ultralytics_yolo/runtime/python/README.md",
      "href": "../../model/README.md"
    },
    {
      "page": "samples/vision/ultralytics_yolo/runtime/python/README.md",
      "href": "../../DETECTION_CONTRACT.md"
    },
    {
      "page": "samples/vision/ultralytics_yolo/runtime/python/README.md",
      "href": "../../model/README.md"
    },
    {
      "page": "samples/vision/ultralytics_yolo/runtime/python/README.md",
      "href": "../../model/README.md"
    },
    {
      "page": "samples/vision/ultralytics_yolo/runtime/python/README.md",
      "href": "../../model/README.md"
    },
    {
      "page": "samples/vision/ultralytics_yolo/runtime/python/README.md",
      "href": "../../model/README.md"
    },
    {
      "page": "samples/vision/ultralytics_yolo/runtime/python/README.md",
      "href": "../../model/README.md"
    },
    {
      "page": "samples/vision/ultralytics_yolo/runtime/python/README.md",
      "href": "../../model/README.md"
    },
    {
      "page": "samples/vision/ultralytics_yolo/runtime/python/README.md",
      "href": "../../model/README.md#maintained-scope"
    },
    {
      "page": "samples/vision/ultralytics_yolo/runtime/python/README_cn.md",
      "href": "README.md"
    },
    {
      "page": "samples/vision/ultralytics_yolo/runtime/python/README_cn.md",
      "href": "../../conversion/README_cn.md"
    },
    {
      "page": "samples/vision/ultralytics_yolo/runtime/python/README_cn.md",
      "href": "../../evaluator/README_cn.md"
    },
    {
      "page": "samples/vision/ultralytics_yolo/runtime/python/README_cn.md",
      "href": "../../model/README_cn.md"
    },
    {
      "page": "samples/vision/ultralytics_yolo/runtime/python/README_cn.md",
      "href": "../../DETECTION_CONTRACT.md"
    },
    {
      "page": "samples/vision/ultralytics_yolo/runtime/python/README_cn.md",
      "href": "../../model/README_cn.md"
    },
    {
      "page": "samples/vision/ultralytics_yolo/runtime/python/README_cn.md",
      "href": "../../model/README_cn.md"
    },
    {
      "page": "samples/vision/ultralytics_yolo/runtime/python/README_cn.md",
      "href": "../../model/README_cn.md"
    },
    {
      "page": "samples/vision/ultralytics_yolo/runtime/python/README_cn.md",
      "href": "../../model/README_cn.md"
    },
    {
      "page": "samples/vision/ultralytics_yolo/runtime/python/README_cn.md",
      "href": "../../model/README_cn.md"
    },
    {
      "page": "samples/vision/ultralytics_yolo/runtime/python/README_cn.md",
      "href": "../../model/README_cn.md"
    },
    {
      "page": "samples/vision/ultralytics_yolo/runtime/python/README_cn.md",
      "href": "../../model/README_cn.md#maintained-scope"
    },
    {
      "page": "samples/vision/ultralytics_yolo/runtime/cpp/README.md",
      "href": "README_cn.md"
    },
    {
      "page": "samples/vision/ultralytics_yolo/runtime/cpp/README.md",
      "href": "../python/README.md"
    },
    {
      "page": "samples/vision/ultralytics_yolo/runtime/cpp/README.md",
      "href": "../../model/README.md"
    },
    {
      "page": "samples/vision/ultralytics_yolo/runtime/cpp/README_cn.md",
      "href": "README.md"
    },
    {
      "page": "samples/vision/ultralytics_yolo/runtime/cpp/README_cn.md",
      "href": "../python/README_cn.md"
    },
    {
      "page": "samples/vision/ultralytics_yolo/runtime/cpp/README_cn.md",
      "href": "../../model/README_cn.md"
    },
    {
      "page": "samples/vision/ultralytics_yolo/DETECTION_CONTRACT.md",
      "href": "../../../docs/releases/unified-migration/2026-09-16-pilot-validation.md"
    },
    {
      "page": "samples/vision/ultralytics_yolo/DETECTION_CONTRACT.md",
      "href": "../../../docs/releases/unified-migration/2026-09-16-p2-validation.md"
    }
  ],
  "api_fixture_runs": [
    {
      "page": "samples/vision/ultralytics_yolo/runtime/python/README.md",
      "sdk_calls": 2,
      "stdout": "(1, 4) (1,) (1,)\n",
      "results": 1,
      "raw_box_dtype": "float32"
    },
    {
      "page": "samples/vision/ultralytics_yolo/runtime/python/README_cn.md",
      "sdk_calls": 2,
      "stdout": "(1, 4) (1,) (1,)\n",
      "results": 1,
      "raw_box_dtype": "float32"
    },
    {
      "page": "samples/vision/ultralytics_yolo/runtime/python/README.md",
      "task": "segmentation",
      "sdk_calls": 2,
      "stdout": "(1, 4) (1,) (1,) [(270, 270)]\n",
      "masks": 1,
      "raw_prototype_dtype": "float32",
      "raw_prototype_shape": [
        1,
        32,
        16,
        16
      ]
    },
    {
      "page": "samples/vision/ultralytics_yolo/runtime/python/README_cn.md",
      "task": "segmentation",
      "sdk_calls": 2,
      "stdout": "(1, 4) (1,) (1,) [(270, 270)]\n",
      "masks": 1,
      "raw_prototype_dtype": "float32",
      "raw_prototype_shape": [
        1,
        32,
        16,
        16
      ]
    },
    {
      "page": "samples/vision/ultralytics_yolo/runtime/python/README.md",
      "task": "pose",
      "sdk_calls": 2,
      "stdout": "(1, 4) (1, 17, 2) (1, 17, 1) 17\n",
      "raw_dtype": "float32",
      "score_domain": "probabilities"
    },
    {
      "page": "samples/vision/ultralytics_yolo/runtime/python/README_cn.md",
      "task": "pose",
      "sdk_calls": 2,
      "stdout": "(1, 4) (1, 17, 2) (1, 17, 1) 17\n",
      "raw_dtype": "float32",
      "score_domain": "probabilities"
    },
    {
      "page": "samples/vision/ultralytics_yolo/runtime/python/README.md",
      "task": "classify",
      "sdk_calls": 2,
      "stdout": "[(999, 0.01588844321668148), (998, 0.015636000782251358), (997, 0.015387569554150105), (996, 0.015143085271120071), (995, 0.01490248553454876)]\n",
      "raw_identity": true,
      "rank_count": 5
    },
    {
      "page": "samples/vision/ultralytics_yolo/runtime/python/README_cn.md",
      "task": "classify",
      "sdk_calls": 2,
      "stdout": "[(999, 0.01588844321668148), (998, 0.015636000782251358), (997, 0.015387569554150105), (996, 0.015143085271120071), (995, 0.01490248553454876)]\n",
      "raw_identity": true,
      "rank_count": 5
    },
    {
      "page": "samples/vision/ultralytics_yolo/runtime/python/README.md",
      "task": "S-v10",
      "sdk_calls": 2,
      "stdout": "(1, 4) (1,) (1,)\n",
      "raw_identity": true,
      "nms": "none"
    },
    {
      "page": "samples/vision/ultralytics_yolo/runtime/python/README_cn.md",
      "task": "S-v10",
      "sdk_calls": 2,
      "stdout": "(1, 4) (1,) (1,)\n",
      "raw_identity": true,
      "nms": "none"
    },
    {
      "page": "samples/vision/ultralytics_yolo/runtime/python/README.md",
      "task": "YOLO26-pose",
      "sdk_calls": 2,
      "stdout": "(1, 4) (1, 17, 2) (1, 17, 1)\n",
      "raw_identity": true,
      "box_encoding": "ltrb"
    },
    {
      "page": "samples/vision/ultralytics_yolo/runtime/python/README_cn.md",
      "task": "YOLO26-pose",
      "sdk_calls": 2,
      "stdout": "(1, 4) (1, 17, 2) (1, 17, 1)\n",
      "raw_identity": true,
      "box_encoding": "ltrb"
    },
    {
      "page": "samples/vision/ultralytics_yolo/runtime/python/README.md",
      "task": "YOLO26-segment",
      "sdk_calls": 2,
      "stdout": "(1, 4) [(270, 270)]\n",
      "raw_identity": true,
      "mask_dtype": "bool"
    },
    {
      "page": "samples/vision/ultralytics_yolo/runtime/python/README_cn.md",
      "task": "YOLO26-segment",
      "sdk_calls": 2,
      "stdout": "(1, 4) [(270, 270)]\n",
      "raw_identity": true,
      "mask_dtype": "bool"
    },
    {
      "page": "samples/vision/ultralytics_yolo/runtime/python/README.md",
      "task": "YOLO26-obb",
      "sdk_calls": 2,
      "stdout": "2 0.9975274205207825 (337.5, 472.5, 270.0, 270.0, 0.30000001192092896)\n",
      "raw_identity": true,
      "angle_units": "radians"
    },
    {
      "page": "samples/vision/ultralytics_yolo/runtime/python/README_cn.md",
      "task": "YOLO26-obb",
      "sdk_calls": 2,
      "stdout": "2 0.9975274205207825 (337.5, 472.5, 270.0, 270.0, 0.30000001192092896)\n",
      "raw_identity": true,
      "angle_units": "radians"
    }
  ],
  "real_sdk": "not-run",
  "board": "not-run",
  "yoloe_local_links": [
    {
      "page": "samples/vision/yoloe/README.md",
      "href": "../../../platforms/x5/samples/vision/yoloe/README.md"
    },
    {
      "page": "samples/vision/yoloe/README.md",
      "href": "../../../platforms/s/samples/vision/yoloe26_seg/README.md"
    },
    {
      "page": "samples/vision/yoloe/README.md",
      "href": "../../../platforms/s/samples/vision/yoloe26_seg/evaluator/README.md"
    },
    {
      "page": "samples/vision/yoloe/README.md",
      "href": "model/README.md"
    },
    {
      "page": "samples/vision/yoloe/README.md",
      "href": "conversion/README.md"
    },
    {
      "page": "samples/vision/yoloe/README.md",
      "href": "evaluator/README.md"
    },
    {
      "page": "samples/vision/yoloe/README.md",
      "href": "runtime/python/README.md"
    },
    {
      "page": "samples/vision/yoloe/README.md",
      "href": "test_data/README.md"
    },
    {
      "page": "samples/vision/yoloe/README.md",
      "href": "../../../platforms/x5/samples/vision/yoloe/conversion/README.md"
    },
    {
      "page": "samples/vision/yoloe/README.md",
      "href": "../../../platforms/s/samples/vision/yoloe11_seg/conversion/README.md"
    },
    {
      "page": "samples/vision/yoloe/README.md",
      "href": "../../../platforms/s/samples/vision/yoloe26_seg/conversion/README.md"
    },
    {
      "page": "samples/vision/yoloe/README.md",
      "href": "runtime/cpp/README.md"
    },
    {
      "page": "samples/vision/yoloe/README.md",
      "href": "../../../platforms/s/samples/vision/yoloe11_seg/runtime/cpp/README.md"
    },
    {
      "page": "samples/vision/yoloe/README.md",
      "href": "../../../platforms/s/samples/vision/yoloe26_seg/runtime/cpp/README.md"
    },
    {
      "page": "samples/vision/yoloe/README.md",
      "href": "../../../platforms/x5/samples/vision/yoloe/evaluator/README.md"
    },
    {
      "page": "samples/vision/yoloe/README.md",
      "href": "../../../platforms/s/samples/vision/yoloe26_seg/evaluator/README.md"
    },
    {
      "page": "samples/vision/yoloe/README.md",
      "href": "../../../LICENSE"
    },
    {
      "page": "samples/vision/yoloe/README_cn.md",
      "href": "../../../platforms/x5/samples/vision/yoloe/README_cn.md"
    },
    {
      "page": "samples/vision/yoloe/README_cn.md",
      "href": "../../../platforms/s/samples/vision/yoloe26_seg/README_cn.md"
    },
    {
      "page": "samples/vision/yoloe/README_cn.md",
      "href": "../../../platforms/s/samples/vision/yoloe26_seg/evaluator/README_cn.md"
    },
    {
      "page": "samples/vision/yoloe/README_cn.md",
      "href": "model/README_cn.md"
    },
    {
      "page": "samples/vision/yoloe/README_cn.md",
      "href": "conversion/README_cn.md"
    },
    {
      "page": "samples/vision/yoloe/README_cn.md",
      "href": "evaluator/README_cn.md"
    },
    {
      "page": "samples/vision/yoloe/README_cn.md",
      "href": "runtime/python/README_cn.md"
    },
    {
      "page": "samples/vision/yoloe/README_cn.md",
      "href": "test_data/README_cn.md"
    },
    {
      "page": "samples/vision/yoloe/README_cn.md",
      "href": "../../../platforms/x5/samples/vision/yoloe/conversion/README_cn.md"
    },
    {
      "page": "samples/vision/yoloe/README_cn.md",
      "href": "../../../platforms/s/samples/vision/yoloe11_seg/conversion/README.md"
    },
    {
      "page": "samples/vision/yoloe/README_cn.md",
      "href": "../../../platforms/s/samples/vision/yoloe26_seg/conversion/README_cn.md"
    },
    {
      "page": "samples/vision/yoloe/README_cn.md",
      "href": "runtime/cpp/README_cn.md"
    },
    {
      "page": "samples/vision/yoloe/README_cn.md",
      "href": "../../../platforms/s/samples/vision/yoloe11_seg/runtime/cpp/README.md"
    },
    {
      "page": "samples/vision/yoloe/README_cn.md",
      "href": "../../../platforms/s/samples/vision/yoloe26_seg/runtime/cpp/README_cn.md"
    },
    {
      "page": "samples/vision/yoloe/README_cn.md",
      "href": "../../../platforms/x5/samples/vision/yoloe/evaluator/README_cn.md"
    },
    {
      "page": "samples/vision/yoloe/README_cn.md",
      "href": "../../../platforms/s/samples/vision/yoloe26_seg/evaluator/README_cn.md"
    },
    {
      "page": "samples/vision/yoloe/README_cn.md",
      "href": "../../../LICENSE"
    },
    {
      "page": "samples/vision/yoloe/evaluator/README.md",
      "href": "README_cn.md"
    },
    {
      "page": "samples/vision/yoloe/evaluator/README.md",
      "href": "../runtime/python/README.md"
    },
    {
      "page": "samples/vision/yoloe/evaluator/README.md",
      "href": "../../../../platforms/x5/datasets/coco/README.md"
    },
    {
      "page": "samples/vision/yoloe/evaluator/README.md",
      "href": "../../../../platforms/s/datasets/coco/README.md"
    },
    {
      "page": "samples/vision/yoloe/evaluator/README.md",
      "href": "../test_data/classes.names"
    },
    {
      "page": "samples/vision/yoloe/evaluator/README.md",
      "href": "mapping.example.json"
    },
    {
      "page": "samples/vision/yoloe/evaluator/README.md",
      "href": "../conversion/README.md"
    },
    {
      "page": "samples/vision/yoloe/evaluator/README.md",
      "href": "../../../../platforms/x5/samples/vision/yoloe/evaluator/README.md"
    },
    {
      "page": "samples/vision/yoloe/evaluator/README.md",
      "href": "../../../../platforms/s/samples/vision/yoloe26_seg/evaluator/README.md"
    },
    {
      "page": "samples/vision/yoloe/evaluator/README.md",
      "href": "../../../../platforms/s/samples/vision/yoloe11_seg/evaluator/README.md"
    },
    {
      "page": "samples/vision/yoloe/evaluator/README.md",
      "href": "../../../../docs/releases/unified-migration/2026-09-28-yoloe-evaluation-review.md"
    },
    {
      "page": "samples/vision/yoloe/evaluator/README_cn.md",
      "href": "README.md"
    },
    {
      "page": "samples/vision/yoloe/evaluator/README_cn.md",
      "href": "../runtime/python/README_cn.md"
    },
    {
      "page": "samples/vision/yoloe/evaluator/README_cn.md",
      "href": "../../../../platforms/x5/datasets/coco/README.md"
    },
    {
      "page": "samples/vision/yoloe/evaluator/README_cn.md",
      "href": "../../../../platforms/s/datasets/coco/README.md"
    },
    {
      "page": "samples/vision/yoloe/evaluator/README_cn.md",
      "href": "../test_data/classes.names"
    },
    {
      "page": "samples/vision/yoloe/evaluator/README_cn.md",
      "href": "mapping.example.json"
    },
    {
      "page": "samples/vision/yoloe/evaluator/README_cn.md",
      "href": "../conversion/README_cn.md"
    },
    {
      "page": "samples/vision/yoloe/evaluator/README_cn.md",
      "href": "../../../../platforms/x5/samples/vision/yoloe/evaluator/README_cn.md"
    },
    {
      "page": "samples/vision/yoloe/evaluator/README_cn.md",
      "href": "../../../../platforms/s/samples/vision/yoloe26_seg/evaluator/README_cn.md"
    },
    {
      "page": "samples/vision/yoloe/evaluator/README_cn.md",
      "href": "../../../../platforms/s/samples/vision/yoloe11_seg/evaluator/README.md"
    },
    {
      "page": "samples/vision/yoloe/evaluator/README_cn.md",
      "href": "../../../../docs/releases/unified-migration/2026-09-28-yoloe-evaluation-review.md"
    },
    {
      "page": "samples/vision/yoloe/model/README.md",
      "href": "../test_data/classes.names"
    },
    {
      "page": "samples/vision/yoloe/model/README.md",
      "href": "../test_data/office_desk.jpg"
    },
    {
      "page": "samples/vision/yoloe/model/README.md",
      "href": "../conversion/README.md"
    },
    {
      "page": "samples/vision/yoloe/model/README_cn.md",
      "href": "../test_data/classes.names"
    },
    {
      "page": "samples/vision/yoloe/model/README_cn.md",
      "href": "../test_data/office_desk.jpg"
    },
    {
      "page": "samples/vision/yoloe/model/README_cn.md",
      "href": "../conversion/README_cn.md"
    },
    {
      "page": "samples/vision/yoloe/conversion/README.md",
      "href": "../../../../platforms/x5/samples/vision/yoloe/conversion/README.md"
    },
    {
      "page": "samples/vision/yoloe/conversion/README.md",
      "href": "../../../../platforms/s/samples/vision/yoloe11_seg/conversion/README.md"
    },
    {
      "page": "samples/vision/yoloe/conversion/README.md",
      "href": "../../../../platforms/s/samples/vision/yoloe26_seg/conversion/README.md"
    },
    {
      "page": "samples/vision/yoloe/conversion/README.md",
      "href": "export.py"
    },
    {
      "page": "samples/vision/yoloe/conversion/README.md",
      "href": "../../../../docs/releases/unified-migration/2026-09-28-yoloe-export-review.md"
    },
    {
      "page": "samples/vision/yoloe/conversion/README.md",
      "href": "../../../../platforms/x5/samples/vision/yoloe/conversion/onnx_export/export_yoloe11seg_bpu.py"
    },
    {
      "page": "samples/vision/yoloe/conversion/README.md",
      "href": "../../../../platforms/s/samples/vision/yoloe26_seg/conversion/onnx_export/export_yoloe26_seg_pf.py"
    },
    {
      "page": "samples/vision/yoloe/conversion/README.md",
      "href": "../test_data/classes.names"
    },
    {
      "page": "samples/vision/yoloe/conversion/README.md",
      "href": "../model/README.md"
    },
    {
      "page": "samples/vision/yoloe/conversion/README.md",
      "href": "../evaluator/README.md"
    },
    {
      "page": "samples/vision/yoloe/conversion/README.md",
      "href": "../../../../docs/releases/unified-migration/2026-09-28-yoloe-evaluation-review.md"
    },
    {
      "page": "samples/vision/yoloe/conversion/README_cn.md",
      "href": "../../../../platforms/x5/samples/vision/yoloe/conversion/README_cn.md"
    },
    {
      "page": "samples/vision/yoloe/conversion/README_cn.md",
      "href": "../../../../platforms/s/samples/vision/yoloe11_seg/conversion/README.md"
    },
    {
      "page": "samples/vision/yoloe/conversion/README_cn.md",
      "href": "../../../../platforms/s/samples/vision/yoloe26_seg/conversion/README_cn.md"
    },
    {
      "page": "samples/vision/yoloe/conversion/README_cn.md",
      "href": "export.py"
    },
    {
      "page": "samples/vision/yoloe/conversion/README_cn.md",
      "href": "../../../../docs/releases/unified-migration/2026-09-28-yoloe-export-review.md"
    },
    {
      "page": "samples/vision/yoloe/conversion/README_cn.md",
      "href": "../../../../platforms/x5/samples/vision/yoloe/conversion/onnx_export/export_yoloe11seg_bpu.py"
    },
    {
      "page": "samples/vision/yoloe/conversion/README_cn.md",
      "href": "../../../../platforms/s/samples/vision/yoloe26_seg/conversion/onnx_export/export_yoloe26_seg_pf.py"
    },
    {
      "page": "samples/vision/yoloe/conversion/README_cn.md",
      "href": "../test_data/classes.names"
    },
    {
      "page": "samples/vision/yoloe/conversion/README_cn.md",
      "href": "../model/README_cn.md"
    },
    {
      "page": "samples/vision/yoloe/conversion/README_cn.md",
      "href": "../evaluator/README_cn.md"
    },
    {
      "page": "samples/vision/yoloe/conversion/README_cn.md",
      "href": "../../../../docs/releases/unified-migration/2026-09-28-yoloe-evaluation-review.md"
    },
    {
      "page": "samples/vision/yoloe/runtime/python/README.md",
      "href": "../../README.md#prerequisites"
    },
    {
      "page": "samples/vision/yoloe/runtime/python/README.md",
      "href": "../../conversion/README.md"
    },
    {
      "page": "samples/vision/yoloe/runtime/python/README_cn.md",
      "href": "../../README_cn.md#prerequisites"
    },
    {
      "page": "samples/vision/yoloe/runtime/python/README_cn.md",
      "href": "../../conversion/README_cn.md"
    },
    {
      "page": "samples/vision/yoloe/runtime/cpp/README.md",
      "href": "README_cn.md"
    },
    {
      "page": "samples/vision/yoloe/runtime/cpp/README.md",
      "href": "../python/README.md"
    },
    {
      "page": "samples/vision/yoloe/runtime/cpp/README.md",
      "href": "../../../../../platforms/s/samples/vision/yoloe11_seg/runtime/cpp/README.md"
    },
    {
      "page": "samples/vision/yoloe/runtime/cpp/README.md",
      "href": "../../../../../platforms/s/samples/vision/yoloe26_seg/runtime/cpp/README.md"
    },
    {
      "page": "samples/vision/yoloe/runtime/cpp/README.md",
      "href": "../../conversion/README.md"
    },
    {
      "page": "samples/vision/yoloe/runtime/cpp/README.md",
      "href": "../../../../../docs/releases/unified-migration/2026-09-28-yoloe-cpp-kernels-review.md"
    },
    {
      "page": "samples/vision/yoloe/runtime/cpp/README.md",
      "href": "../../../../../docs/releases/unified-migration/2026-09-28-yoloe-cpp-e11-review.md"
    },
    {
      "page": "samples/vision/yoloe/runtime/cpp/README.md",
      "href": "../../../../../docs/releases/unified-migration/2026-09-28-yoloe-cpp-masks-review.md"
    },
    {
      "page": "samples/vision/yoloe/runtime/cpp/README_cn.md",
      "href": "README.md"
    },
    {
      "page": "samples/vision/yoloe/runtime/cpp/README_cn.md",
      "href": "../python/README_cn.md"
    },
    {
      "page": "samples/vision/yoloe/runtime/cpp/README_cn.md",
      "href": "../../../../../platforms/s/samples/vision/yoloe11_seg/runtime/cpp/README.md"
    },
    {
      "page": "samples/vision/yoloe/runtime/cpp/README_cn.md",
      "href": "../../../../../platforms/s/samples/vision/yoloe26_seg/runtime/cpp/README_cn.md"
    },
    {
      "page": "samples/vision/yoloe/runtime/cpp/README_cn.md",
      "href": "../../conversion/README_cn.md"
    },
    {
      "page": "samples/vision/yoloe/runtime/cpp/README_cn.md",
      "href": "../../../../../docs/releases/unified-migration/2026-09-28-yoloe-cpp-kernels-review.md"
    },
    {
      "page": "samples/vision/yoloe/runtime/cpp/README_cn.md",
      "href": "../../../../../docs/releases/unified-migration/2026-09-28-yoloe-cpp-e11-review.md"
    },
    {
      "page": "samples/vision/yoloe/runtime/cpp/README_cn.md",
      "href": "../../../../../docs/releases/unified-migration/2026-09-28-yoloe-cpp-masks-review.md"
    }
  ]
}
