FFFFFFFFF
======================================================================
FAIL: test_only_runtime_dequantized_float_outputs_are_accepted (test_yolo_scope.MaintainedScope.test_only_runtime_dequantized_float_outputs_are_accepted) (dtype=<class 'numpy.int8'>)
----------------------------------------------------------------------
Traceback (most recent call last):
  File "/Users/Max/Workspace/company/development/RDK_MODEL_ZOO/rdk-b7-board-integration/samples/vision/ultralytics_yolo/tests/test_yolo_scope.py", line 37, in test_only_runtime_dequantized_float_outputs_are_accepted
    with self.subTest(dtype=dtype),self.assertRaisesRegex(ValueError,'floating|floating-point|float'):
                                   ~~~~~~~~~~~~~~~~~~~~~~^^^^^^^^^^^^^^^^^^^^^^^^^^^^^^^^^^^^^^^^^^^^
AssertionError: ValueError not raised

======================================================================
FAIL: test_only_runtime_dequantized_float_outputs_are_accepted (test_yolo_scope.MaintainedScope.test_only_runtime_dequantized_float_outputs_are_accepted) (dtype=<class 'numpy.int16'>)
----------------------------------------------------------------------
Traceback (most recent call last):
  File "/Users/Max/Workspace/company/development/RDK_MODEL_ZOO/rdk-b7-board-integration/samples/vision/ultralytics_yolo/tests/test_yolo_scope.py", line 37, in test_only_runtime_dequantized_float_outputs_are_accepted
    with self.subTest(dtype=dtype),self.assertRaisesRegex(ValueError,'floating|floating-point|float'):
                                   ~~~~~~~~~~~~~~~~~~~~~~^^^^^^^^^^^^^^^^^^^^^^^^^^^^^^^^^^^^^^^^^^^^
AssertionError: ValueError not raised

======================================================================
FAIL: test_only_runtime_dequantized_float_outputs_are_accepted (test_yolo_scope.MaintainedScope.test_only_runtime_dequantized_float_outputs_are_accepted) (dtype=<class 'numpy.int32'>)
----------------------------------------------------------------------
Traceback (most recent call last):
  File "/Users/Max/Workspace/company/development/RDK_MODEL_ZOO/rdk-b7-board-integration/samples/vision/ultralytics_yolo/tests/test_yolo_scope.py", line 37, in test_only_runtime_dequantized_float_outputs_are_accepted
    with self.subTest(dtype=dtype),self.assertRaisesRegex(ValueError,'floating|floating-point|float'):
                                   ~~~~~~~~~~~~~~~~~~~~~~^^^^^^^^^^^^^^^^^^^^^^^^^^^^^^^^^^^^^^^^^^^^
AssertionError: ValueError not raised

======================================================================
FAIL: test_only_runtime_dequantized_float_outputs_are_accepted (test_yolo_scope.MaintainedScope.test_only_runtime_dequantized_float_outputs_are_accepted) (dtype=<class 'numpy.float32'>)
----------------------------------------------------------------------
Traceback (most recent call last):
  File "/Users/Max/Workspace/company/development/RDK_MODEL_ZOO/rdk-b7-board-integration/samples/vision/ultralytics_yolo/tests/test_yolo_scope.py", line 37, in test_only_runtime_dequantized_float_outputs_are_accepted
    with self.subTest(dtype=dtype),self.assertRaisesRegex(ValueError,'floating|floating-point|float'):
                                   ~~~~~~~~~~~~~~~~~~~~~~^^^^^^^^^^^^^^^^^^^^^^^^^^^^^^^^^^^^^^^^^^^^
AssertionError: ValueError not raised

======================================================================
FAIL: test_removed_standalone_ids_cannot_be_resolved (test_yolo_scope.MaintainedScope.test_removed_standalone_ids_cannot_be_resolved) (sample='yolo11')
----------------------------------------------------------------------
Traceback (most recent call last):
  File "/Users/Max/Workspace/company/development/RDK_MODEL_ZOO/rdk-b7-board-integration/samples/vision/ultralytics_yolo/tests/test_yolo_scope.py", line 22, in test_removed_standalone_ids_cannot_be_resolved
    with self.subTest(sample=sample),self.assertRaises(ValueError):resolve_asset(f's:{sample}:{filename}')
                                     ~~~~~~~~~~~~~~~~~^^^^^^^^^^^^
AssertionError: ValueError not raised

======================================================================
FAIL: test_removed_standalone_ids_cannot_be_resolved (test_yolo_scope.MaintainedScope.test_removed_standalone_ids_cannot_be_resolved) (sample='yolo11_pose')
----------------------------------------------------------------------
Traceback (most recent call last):
  File "/Users/Max/Workspace/company/development/RDK_MODEL_ZOO/rdk-b7-board-integration/samples/vision/ultralytics_yolo/tests/test_yolo_scope.py", line 22, in test_removed_standalone_ids_cannot_be_resolved
    with self.subTest(sample=sample),self.assertRaises(ValueError):resolve_asset(f's:{sample}:{filename}')
                                     ~~~~~~~~~~~~~~~~~^^^^^^^^^^^^
AssertionError: ValueError not raised

======================================================================
FAIL: test_removed_standalone_ids_cannot_be_resolved (test_yolo_scope.MaintainedScope.test_removed_standalone_ids_cannot_be_resolved) (sample='yolo11_seg')
----------------------------------------------------------------------
Traceback (most recent call last):
  File "/Users/Max/Workspace/company/development/RDK_MODEL_ZOO/rdk-b7-board-integration/samples/vision/ultralytics_yolo/tests/test_yolo_scope.py", line 22, in test_removed_standalone_ids_cannot_be_resolved
    with self.subTest(sample=sample),self.assertRaises(ValueError):resolve_asset(f's:{sample}:{filename}')
                                     ~~~~~~~~~~~~~~~~~^^^^^^^^^^^^
AssertionError: ValueError not raised

======================================================================
FAIL: test_removed_standalone_ids_cannot_be_resolved (test_yolo_scope.MaintainedScope.test_removed_standalone_ids_cannot_be_resolved) (sample='yolov13_imoonlab')
----------------------------------------------------------------------
Traceback (most recent call last):
  File "/Users/Max/Workspace/company/development/RDK_MODEL_ZOO/rdk-b7-board-integration/samples/vision/ultralytics_yolo/tests/test_yolo_scope.py", line 22, in test_removed_standalone_ids_cannot_be_resolved
    with self.subTest(sample=sample),self.assertRaises(ValueError):resolve_asset(f's:{sample}:{filename}')
                                     ~~~~~~~~~~~~~~~~~^^^^^^^^^^^^
AssertionError: ValueError not raised

======================================================================
FAIL: test_s_imoonlab_family_removed_without_removing_unified_yolo (test_yolo_scope.MaintainedScope.test_s_imoonlab_family_removed_without_removing_unified_yolo)
----------------------------------------------------------------------
Traceback (most recent call last):
  File "/Users/Max/Workspace/company/development/RDK_MODEL_ZOO/rdk-b7-board-integration/samples/vision/ultralytics_yolo/tests/test_yolo_scope.py", line 26, in test_s_imoonlab_family_removed_without_removing_unified_yolo
    self.assertNotIn('yolov13',families)
    ~~~~~~~~~~~~~~~~^^^^^^^^^^^^^^^^^^^^
AssertionError: 'yolov13' unexpectedly found in ('yolo26', 'yolov5u', 'yolov8', 'yolov9', 'yolov10', 'yolo11', 'yolo12', 'yolov13')

----------------------------------------------------------------------
Ran 3 tests in 0.057s

FAILED (failures=9)
