sample: samples/vision/ultralytics_yolo
  R-SCOPE docs/releases/unified-migration/x5-s-migration-map.md progress row sample 'ultralytics_yolo 收编 yolo11' has no directory under /Users/Max/Workspace/company/development/RDK_MODEL_ZOO/rdk-b7-board-integration/samples
  skipped R-STAGE-PURITY samples/vision/ultralytics_yolo/runtime/python/main.py: policy skip: CLI layer: saving output and argument handling live here
sample: samples/vision/resnet
  skipped R-STAGE-PURITY samples/vision/resnet/runtime/python/legacy.py: policy skip: documented compatibility shim (inference-contract §4)
  skipped R-STAGE-PURITY samples/vision/resnet/runtime/python/main.py: policy skip: CLI layer: saving output and argument handling live here
sample: samples/vision/paddle_ocr
  skipped R-STAGE-PURITY samples/vision/paddle_ocr/runtime/python/main.py: policy skip: CLI layer: saving output and argument handling live here
sample: samples/vision/mobilenetv1
  skipped R-STAGE-PURITY samples/vision/mobilenetv1/runtime/python/main.py: policy skip: CLI layer: saving output and argument handling live here
sample: samples/vision/mobilenetv2
  skipped R-STAGE-PURITY samples/vision/mobilenetv2/runtime/python/main.py: policy skip: CLI layer: saving output and argument handling live here
sample: samples/vision/mobilenetv3
  skipped R-STAGE-PURITY samples/vision/mobilenetv3/runtime/python/main.py: policy skip: CLI layer: saving output and argument handling live here
sample: samples/vision/mobilenetv4
  skipped R-STAGE-PURITY samples/vision/mobilenetv4/runtime/python/main.py: policy skip: CLI layer: saving output and argument handling live here
sample: samples/vision/efficientnet
  skipped R-STAGE-PURITY samples/vision/efficientnet/runtime/python/main.py: policy skip: CLI layer: saving output and argument handling live here
sample: samples/vision/efficientformer
  skipped R-STAGE-PURITY samples/vision/efficientformer/runtime/python/main.py: policy skip: CLI layer: saving output and argument handling live here
sample: samples/vision/efficientformerv2
  skipped R-STAGE-PURITY samples/vision/efficientformerv2/runtime/python/main.py: policy skip: CLI layer: saving output and argument handling live here
sample: samples/vision/efficientvit
  skipped R-STAGE-PURITY samples/vision/efficientvit/runtime/python/main.py: policy skip: CLI layer: saving output and argument handling live here
sample: samples/vision/convnext
  skipped R-STAGE-PURITY samples/vision/convnext/runtime/python/main.py: policy skip: CLI layer: saving output and argument handling live here
sample: samples/vision/edgenext
  skipped R-STAGE-PURITY samples/vision/edgenext/runtime/python/main.py: policy skip: CLI layer: saving output and argument handling live here
sample: samples/vision/fasternet
  skipped R-STAGE-PURITY samples/vision/fasternet/runtime/python/main.py: policy skip: CLI layer: saving output and argument handling live here
sample: samples/vision/fastvit
  skipped R-STAGE-PURITY samples/vision/fastvit/runtime/python/main.py: policy skip: CLI layer: saving output and argument handling live here
sample: samples/vision/repghost
  skipped R-STAGE-PURITY samples/vision/repghost/runtime/python/main.py: policy skip: CLI layer: saving output and argument handling live here
sample: samples/vision/repvgg
  skipped R-STAGE-PURITY samples/vision/repvgg/runtime/python/main.py: policy skip: CLI layer: saving output and argument handling live here
sample: samples/vision/repvit
  skipped R-STAGE-PURITY samples/vision/repvit/runtime/python/main.py: policy skip: CLI layer: saving output and argument handling live here
sample: samples/vision/mobileone
  skipped R-STAGE-PURITY samples/vision/mobileone/runtime/python/main.py: policy skip: CLI layer: saving output and argument handling live here
sample: samples/vision/resnext
  skipped R-STAGE-PURITY samples/vision/resnext/runtime/python/main.py: policy skip: CLI layer: saving output and argument handling live here
sample: samples/vision/vargconvnet
  skipped R-STAGE-PURITY samples/vision/vargconvnet/runtime/python/main.py: policy skip: CLI layer: saving output and argument handling live here
sample: samples/vision/googlenet
  skipped R-STAGE-PURITY samples/vision/googlenet/runtime/python/main.py: policy skip: CLI layer: saving output and argument handling live here
sample: samples/vision/hgnetv2
  skipped R-STAGE-PURITY samples/vision/hgnetv2/runtime/python/main.py: policy skip: CLI layer: saving output and argument handling live here
sample: samples/vision/clip
  skipped R-STAGE-PURITY samples/vision/clip/runtime/python/main.py: policy skip: CLI layer: saving output and argument handling live here
sample: samples/vision/siglip
  skipped R-STAGE-PURITY samples/vision/siglip/runtime/python/main.py: policy skip: CLI layer: saving output and argument handling live here
sample: samples/vision/dinov2
  skipped R-STAGE-PURITY samples/vision/dinov2/runtime/python/main.py: policy skip: CLI layer: saving output and argument handling live here
sample: samples/vision/vit
  skipped R-STAGE-PURITY samples/vision/vit/runtime/python/main.py: policy skip: CLI layer: saving output and argument handling live here
sample: samples/vision/3dresnet
  skipped R-STAGE-PURITY samples/vision/3dresnet/runtime/python/main.py: policy skip: CLI layer: saving output and argument handling live here
sample: samples/vision/efficient_sam
  skipped R-STAGE-PURITY samples/vision/efficient_sam/runtime/python/main.py: policy skip: CLI layer: saving output and argument handling live here
sample: samples/vision/mobile_sam
  skipped R-STAGE-PURITY samples/vision/mobile_sam/runtime/python/main.py: policy skip: CLI layer: saving output and argument handling live here
sample: samples/vision/yolov5
  skipped R-STAGE-PURITY samples/vision/yolov5/runtime/python/main.py: policy skip: CLI layer: saving output and argument handling live here
sample: samples/vision/fcos
  skipped R-STAGE-PURITY samples/vision/fcos/runtime/python/main.py: policy skip: CLI layer: saving output and argument handling live here
sample: samples/vision/yoloworld
  skipped R-STAGE-PURITY samples/vision/yoloworld/runtime/python/main.py: policy skip: CLI layer: saving output and argument handling live here
sample: samples/vision/lprnet
  skipped R-STAGE-PURITY samples/vision/lprnet/runtime/python/main.py: policy skip: CLI layer: saving output and argument handling live here
sample: samples/vision/modnet
  skipped R-STAGE-PURITY samples/vision/modnet/runtime/python/main.py: policy skip: CLI layer: saving output and argument handling live here
sample: samples/vision/bytetrack
  skipped R-STAGE-PURITY samples/vision/bytetrack/runtime/python/main.py: policy skip: CLI layer: saving output and argument handling live here
sample: samples/vision/unet
  skipped R-STAGE-PURITY samples/vision/unet/runtime/python/main.py: policy skip: CLI layer: saving output and argument handling live here
sample: samples/vision/unetmobilenet
  skipped R-STAGE-PURITY samples/vision/unetmobilenet/runtime/python/main.py: policy skip: CLI layer: saving output and argument handling live here
sample: samples/vision/pp_liteseg
  skipped R-STAGE-PURITY samples/vision/pp_liteseg/runtime/python/main.py: policy skip: CLI layer: saving output and argument handling live here
sample: samples/vision/yolo26_depth
  skipped R-STAGE-PURITY samples/vision/yolo26_depth/runtime/python/main.py: policy skip: CLI layer: saving output and argument handling live here
sample: samples/vision/depth_anything_v2
  skipped R-STAGE-PURITY samples/vision/depth_anything_v2/runtime/python/main.py: policy skip: CLI layer: saving output and argument handling live here
sample: samples/vision/lanenet
  skipped R-STAGE-PURITY samples/vision/lanenet/runtime/python/main.py: policy skip: CLI layer: saving output and argument handling live here
sample: samples/vision/pointnet
  skipped R-STAGE-PURITY samples/vision/pointnet/runtime/python/main.py: policy skip: CLI layer: saving output and argument handling live here
sample: samples/vision/diffusiondrive
  skipped R-STAGE-PURITY samples/vision/diffusiondrive/runtime/python/main.py: policy skip: CLI layer: saving output and argument handling live here
summary: 44 samples, 1 violations, 45 skips, 0 exemptions applied
