EEEEEEEEEEF.Eusage: download [-h] [--platform {x5,s100,s100p,s600}] [--family FAMILY]
                [--task {detect,seg,pose,cls,obb}] [--model-size MODEL_SIZE]
                [--model-dir MODEL_DIR] [--all] [--dry-run]
                [positional ...]
download: error: unrecognized arguments: --asset-id
EEFE
======================================================================
ERROR: test_all_ten_source_assets_keep_identity_url_and_isolated_path (test_standalone_assets.StandaloneAssets.test_all_ten_source_assets_keep_identity_url_and_isolated_path) (asset='s:yolo11:s100/yolo11n_detect_nashe_640x640_nv12.hbm')
----------------------------------------------------------------------
Traceback (most recent call last):
  File "/Users/Max/Workspace/company/development/RDK_MODEL_ZOO/rdk-b7-board-integration/samples/vision/ultralytics_yolo/tests/test_standalone_assets.py", line 38, in test_all_ten_source_assets_keep_identity_url_and_isolated_path
    plan = cli.describe_plan(resolve_platform(target), args)
  File "/Users/Max/Workspace/company/development/RDK_MODEL_ZOO/rdk-b7-board-integration/samples/vision/ultralytics_yolo/runtime/python/main.py", line 283, in describe_plan
    select_manifest_reference(profile, args)
    ~~~~~~~~~~~~~~~~~~~~~~~~~^^^^^^^^^^^^^^^
  File "/Users/Max/Workspace/company/development/RDK_MODEL_ZOO/rdk-b7-board-integration/samples/vision/ultralytics_yolo/runtime/python/main.py", line 251, in select_manifest_reference
    raise UnsupportedAssetError('Asset reference does not belong to this target and Sample.')
yolo_assets.UnsupportedAssetError: Asset reference does not belong to this target and Sample.

======================================================================
ERROR: test_all_ten_source_assets_keep_identity_url_and_isolated_path (test_standalone_assets.StandaloneAssets.test_all_ten_source_assets_keep_identity_url_and_isolated_path) (asset='s:yolo11:s600/yolo11n_detect_nashe_640x640_nv12.hbm')
----------------------------------------------------------------------
Traceback (most recent call last):
  File "/Users/Max/Workspace/company/development/RDK_MODEL_ZOO/rdk-b7-board-integration/samples/vision/ultralytics_yolo/tests/test_standalone_assets.py", line 38, in test_all_ten_source_assets_keep_identity_url_and_isolated_path
    plan = cli.describe_plan(resolve_platform(target), args)
  File "/Users/Max/Workspace/company/development/RDK_MODEL_ZOO/rdk-b7-board-integration/samples/vision/ultralytics_yolo/runtime/python/main.py", line 283, in describe_plan
    select_manifest_reference(profile, args)
    ~~~~~~~~~~~~~~~~~~~~~~~~~^^^^^^^^^^^^^^^
  File "/Users/Max/Workspace/company/development/RDK_MODEL_ZOO/rdk-b7-board-integration/samples/vision/ultralytics_yolo/runtime/python/main.py", line 251, in select_manifest_reference
    raise UnsupportedAssetError('Asset reference does not belong to this target and Sample.')
yolo_assets.UnsupportedAssetError: Asset reference does not belong to this target and Sample.

======================================================================
ERROR: test_all_ten_source_assets_keep_identity_url_and_isolated_path (test_standalone_assets.StandaloneAssets.test_all_ten_source_assets_keep_identity_url_and_isolated_path) (asset='s:yolo11_pose:s100/yolo11n_pose_nashe_640x640_nv12.hbm')
----------------------------------------------------------------------
Traceback (most recent call last):
  File "/Users/Max/Workspace/company/development/RDK_MODEL_ZOO/rdk-b7-board-integration/samples/vision/ultralytics_yolo/tests/test_standalone_assets.py", line 38, in test_all_ten_source_assets_keep_identity_url_and_isolated_path
    plan = cli.describe_plan(resolve_platform(target), args)
  File "/Users/Max/Workspace/company/development/RDK_MODEL_ZOO/rdk-b7-board-integration/samples/vision/ultralytics_yolo/runtime/python/main.py", line 283, in describe_plan
    select_manifest_reference(profile, args)
    ~~~~~~~~~~~~~~~~~~~~~~~~~^^^^^^^^^^^^^^^
  File "/Users/Max/Workspace/company/development/RDK_MODEL_ZOO/rdk-b7-board-integration/samples/vision/ultralytics_yolo/runtime/python/main.py", line 251, in select_manifest_reference
    raise UnsupportedAssetError('Asset reference does not belong to this target and Sample.')
yolo_assets.UnsupportedAssetError: Asset reference does not belong to this target and Sample.

======================================================================
ERROR: test_all_ten_source_assets_keep_identity_url_and_isolated_path (test_standalone_assets.StandaloneAssets.test_all_ten_source_assets_keep_identity_url_and_isolated_path) (asset='s:yolo11_pose:s600/yolo11n_pose_nashe_640x640_nv12.hbm')
----------------------------------------------------------------------
Traceback (most recent call last):
  File "/Users/Max/Workspace/company/development/RDK_MODEL_ZOO/rdk-b7-board-integration/samples/vision/ultralytics_yolo/tests/test_standalone_assets.py", line 38, in test_all_ten_source_assets_keep_identity_url_and_isolated_path
    plan = cli.describe_plan(resolve_platform(target), args)
  File "/Users/Max/Workspace/company/development/RDK_MODEL_ZOO/rdk-b7-board-integration/samples/vision/ultralytics_yolo/runtime/python/main.py", line 283, in describe_plan
    select_manifest_reference(profile, args)
    ~~~~~~~~~~~~~~~~~~~~~~~~~^^^^^^^^^^^^^^^
  File "/Users/Max/Workspace/company/development/RDK_MODEL_ZOO/rdk-b7-board-integration/samples/vision/ultralytics_yolo/runtime/python/main.py", line 251, in select_manifest_reference
    raise UnsupportedAssetError('Asset reference does not belong to this target and Sample.')
yolo_assets.UnsupportedAssetError: Asset reference does not belong to this target and Sample.

======================================================================
ERROR: test_all_ten_source_assets_keep_identity_url_and_isolated_path (test_standalone_assets.StandaloneAssets.test_all_ten_source_assets_keep_identity_url_and_isolated_path) (asset='s:yolo11_seg:s100/yolo11n_seg_nashe_640x640_nv12.hbm')
----------------------------------------------------------------------
Traceback (most recent call last):
  File "/Users/Max/Workspace/company/development/RDK_MODEL_ZOO/rdk-b7-board-integration/samples/vision/ultralytics_yolo/tests/test_standalone_assets.py", line 38, in test_all_ten_source_assets_keep_identity_url_and_isolated_path
    plan = cli.describe_plan(resolve_platform(target), args)
  File "/Users/Max/Workspace/company/development/RDK_MODEL_ZOO/rdk-b7-board-integration/samples/vision/ultralytics_yolo/runtime/python/main.py", line 283, in describe_plan
    select_manifest_reference(profile, args)
    ~~~~~~~~~~~~~~~~~~~~~~~~~^^^^^^^^^^^^^^^
  File "/Users/Max/Workspace/company/development/RDK_MODEL_ZOO/rdk-b7-board-integration/samples/vision/ultralytics_yolo/runtime/python/main.py", line 251, in select_manifest_reference
    raise UnsupportedAssetError('Asset reference does not belong to this target and Sample.')
yolo_assets.UnsupportedAssetError: Asset reference does not belong to this target and Sample.

======================================================================
ERROR: test_all_ten_source_assets_keep_identity_url_and_isolated_path (test_standalone_assets.StandaloneAssets.test_all_ten_source_assets_keep_identity_url_and_isolated_path) (asset='s:yolo11_seg:s600/yolo11n_seg_nashe_640x640_nv12.hbm')
----------------------------------------------------------------------
Traceback (most recent call last):
  File "/Users/Max/Workspace/company/development/RDK_MODEL_ZOO/rdk-b7-board-integration/samples/vision/ultralytics_yolo/tests/test_standalone_assets.py", line 38, in test_all_ten_source_assets_keep_identity_url_and_isolated_path
    plan = cli.describe_plan(resolve_platform(target), args)
  File "/Users/Max/Workspace/company/development/RDK_MODEL_ZOO/rdk-b7-board-integration/samples/vision/ultralytics_yolo/runtime/python/main.py", line 283, in describe_plan
    select_manifest_reference(profile, args)
    ~~~~~~~~~~~~~~~~~~~~~~~~~^^^^^^^^^^^^^^^
  File "/Users/Max/Workspace/company/development/RDK_MODEL_ZOO/rdk-b7-board-integration/samples/vision/ultralytics_yolo/runtime/python/main.py", line 251, in select_manifest_reference
    raise UnsupportedAssetError('Asset reference does not belong to this target and Sample.')
yolo_assets.UnsupportedAssetError: Asset reference does not belong to this target and Sample.

======================================================================
ERROR: test_all_ten_source_assets_keep_identity_url_and_isolated_path (test_standalone_assets.StandaloneAssets.test_all_ten_source_assets_keep_identity_url_and_isolated_path) (asset='s:yolov13_imoonlab:s100/yolo13n_detect_nashe_640x640_nv12.hbm')
----------------------------------------------------------------------
Traceback (most recent call last):
  File "/Users/Max/Workspace/company/development/RDK_MODEL_ZOO/rdk-b7-board-integration/samples/vision/ultralytics_yolo/tests/test_standalone_assets.py", line 38, in test_all_ten_source_assets_keep_identity_url_and_isolated_path
    plan = cli.describe_plan(resolve_platform(target), args)
  File "/Users/Max/Workspace/company/development/RDK_MODEL_ZOO/rdk-b7-board-integration/samples/vision/ultralytics_yolo/runtime/python/main.py", line 283, in describe_plan
    select_manifest_reference(profile, args)
    ~~~~~~~~~~~~~~~~~~~~~~~~~^^^^^^^^^^^^^^^
  File "/Users/Max/Workspace/company/development/RDK_MODEL_ZOO/rdk-b7-board-integration/samples/vision/ultralytics_yolo/runtime/python/main.py", line 251, in select_manifest_reference
    raise UnsupportedAssetError('Asset reference does not belong to this target and Sample.')
yolo_assets.UnsupportedAssetError: Asset reference does not belong to this target and Sample.

======================================================================
ERROR: test_all_ten_source_assets_keep_identity_url_and_isolated_path (test_standalone_assets.StandaloneAssets.test_all_ten_source_assets_keep_identity_url_and_isolated_path) (asset='s:yolov13_imoonlab:s100/yolo13s_detect_nashe_640x640_nv12.hbm')
----------------------------------------------------------------------
Traceback (most recent call last):
  File "/Users/Max/Workspace/company/development/RDK_MODEL_ZOO/rdk-b7-board-integration/samples/vision/ultralytics_yolo/tests/test_standalone_assets.py", line 38, in test_all_ten_source_assets_keep_identity_url_and_isolated_path
    plan = cli.describe_plan(resolve_platform(target), args)
  File "/Users/Max/Workspace/company/development/RDK_MODEL_ZOO/rdk-b7-board-integration/samples/vision/ultralytics_yolo/runtime/python/main.py", line 283, in describe_plan
    select_manifest_reference(profile, args)
    ~~~~~~~~~~~~~~~~~~~~~~~~~^^^^^^^^^^^^^^^
  File "/Users/Max/Workspace/company/development/RDK_MODEL_ZOO/rdk-b7-board-integration/samples/vision/ultralytics_yolo/runtime/python/main.py", line 251, in select_manifest_reference
    raise UnsupportedAssetError('Asset reference does not belong to this target and Sample.')
yolo_assets.UnsupportedAssetError: Asset reference does not belong to this target and Sample.

======================================================================
ERROR: test_all_ten_source_assets_keep_identity_url_and_isolated_path (test_standalone_assets.StandaloneAssets.test_all_ten_source_assets_keep_identity_url_and_isolated_path) (asset='s:yolov13_imoonlab:s100/yolo13l_detect_nashe_640x640_nv12.hbm')
----------------------------------------------------------------------
Traceback (most recent call last):
  File "/Users/Max/Workspace/company/development/RDK_MODEL_ZOO/rdk-b7-board-integration/samples/vision/ultralytics_yolo/tests/test_standalone_assets.py", line 38, in test_all_ten_source_assets_keep_identity_url_and_isolated_path
    plan = cli.describe_plan(resolve_platform(target), args)
  File "/Users/Max/Workspace/company/development/RDK_MODEL_ZOO/rdk-b7-board-integration/samples/vision/ultralytics_yolo/runtime/python/main.py", line 283, in describe_plan
    select_manifest_reference(profile, args)
    ~~~~~~~~~~~~~~~~~~~~~~~~~^^^^^^^^^^^^^^^
  File "/Users/Max/Workspace/company/development/RDK_MODEL_ZOO/rdk-b7-board-integration/samples/vision/ultralytics_yolo/runtime/python/main.py", line 251, in select_manifest_reference
    raise UnsupportedAssetError('Asset reference does not belong to this target and Sample.')
yolo_assets.UnsupportedAssetError: Asset reference does not belong to this target and Sample.

======================================================================
ERROR: test_all_ten_source_assets_keep_identity_url_and_isolated_path (test_standalone_assets.StandaloneAssets.test_all_ten_source_assets_keep_identity_url_and_isolated_path) (asset='s:yolov13_imoonlab:s100/yolo13x_detect_nashe_640x640_nv12.hbm')
----------------------------------------------------------------------
Traceback (most recent call last):
  File "/Users/Max/Workspace/company/development/RDK_MODEL_ZOO/rdk-b7-board-integration/samples/vision/ultralytics_yolo/tests/test_standalone_assets.py", line 38, in test_all_ten_source_assets_keep_identity_url_and_isolated_path
    plan = cli.describe_plan(resolve_platform(target), args)
  File "/Users/Max/Workspace/company/development/RDK_MODEL_ZOO/rdk-b7-board-integration/samples/vision/ultralytics_yolo/runtime/python/main.py", line 283, in describe_plan
    select_manifest_reference(profile, args)
    ~~~~~~~~~~~~~~~~~~~~~~~~~^^^^^^^^^^^^^^^
  File "/Users/Max/Workspace/company/development/RDK_MODEL_ZOO/rdk-b7-board-integration/samples/vision/ultralytics_yolo/runtime/python/main.py", line 251, in select_manifest_reference
    raise UnsupportedAssetError('Asset reference does not belong to this target and Sample.')
yolo_assets.UnsupportedAssetError: Asset reference does not belong to this target and Sample.

======================================================================
ERROR: test_downloader_rejects_asset_id_with_all_and_conflicting_task (test_standalone_assets.StandaloneAssets.test_downloader_rejects_asset_id_with_all_and_conflicting_task)
----------------------------------------------------------------------
Traceback (most recent call last):
  File "/Users/Max/Workspace/company/development/RDK_MODEL_ZOO/rdk-b7-board-integration/samples/vision/ultralytics_yolo/tests/test_standalone_assets.py", line 94, in test_downloader_rejects_asset_id_with_all_and_conflicting_task
    self.assertEqual(yolo_download.main(), 2)
                     ~~~~~~~~~~~~~~~~~~^^
  File "/Users/Max/Workspace/company/development/RDK_MODEL_ZOO/rdk-b7-board-integration/samples/vision/ultralytics_yolo/runtime/python/yolo_download.py", line 206, in main
    args = parser.parse_args()
  File "/opt/homebrew/Cellar/python@3.14/3.14.7/Frameworks/Python.framework/Versions/3.14/lib/python3.14/argparse.py", line 2012, in parse_args
    self.error(msg)
    ~~~~~~~~~~^^^^^
  File "/opt/homebrew/Cellar/python@3.14/3.14.7/Frameworks/Python.framework/Versions/3.14/lib/python3.14/argparse.py", line 2785, in error
    self.exit(2, _('%(prog)s: error: %(message)s\n') % args)
    ~~~~~~~~~^^^^^^^^^^^^^^^^^^^^^^^^^^^^^^^^^^^^^^^^^^^^^^^
  File "/opt/homebrew/Cellar/python@3.14/3.14.7/Frameworks/Python.framework/Versions/3.14/lib/python3.14/argparse.py", line 2772, in exit
    _sys.exit(status)
    ~~~~~~~~~^^^^^^^^
SystemExit: 2

======================================================================
ERROR: test_exact_downloader_dry_run_uses_same_path_and_never_downloads (test_standalone_assets.StandaloneAssets.test_exact_downloader_dry_run_uses_same_path_and_never_downloads)
----------------------------------------------------------------------
Traceback (most recent call last):
  File "/Users/Max/Workspace/company/development/RDK_MODEL_ZOO/rdk-b7-board-integration/samples/vision/ultralytics_yolo/tests/test_standalone_assets.py", line 84, in test_exact_downloader_dry_run_uses_same_path_and_never_downloads
    self.assertEqual(yolo_download.main(), 0)
                     ~~~~~~~~~~~~~~~~~~^^
  File "/Users/Max/Workspace/company/development/RDK_MODEL_ZOO/rdk-b7-board-integration/samples/vision/ultralytics_yolo/runtime/python/yolo_download.py", line 206, in main
    args = parser.parse_args()
  File "/opt/homebrew/Cellar/python@3.14/3.14.7/Frameworks/Python.framework/Versions/3.14/lib/python3.14/argparse.py", line 2012, in parse_args
    self.error(msg)
    ~~~~~~~~~~^^^^^
  File "/opt/homebrew/Cellar/python@3.14/3.14.7/Frameworks/Python.framework/Versions/3.14/lib/python3.14/argparse.py", line 2785, in error
    self.exit(2, _('%(prog)s: error: %(message)s\n') % args)
    ~~~~~~~~~^^^^^^^^^^^^^^^^^^^^^^^^^^^^^^^^^^^^^^^^^^^^^^^
  File "/opt/homebrew/Cellar/python@3.14/3.14.7/Frameworks/Python.framework/Versions/3.14/lib/python3.14/argparse.py", line 2772, in exit
    _sys.exit(status)
    ~~~~~~~~~^^^^^^^^
SystemExit: 2

======================================================================
ERROR: test_explicit_path_and_threshold_keep_caller_values (test_standalone_assets.StandaloneAssets.test_explicit_path_and_threshold_keep_caller_values)
----------------------------------------------------------------------
Traceback (most recent call last):
  File "/Users/Max/Workspace/company/development/RDK_MODEL_ZOO/rdk-b7-board-integration/samples/vision/ultralytics_yolo/tests/test_standalone_assets.py", line 73, in test_explicit_path_and_threshold_keep_caller_values
    plan = cli.describe_plan(resolve_platform('s100'), args)
  File "/Users/Max/Workspace/company/development/RDK_MODEL_ZOO/rdk-b7-board-integration/samples/vision/ultralytics_yolo/runtime/python/main.py", line 283, in describe_plan
    select_manifest_reference(profile, args)
    ~~~~~~~~~~~~~~~~~~~~~~~~~^^^^^^^^^^^^^^^
  File "/Users/Max/Workspace/company/development/RDK_MODEL_ZOO/rdk-b7-board-integration/samples/vision/ultralytics_yolo/runtime/python/main.py", line 251, in select_manifest_reference
    raise UnsupportedAssetError('Asset reference does not belong to this target and Sample.')
yolo_assets.UnsupportedAssetError: Asset reference does not belong to this target and Sample.

======================================================================
ERROR: test_s100_yolov13_family_resolves_source_default_and_other_targets_reject (test_standalone_assets.StandaloneAssets.test_s100_yolov13_family_resolves_source_default_and_other_targets_reject)
----------------------------------------------------------------------
Traceback (most recent call last):
  File "/Users/Max/Workspace/company/development/RDK_MODEL_ZOO/rdk-b7-board-integration/samples/vision/ultralytics_yolo/tests/test_standalone_assets.py", line 61, in test_s100_yolov13_family_resolves_source_default_and_other_targets_reject
    plan = cli.describe_plan(resolve_platform('s100'), args)
  File "/Users/Max/Workspace/company/development/RDK_MODEL_ZOO/rdk-b7-board-integration/samples/vision/ultralytics_yolo/runtime/python/main.py", line 289, in describe_plan
    get_task_types(profile, args.family, args.task)
    ~~~~~~~~~~~~~~^^^^^^^^^^^^^^^^^^^^^^^^^^^^^^^^^
  File "/Users/Max/Workspace/company/development/RDK_MODEL_ZOO/rdk-b7-board-integration/samples/vision/ultralytics_yolo/runtime/python/yolo_dispatch.py", line 17, in get_task_types
    raise UnsupportedAssetError(f'{profile.key}/{family} does not support task {task}.')
yolo_assets.UnsupportedAssetError: s100/yolov13 does not support task detect.

======================================================================
FAIL: test_all_ten_source_assets_keep_identity_url_and_isolated_path (test_standalone_assets.StandaloneAssets.test_all_ten_source_assets_keep_identity_url_and_isolated_path)
----------------------------------------------------------------------
Traceback (most recent call last):
  File "/Users/Max/Workspace/company/development/RDK_MODEL_ZOO/rdk-b7-board-integration/samples/vision/ultralytics_yolo/tests/test_standalone_assets.py", line 45, in test_all_ten_source_assets_keep_identity_url_and_isolated_path
    self.assertEqual(count, 10)
    ~~~~~~~~~~~~~~~~^^^^^^^^^^^
AssertionError: 0 != 10

======================================================================
FAIL: test_list_includes_separate_source_identity (test_standalone_assets.StandaloneAssets.test_list_includes_separate_source_identity)
----------------------------------------------------------------------
Traceback (most recent call last):
  File "/Users/Max/Workspace/company/development/RDK_MODEL_ZOO/rdk-b7-board-integration/samples/vision/ultralytics_yolo/tests/test_standalone_assets.py", line 99, in test_list_includes_separate_source_identity
    self.assertIn('s:yolo11_pose:s100/yolo11n_pose_nashe_640x640_nv12.hbm', out.getvalue())
    ~~~~~~~~~~~~~^^^^^^^^^^^^^^^^^^^^^^^^^^^^^^^^^^^^^^^^^^^^^^^^^^^^^^^^^^^^^^^^^^^^^^^^^^
AssertionError: 's:yolo11_pose:s100/yolo11n_pose_nashe_640x640_nv12.hbm' not found in 'Platform: s100\n  artifact format : .hbm\n  compiler march  : nash-e\n  filename suffix : nashe\n  artifact dir    : model/nash-e\n  NV12 input      : split\n  default NMS IoU : 0.45\n  C++ runtime     : no\n  published assets:\n    yolo26    default size n  ->  detect(n/s/m/l/x), seg(n/s/m/l/x), pose(n/s/m/l/x), cls(n/s/m/l/x), obb(n/s/m/l/x)\n      detect: s:ultralytics_yolo26:nash-e/yolo26n_detect_nashe_640x640_nv12.hbm (asset available; validation is separate)\n      detect: s:ultralytics_yolo26:nash-e/yolo26s_detect_nashe_640x640_nv12.hbm (asset available; validation is separate)\n      detect: s:ultralytics_yolo26:nash-e/yolo26m_detect_nashe_640x640_nv12.hbm (asset available; validation is separate)\n      detect: s:ultralytics_yolo26:nash-e/yolo26l_detect_nashe_640x640_nv12.hbm (asset available; validation is separate)\n      detect: s:ultralytics_yolo26:nash-e/yolo26x_detect_nashe_640x640_nv12.hbm (asset available; validation is separate)\n      seg: s:ultralytics_yolo26:nash-e/yolo26n_seg_nashe_640x640_nv12.hbm (asset available; validation is separate)\n      seg: s:ultralytics_yolo26:nash-e/yolo26s_seg_nashe_640x640_nv12.hbm (asset available; validation is separate)\n      seg: s:ultralytics_yolo26:nash-e/yolo26m_seg_nashe_640x640_nv12.hbm (asset available; validation is separate)\n      seg: s:ultralytics_yolo26:nash-e/yolo26l_seg_nashe_640x640_nv12.hbm (asset available; validation is separate)\n      seg: s:ultralytics_yolo26:nash-e/yolo26x_seg_nashe_640x640_nv12.hbm (asset available; validation is separate)\n      pose: s:ultralytics_yolo26:nash-e/yolo26n_pose_nashe_640x640_nv12.hbm (asset available; validation is separate)\n      pose: s:ultralytics_yolo26:nash-e/yolo26s_pose_nashe_640x640_nv12.hbm (asset available; validation is separate)\n      pose: s:ultralytics_yolo26:nash-e/yolo26m_pose_nashe_640x640_nv12.hbm (asset available; validation is separate)\n      pose: s:ultralytics_yolo26:nash-e/yolo26l_pose_nashe_640x640_nv12.hbm (asset available; validation is separate)\n      pose: s:ultralytics_yolo26:nash-e/yolo26x_pose_nashe_640x640_nv12.hbm (asset available; validation is separate)\n      cls: s:ultralytics_yolo26:nash-e/yolo26n_cls_nashe_224x224_nv12.hbm (asset available; validation is separate)\n      cls: s:ultralytics_yolo26:nash-e/yolo26s_cls_nashe_224x224_nv12.hbm (asset available; validation is separate)\n      cls: s:ultralytics_yolo26:nash-e/yolo26m_cls_nashe_224x224_nv12.hbm (asset available; validation is separate)\n      cls: s:ultralytics_yolo26:nash-e/yolo26l_cls_nashe_224x224_nv12.hbm (asset available; validation is separate)\n      cls: s:ultralytics_yolo26:nash-e/yolo26x_cls_nashe_224x224_nv12.hbm (asset available; validation is separate)\n      obb: s:ultralytics_yolo26:nash-e/yolo26n_obb_nashe_640x640_nv12.hbm (asset available; validation is separate)\n      obb: s:ultralytics_yolo26:nash-e/yolo26s_obb_nashe_640x640_nv12.hbm (asset available; validation is separate)\n      obb: s:ultralytics_yolo26:nash-e/yolo26m_obb_nashe_640x640_nv12.hbm (asset available; validation is separate)\n      obb: s:ultralytics_yolo26:nash-e/yolo26l_obb_nashe_640x640_nv12.hbm (asset available; validation is separate)\n      obb: s:ultralytics_yolo26:nash-e/yolo26x_obb_nashe_640x640_nv12.hbm (asset available; validation is separate)\n    yolov5u   default size n  ->  detect(n/s/m/l/x)\n      detect: s:ultralytics_yolo:nash-e/yolov5nu_detect_nashe_640x640_nv12.hbm (asset available; validation is separate)\n      detect: s:ultralytics_yolo:nash-e/yolov5su_detect_nashe_640x640_nv12.hbm (asset available; validation is separate)\n      detect: s:ultralytics_yolo:nash-e/yolov5mu_detect_nashe_640x640_nv12.hbm (asset available; validation is separate)\n      detect: s:ultralytics_yolo:nash-e/yolov5lu_detect_nashe_640x640_nv12.hbm (asset available; validation is separate)\n      detect: s:ultralytics_yolo:nash-e/yolov5xu_detect_nashe_640x640_nv12.hbm (asset available; validation is separate)\n    yolov8    default size n  ->  detect(n/s/m/l/x), seg(n/s/m/l/x), pose(n/s/m/l/x), cls(n/s/m/l/x)\n      detect: s:ultralytics_yolo:nash-e/yolov8n_detect_nashe_640x640_nv12.hbm (asset available; validation is separate)\n      detect: s:ultralytics_yolo:nash-e/yolov8s_detect_nashe_640x640_nv12.hbm (asset available; validation is separate)\n      detect: s:ultralytics_yolo:nash-e/yolov8m_detect_nashe_640x640_nv12.hbm (asset available; validation is separate)\n      detect: s:ultralytics_yolo:nash-e/yolov8l_detect_nashe_640x640_nv12.hbm (asset available; validation is separate)\n      detect: s:ultralytics_yolo:nash-e/yolov8x_detect_nashe_640x640_nv12.hbm (asset available; validation is separate)\n      seg: s:ultralytics_yolo:nash-e/yolov8n_seg_nashe_640x640_nv12.hbm (asset available; validation is separate)\n      seg: s:ultralytics_yolo:nash-e/yolov8s_seg_nashe_640x640_nv12.hbm (asset available; validation is separate)\n      seg: s:ultralytics_yolo:nash-e/yolov8m_seg_nashe_640x640_nv12.hbm (asset available; validation is separate)\n      seg: s:ultralytics_yolo:nash-e/yolov8l_seg_nashe_640x640_nv12.hbm (asset available; validation is separate)\n      seg: s:ultralytics_yolo:nash-e/yolov8x_seg_nashe_640x640_nv12.hbm (asset available; validation is separate)\n      pose: s:ultralytics_yolo:nash-e/yolov8n_pose_nashe_640x640_nv12.hbm (asset available; validation is separate)\n      pose: s:ultralytics_yolo:nash-e/yolov8s_pose_nashe_640x640_nv12.hbm (asset available; validation is separate)\n      pose: s:ultralytics_yolo:nash-e/yolov8m_pose_nashe_640x640_nv12.hbm (asset available; validation is separate)\n      pose: s:ultralytics_yolo:nash-e/yolov8l_pose_nashe_640x640_nv12.hbm (asset available; validation is separate)\n      pose: s:ultralytics_yolo:nash-e/yolov8x_pose_nashe_640x640_nv12.hbm (asset available; validation is separate)\n      cls: s:ultralytics_yolo:nash-e/yolov8n_cls_nashe_640x640_nv12.hbm (asset available; validation is separate)\n      cls: s:ultralytics_yolo:nash-e/yolov8s_cls_nashe_640x640_nv12.hbm (asset available; validation is separate)\n      cls: s:ultralytics_yolo:nash-e/yolov8m_cls_nashe_640x640_nv12.hbm (asset available; validation is separate)\n      cls: s:ultralytics_yolo:nash-e/yolov8l_cls_nashe_640x640_nv12.hbm (asset available; validation is separate)\n      cls: s:ultralytics_yolo:nash-e/yolov8x_cls_nashe_640x640_nv12.hbm (asset available; validation is separate)\n    yolov9    default size s  ->  detect(t/s/m/c/e), seg(c/e)  # YOLOv9 segmentation is published on S100/S100P only.\n      detect: s:ultralytics_yolo:nash-e/yolov9t_detect_nashe_640x640_nv12.hbm (asset available; validation is separate)\n      detect: s:ultralytics_yolo:nash-e/yolov9s_detect_nashe_640x640_nv12.hbm (asset available; validation is separate)\n      detect: s:ultralytics_yolo:nash-e/yolov9m_detect_nashe_640x640_nv12.hbm (asset available; validation is separate)\n      detect: s:ultralytics_yolo:nash-e/yolov9c_detect_nashe_640x640_nv12.hbm (asset available; validation is separate)\n      detect: s:ultralytics_yolo:nash-e/yolov9e_detect_nashe_640x640_nv12.hbm (asset available; validation is separate)\n      seg: s:ultralytics_yolo:nash-e/yolov9c_seg_nashe_640x640_nv12.hbm (asset available; validation is separate)\n      seg: s:ultralytics_yolo:nash-e/yolov9e_seg_nashe_640x640_nv12.hbm (asset available; validation is separate)\n    yolov10   default size n  ->  detect(n/s/m/b/l/x)  # YOLOv10 is NMS-free.\n      detect: s:ultralytics_yolo:nash-e/yolov10n_detect_nashe_640x640_nv12.hbm (asset available; validation is separate)\n      detect: s:ultralytics_yolo:nash-e/yolov10s_detect_nashe_640x640_nv12.hbm (asset available; validation is separate)\n      detect: s:ultralytics_yolo:nash-e/yolov10m_detect_nashe_640x640_nv12.hbm (asset available; validation is separate)\n      detect: s:ultralytics_yolo:nash-e/yolov10b_detect_nashe_640x640_nv12.hbm (asset available; validation is separate)\n      detect: s:ultralytics_yolo:nash-e/yolov10l_detect_nashe_640x640_nv12.hbm (asset available; validation is separate)\n      detect: s:ultralytics_yolo:nash-e/yolov10x_detect_nashe_640x640_nv12.hbm (asset available; validation is separate)\n    yolo11    default size n  ->  detect(n/s/m/l/x), seg(n/s/m/l/x), pose(n/s/m/l/x), cls(n/s/m/l/x)\n      detect: s:ultralytics_yolo:nash-e/yolo11n_detect_nashe_640x640_nv12.hbm (asset available; validation is separate)\n      detect: s:ultralytics_yolo:nash-e/yolo11s_detect_nashe_640x640_nv12.hbm (asset available; validation is separate)\n      detect: s:ultralytics_yolo:nash-e/yolo11m_detect_nashe_640x640_nv12.hbm (asset available; validation is separate)\n      detect: s:ultralytics_yolo:nash-e/yolo11l_detect_nashe_640x640_nv12.hbm (asset available; validation is separate)\n      detect: s:ultralytics_yolo:nash-e/yolo11x_detect_nashe_640x640_nv12.hbm (asset available; validation is separate)\n      seg: s:ultralytics_yolo:nash-e/yolo11n_seg_nashe_640x640_nv12.hbm (asset available; validation is separate)\n      seg: s:ultralytics_yolo:nash-e/yolo11s_seg_nashe_640x640_nv12.hbm (asset available; validation is separate)\n      seg: s:ultralytics_yolo:nash-e/yolo11m_seg_nashe_640x640_nv12.hbm (asset available; validation is separate)\n      seg: s:ultralytics_yolo:nash-e/yolo11l_seg_nashe_640x640_nv12.hbm (asset available; validation is separate)\n      seg: s:ultralytics_yolo:nash-e/yolo11x_seg_nashe_640x640_nv12.hbm (asset available; validation is separate)\n      pose: s:ultralytics_yolo:nash-e/yolo11n_pose_nashe_640x640_nv12.hbm (asset available; validation is separate)\n      pose: s:ultralytics_yolo:nash-e/yolo11s_pose_nashe_640x640_nv12.hbm (asset available; validation is separate)\n      pose: s:ultralytics_yolo:nash-e/yolo11m_pose_nashe_640x640_nv12.hbm (asset available; validation is separate)\n      pose: s:ultralytics_yolo:nash-e/yolo11l_pose_nashe_640x640_nv12.hbm (asset available; validation is separate)\n      pose: s:ultralytics_yolo:nash-e/yolo11x_pose_nashe_640x640_nv12.hbm (asset available; validation is separate)\n      cls: s:ultralytics_yolo:nash-e/yolo11n_cls_nashe_640x640_nv12.hbm (asset available; validation is separate)\n      cls: s:ultralytics_yolo:nash-e/yolo11s_cls_nashe_640x640_nv12.hbm (asset available; validation is separate)\n      cls: s:ultralytics_yolo:nash-e/yolo11m_cls_nashe_640x640_nv12.hbm (asset available; validation is separate)\n      cls: s:ultralytics_yolo:nash-e/yolo11l_cls_nashe_640x640_nv12.hbm (asset available; validation is separate)\n      cls: s:ultralytics_yolo:nash-e/yolo11x_cls_nashe_640x640_nv12.hbm (asset available; validation is separate)\n    yolo12    default size n  ->  detect(n/s/m/l/x)\n      detect: s:ultralytics_yolo:nash-e/yolo12n_detect_nashe_640x640_nv12.hbm (asset available; validation is separate)\n      detect: s:ultralytics_yolo:nash-e/yolo12s_detect_nashe_640x640_nv12.hbm (asset available; validation is separate)\n      detect: s:ultralytics_yolo:nash-e/yolo12m_detect_nashe_640x640_nv12.hbm (asset available; validation is separate)\n      detect: s:ultralytics_yolo:nash-e/yolo12l_detect_nashe_640x640_nv12.hbm (asset available; validation is separate)\n      detect: s:ultralytics_yolo:nash-e/yolo12x_detect_nashe_640x640_nv12.hbm (asset available; validation is separate)\n'

----------------------------------------------------------------------
Ran 7 tests in 0.082s

FAILED (failures=2, errors=14)
