constructor accepted the 512-position export
docs/releases/unified-migration/evidence/2026-09-28-gemma-text-tensor-remediation/baseline-src/src/gemma4_text_engine.cpp:241:7: runtime error: index 256 out of bounds for type 'int64_t[256]' (aka 'long long[256]')
SUMMARY: UndefinedBehaviorSanitizer: undefined-behavior docs/releases/unified-migration/evidence/2026-09-28-gemma-text-tensor-remediation/baseline-src/src/gemma4_text_engine.cpp:241:7 
=================================================================
==45001==ERROR: AddressSanitizer: stack-buffer-overflow on address 0x00016d5c8590 at pc 0x000102862ad0 bp 0x00016d5c7c30 sp 0x00016d5c7c28
WRITE of size 8 at 0x00016d5c8590 thread T0
    #0 0x000102862acc in gemma4::TextEngine::FillCommonInputs(gemma4::ModelIo&, std::__1::vector<long long, std::__1::allocator<long long>> const&, int, int, bool, float const*) gemma4_text_engine.cpp:241
    #1 0x0001028661c0 in gemma4::TextEngine::RunPrefillChunk(std::__1::vector<long long, std::__1::allocator<long long>> const&, int, float const*) gemma4_text_engine.cpp:300
    #2 0x000102868e70 in gemma4::TextEngine::PrefillSuffix(std::__1::vector<long long, std::__1::allocator<long long>> const&, int, std::__1::vector<float, std::__1::allocator<float>> const*) gemma4_text_engine.cpp:336
    #3 0x00010286b15c in gemma4::TextEngine::ContinueGenerateStream(std::__1::vector<long long, std::__1::allocator<long long>> const&, int, std::__1::function<bool (long long)>, std::__1::vector<float, std::__1::allocator<float>> const*) gemma4_text_engine.cpp:437
    #4 0x00010286a710 in gemma4::TextEngine::ContinueGenerate(std::__1::vector<long long, std::__1::allocator<long long>> const&, int, std::__1::vector<float, std::__1::allocator<float>> const*) gemma4_text_engine.cpp:410
    #5 0x00010286ff50 in gemma4::TextEngine::Generate(std::__1::vector<long long, std::__1::allocator<long long>> const&, int) gemma4_text_engine.cpp:582
    #6 0x000102838600 in main seq_overflow_driver.cpp:137
    #7 0x000183c53e7c in start+0x1a1c (dyld:arm64e+0x31e7c)

Address 0x00016d5c8590 is located in stack of thread T0 at offset 2384 in frame
    #0 0x000102861a54 in gemma4::TextEngine::FillCommonInputs(gemma4::ModelIo&, std::__1::vector<long long, std::__1::allocator<long long>> const&, int, int, bool, float const*) gemma4_text_engine.cpp:196

  This frame has 15 object(s):
    [32, 56) 'padded' (line 198)
    [96, 104) 'ref.tmp' (line 200)
    [128, 152) 'ple_padded' (line 204)
    [192, 200) '__begin1' (line 205)
    [224, 232) '__end1' (line 205)
    [256, 280) 'hidden' (line 215)
    [320, 324) 'ref.tmp' (line 215)
    [336, 2384) 'token_buf' (line 236) <== Memory access at offset 2384 overflows this variable
    [2512, 3536) 'pos_buf' (line 247)
    [3664, 3668) 'ref.tmp' (line 248)
    [3680, 3684) 'ref.tmp' (line 248)
    [3696, 3720) 'full_mask' (line 258)
    [3760, 3784) 'slide_mask' (line 259)
    [3824, 3848) 'full_q' (line 265)
    [3888, 3912) 'slide_q' (line 266)
HINT: this may be a false positive if your program uses some custom stack unwind mechanism, swapcontext or vfork
      (longjmp and C++ exceptions *are* supported)
SUMMARY: AddressSanitizer: stack-buffer-overflow gemma4_text_engine.cpp:241 in gemma4::TextEngine::FillCommonInputs(gemma4::ModelIo&, std::__1::vector<long long, std::__1::allocator<long long>> const&, int, int, bool, float const*)
Shadow bytes around the buggy address:
  0x00016d5c8300: 00 00 00 00 00 00 00 00 00 00 00 00 00 00 00 00
  0x00016d5c8380: 00 00 00 00 00 00 00 00 00 00 00 00 00 00 00 00
  0x00016d5c8400: 00 00 00 00 00 00 00 00 00 00 00 00 00 00 00 00
  0x00016d5c8480: 00 00 00 00 00 00 00 00 00 00 00 00 00 00 00 00
  0x00016d5c8500: 00 00 00 00 00 00 00 00 00 00 00 00 00 00 00 00
=>0x00016d5c8580: 00 00[f2]f2 f2 f2 f2 f2 f2 f2 f2 f2 f2 f2 f2 f2
  0x00016d5c8600: f2 f2 f8 f8 f8 f8 f8 f8 f8 f8 f8 f8 f8 f8 f8 f8
  0x00016d5c8680: f8 f8 f8 f8 f8 f8 f8 f8 f8 f8 f8 f8 f8 f8 f8 f8
  0x00016d5c8700: f8 f8 f8 f8 f8 f8 f8 f8 f8 f8 f8 f8 f8 f8 f8 f8
  0x00016d5c8780: f8 f8 f8 f8 f8 f8 f8 f8 f8 f8 f8 f8 f8 f8 f8 f8
  0x00016d5c8800: f8 f8 f8 f8 f8 f8 f8 f8 f8 f8 f8 f8 f8 f8 f8 f8
Shadow byte legend (one shadow byte represents 8 application bytes):
  Addressable:           00
  Partially addressable: 01 02 03 04 05 06 07 
  Heap left redzone:       fa
  Freed heap region:       fd
  Stack left redzone:      f1
  Stack mid redzone:       f2
  Stack right redzone:     f3
  Stack after return:      f5
  Stack use after scope:   f8
  Global redzone:          f9
  Global init order:       f6
  Poisoned by user:        f7
  Container overflow:      fc
  Array cookie:            ac
  Intra object redzone:    bb
  ASan internal:           fe
  Left alloca redzone:     ca
  Right alloca redzone:    cb
==45001==ABORTING
