F......FFFF......................
======================================================================
FAIL: test_actual_loaded_dependency_mismatch_stops_before_model_creation (test_b3_classification_compare.B3CompareFailureTests.test_actual_loaded_dependency_mismatch_stops_before_model_creation)
A verified source tree cannot excuse a different module actually bound.
----------------------------------------------------------------------
Traceback (most recent call last):
  File "/Users/Max/Workspace/company/development/RDK_MODEL_ZOO/rdk-b3-glm-board-capture/tools/board_validation/tests/test_b3_classification_compare.py", line 559, in test_actual_loaded_dependency_mismatch_stops_before_model_creation
    self.assertEqual(rc, 2)
    ~~~~~~~~~~~~~~~~^^^^^^^
AssertionError: 0 != 2

======================================================================
FAIL: test_preloaded_root_dependencies_are_isolated_and_restored (test_b3_classification_compare.B3CompareFailureTests.test_preloaded_root_dependencies_are_isolated_and_restored) (sample='convnext')
A warm Python process must still execute only the pinned helpers.
----------------------------------------------------------------------
Traceback (most recent call last):
  File "/Users/Max/Workspace/company/development/RDK_MODEL_ZOO/rdk-b3-glm-board-capture/tools/board_validation/tests/test_b3_classification_compare.py", line 538, in test_preloaded_root_dependencies_are_isolated_and_restored
    self.assertTrue(entry["matches_pin"], (name, entry))
    ~~~~~~~~~~~~~~~^^^^^^^^^^^^^^^^^^^^^^^^^^^^^^^^^^^^^
AssertionError: False is not true : ('utils.py_utils.file_io', {'pin_path': 'utils/py_utils/file_io.py', 'observed_file': '/Users/Max/Workspace/company/development/RDK_MODEL_ZOO/rdk-b3-glm-board-capture/utils/py_utils/file_io.py', 'observed_sha256': '1bc493be35c03a13ecdf561e34354d543e2779a282b6d4f88b3c87a1f70f767d', 'pin_sha256': '7b158f3f2a7cfa81898ef6430287a4efaae4b6f31875131f0e8ebb3a105bdc1a', 'matches_pin': False})

======================================================================
FAIL: test_preloaded_root_dependencies_are_isolated_and_restored (test_b3_classification_compare.B3CompareFailureTests.test_preloaded_root_dependencies_are_isolated_and_restored) (sample='edgenext')
A warm Python process must still execute only the pinned helpers.
----------------------------------------------------------------------
Traceback (most recent call last):
  File "/Users/Max/Workspace/company/development/RDK_MODEL_ZOO/rdk-b3-glm-board-capture/tools/board_validation/tests/test_b3_classification_compare.py", line 538, in test_preloaded_root_dependencies_are_isolated_and_restored
    self.assertTrue(entry["matches_pin"], (name, entry))
    ~~~~~~~~~~~~~~~^^^^^^^^^^^^^^^^^^^^^^^^^^^^^^^^^^^^^
AssertionError: False is not true : ('utils.py_utils.file_io', {'pin_path': 'utils/py_utils/file_io.py', 'observed_file': '/Users/Max/Workspace/company/development/RDK_MODEL_ZOO/rdk-b3-glm-board-capture/utils/py_utils/file_io.py', 'observed_sha256': '1bc493be35c03a13ecdf561e34354d543e2779a282b6d4f88b3c87a1f70f767d', 'pin_sha256': '7b158f3f2a7cfa81898ef6430287a4efaae4b6f31875131f0e8ebb3a105bdc1a', 'matches_pin': False})

======================================================================
FAIL: test_preloaded_root_dependencies_are_isolated_and_restored (test_b3_classification_compare.B3CompareFailureTests.test_preloaded_root_dependencies_are_isolated_and_restored) (sample='fasternet')
A warm Python process must still execute only the pinned helpers.
----------------------------------------------------------------------
Traceback (most recent call last):
  File "/Users/Max/Workspace/company/development/RDK_MODEL_ZOO/rdk-b3-glm-board-capture/tools/board_validation/tests/test_b3_classification_compare.py", line 538, in test_preloaded_root_dependencies_are_isolated_and_restored
    self.assertTrue(entry["matches_pin"], (name, entry))
    ~~~~~~~~~~~~~~~^^^^^^^^^^^^^^^^^^^^^^^^^^^^^^^^^^^^^
AssertionError: False is not true : ('utils.py_utils.file_io', {'pin_path': 'utils/py_utils/file_io.py', 'observed_file': '/Users/Max/Workspace/company/development/RDK_MODEL_ZOO/rdk-b3-glm-board-capture/utils/py_utils/file_io.py', 'observed_sha256': '1bc493be35c03a13ecdf561e34354d543e2779a282b6d4f88b3c87a1f70f767d', 'pin_sha256': '7b158f3f2a7cfa81898ef6430287a4efaae4b6f31875131f0e8ebb3a105bdc1a', 'matches_pin': False})

======================================================================
FAIL: test_preloaded_root_dependencies_are_isolated_and_restored (test_b3_classification_compare.B3CompareFailureTests.test_preloaded_root_dependencies_are_isolated_and_restored) (sample='fastvit')
A warm Python process must still execute only the pinned helpers.
----------------------------------------------------------------------
Traceback (most recent call last):
  File "/Users/Max/Workspace/company/development/RDK_MODEL_ZOO/rdk-b3-glm-board-capture/tools/board_validation/tests/test_b3_classification_compare.py", line 538, in test_preloaded_root_dependencies_are_isolated_and_restored
    self.assertTrue(entry["matches_pin"], (name, entry))
    ~~~~~~~~~~~~~~~^^^^^^^^^^^^^^^^^^^^^^^^^^^^^^^^^^^^^
AssertionError: False is not true : ('utils.py_utils.file_io', {'pin_path': 'utils/py_utils/file_io.py', 'observed_file': '/Users/Max/Workspace/company/development/RDK_MODEL_ZOO/rdk-b3-glm-board-capture/utils/py_utils/file_io.py', 'observed_sha256': '1bc493be35c03a13ecdf561e34354d543e2779a282b6d4f88b3c87a1f70f767d', 'pin_sha256': '7b158f3f2a7cfa81898ef6430287a4efaae4b6f31875131f0e8ebb3a105bdc1a', 'matches_pin': False})

----------------------------------------------------------------------
Ran 30 tests in 2.920s

FAILED (failures=5)
