.........FF.FF.F..........................F
======================================================================
FAIL: test_missing_or_tampered_archived_audit_is_rejected (test_native_evaluator.CompareNativeTests.test_missing_or_tampered_archived_audit_is_rejected) (missing=True)
----------------------------------------------------------------------
Traceback (most recent call last):
  File "/Users/Max/Workspace/company/development/RDK_MODEL_ZOO/rdk-b7-board-integration/samples/vision/yolov5/tests/test_native_evaluator.py", line 808, in test_missing_or_tampered_archived_audit_is_rejected
    self.assertEqual(result.returncode, 2)
    ~~~~~~~~~~~~~~~~^^^^^^^^^^^^^^^^^^^^^^
AssertionError: 0 != 2

======================================================================
FAIL: test_missing_or_tampered_archived_audit_is_rejected (test_native_evaluator.CompareNativeTests.test_missing_or_tampered_archived_audit_is_rejected) (missing=False)
----------------------------------------------------------------------
Traceback (most recent call last):
  File "/Users/Max/Workspace/company/development/RDK_MODEL_ZOO/rdk-b7-board-integration/samples/vision/yolov5/tests/test_native_evaluator.py", line 808, in test_missing_or_tampered_archived_audit_is_rejected
    self.assertEqual(result.returncode, 2)
    ~~~~~~~~~~~~~~~~^^^^^^^^^^^^^^^^^^^^^^
AssertionError: 0 != 2

======================================================================
FAIL: test_missing_unified_process_log_is_rejected (test_native_evaluator.CompareNativeTests.test_missing_unified_process_log_is_rejected) (log='stdout.txt')
----------------------------------------------------------------------
Traceback (most recent call last):
  File "/Users/Max/Workspace/company/development/RDK_MODEL_ZOO/rdk-b7-board-integration/samples/vision/yolov5/tests/test_native_evaluator.py", line 790, in test_missing_unified_process_log_is_rejected
    self.assertEqual(result.returncode, 2)
    ~~~~~~~~~~~~~~~~^^^^^^^^^^^^^^^^^^^^^^
AssertionError: 0 != 2

======================================================================
FAIL: test_missing_unified_process_log_is_rejected (test_native_evaluator.CompareNativeTests.test_missing_unified_process_log_is_rejected) (log='stderr.txt')
----------------------------------------------------------------------
Traceback (most recent call last):
  File "/Users/Max/Workspace/company/development/RDK_MODEL_ZOO/rdk-b7-board-integration/samples/vision/yolov5/tests/test_native_evaluator.py", line 790, in test_missing_unified_process_log_is_rejected
    self.assertEqual(result.returncode, 2)
    ~~~~~~~~~~~~~~~~^^^^^^^^^^^^^^^^^^^^^^
AssertionError: 0 != 2

======================================================================
FAIL: test_padded_layout_passes_and_writes_arrays (test_native_evaluator.CompareNativeTests.test_padded_layout_passes_and_writes_arrays)
----------------------------------------------------------------------
Traceback (most recent call last):
  File "/Users/Max/Workspace/company/development/RDK_MODEL_ZOO/rdk-b7-board-integration/samples/vision/yolov5/tests/test_native_evaluator.py", line 781, in test_padded_layout_passes_and_writes_arrays
    self.assertTrue((output / name).is_file(), name)
    ~~~~~~~~~~~~~~~^^^^^^^^^^^^^^^^^^^^^^^^^^^^^^^^^
AssertionError: False is not true : originals/source-instrumentation-audit.json

======================================================================
FAIL: test_runner_records_process_evidence_and_verifies_audit (test_native_evaluator.RunCaptureTests.test_runner_records_process_evidence_and_verifies_audit)
----------------------------------------------------------------------
Traceback (most recent call last):
  File "/Users/Max/Workspace/company/development/RDK_MODEL_ZOO/rdk-b7-board-integration/samples/vision/yolov5/tests/test_native_evaluator.py", line 629, in test_runner_records_process_evidence_and_verifies_audit
    self.assertTrue(archived_audit.is_file())
    ~~~~~~~~~~~~~~~^^^^^^^^^^^^^^^^^^^^^^^^^^
AssertionError: False is not true

----------------------------------------------------------------------
Ran 41 tests in 9.616s

FAILED (failures=6)
