COMMAND ["cmake", "-S", "/tmp/rdk-model-zoo-20260916-contract-pilot/integration-cpp-a9a948d8a278/samples/vision/resnet/runtime/cpp", "-B", "/tmp/rdk-model-zoo-20260916-contract-pilot/integration-cpp-a9a948d8a278/resnet-canonical", "-DCMAKE_BUILD_TYPE=Release"]
-- The C compiler identification is GNU 11.4.0
-- The CXX compiler identification is GNU 11.4.0
-- Detecting C compiler ABI info
-- Detecting C compiler ABI info - done
-- Check for working C compiler: /usr/bin/cc - skipped
-- Detecting C compile features
-- Detecting C compile features - done
-- Detecting CXX compiler ABI info
-- Detecting CXX compiler ABI info - done
-- Check for working CXX compiler: /usr/bin/c++ - skipped
-- Detecting CXX compile features
-- Detecting CXX compile features - done
-- Found OpenCV: /usr (found version "4.5.4") 
-- Configuring done
-- Generating done
-- Build files have been written to: /tmp/rdk-model-zoo-20260916-contract-pilot/integration-cpp-a9a948d8a278/resnet-canonical


COMMAND_EXIT 0
COMMAND ["cmake", "--build", "/tmp/rdk-model-zoo-20260916-contract-pilot/integration-cpp-a9a948d8a278/resnet-canonical", "--parallel", "2"]
[ 25%] Building CXX object CMakeFiles/resnet18.dir/src/main.cpp.o
[ 25%] Building CXX object CMakeFiles/resnet18.dir/src/resnet18.cpp.o
[ 37%] Building CXX object CMakeFiles/resnet18.dir/tmp/rdk-model-zoo-20260916-contract-pilot/integration-cpp-a9a948d8a278/platforms/s/utils/c_utils/src/file_io.cpp.o
[ 50%] Building CXX object CMakeFiles/resnet18.dir/tmp/rdk-model-zoo-20260916-contract-pilot/integration-cpp-a9a948d8a278/platforms/s/utils/c_utils/src/nn_math.cpp.o
[ 62%] Building CXX object CMakeFiles/resnet18.dir/tmp/rdk-model-zoo-20260916-contract-pilot/integration-cpp-a9a948d8a278/platforms/s/utils/c_utils/src/preprocess.cpp.o
[ 75%] Building CXX object CMakeFiles/resnet18.dir/tmp/rdk-model-zoo-20260916-contract-pilot/integration-cpp-a9a948d8a278/platforms/s/utils/c_utils/src/postprocess.cpp.o
[ 87%] Building CXX object CMakeFiles/resnet18.dir/tmp/rdk-model-zoo-20260916-contract-pilot/integration-cpp-a9a948d8a278/platforms/s/utils/c_utils/src/visualize.cpp.o
[100%] Linking CXX executable resnet18
[100%] Built target resnet18


COMMAND_EXIT 0
COMMAND ["/tmp/rdk-model-zoo-20260916-contract-pilot/integration-cpp-a9a948d8a278/resnet-canonical/resnet18", "--model_path=/tmp/rdk-model-zoo-20260916-contract-pilot/models/resnet18_224x224_nv12.hbm", "--test_img=/tmp/rdk-model-zoo-20260916-contract-pilot/resnet-cpp-baseline/platforms/s/samples/vision/resnet18/test_data/zebra_cls.jpg", "--label_file=/tmp/rdk-model-zoo-20260916-contract-pilot/integration-cpp-a9a948d8a278/platforms/s/datasets/imagenet/imagenet_classes.names"]
[UCP]: log level = 3
[UCP]: UCP version = 3.13.6
[VP]: log level = 3
[DNN]: log level = 3
[HPL]: log level = 3
[UCPT]: log level = 6
/tmp/rdk-model-zoo-20260916-contract-pilot/integration-cpp-a9a948d8a278/resnet-canonical/resnet18 --model_path=/tmp/rdk-model-zoo-20260916-contract-pilot/models/resnet18_224x224_nv12.hbm --test_img=/tmp/rdk-model-zoo-20260916-contract-pilot/resnet-cpp-baseline/platforms/s/samples/vision/resnet18/test_data/zebra_cls.jpg --label_file=/tmp/rdk-model-zoo-20260916-contract-pilot/integration-cpp-a9a948d8a278/platforms/s/datasets/imagenet/imagenet_classes.names
[BPU][[BPU_MONITOR]][281472994772320][INFO]BPULib verison(2, 2, 15)[f21ee84]!
[DNN]: 3.13.6_(4.7.5 HBRT)
TOP-1: label=zebra, prob=0.997861
TOP-2: label=impala, Aepyceros melampus, prob=0.000530373
TOP-3: label=cheetah, chetah, Acinonyx jubatus, prob=0.00049256
TOP-4: label=gazelle, prob=0.000387223
TOP-5: label=prairie chicken, prairie grouse, prairie fowl, prob=0.000187935


COMMAND_EXIT 0
CPP_RESULT {"sample": "resnet", "entry": "canonical", "baseline_exact": true}
COMMAND ["cmake", "-S", "/tmp/rdk-model-zoo-20260916-contract-pilot/integration-cpp-a9a948d8a278/platforms/s/samples/vision/resnet18/runtime/cpp", "-B", "/tmp/rdk-model-zoo-20260916-contract-pilot/integration-cpp-a9a948d8a278/resnet-compatibility", "-DCMAKE_BUILD_TYPE=Release"]
-- The CXX compiler identification is GNU 11.4.0
-- Detecting CXX compiler ABI info
-- Detecting CXX compiler ABI info - done
-- Check for working CXX compiler: /usr/bin/c++ - skipped
-- Detecting CXX compile features
-- Detecting CXX compile features - done
-- The C compiler identification is GNU 11.4.0
-- Detecting C compiler ABI info
-- Detecting C compiler ABI info - done
-- Check for working C compiler: /usr/bin/cc - skipped
-- Detecting C compile features
-- Detecting C compile features - done
-- Found OpenCV: /usr (found version "4.5.4") 
-- Configuring done
-- Generating done
-- Build files have been written to: /tmp/rdk-model-zoo-20260916-contract-pilot/integration-cpp-a9a948d8a278/resnet-compatibility


COMMAND_EXIT 0
COMMAND ["cmake", "--build", "/tmp/rdk-model-zoo-20260916-contract-pilot/integration-cpp-a9a948d8a278/resnet-compatibility", "--parallel", "2"]
[ 25%] Building CXX object canonical-resnet18/CMakeFiles/resnet18.dir/src/resnet18.cpp.o
[ 25%] Building CXX object canonical-resnet18/CMakeFiles/resnet18.dir/src/main.cpp.o
[ 37%] Building CXX object canonical-resnet18/CMakeFiles/resnet18.dir/tmp/rdk-model-zoo-20260916-contract-pilot/integration-cpp-a9a948d8a278/platforms/s/utils/c_utils/src/file_io.cpp.o
[ 50%] Building CXX object canonical-resnet18/CMakeFiles/resnet18.dir/tmp/rdk-model-zoo-20260916-contract-pilot/integration-cpp-a9a948d8a278/platforms/s/utils/c_utils/src/nn_math.cpp.o
[ 62%] Building CXX object canonical-resnet18/CMakeFiles/resnet18.dir/tmp/rdk-model-zoo-20260916-contract-pilot/integration-cpp-a9a948d8a278/platforms/s/utils/c_utils/src/preprocess.cpp.o
[ 75%] Building CXX object canonical-resnet18/CMakeFiles/resnet18.dir/tmp/rdk-model-zoo-20260916-contract-pilot/integration-cpp-a9a948d8a278/platforms/s/utils/c_utils/src/postprocess.cpp.o
[ 87%] Building CXX object canonical-resnet18/CMakeFiles/resnet18.dir/tmp/rdk-model-zoo-20260916-contract-pilot/integration-cpp-a9a948d8a278/platforms/s/utils/c_utils/src/visualize.cpp.o
[100%] Linking CXX executable ../resnet18
[100%] Built target resnet18


COMMAND_EXIT 0
COMMAND ["/tmp/rdk-model-zoo-20260916-contract-pilot/integration-cpp-a9a948d8a278/resnet-compatibility/resnet18", "--model_path=/tmp/rdk-model-zoo-20260916-contract-pilot/models/resnet18_224x224_nv12.hbm", "--test_img=/tmp/rdk-model-zoo-20260916-contract-pilot/resnet-cpp-baseline/platforms/s/samples/vision/resnet18/test_data/zebra_cls.jpg", "--label_file=/tmp/rdk-model-zoo-20260916-contract-pilot/integration-cpp-a9a948d8a278/platforms/s/datasets/imagenet/imagenet_classes.names"]
[UCP]: log level = 3
[UCP]: UCP version = 3.13.6
[VP]: log level = 3
[DNN]: log level = 3
[HPL]: log level = 3
[UCPT]: log level = 6
/tmp/rdk-model-zoo-20260916-contract-pilot/integration-cpp-a9a948d8a278/resnet-compatibility/resnet18 --model_path=/tmp/rdk-model-zoo-20260916-contract-pilot/models/resnet18_224x224_nv12.hbm --test_img=/tmp/rdk-model-zoo-20260916-contract-pilot/resnet-cpp-baseline/platforms/s/samples/vision/resnet18/test_data/zebra_cls.jpg --label_file=/tmp/rdk-model-zoo-20260916-contract-pilot/integration-cpp-a9a948d8a278/platforms/s/datasets/imagenet/imagenet_classes.names
[BPU][[BPU_MONITOR]][281473109001568][INFO]BPULib verison(2, 2, 15)[f21ee84]!
[DNN]: 3.13.6_(4.7.5 HBRT)
TOP-1: label=zebra, prob=0.997861
TOP-2: label=impala, Aepyceros melampus, prob=0.000530373
TOP-3: label=cheetah, chetah, Acinonyx jubatus, prob=0.00049256
TOP-4: label=gazelle, prob=0.000387223
TOP-5: label=prairie chicken, prairie grouse, prairie fowl, prob=0.000187935


COMMAND_EXIT 0
CPP_RESULT {"sample": "resnet", "entry": "compatibility", "baseline_exact": true}
COMMAND ["cmake", "-S", "/tmp/rdk-model-zoo-20260916-contract-pilot/integration-cpp-a9a948d8a278/samples/vision/paddle_ocr/runtime/cpp", "-B", "/tmp/rdk-model-zoo-20260916-contract-pilot/integration-cpp-a9a948d8a278/paddle_ocr-canonical", "-DCMAKE_BUILD_TYPE=Release"]
-- The C compiler identification is GNU 11.4.0
-- The CXX compiler identification is GNU 11.4.0
-- Detecting C compiler ABI info
-- Detecting C compiler ABI info - done
-- Check for working C compiler: /usr/bin/cc - skipped
-- Detecting C compile features
-- Detecting C compile features - done
-- Detecting CXX compiler ABI info
-- Detecting CXX compiler ABI info - done
-- Check for working CXX compiler: /usr/bin/c++ - skipped
-- Detecting CXX compile features
-- Detecting CXX compile features - done
-- Found OpenCV: /usr (found version "4.5.4") 
-- Found PkgConfig: /usr/bin/pkg-config (found version "0.29.2") 
-- Found Freetype: /usr/lib/aarch64-linux-gnu/libfreetype.so (found version "2.11.1") 
-- Configuring done

CMake Error at CMakeLists.txt:38 (add_executable):
  Cannot find source file:

    /tmp/rdk-model-zoo-20260916-contract-pilot/integration-cpp-a9a948d8a278/samples/platforms/s/utils/c_utils/src/file_io.cpp

  Tried extensions .c .C .c++ .cc .cpp .cxx .cu .mpp .m .M .mm .ixx .cppm .h
  .hh .h++ .hm .hpp .hxx .in .txx .f .F .for .f77 .f90 .f95 .f03 .hip .ispc


CMake Error at CMakeLists.txt:38 (add_executable):
  No SOURCES given to target: paddle_ocr


CMake Generate step failed.  Build files cannot be regenerated correctly.

COMMAND_EXIT 1

STDERR:
Traceback (most recent call last):
  File "<stdin>", line 20, in <module>
  File "<stdin>", line 14, in run
AssertionError: 1

EXIT_STATUS=1
