COMMAND ["cmake", "-S", "/tmp/rdk-model-zoo-20260916-contract-pilot/integration-cpp-ba1d74010890/samples/vision/resnet/runtime/cpp", "-B", "/tmp/rdk-model-zoo-20260916-contract-pilot/integration-cpp-ba1d74010890/resnet-canonical", "-DCMAKE_BUILD_TYPE=Release"]
-- The C compiler identification is GNU 11.4.0
-- The CXX compiler identification is GNU 11.4.0
-- Detecting C compiler ABI info
-- Detecting C compiler ABI info - done
-- Check for working C compiler: /usr/bin/cc - skipped
-- Detecting C compile features
-- Detecting C compile features - done
-- Detecting CXX compiler ABI info
-- Detecting CXX compiler ABI info - done
-- Check for working CXX compiler: /usr/bin/c++ - skipped
-- Detecting CXX compile features
-- Detecting CXX compile features - done
-- Found OpenCV: /usr (found version "4.5.4") 
-- Configuring done
-- Generating done
-- Build files have been written to: /tmp/rdk-model-zoo-20260916-contract-pilot/integration-cpp-ba1d74010890/resnet-canonical


COMMAND_EXIT 0
COMMAND ["cmake", "--build", "/tmp/rdk-model-zoo-20260916-contract-pilot/integration-cpp-ba1d74010890/resnet-canonical", "--parallel", "2"]
[ 25%] Building CXX object CMakeFiles/resnet18.dir/src/main.cpp.o
[ 25%] Building CXX object CMakeFiles/resnet18.dir/src/resnet18.cpp.o
[ 37%] Building CXX object CMakeFiles/resnet18.dir/tmp/rdk-model-zoo-20260916-contract-pilot/integration-cpp-ba1d74010890/platforms/s/utils/c_utils/src/file_io.cpp.o
[ 50%] Building CXX object CMakeFiles/resnet18.dir/tmp/rdk-model-zoo-20260916-contract-pilot/integration-cpp-ba1d74010890/platforms/s/utils/c_utils/src/nn_math.cpp.o
[ 62%] Building CXX object CMakeFiles/resnet18.dir/tmp/rdk-model-zoo-20260916-contract-pilot/integration-cpp-ba1d74010890/platforms/s/utils/c_utils/src/preprocess.cpp.o
[ 75%] Building CXX object CMakeFiles/resnet18.dir/tmp/rdk-model-zoo-20260916-contract-pilot/integration-cpp-ba1d74010890/platforms/s/utils/c_utils/src/postprocess.cpp.o
[ 87%] Building CXX object CMakeFiles/resnet18.dir/tmp/rdk-model-zoo-20260916-contract-pilot/integration-cpp-ba1d74010890/platforms/s/utils/c_utils/src/visualize.cpp.o
[100%] Linking CXX executable resnet18
[100%] Built target resnet18


COMMAND_EXIT 0
COMMAND ["/tmp/rdk-model-zoo-20260916-contract-pilot/integration-cpp-ba1d74010890/resnet-canonical/resnet18", "--model_path=/tmp/rdk-model-zoo-20260916-contract-pilot/models/resnet18_224x224_nv12.hbm", "--test_img=/tmp/rdk-model-zoo-20260916-contract-pilot/resnet-cpp-baseline/platforms/s/samples/vision/resnet18/test_data/zebra_cls.jpg", "--label_file=/tmp/rdk-model-zoo-20260916-contract-pilot/integration-cpp-ba1d74010890/platforms/s/datasets/imagenet/imagenet_classes.names"]
[UCP]: log level = 3
[UCP]: UCP version = 3.13.6
[VP]: log level = 3
[DNN]: log level = 3
[HPL]: log level = 3
[UCPT]: log level = 6
/tmp/rdk-model-zoo-20260916-contract-pilot/integration-cpp-ba1d74010890/resnet-canonical/resnet18 --model_path=/tmp/rdk-model-zoo-20260916-contract-pilot/models/resnet18_224x224_nv12.hbm --test_img=/tmp/rdk-model-zoo-20260916-contract-pilot/resnet-cpp-baseline/platforms/s/samples/vision/resnet18/test_data/zebra_cls.jpg --label_file=/tmp/rdk-model-zoo-20260916-contract-pilot/integration-cpp-ba1d74010890/platforms/s/datasets/imagenet/imagenet_classes.names
[BPU][[BPU_MONITOR]][281473339032928][INFO]BPULib verison(2, 2, 15)[f21ee84]!
[DNN]: 3.13.6_(4.7.5 HBRT)
TOP-1: label=zebra, prob=0.997861
TOP-2: label=impala, Aepyceros melampus, prob=0.000530373
TOP-3: label=cheetah, chetah, Acinonyx jubatus, prob=0.00049256
TOP-4: label=gazelle, prob=0.000387223
TOP-5: label=prairie chicken, prairie grouse, prairie fowl, prob=0.000187935


COMMAND_EXIT 0
CPP_RESULT {"sample": "resnet", "entry": "canonical", "baseline_exact": true}
COMMAND ["cmake", "-S", "/tmp/rdk-model-zoo-20260916-contract-pilot/integration-cpp-ba1d74010890/platforms/s/samples/vision/resnet18/runtime/cpp", "-B", "/tmp/rdk-model-zoo-20260916-contract-pilot/integration-cpp-ba1d74010890/resnet-compatibility", "-DCMAKE_BUILD_TYPE=Release"]
-- The CXX compiler identification is GNU 11.4.0
-- Detecting CXX compiler ABI info
-- Detecting CXX compiler ABI info - done
-- Check for working CXX compiler: /usr/bin/c++ - skipped
-- Detecting CXX compile features
-- Detecting CXX compile features - done
-- The C compiler identification is GNU 11.4.0
-- Detecting C compiler ABI info
-- Detecting C compiler ABI info - done
-- Check for working C compiler: /usr/bin/cc - skipped
-- Detecting C compile features
-- Detecting C compile features - done
-- Found OpenCV: /usr (found version "4.5.4") 
-- Configuring done
-- Generating done
-- Build files have been written to: /tmp/rdk-model-zoo-20260916-contract-pilot/integration-cpp-ba1d74010890/resnet-compatibility


COMMAND_EXIT 0
COMMAND ["cmake", "--build", "/tmp/rdk-model-zoo-20260916-contract-pilot/integration-cpp-ba1d74010890/resnet-compatibility", "--parallel", "2"]
[ 25%] Building CXX object canonical-resnet18/CMakeFiles/resnet18.dir/src/main.cpp.o
[ 25%] Building CXX object canonical-resnet18/CMakeFiles/resnet18.dir/src/resnet18.cpp.o
[ 37%] Building CXX object canonical-resnet18/CMakeFiles/resnet18.dir/tmp/rdk-model-zoo-20260916-contract-pilot/integration-cpp-ba1d74010890/platforms/s/utils/c_utils/src/file_io.cpp.o
[ 50%] Building CXX object canonical-resnet18/CMakeFiles/resnet18.dir/tmp/rdk-model-zoo-20260916-contract-pilot/integration-cpp-ba1d74010890/platforms/s/utils/c_utils/src/nn_math.cpp.o
[ 62%] Building CXX object canonical-resnet18/CMakeFiles/resnet18.dir/tmp/rdk-model-zoo-20260916-contract-pilot/integration-cpp-ba1d74010890/platforms/s/utils/c_utils/src/preprocess.cpp.o
[ 75%] Building CXX object canonical-resnet18/CMakeFiles/resnet18.dir/tmp/rdk-model-zoo-20260916-contract-pilot/integration-cpp-ba1d74010890/platforms/s/utils/c_utils/src/postprocess.cpp.o
[ 87%] Building CXX object canonical-resnet18/CMakeFiles/resnet18.dir/tmp/rdk-model-zoo-20260916-contract-pilot/integration-cpp-ba1d74010890/platforms/s/utils/c_utils/src/visualize.cpp.o
[100%] Linking CXX executable ../resnet18
[100%] Built target resnet18


COMMAND_EXIT 0
COMMAND ["/tmp/rdk-model-zoo-20260916-contract-pilot/integration-cpp-ba1d74010890/resnet-compatibility/resnet18", "--model_path=/tmp/rdk-model-zoo-20260916-contract-pilot/models/resnet18_224x224_nv12.hbm", "--test_img=/tmp/rdk-model-zoo-20260916-contract-pilot/resnet-cpp-baseline/platforms/s/samples/vision/resnet18/test_data/zebra_cls.jpg", "--label_file=/tmp/rdk-model-zoo-20260916-contract-pilot/integration-cpp-ba1d74010890/platforms/s/datasets/imagenet/imagenet_classes.names"]
[UCP]: log level = 3
[UCP]: UCP version = 3.13.6
[VP]: log level = 3
[DNN]: log level = 3
[HPL]: log level = 3
[UCPT]: log level = 6
/tmp/rdk-model-zoo-20260916-contract-pilot/integration-cpp-ba1d74010890/resnet-compatibility/resnet18 --model_path=/tmp/rdk-model-zoo-20260916-contract-pilot/models/resnet18_224x224_nv12.hbm --test_img=/tmp/rdk-model-zoo-20260916-contract-pilot/resnet-cpp-baseline/platforms/s/samples/vision/resnet18/test_data/zebra_cls.jpg --label_file=/tmp/rdk-model-zoo-20260916-contract-pilot/integration-cpp-ba1d74010890/platforms/s/datasets/imagenet/imagenet_classes.names
[BPU][[BPU_MONITOR]][281472861144416][INFO]BPULib verison(2, 2, 15)[f21ee84]!
[DNN]: 3.13.6_(4.7.5 HBRT)
TOP-1: label=zebra, prob=0.997861
TOP-2: label=impala, Aepyceros melampus, prob=0.000530373
TOP-3: label=cheetah, chetah, Acinonyx jubatus, prob=0.00049256
TOP-4: label=gazelle, prob=0.000387223
TOP-5: label=prairie chicken, prairie grouse, prairie fowl, prob=0.000187935


COMMAND_EXIT 0
CPP_RESULT {"sample": "resnet", "entry": "compatibility", "baseline_exact": true}
COMMAND ["cmake", "-S", "/tmp/rdk-model-zoo-20260916-contract-pilot/integration-cpp-ba1d74010890/samples/vision/paddle_ocr/runtime/cpp", "-B", "/tmp/rdk-model-zoo-20260916-contract-pilot/integration-cpp-ba1d74010890/paddle_ocr-canonical", "-DCMAKE_BUILD_TYPE=Release"]
-- The C compiler identification is GNU 11.4.0
-- The CXX compiler identification is GNU 11.4.0
-- Detecting C compiler ABI info
-- Detecting C compiler ABI info - done
-- Check for working C compiler: /usr/bin/cc - skipped
-- Detecting C compile features
-- Detecting C compile features - done
-- Detecting CXX compiler ABI info
-- Detecting CXX compiler ABI info - done
-- Check for working CXX compiler: /usr/bin/c++ - skipped
-- Detecting CXX compile features
-- Detecting CXX compile features - done
-- Found OpenCV: /usr (found version "4.5.4") 
-- Found PkgConfig: /usr/bin/pkg-config (found version "0.29.2") 
-- Found Freetype: /usr/lib/aarch64-linux-gnu/libfreetype.so (found version "2.11.1") 
-- Configuring done
-- Generating done
-- Build files have been written to: /tmp/rdk-model-zoo-20260916-contract-pilot/integration-cpp-ba1d74010890/paddle_ocr-canonical


COMMAND_EXIT 0
COMMAND ["cmake", "--build", "/tmp/rdk-model-zoo-20260916-contract-pilot/integration-cpp-ba1d74010890/paddle_ocr-canonical", "--parallel", "2"]
[ 28%] Building CXX object CMakeFiles/paddle_ocr.dir/src/paddle_ocr.cpp.o
[ 28%] Building CXX object CMakeFiles/paddle_ocr.dir/src/main.cpp.o
[ 42%] Building CXX object CMakeFiles/paddle_ocr.dir/tmp/rdk-model-zoo-20260916-contract-pilot/integration-cpp-ba1d74010890/platforms/s/utils/c_utils/src/file_io.cpp.o
[ 57%] Building CXX object CMakeFiles/paddle_ocr.dir/tmp/rdk-model-zoo-20260916-contract-pilot/integration-cpp-ba1d74010890/platforms/s/utils/c_utils/src/preprocess.cpp.o
[ 71%] Building CXX object CMakeFiles/paddle_ocr.dir/tmp/rdk-model-zoo-20260916-contract-pilot/integration-cpp-ba1d74010890/platforms/s/utils/c_utils/src/postprocess.cpp.o
[ 85%] Building CXX object CMakeFiles/paddle_ocr.dir/tmp/rdk-model-zoo-20260916-contract-pilot/integration-cpp-ba1d74010890/platforms/s/utils/c_utils/src/visualize.cpp.o
[100%] Linking CXX executable paddle_ocr
[100%] Built target paddle_ocr

/tmp/rdk-model-zoo-20260916-contract-pilot/integration-cpp-ba1d74010890/samples/vision/paddle_ocr/runtime/cpp/src/paddle_ocr.cpp: In function ‘cv::Mat process_and_resize_pred(const hbDNNTensor&, float, int, int)’:
/tmp/rdk-model-zoo-20260916-contract-pilot/integration-cpp-ba1d74010890/samples/vision/paddle_ocr/runtime/cpp/src/paddle_ocr.cpp:95:38: warning: comparison between ‘const enum hbDNNQuantiType’ and ‘enum hbDNNDataType’ [-Wenum-compare]
   95 |     if (tensor.properties.quantiType == HB_DNN_TENSOR_TYPE_S16) {
      |         ~~~~~~~~~~~~~~~~~~~~~~~~~~~~~^~~~~~~~~~~~~~~~~~~~~~~~~

COMMAND_EXIT 0
COMMAND ["/tmp/rdk-model-zoo-20260916-contract-pilot/integration-cpp-ba1d74010890/paddle_ocr-canonical/paddle_ocr", "--det_model_path=/tmp/rdk-model-zoo-20260916-contract-pilot/models/PP-OCRv6_det_infer-deploy_640x640_nv12.hbm", "--rec_model_path=/tmp/rdk-model-zoo-20260916-contract-pilot/models/PP-OCRv6_rec_infer-deploy_48x320_rgb.hbm", "--test_image=/tmp/rdk-model-zoo-20260916-contract-pilot/ocr-cpp-baseline/platforms/s/samples/vision/paddle_ocr/test_data/gt_2322.jpg", "--label_file=/tmp/rdk-model-zoo-20260916-contract-pilot/ocr-cpp-baseline/platforms/s/samples/vision/paddle_ocr/test_data/ppocrv6_dict.txt", "--font_path=/tmp/rdk-model-zoo-20260916-contract-pilot/ocr-cpp-baseline/platforms/s/samples/vision/paddle_ocr/test_data/FangSong.ttf", "--img_save_path=/tmp/rdk-model-zoo-20260916-contract-pilot/integration-cpp-ba1d74010890/ocr-canonical.jpg"]
[UCP]: log level = 3
[UCP]: UCP version = 3.13.6
[VP]: log level = 3
[DNN]: log level = 3
[HPL]: log level = 3
[UCPT]: log level = 6
/tmp/rdk-model-zoo-20260916-contract-pilot/integration-cpp-ba1d74010890/paddle_ocr-canonical/paddle_ocr --det_model_path=/tmp/rdk-model-zoo-20260916-contract-pilot/models/PP-OCRv6_det_infer-deploy_640x640_nv12.hbm --rec_model_path=/tmp/rdk-model-zoo-20260916-contract-pilot/models/PP-OCRv6_rec_infer-deploy_48x320_rgb.hbm --test_image=/tmp/rdk-model-zoo-20260916-contract-pilot/ocr-cpp-baseline/platforms/s/samples/vision/paddle_ocr/test_data/gt_2322.jpg --label_file=/tmp/rdk-model-zoo-20260916-contract-pilot/ocr-cpp-baseline/platforms/s/samples/vision/paddle_ocr/test_data/ppocrv6_dict.txt --font_path=/tmp/rdk-model-zoo-20260916-contract-pilot/ocr-cpp-baseline/platforms/s/samples/vision/paddle_ocr/test_data/FangSong.ttf --img_save_path=/tmp/rdk-model-zoo-20260916-contract-pilot/integration-cpp-ba1d74010890/ocr-canonical.jpg
[BPU][[BPU_MONITOR]][281472701828160][INFO]BPULib verison(2, 2, 15)[f21ee84]!
[DNN]: 3.13.6_(4.7.5 HBRT)
[0] Prediction: L
[1] Prediction: 
[2] Prediction: 
[3] Prediction: 出入境签证护照采集点儿童写真复印快照
[4] Prediction: 8
[5] Prediction: 
[6] Prediction: 刻章大宇摄影
[7] Prediction: 文
[8] Prediction: 公安定点刻制单位
[Saved] Result saved to: /tmp/rdk-model-zoo-20260916-contract-pilot/integration-cpp-ba1d74010890/ocr-canonical.jpg


COMMAND_EXIT 0
CPP_RESULT {"sample": "paddle_ocr", "entry": "canonical", "baseline_exact": true}
COMMAND ["cmake", "-S", "/tmp/rdk-model-zoo-20260916-contract-pilot/integration-cpp-ba1d74010890/platforms/s/samples/vision/paddle_ocr/runtime/cpp", "-B", "/tmp/rdk-model-zoo-20260916-contract-pilot/integration-cpp-ba1d74010890/paddle_ocr-compatibility", "-DCMAKE_BUILD_TYPE=Release"]
-- The C compiler identification is GNU 11.4.0
-- The CXX compiler identification is GNU 11.4.0
-- Detecting C compiler ABI info
-- Detecting C compiler ABI info - done
-- Check for working C compiler: /usr/bin/cc - skipped
-- Detecting C compile features
-- Detecting C compile features - done
-- Detecting CXX compiler ABI info
-- Detecting CXX compiler ABI info - done
-- Check for working CXX compiler: /usr/bin/c++ - skipped
-- Detecting CXX compile features
-- Detecting CXX compile features - done
-- Found OpenCV: /usr (found version "4.5.4") 
-- Found PkgConfig: /usr/bin/pkg-config (found version "0.29.2") 
-- Found Freetype: /usr/lib/aarch64-linux-gnu/libfreetype.so (found version "2.11.1") 
-- Configuring done
-- Generating done
-- Build files have been written to: /tmp/rdk-model-zoo-20260916-contract-pilot/integration-cpp-ba1d74010890/paddle_ocr-compatibility


COMMAND_EXIT 0
COMMAND ["cmake", "--build", "/tmp/rdk-model-zoo-20260916-contract-pilot/integration-cpp-ba1d74010890/paddle_ocr-compatibility", "--parallel", "2"]
[ 28%] Building CXX object canonical_paddle_ocr/CMakeFiles/paddle_ocr.dir/src/main.cpp.o
[ 28%] Building CXX object canonical_paddle_ocr/CMakeFiles/paddle_ocr.dir/src/paddle_ocr.cpp.o
[ 42%] Building CXX object canonical_paddle_ocr/CMakeFiles/paddle_ocr.dir/tmp/rdk-model-zoo-20260916-contract-pilot/integration-cpp-ba1d74010890/platforms/s/utils/c_utils/src/file_io.cpp.o
[ 57%] Building CXX object canonical_paddle_ocr/CMakeFiles/paddle_ocr.dir/tmp/rdk-model-zoo-20260916-contract-pilot/integration-cpp-ba1d74010890/platforms/s/utils/c_utils/src/preprocess.cpp.o
[ 71%] Building CXX object canonical_paddle_ocr/CMakeFiles/paddle_ocr.dir/tmp/rdk-model-zoo-20260916-contract-pilot/integration-cpp-ba1d74010890/platforms/s/utils/c_utils/src/postprocess.cpp.o
[ 85%] Building CXX object canonical_paddle_ocr/CMakeFiles/paddle_ocr.dir/tmp/rdk-model-zoo-20260916-contract-pilot/integration-cpp-ba1d74010890/platforms/s/utils/c_utils/src/visualize.cpp.o
[100%] Linking CXX executable ../paddle_ocr
[100%] Built target paddle_ocr

/tmp/rdk-model-zoo-20260916-contract-pilot/integration-cpp-ba1d74010890/samples/vision/paddle_ocr/runtime/cpp/src/paddle_ocr.cpp: In function ‘cv::Mat process_and_resize_pred(const hbDNNTensor&, float, int, int)’:
/tmp/rdk-model-zoo-20260916-contract-pilot/integration-cpp-ba1d74010890/samples/vision/paddle_ocr/runtime/cpp/src/paddle_ocr.cpp:95:38: warning: comparison between ‘const enum hbDNNQuantiType’ and ‘enum hbDNNDataType’ [-Wenum-compare]
   95 |     if (tensor.properties.quantiType == HB_DNN_TENSOR_TYPE_S16) {
      |         ~~~~~~~~~~~~~~~~~~~~~~~~~~~~~^~~~~~~~~~~~~~~~~~~~~~~~~

COMMAND_EXIT 0
COMMAND ["/tmp/rdk-model-zoo-20260916-contract-pilot/integration-cpp-ba1d74010890/paddle_ocr-compatibility/paddle_ocr", "--det_model_path=/tmp/rdk-model-zoo-20260916-contract-pilot/models/PP-OCRv6_det_infer-deploy_640x640_nv12.hbm", "--rec_model_path=/tmp/rdk-model-zoo-20260916-contract-pilot/models/PP-OCRv6_rec_infer-deploy_48x320_rgb.hbm", "--test_image=/tmp/rdk-model-zoo-20260916-contract-pilot/ocr-cpp-baseline/platforms/s/samples/vision/paddle_ocr/test_data/gt_2322.jpg", "--label_file=/tmp/rdk-model-zoo-20260916-contract-pilot/ocr-cpp-baseline/platforms/s/samples/vision/paddle_ocr/test_data/ppocrv6_dict.txt", "--font_path=/tmp/rdk-model-zoo-20260916-contract-pilot/ocr-cpp-baseline/platforms/s/samples/vision/paddle_ocr/test_data/FangSong.ttf", "--img_save_path=/tmp/rdk-model-zoo-20260916-contract-pilot/integration-cpp-ba1d74010890/ocr-compatibility.jpg"]
[UCP]: log level = 3
[UCP]: UCP version = 3.13.6
[VP]: log level = 3
[DNN]: log level = 3
[HPL]: log level = 3
[UCPT]: log level = 6
/tmp/rdk-model-zoo-20260916-contract-pilot/integration-cpp-ba1d74010890/paddle_ocr-compatibility/paddle_ocr --det_model_path=/tmp/rdk-model-zoo-20260916-contract-pilot/models/PP-OCRv6_det_infer-deploy_640x640_nv12.hbm --rec_model_path=/tmp/rdk-model-zoo-20260916-contract-pilot/models/PP-OCRv6_rec_infer-deploy_48x320_rgb.hbm --test_image=/tmp/rdk-model-zoo-20260916-contract-pilot/ocr-cpp-baseline/platforms/s/samples/vision/paddle_ocr/test_data/gt_2322.jpg --label_file=/tmp/rdk-model-zoo-20260916-contract-pilot/ocr-cpp-baseline/platforms/s/samples/vision/paddle_ocr/test_data/ppocrv6_dict.txt --font_path=/tmp/rdk-model-zoo-20260916-contract-pilot/ocr-cpp-baseline/platforms/s/samples/vision/paddle_ocr/test_data/FangSong.ttf --img_save_path=/tmp/rdk-model-zoo-20260916-contract-pilot/integration-cpp-ba1d74010890/ocr-compatibility.jpg
[BPU][[BPU_MONITOR]][281472785452096][INFO]BPULib verison(2, 2, 15)[f21ee84]!
[DNN]: 3.13.6_(4.7.5 HBRT)
[0] Prediction: L
[1] Prediction: 
[2] Prediction: 
[3] Prediction: 出入境签证护照采集点儿童写真复印快照
[4] Prediction: 8
[5] Prediction: 
[6] Prediction: 刻章大宇摄影
[7] Prediction: 文
[8] Prediction: 公安定点刻制单位
[Saved] Result saved to: /tmp/rdk-model-zoo-20260916-contract-pilot/integration-cpp-ba1d74010890/ocr-compatibility.jpg


COMMAND_EXIT 0
CPP_RESULT {"sample": "paddle_ocr", "entry": "compatibility", "baseline_exact": true}
INTEGRATION_CPP_PASS

STDERR:

EXIT_STATUS=0
