{"archive_sha256": "b0899b1b54087ec4bb0acfd61bcdda60c359060fb27c02f2a58b6fda7cee1fdd", "detected_target": "s100p", "started": "2026-09-16T11:56:12.802926+00:00"}
COMPILE_PASS
[UCP]: log level = 3
[UCP]: UCP version = 3.13.6
[VP]: log level = 3
[DNN]: log level = 3
[HPL]: log level = 3
[UCPT]: log level = 6
[BPU][[BPU_MONITOR]][281473283524288][INFO]BPULib verison(2, 2, 15)[f21ee84]!
[DNN]: 3.13.6_(4.7.5 HBRT)
{"task": "detect", "status": "pass", "input_sha256": "c02019c4979c191eb739ddd944445ef408dad5679acab6fd520ef9d434bfbc63", "artifact_sha256": "3072336f7c24a1005134df69a4315c2f946dca0799e535a88c2f15b0d0058c3e", "max_box_abs_diff": 8.20159912109375e-05, "max_score_abs_diff": 0.0, "boxes": [[221.27610778808594, 408.2008972167969, 343.59417724609375, 855.5545654296875], [50.621009826660156, 397.56964111328125, 242.61097717285156, 906.1751098632812], [667.5363159179688, 380.5325622558594, 810.0, 879.3521118164062], [0.2643284797668457, 550.49560546875, 57.48390579223633, 871.5551147460938], [31.156797409057617, 230.812744140625, 795.7296752929688, 774.9043579101562]], "scores": [0.8527061939239502, 0.8509472012519836, 0.8249362707138062, 0.36291807889938354, 0.8227894902229309], "ids": [0, 0, 0, 0, 5]}
YOLO_NATIVE_STDOUT [UCP]: log level = 3
[UCP]: UCP version = 3.13.6
[VP]: log level = 3
[DNN]: log level = 3
[HPL]: log level = 3
[UCPT]: log level = 6
[BPU][[BPU_MONITOR]][281473721763520][INFO]BPULib verison(2, 2, 15)[f21ee84]!
[DNN]: 3.13.6_(4.7.5 HBRT)
=== Model Name List ===
['yolov8n_detect_nashm_640x640_nv12']

=== Model Count ===
1

=== Input Counts ===
yolov8n_detect_nashm_640x640_nv12: 2

=== Input Names ===
yolov8n_detect_nashm_640x640_nv12:
  - images_y
  - images_uv

=== Input Tensor Shapes ===
yolov8n_detect_nashm_640x640_nv12:
  images_uv -> shape: [1, 320, 320, 2]
  images_y -> shape: [1, 640, 640, 1]

=== Input Tensor Types ===
yolov8n_detect_nashm_640x640_nv12:
  images_uv -> dtype: U8
  images_y -> dtype: U8

=== Input Quantization Info ===
yolov8n_detect_nashm_640x640_nv12:
  images_uv:
    quanti_type: NONE
    quantize_axis: 0
    scale_data: []
    zero_point_data: []
  images_y:
    quanti_type: NONE
    quantize_axis: 0
    scale_data: []
    zero_point_data: []

=== Input Tensor Stride ===
yolov8n_detect_nashm_640x640_nv12:
  images_uv -> stride: [-1, -1, 2, 1]
  images_y -> stride: [-1, -1, 1, 1]
[Input] yolov8n_detect_nashm_640x640_nv12.images_uv desc: 
[Input] yolov8n_detect_nashm_640x640_nv12.images_y desc: 

================ OUTPUT TESTS ================

=== Output Counts ===
yolov8n_detect_nashm_640x640_nv12: 6

=== Output Names ===
yolov8n_detect_nashm_640x640_nv12:
  - output0
  - 330
  - 338
  - 346
  - 354
  - 362

=== Output Tensor Shapes ===
yolov8n_detect_nashm_640x640_nv12:
  362 -> shape: [1, 20, 20, 64]
  354 -> shape: [1, 20, 20, 80]
  346 -> shape: [1, 40, 40, 64]
  338 -> shape: [1, 40, 40, 80]
  330 -> shape: [1, 80, 80, 64]
  output0 -> shape: [1, 80, 80, 80]

=== Output Tensor Types ===
yolov8n_detect_nashm_640x640_nv12:
  362 -> dtype: F32
  354 -> dtype: F32
  346 -> dtype: F32
  338 -> dtype: F32
  330 -> dtype: F32
  output0 -> dtype: F32

=== Output Quantization Info ===
yolov8n_detect_nashm_640x640_nv12:
  362:
    quanti_type: NONE
    quantize_axis: 0
    scale_data: []
    zero_point_data: []
  354:
    quanti_type: NONE
    quantize_axis: 0
    scale_data: []
    zero_point_data: []
  346:
    quanti_type: NONE
    quantize_axis: 0
    scale_data: []
    zero_point_data: []
  338:
    quanti_type: NONE
    quantize_axis: 0
    scale_data: []
    zero_point_data: []
  330:
    quanti_type: NONE
    quantize_axis: 0
    scale_data: []
    zero_point_data: []
  output0:
    quanti_type: NONE
    quantize_axis: 0
    scale_data: []
    zero_point_data: []

=== Output Tensor Stride ===
yolov8n_detect_nashm_640x640_nv12:
  362 -> stride: [102400, 5120, 256, 4]
  354 -> stride: [128000, 6400, 320, 4]
  346 -> stride: [409600, 10240, 256, 4]
  338 -> stride: [512000, 12800, 320, 4]
  330 -> stride: [1638400, 20480, 256, 4]
  output0 -> stride: [2048000, 25600, 320, 4]
[Output] yolov8n_detect_nashm_640x640_nv12.362 desc: 
[Output] yolov8n_detect_nashm_640x640_nv12.354 desc: 
[Output] yolov8n_detect_nashm_640x640_nv12.346 desc: 
[Output] yolov8n_detect_nashm_640x640_nv12.338 desc: 
[Output] yolov8n_detect_nashm_640x640_nv12.330 desc: 
[Output] yolov8n_detect_nashm_640x640_nv12.output0 desc: 

Model Description:
 - yolov8n_detect_nashm_640x640_nv12: {"BUILDER_VERSION": "3.4.7", "HBDK_VERSION": "4.5.5", "HBDK_RUNTIME_VERSION": null, "HMCT_VERSION": "2.5.6", "CAFFE_MODEL": null, "PROTOTXT": null, "ONNX_MODEL": "/open_explorer/workspace_mapper_20251113_200209_432600/yolov8n_detect/yolov8n.onnx", "MARCH": "nash-m", "LAYER_OUT_DUMP": "False", "LOG_LEVEL": null, "WORKING_DIR": "/open_explorer/workspace_mapper_20251113_200209_432600/yolov8n_detect/bpu_model_output", "MODEL_PREFIX": "yolov8n_detect_nashm_640x640_nv12", "OUTPUT_NODES": "", "REMOVE_NODE_TYPE": "", "REMOVE_NODE_NAME": "", "DEBUG_MODE": "", "NODE_INFO": "{}", "INPUT_NAMES": "images", "INPUT_SPACE_AND_RANGE": "regular", "INPUT_TYPE_RT": "nv12", "INPUT_TYPE_TRAIN": "rgb", "INPUT_LAYOUT_TRAIN": "NCHW", "INPUT_LAYOUT_RT": "", "NORM_TYPE": "data_scale", "MEAN_VALUE": "[]", "SCALE_VALUE": "[0.003921568627451]", "STD_VALUE": "[]", "INPUT_SHAPE": "1x3x640x640", "INPUT_BATCH": "", "SEPARATE_BATCH": "False", "SEPARATE_NAME": "", "CUSTOM_OP_METHOD": null, "CUSTOM_OP_DIR": null, "CUSTOM_OP_REGISTER_FILES": "", "OPTIMIZATION": "", "CALI_TYPE": "default", "CAL_DATA_DIR": "/open_explorer/workspace_mapper_20251113_200209_432600/cal_640", "PER_CHANNEL": "False", "MAX_PERCENTILE": "None", "RUN_ON_CPU": "", "RUN_ON_BPU": "", "QUANT_CONFIG": null, "ADVICE": 0.0, "DEBUG": "True", "OPTIMIZE_LEVEL": "O2", "COMPILE_MODE": "latency", "CORE_NUM": 1, "MAX_TIME_PER_FC": 0, "BALANCE_FACTOR": 100, "ABILITY_ENTRY": null, "INPUT_SOURCE": {"images": "pyramid"}, "hbdk3_compatible_mode": null, "cache_mode": "disable", "cache_path": "", "CALI_EXTRA_PARAM": {}, "EXTRA_PARAMS": {"input_no_padding": true, "output_no_padding": true}}

HBM Description:
 - /tmp/rdk-model-zoo-20260916-contract-pilot/models/yolov8n_detect_nashm_640x640_nv12.hbm: 

=== Scheduling Parameters ===
yolov8n_detect_nashm_640x640_nv12:
  priority    : 0
  customId    : 0
  bpu_cores   : [0]
  deviceId    : 0

Detection Report: 5 objects found
  [0] 0: 0.85 | Box (221.3, 408.2, 343.6, 855.6)
  [1] 0: 0.85 | Box (50.6, 397.6, 242.6, 906.2)
  [2] 0: 0.82 | Box (667.5, 380.5, 810.0, 879.4)
  [3] 0: 0.36 | Box (0.3, 550.5, 57.5, 871.6)
  [4] 5: 0.82 | Box (31.2, 230.8, 795.7, 774.9)
 YOLO_NATIVE_STDERR Traceback (most recent call last):
  File "/tmp/rdk-model-zoo-20260916-contract-pilot/current-b0899b1b5408/samples/vision/ultralytics_yolo/runtime/python/main.py", line 501, in <module>
    sys.exit(main())
  File "/tmp/rdk-model-zoo-20260916-contract-pilot/current-b0899b1b5408/samples/vision/ultralytics_yolo/runtime/python/main.py", line 490, in main
    run_inference(profile, args, labels)
  File "/tmp/rdk-model-zoo-20260916-contract-pilot/current-b0899b1b5408/samples/vision/ultralytics_yolo/runtime/python/main.py", line 416, in run_inference
    result_img=visualize.draw_boxes(img,boxes,ids,scores,labels,visualize.rdk_colors)
  File "/tmp/rdk-model-zoo-20260916-contract-pilot/current-b0899b1b5408/samples/vision/ultralytics_yolo/runtime/python/rdk_yolo_utils/visualize.py", line 129, in draw_boxes
    label = f"{class_names[cls_id]} {score:.2f}"
IndexError: list index out of range


STDERR:
Traceback (most recent call last):
  File "<stdin>", line 39, in <module>
AssertionError: 1

EXIT_STATUS=1
