{"archive_sha256": "d79826ba0dba69f4cdac4bbb42dc098c64a9ba2aa19596857ce8c38f16858ccf", "detected_target": "s100", "started": "2026-09-16T11:56:48.055679+00:00"}
COMPILE_PASS
[UCP]: log level = 3
[UCP]: UCP version = 3.13.6
[VP]: log level = 3
[DNN]: log level = 3
[HPL]: log level = 3
[UCPT]: log level = 6
[BPU][[BPU_MONITOR]][281472830146240][INFO]BPULib verison(2, 2, 15)[f21ee84]!
[DNN]: 3.13.6_(4.7.5 HBRT)
{"task": "detect", "status": "pass", "input_sha256": "c02019c4979c191eb739ddd944445ef408dad5679acab6fd520ef9d434bfbc63", "artifact_sha256": "275954de72ce2c1e8b0f6bfe685adeb27108fe899f9322a156b59c0fd78d48a4", "max_box_abs_diff": 3.3855438232421875e-05, "max_score_abs_diff": 2.9802322387695312e-08, "boxes": [[50.157806396484375, 397.3240966796875, 244.63143920898438, 906.0755615234375], [221.2505645751953, 408.4991149902344, 343.04461669921875, 854.785888671875], [667.8750610351562, 375.4518127441406, 810.0, 877.8818969726562], [0.0, 551.4342041015625, 58.1495475769043, 870.3687744140625], [31.69552230834961, 230.8451385498047, 801.7930908203125, 777.4644165039062]], "scores": [0.8552843332290649, 0.8495612144470215, 0.8372621536254883, 0.28359323740005493, 0.805631697177887], "ids": [0, 0, 0, 0, 5]}
YOLO_NATIVE_STDOUT [UCP]: log level = 3
[UCP]: UCP version = 3.13.6
[VP]: log level = 3
[DNN]: log level = 3
[HPL]: log level = 3
[UCPT]: log level = 6
[BPU][[BPU_MONITOR]][281473510868672][INFO]BPULib verison(2, 2, 15)[f21ee84]!
[DNN]: 3.13.6_(4.7.5 HBRT)
=== Model Name List ===
['yolov8n_detect_nashe_640x640_nv12']

=== Model Count ===
1

=== Input Counts ===
yolov8n_detect_nashe_640x640_nv12: 2

=== Input Names ===
yolov8n_detect_nashe_640x640_nv12:
  - images_y
  - images_uv

=== Input Tensor Shapes ===
yolov8n_detect_nashe_640x640_nv12:
  images_uv -> shape: [1, 320, 320, 2]
  images_y -> shape: [1, 640, 640, 1]

=== Input Tensor Types ===
yolov8n_detect_nashe_640x640_nv12:
  images_uv -> dtype: U8
  images_y -> dtype: U8

=== Input Quantization Info ===
yolov8n_detect_nashe_640x640_nv12:
  images_uv:
    quanti_type: NONE
    quantize_axis: 0
    scale_data: []
    zero_point_data: []
  images_y:
    quanti_type: NONE
    quantize_axis: 0
    scale_data: []
    zero_point_data: []

=== Input Tensor Stride ===
yolov8n_detect_nashe_640x640_nv12:
  images_uv -> stride: [-1, -1, 2, 1]
  images_y -> stride: [-1, -1, 1, 1]
[Input] yolov8n_detect_nashe_640x640_nv12.images_uv desc: 
[Input] yolov8n_detect_nashe_640x640_nv12.images_y desc: 

================ OUTPUT TESTS ================

=== Output Counts ===
yolov8n_detect_nashe_640x640_nv12: 6

=== Output Names ===
yolov8n_detect_nashe_640x640_nv12:
  - output0
  - 330
  - 338
  - 346
  - 354
  - 362

=== Output Tensor Shapes ===
yolov8n_detect_nashe_640x640_nv12:
  362 -> shape: [1, 20, 20, 64]
  354 -> shape: [1, 20, 20, 80]
  346 -> shape: [1, 40, 40, 64]
  338 -> shape: [1, 40, 40, 80]
  330 -> shape: [1, 80, 80, 64]
  output0 -> shape: [1, 80, 80, 80]

=== Output Tensor Types ===
yolov8n_detect_nashe_640x640_nv12:
  362 -> dtype: F32
  354 -> dtype: F32
  346 -> dtype: F32
  338 -> dtype: F32
  330 -> dtype: F32
  output0 -> dtype: F32

=== Output Quantization Info ===
yolov8n_detect_nashe_640x640_nv12:
  362:
    quanti_type: NONE
    quantize_axis: 0
    scale_data: []
    zero_point_data: []
  354:
    quanti_type: NONE
    quantize_axis: 0
    scale_data: []
    zero_point_data: []
  346:
    quanti_type: NONE
    quantize_axis: 0
    scale_data: []
    zero_point_data: []
  338:
    quanti_type: NONE
    quantize_axis: 0
    scale_data: []
    zero_point_data: []
  330:
    quanti_type: NONE
    quantize_axis: 0
    scale_data: []
    zero_point_data: []
  output0:
    quanti_type: NONE
    quantize_axis: 0
    scale_data: []
    zero_point_data: []

=== Output Tensor Stride ===
yolov8n_detect_nashe_640x640_nv12:
  362 -> stride: [102400, 5120, 256, 4]
  354 -> stride: [128000, 6400, 320, 4]
  346 -> stride: [409600, 10240, 256, 4]
  338 -> stride: [512000, 12800, 320, 4]
  330 -> stride: [1638400, 20480, 256, 4]
  output0 -> stride: [2048000, 25600, 320, 4]
[Output] yolov8n_detect_nashe_640x640_nv12.362 desc: 
[Output] yolov8n_detect_nashe_640x640_nv12.354 desc: 
[Output] yolov8n_detect_nashe_640x640_nv12.346 desc: 
[Output] yolov8n_detect_nashe_640x640_nv12.338 desc: 
[Output] yolov8n_detect_nashe_640x640_nv12.330 desc: 
[Output] yolov8n_detect_nashe_640x640_nv12.output0 desc: 

Model Description:
 - yolov8n_detect_nashe_640x640_nv12: {"BUILDER_VERSION": "3.4.7", "HBDK_VERSION": "4.5.5", "HBDK_RUNTIME_VERSION": null, "HMCT_VERSION": "2.5.6", "CAFFE_MODEL": null, "PROTOTXT": null, "ONNX_MODEL": "/open_explorer/workspace_mapper_20251113_195627_521859/yolov8n_detect/yolov8n.onnx", "MARCH": "nash-e", "LAYER_OUT_DUMP": "False", "LOG_LEVEL": null, "WORKING_DIR": "/open_explorer/workspace_mapper_20251113_195627_521859/yolov8n_detect/bpu_model_output", "MODEL_PREFIX": "yolov8n_detect_nashe_640x640_nv12", "OUTPUT_NODES": "", "REMOVE_NODE_TYPE": "", "REMOVE_NODE_NAME": "", "DEBUG_MODE": "", "NODE_INFO": "{}", "INPUT_NAMES": "images", "INPUT_SPACE_AND_RANGE": "regular", "INPUT_TYPE_RT": "nv12", "INPUT_TYPE_TRAIN": "rgb", "INPUT_LAYOUT_TRAIN": "NCHW", "INPUT_LAYOUT_RT": "", "NORM_TYPE": "data_scale", "MEAN_VALUE": "[]", "SCALE_VALUE": "[0.003921568627451]", "STD_VALUE": "[]", "INPUT_SHAPE": "1x3x640x640", "INPUT_BATCH": "", "SEPARATE_BATCH": "False", "SEPARATE_NAME": "", "CUSTOM_OP_METHOD": null, "CUSTOM_OP_DIR": null, "CUSTOM_OP_REGISTER_FILES": "", "OPTIMIZATION": "", "CALI_TYPE": "default", "CAL_DATA_DIR": "/open_explorer/workspace_mapper_20251113_195627_521859/cal_640", "PER_CHANNEL": "False", "MAX_PERCENTILE": "None", "RUN_ON_CPU": "", "RUN_ON_BPU": "", "QUANT_CONFIG": null, "ADVICE": 0.0, "DEBUG": "True", "OPTIMIZE_LEVEL": "O2", "COMPILE_MODE": "latency", "CORE_NUM": 1, "MAX_TIME_PER_FC": 0, "BALANCE_FACTOR": 100, "ABILITY_ENTRY": null, "INPUT_SOURCE": {"images": "pyramid"}, "hbdk3_compatible_mode": null, "cache_mode": "disable", "cache_path": "", "CALI_EXTRA_PARAM": {}, "EXTRA_PARAMS": {"input_no_padding": true, "output_no_padding": true}}

HBM Description:
 - /tmp/rdk-model-zoo-20260916-contract-pilot/models/yolov8n_detect_nashe_640x640_nv12.hbm: 

=== Scheduling Parameters ===
yolov8n_detect_nashe_640x640_nv12:
  priority    : 0
  customId    : 0
  bpu_cores   : [0]
  deviceId    : 0

Detection Report: 5 objects found
  [0] person: 0.86 | Box (50.2, 397.3, 244.6, 906.1)
  [1] person: 0.85 | Box (221.3, 408.5, 343.0, 854.8)
  [2] person: 0.84 | Box (667.9, 375.5, 810.0, 877.9)
  [3] person: 0.28 | Box (0.0, 551.4, 58.1, 870.4)
  [4] bus: 0.81 | Box (31.7, 230.8, 801.8, 777.5)
[Saved] Result saved to: /tmp/rdk-model-zoo-20260916-contract-pilot/current-d79826ba0dba/detect-result.jpg
 YOLO_NATIVE_STDERR 
{"task": "classification", "status": "pass", "input_sha256": "7b498bb075c771faadbdd951c7ba2450b2d81332cbd574eb33a8f2fd28f00d29", "artifact_sha256": "d786c693d941297c74276facd77efa9727a80cdaa40460ff12e459b2fa4f697c", "max_score_abs_diff": 5.960464477539063e-08, "ids": [270, 279, 296, 269, 258], "scores": [0.8889155983924866, 0.08172327280044556, 0.011176485568284988, 0.010274985805153847, 0.003418039996176958]}
RESNET_NATIVE_STDOUT [UCP]: log level = 3
[UCP]: UCP version = 3.13.6
[VP]: log level = 3
[DNN]: log level = 3
[HPL]: log level = 3
[UCPT]: log level = 6
[BPU][[BPU_MONITOR]][281473511917248][INFO]BPULib verison(2, 2, 15)[f21ee84]!
[DNN]: 3.13.6_(4.7.5 HBRT)
Top-5 results (s100, s:resnet18:s100/resnet18_224x224_nv12.hbm):
  Rank 1: class=270, label=270: 'white wolf, Arctic wolf, Canis lupus tundrarum',, score=0.888916
  Rank 2: class=279, label=279: 'Arctic fox, white fox, Alopex lagopus',, score=0.081723
  Rank 3: class=296, label=296: 'ice bear, polar bear, Ursus Maritimus, Thalarctos maritimus',, score=0.011176
  Rank 4: class=269, label=269: 'timber wolf, grey wolf, gray wolf, Canis lupus',, score=0.010275
  Rank 5: class=258, label=258: 'Samoyed, Samoyede',, score=0.003418
Saved result image: /tmp/rdk-model-zoo-20260916-contract-pilot/current-d79826ba0dba/classification-result.jpg
 RESNET_NATIVE_STDERR 
PILOT_COMPARISON_PASS

STDERR:

EXIT_STATUS=0
