{"sample": "resnet", "entry": "canonical", "exit": 0}
-- Configuring done
-- Generating done
-- Build files have been written to: /tmp/rdk-model-zoo-20260916-contract-pilot/integration-cpp-ba1d74010890/resnet-canonical
Consolidate compiler generated dependencies of target resnet18
[100%] Built target resnet18
[UCP]: log level = 3
[UCP]: UCP version = 3.13.6
[VP]: log level = 3
[DNN]: log level = 3
[HPL]: log level = 3
[UCPT]: log level = 6
/tmp/rdk-model-zoo-20260916-contract-pilot/integration-cpp-ba1d74010890/resnet-canonical/resnet18 --model_path=/tmp/rdk-model-zoo-20260916-contract-pilot/models/resnet18_224x224_nv12.hbm --test_img=/tmp/rdk-model-zoo-20260916-contract-pilot/resnet-cpp-baseline/platforms/s/samples/vision/resnet18/test_data/zebra_cls.jpg --label_file=/tmp/rdk-model-zoo-20260916-contract-pilot/integration-cpp-ba1d74010890/platforms/s/datasets/imagenet/imagenet_classes.names --top_k 5
[BPU][[BPU_MONITOR]][281473174734176][INFO]BPULib verison(2, 2, 15)[f21ee84]!
[DNN]: 3.13.6_(4.7.5 HBRT)
TOP-1: label=zebra, prob=0.997861
TOP-2: label=impala, Aepyceros melampus, prob=0.000530373
TOP-3: label=cheetah, chetah, Acinonyx jubatus, prob=0.00049256
TOP-4: label=gazelle, prob=0.000387223
TOP-5: label=prairie chicken, prairie grouse, prairie fowl, prob=0.000187935


{"sample": "resnet", "entry": "compatibility", "exit": 0}
-- Configuring done
-- Generating done
-- Build files have been written to: /tmp/rdk-model-zoo-20260916-contract-pilot/integration-cpp-ba1d74010890/resnet-canonical
Consolidate compiler generated dependencies of target resnet18
[100%] Built target resnet18
[UCP]: log level = 3
[UCP]: UCP version = 3.13.6
[VP]: log level = 3
[DNN]: log level = 3
[HPL]: log level = 3
[UCPT]: log level = 6
/tmp/rdk-model-zoo-20260916-contract-pilot/integration-cpp-ba1d74010890/resnet-canonical/resnet18 --model_path=/tmp/rdk-model-zoo-20260916-contract-pilot/models/resnet18_224x224_nv12.hbm --test_img=/tmp/rdk-model-zoo-20260916-contract-pilot/resnet-cpp-baseline/platforms/s/samples/vision/resnet18/test_data/zebra_cls.jpg --label_file=/tmp/rdk-model-zoo-20260916-contract-pilot/integration-cpp-ba1d74010890/platforms/s/datasets/imagenet/imagenet_classes.names --top_k 5
[BPU][[BPU_MONITOR]][281473554122080][INFO]BPULib verison(2, 2, 15)[f21ee84]!
[DNN]: 3.13.6_(4.7.5 HBRT)
TOP-1: label=zebra, prob=0.997861
TOP-2: label=impala, Aepyceros melampus, prob=0.000530373
TOP-3: label=cheetah, chetah, Acinonyx jubatus, prob=0.00049256
TOP-4: label=gazelle, prob=0.000387223
TOP-5: label=prairie chicken, prairie grouse, prairie fowl, prob=0.000187935


{"sample": "paddle_ocr", "entry": "canonical", "exit": 0}
-- Configuring done
-- Generating done
-- Build files have been written to: /tmp/rdk-model-zoo-20260916-contract-pilot/integration-cpp-ba1d74010890/paddle_ocr-canonical
Consolidate compiler generated dependencies of target paddle_ocr
[100%] Built target paddle_ocr
[UCP]: log level = 3
[UCP]: UCP version = 3.13.6
[VP]: log level = 3
[DNN]: log level = 3
[HPL]: log level = 3
[UCPT]: log level = 6
/tmp/rdk-model-zoo-20260916-contract-pilot/integration-cpp-ba1d74010890/paddle_ocr-canonical/paddle_ocr --test_image /tmp/rdk-model-zoo-20260916-contract-pilot/integration-cpp-ba1d74010890/samples/vision/paddle_ocr/test_data/s100/gt_2322.jpg --label_file /tmp/rdk-model-zoo-20260916-contract-pilot/integration-cpp-ba1d74010890/samples/vision/paddle_ocr/test_data/s100/ppocrv6_dict.txt --font_path /tmp/rdk-model-zoo-20260916-contract-pilot/integration-cpp-ba1d74010890/platforms/s/samples/vision/paddle_ocr/test_data/FangSong.ttf --det_model_path=/tmp/rdk-model-zoo-20260916-contract-pilot/models/PP-OCRv6_det_infer-deploy_640x640_nv12.hbm --rec_model_path=/tmp/rdk-model-zoo-20260916-contract-pilot/models/PP-OCRv6_rec_infer-deploy_48x320_rgb.hbm --test_image=/tmp/rdk-model-zoo-20260916-contract-pilot/ocr-cpp-baseline/platforms/s/samples/vision/paddle_ocr/test_data/gt_2322.jpg --label_file=/tmp/rdk-model-zoo-20260916-contract-pilot/ocr-cpp-baseline/platforms/s/samples/vision/paddle_ocr/test_data/ppocrv6_dict.txt --font_path=/tmp/rdk-model-zoo-20260916-contract-pilot/ocr-cpp-baseline/platforms/s/samples/vision/paddle_ocr/test_data/FangSong.ttf --img_save_path=/tmp/rdk-model-zoo-20260916-contract-pilot/integration-cpp-ba1d74010890/launcher-canonical.jpg
[BPU][[BPU_MONITOR]][281472605621312][INFO]BPULib verison(2, 2, 15)[f21ee84]!
[DNN]: 3.13.6_(4.7.5 HBRT)
[0] Prediction: L
[1] Prediction: 
[2] Prediction: 
[3] Prediction: 出入境签证护照采集点儿童写真复印快照
[4] Prediction: 8
[5] Prediction: 
[6] Prediction: 刻章大宇摄影
[7] Prediction: 文
[8] Prediction: 公安定点刻制单位
[Saved] Result saved to: /tmp/rdk-model-zoo-20260916-contract-pilot/integration-cpp-ba1d74010890/launcher-canonical.jpg


{"sample": "paddle_ocr", "entry": "compatibility", "exit": 0}
-- Configuring done
-- Generating done
-- Build files have been written to: /tmp/rdk-model-zoo-20260916-contract-pilot/integration-cpp-ba1d74010890/paddle_ocr-canonical
Consolidate compiler generated dependencies of target paddle_ocr
[100%] Built target paddle_ocr
[UCP]: log level = 3
[UCP]: UCP version = 3.13.6
[VP]: log level = 3
[DNN]: log level = 3
[HPL]: log level = 3
[UCPT]: log level = 6
/tmp/rdk-model-zoo-20260916-contract-pilot/integration-cpp-ba1d74010890/paddle_ocr-canonical/paddle_ocr --test_image /tmp/rdk-model-zoo-20260916-contract-pilot/integration-cpp-ba1d74010890/samples/vision/paddle_ocr/test_data/s100/gt_2322.jpg --label_file /tmp/rdk-model-zoo-20260916-contract-pilot/integration-cpp-ba1d74010890/samples/vision/paddle_ocr/test_data/s100/ppocrv6_dict.txt --font_path /tmp/rdk-model-zoo-20260916-contract-pilot/integration-cpp-ba1d74010890/platforms/s/samples/vision/paddle_ocr/test_data/FangSong.ttf --test_image /tmp/rdk-model-zoo-20260916-contract-pilot/integration-cpp-ba1d74010890/platforms/s/samples/vision/paddle_ocr/runtime/cpp/../../test_data/gt_2322.jpg --label_file /tmp/rdk-model-zoo-20260916-contract-pilot/integration-cpp-ba1d74010890/platforms/s/samples/vision/paddle_ocr/runtime/cpp/../../test_data/ppocrv6_dict.txt --font_path /tmp/rdk-model-zoo-20260916-contract-pilot/integration-cpp-ba1d74010890/platforms/s/samples/vision/paddle_ocr/runtime/cpp/../../test_data/FangSong.ttf --det_model_path=/tmp/rdk-model-zoo-20260916-contract-pilot/models/PP-OCRv6_det_infer-deploy_640x640_nv12.hbm --rec_model_path=/tmp/rdk-model-zoo-20260916-contract-pilot/models/PP-OCRv6_rec_infer-deploy_48x320_rgb.hbm --test_image=/tmp/rdk-model-zoo-20260916-contract-pilot/ocr-cpp-baseline/platforms/s/samples/vision/paddle_ocr/test_data/gt_2322.jpg --label_file=/tmp/rdk-model-zoo-20260916-contract-pilot/ocr-cpp-baseline/platforms/s/samples/vision/paddle_ocr/test_data/ppocrv6_dict.txt --font_path=/tmp/rdk-model-zoo-20260916-contract-pilot/ocr-cpp-baseline/platforms/s/samples/vision/paddle_ocr/test_data/FangSong.ttf --img_save_path=/tmp/rdk-model-zoo-20260916-contract-pilot/integration-cpp-ba1d74010890/launcher-compatibility.jpg
[BPU][[BPU_MONITOR]][281473103170624][INFO]BPULib verison(2, 2, 15)[f21ee84]!
[DNN]: 3.13.6_(4.7.5 HBRT)
[0] Prediction: L
[1] Prediction: 
[2] Prediction: 
[3] Prediction: 出入境签证护照采集点儿童写真复印快照
[4] Prediction: 8
[5] Prediction: 
[6] Prediction: 刻章大宇摄影
[7] Prediction: 文
[8] Prediction: 公安定点刻制单位
[Saved] Result saved to: /tmp/rdk-model-zoo-20260916-contract-pilot/integration-cpp-ba1d74010890/launcher-compatibility.jpg


CPP_LAUNCHERS_PASS

STDERR:

EXIT_STATUS=0
