CONTEXT {"started": "2026-09-16T13:27:45.284545+00:00", "target": "s100", "archive_sha256": "c27c8bfeb3148c23b2c1d718913b1acd40e43c8d86ee86004a11a3a4d2d48547", "detector_sha256": "d731680b32501989b4f9f052f6c7b60a187a31157ad849bb4ed659f074be0e08", "recognizer_sha256": "9710f81bf7431953ea473846d17cd0006f211fccb882450eed13ea28bc3691ce", "detector_asset": "s:paddle_ocr:s100/PP-OCRv6_det_infer-deploy_640x640_nv12.hbm", "recognizer_asset": "s:paddle_ocr:s100/PP-OCRv6_rec_infer-deploy_48x320_rgb.hbm"}
[UCP]: log level = 3
[UCP]: UCP version = 3.13.6
[VP]: log level = 3
[DNN]: log level = 3
[HPL]: log level = 3
[UCPT]: log level = 6
[BPU][[BPU_MONITOR]][281473375340224][INFO]BPULib verison(2, 2, 15)[f21ee84]!
[DNN]: 3.13.6_(4.7.5 HBRT)
COMMAND ["python3", "/tmp/rdk-model-zoo-20260916-contract-pilot/ocr-current-c27c8bfeb314/samples/vision/paddle_ocr/runtime/python/main.py", "--target", "s100", "--det-asset-id", "s:paddle_ocr:s100/PP-OCRv6_det_infer-deploy_640x640_nv12.hbm", "--rec-asset-id", "s:paddle_ocr:s100/PP-OCRv6_rec_infer-deploy_48x320_rgb.hbm", "--det-model-path", "/tmp/rdk-model-zoo-20260916-contract-pilot/models/PP-OCRv6_det_infer-deploy_640x640_nv12.hbm", "--rec-model-path", "/tmp/rdk-model-zoo-20260916-contract-pilot/models/PP-OCRv6_rec_infer-deploy_48x320_rgb.hbm", "--test-img", "/tmp/rdk-model-zoo-20260916-contract-pilot/ocr-current-c27c8bfeb314/ocr-default.png", "--output-format", "json", "--json-output", "/tmp/rdk-model-zoo-20260916-contract-pilot/ocr-current-c27c8bfeb314/ocr-default.json"]
NATIVE_STDOUT [UCP]: log level = 3
[UCP]: UCP version = 3.13.6
[VP]: log level = 3
[DNN]: log level = 3
[HPL]: log level = 3
[UCPT]: log level = 6
[BPU][[BPU_MONITOR]][281473025050304][INFO]BPULib verison(2, 2, 15)[f21ee84]!
[DNN]: 3.13.6_(4.7.5 HBRT)
{
  "target": "s100",
  "detector_asset": "s:paddle_ocr:s100/PP-OCRv6_det_infer-deploy_640x640_nv12.hbm",
  "recognizer_asset": "s:paddle_ocr:s100/PP-OCRv6_rec_infer-deploy_48x320_rgb.hbm",
  "boxes": [
    [
      [
        571,
        466
      ],
      [
        571,
        432
      ],
      [
        604,
        432
      ],
      [
        604,
        466
      ]
    ],
    [
      [
        670,
        397
      ],
      [
        690,
        397
      ],
      [
        690,
        411
      ],
      [
        670,
        411
      ]
    ],
    [
      [
        656,
        409
      ],
      [
        656,
        395
      ],
      [
        673,
        395
      ],
      [
        673,
        409
      ]
    ],
    [
      [
        41,
        432
      ],
      [
        47,
        371
      ],
      [
        598,
        423
      ],
      [
        593,
        483
      ]
    ],
    [
      [
        633,
        405
      ],
      [
        639,
        352
      ],
      [
        725,
        361
      ],
      [
        719,
        415
      ]
    ],
    [
      [
        564,
        301
      ],
      [
        608,
        300
      ],
      [
        611,
        444
      ],
      [
        567,
        445
      ]
    ],
    [
      [
        14,
        402
      ],
      [
        30,
        245
      ],
      [
        587,
        301
      ],
      [
        571,
        459
      ]
    ],
    [
      [
        -15,
        371
      ],
      [
        -15,
        227
      ],
      [
        81,
        227
      ],
      [
        81,
        371
      ]
    ],
    [
      [
        63,
        289
      ],
      [
        71,
        226
      ],
      [
        354,
        264
      ],
      [
        346,
        326
      ]
    ]
  ],
  "texts": [
    "照",
    "",
    "ZX",
    "出入境签证护照采集点儿童写真复印快照",
    "光",
    "爱",
    "刻章大宇摄影",
    "家",
    "公安定点刻制单位"
  ],
  "image_shape": [
    1080,
    760,
    3
  ]
}
 NATIVE_STDERR 
RESULT {"target": "s100", "variant": "default", "count": 9, "texts": ["照", "", "ZX", "出入境签证护照采集点儿童写真复印快照", "光", "爱", "刻章大宇摄影", "家", "公安定点刻制单位"], "input_shape": [1080, 760, 3], "max_raw_output_abs_diff": 0.0, "input_crop_box_exact": true, "native_json_exact": true, "result_lifetime": true}
COMMAND ["python3", "/tmp/rdk-model-zoo-20260916-contract-pilot/ocr-current-c27c8bfeb314/samples/vision/paddle_ocr/runtime/python/main.py", "--target", "s100", "--det-asset-id", "s:paddle_ocr:s100/PP-OCRv6_det_infer-deploy_640x640_nv12.hbm", "--rec-asset-id", "s:paddle_ocr:s100/PP-OCRv6_rec_infer-deploy_48x320_rgb.hbm", "--det-model-path", "/tmp/rdk-model-zoo-20260916-contract-pilot/models/PP-OCRv6_det_infer-deploy_640x640_nv12.hbm", "--rec-model-path", "/tmp/rdk-model-zoo-20260916-contract-pilot/models/PP-OCRv6_rec_infer-deploy_48x320_rgb.hbm", "--test-img", "/tmp/rdk-model-zoo-20260916-contract-pilot/ocr-current-c27c8bfeb314/ocr-aspect.png", "--output-format", "json", "--json-output", "/tmp/rdk-model-zoo-20260916-contract-pilot/ocr-current-c27c8bfeb314/ocr-aspect.json"]
NATIVE_STDOUT [UCP]: log level = 3
[UCP]: UCP version = 3.13.6
[VP]: log level = 3
[DNN]: log level = 3
[HPL]: log level = 3
[UCPT]: log level = 6
[BPU][[BPU_MONITOR]][281473258948288][INFO]BPULib verison(2, 2, 15)[f21ee84]!
[DNN]: 3.13.6_(4.7.5 HBRT)
{
  "target": "s100",
  "detector_asset": "s:paddle_ocr:s100/PP-OCRv6_det_infer-deploy_640x640_nv12.hbm",
  "recognizer_asset": "s:paddle_ocr:s100/PP-OCRv6_rec_infer-deploy_48x320_rgb.hbm",
  "boxes": [
    [
      [
        51,
        203
      ],
      [
        52,
        176
      ],
      [
        566,
        199
      ],
      [
        565,
        227
      ]
    ],
    [
      [
        603,
        191
      ],
      [
        604,
        164
      ],
      [
        671,
        168
      ],
      [
        669,
        196
      ]
    ],
    [
      [
        529,
        136
      ],
      [
        568,
        134
      ],
      [
        572,
        213
      ],
      [
        533,
        215
      ]
    ],
    [
      [
        43,
        193
      ],
      [
        47,
        116
      ],
      [
        522,
        140
      ],
      [
        518,
        216
      ]
    ],
    [
      [
        -10,
        184
      ],
      [
        -10,
        97
      ],
      [
        70,
        97
      ],
      [
        70,
        184
      ]
    ],
    [
      [
        71,
        136
      ],
      [
        73,
        106
      ],
      [
        319,
        122
      ],
      [
        317,
        152
      ]
    ]
  ],
  "texts": [
    "出入境签证护照采集点儿童写真复印快照",
    "&",
    "C",
    "章大宇摄影",
    "R",
    "公安定点刻制单位"
  ],
  "image_shape": [
    509,
    713,
    3
  ]
}
 NATIVE_STDERR 
RESULT {"target": "s100", "variant": "aspect", "count": 6, "texts": ["出入境签证护照采集点儿童写真复印快照", "&", "C", "章大宇摄影", "R", "公安定点刻制单位"], "input_shape": [509, 713, 3], "max_raw_output_abs_diff": 0.0, "input_crop_box_exact": true, "native_json_exact": true, "result_lifetime": true}
WRONG_TARGET_REJECTED error: Detector and recognizer references are not one audited pair; mixed target/model-family pairs are rejected.

OCR_STAGE_COMPARISON_PASS

STDERR:

EXIT_STATUS=0
