{"archive_sha256": "b0899b1b54087ec4bb0acfd61bcdda60c359060fb27c02f2a58b6fda7cee1fdd", "detected_target": "s100", "started": "2026-09-16T11:56:12.711809+00:00"}
COMPILE_PASS
[UCP]: log level = 3
[UCP]: UCP version = 3.13.6
[VP]: log level = 3
[DNN]: log level = 3
[HPL]: log level = 3
[UCPT]: log level = 6
[BPU][[BPU_MONITOR]][281472947455680][INFO]BPULib verison(2, 2, 15)[f21ee84]!
[DNN]: 3.13.6_(4.7.5 HBRT)
{"task": "detect", "status": "pass", "input_sha256": "c02019c4979c191eb739ddd944445ef408dad5679acab6fd520ef9d434bfbc63", "artifact_sha256": "275954de72ce2c1e8b0f6bfe685adeb27108fe899f9322a156b59c0fd78d48a4", "max_box_abs_diff": 3.3855438232421875e-05, "max_score_abs_diff": 2.9802322387695312e-08, "boxes": [[50.157806396484375, 397.3240966796875, 244.63143920898438, 906.0755615234375], [221.2505645751953, 408.4991149902344, 343.04461669921875, 854.785888671875], [667.8750610351562, 375.4518127441406, 810.0, 877.8818969726562], [0.0, 551.4342041015625, 58.1495475769043, 870.3687744140625], [31.69552230834961, 230.8451385498047, 801.7930908203125, 777.4644165039062]], "scores": [0.8552843332290649, 0.8495612144470215, 0.8372621536254883, 0.28359323740005493, 0.805631697177887], "ids": [0, 0, 0, 0, 5]}
YOLO_NATIVE_STDOUT [UCP]: log level = 3
[UCP]: UCP version = 3.13.6
[VP]: log level = 3
[DNN]: log level = 3
[HPL]: log level = 3
[UCPT]: log level = 6
[BPU][[BPU_MONITOR]][281473588463296][INFO]BPULib verison(2, 2, 15)[f21ee84]!
[DNN]: 3.13.6_(4.7.5 HBRT)
=== Model Name List ===
['yolov8n_detect_nashe_640x640_nv12']

=== Model Count ===
1

=== Input Counts ===
yolov8n_detect_nashe_640x640_nv12: 2

=== Input Names ===
yolov8n_detect_nashe_640x640_nv12:
  - images_y
  - images_uv

=== Input Tensor Shapes ===
yolov8n_detect_nashe_640x640_nv12:
  images_uv -> shape: [1, 320, 320, 2]
  images_y -> shape: [1, 640, 640, 1]

=== Input Tensor Types ===
yolov8n_detect_nashe_640x640_nv12:
  images_uv -> dtype: U8
  images_y -> dtype: U8

=== Input Quantization Info ===
yolov8n_detect_nashe_640x640_nv12:
  images_uv:
    quanti_type: NONE
    quantize_axis: 0
    scale_data: []
    zero_point_data: []
  images_y:
    quanti_type: NONE
    quantize_axis: 0
    scale_data: []
    zero_point_data: []

=== Input Tensor Stride ===
yolov8n_detect_nashe_640x640_nv12:
  images_uv -> stride: [-1, -1, 2, 1]
  images_y -> stride: [-1, -1, 1, 1]
[Input] yolov8n_detect_nashe_640x640_nv12.images_uv desc: 
[Input] yolov8n_detect_nashe_640x640_nv12.images_y desc: 

================ OUTPUT TESTS ================

=== Output Counts ===
yolov8n_detect_nashe_640x640_nv12: 6

=== Output Names ===
yolov8n_detect_nashe_640x640_nv12:
  - output0
  - 330
  - 338
  - 346
  - 354
  - 362

=== Output Tensor Shapes ===
yolov8n_detect_nashe_640x640_nv12:
  362 -> shape: [1, 20, 20, 64]
  354 -> shape: [1, 20, 20, 80]
  346 -> shape: [1, 40, 40, 64]
  338 -> shape: [1, 40, 40, 80]
  330 -> shape: [1, 80, 80, 64]
  output0 -> shape: [1, 80, 80, 80]

=== Output Tensor Types ===
yolov8n_detect_nashe_640x640_nv12:
  362 -> dtype: F32
  354 -> dtype: F32
  346 -> dtype: F32
  338 -> dtype: F32
  330 -> dtype: F32
  output0 -> dtype: F32

=== Output Quantization Info ===
yolov8n_detect_nashe_640x640_nv12:
  362:
    quanti_type: NONE
    quantize_axis: 0
    scale_data: []
    zero_point_data: []
  354:
    quanti_type: NONE
    quantize_axis: 0
    scale_data: []
    zero_point_data: []
  346:
    quanti_type: NONE
    quantize_axis: 0
    scale_data: []
    zero_point_data: []
  338:
    quanti_type: NONE
    quantize_axis: 0
    scale_data: []
    zero_point_data: []
  330:
    quanti_type: NONE
    quantize_axis: 0
    scale_data: []
    zero_point_data: []
  output0:
    quanti_type: NONE
    quantize_axis: 0
    scale_data: []
    zero_point_data: []

=== Output Tensor Stride ===
yolov8n_detect_nashe_640x640_nv12:
  362 -> stride: [102400, 5120, 256, 4]
  354 -> stride: [128000, 6400, 320, 4]
  346 -> stride: [409600, 10240, 256, 4]
  338 -> stride: [512000, 12800, 320, 4]
  330 -> stride: [1638400, 20480, 256, 4]
  output0 -> stride: [2048000, 25600, 320, 4]
[Output] yolov8n_detect_nashe_640x640_nv12.362 desc: 
[Output] yolov8n_detect_nashe_640x640_nv12.354 desc: 
[Output] yolov8n_detect_nashe_640x640_nv12.346 desc: 
[Output] yolov8n_detect_nashe_640x640_nv12.338 desc: 
[Output] yolov8n_detect_nashe_640x640_nv12.330 desc: 
[Output] yolov8n_detect_nashe_640x640_nv12.output0 desc: 

Model Description:
 - yolov8n_detect_nashe_640x640_nv12: {"BUILDER_VERSION": "3.4.7", "HBDK_VERSION": "4.5.5", "HBDK_RUNTIME_VERSION": null, "HMCT_VERSION": "2.5.6", "CAFFE_MODEL": null, "PROTOTXT": null, "ONNX_MODEL": "/open_explorer/workspace_mapper_20251113_195627_521859/yolov8n_detect/yolov8n.onnx", "MARCH": "nash-e", "LAYER_OUT_DUMP": "False", "LOG_LEVEL": null, "WORKING_DIR": "/open_explorer/workspace_mapper_20251113_195627_521859/yolov8n_detect/bpu_model_output", "MODEL_PREFIX": "yolov8n_detect_nashe_640x640_nv12", "OUTPUT_NODES": "", "REMOVE_NODE_TYPE": "", "REMOVE_NODE_NAME": "", "DEBUG_MODE": "", "NODE_INFO": "{}", "INPUT_NAMES": "images", "INPUT_SPACE_AND_RANGE": "regular", "INPUT_TYPE_RT": "nv12", "INPUT_TYPE_TRAIN": "rgb", "INPUT_LAYOUT_TRAIN": "NCHW", "INPUT_LAYOUT_RT": "", "NORM_TYPE": "data_scale", "MEAN_VALUE": "[]", "SCALE_VALUE": "[0.003921568627451]", "STD_VALUE": "[]", "INPUT_SHAPE": "1x3x640x640", "INPUT_BATCH": "", "SEPARATE_BATCH": "False", "SEPARATE_NAME": "", "CUSTOM_OP_METHOD": null, "CUSTOM_OP_DIR": null, "CUSTOM_OP_REGISTER_FILES": "", "OPTIMIZATION": "", "CALI_TYPE": "default", "CAL_DATA_DIR": "/open_explorer/workspace_mapper_20251113_195627_521859/cal_640", "PER_CHANNEL": "False", "MAX_PERCENTILE": "None", "RUN_ON_CPU": "", "RUN_ON_BPU": "", "QUANT_CONFIG": null, "ADVICE": 0.0, "DEBUG": "True", "OPTIMIZE_LEVEL": "O2", "COMPILE_MODE": "latency", "CORE_NUM": 1, "MAX_TIME_PER_FC": 0, "BALANCE_FACTOR": 100, "ABILITY_ENTRY": null, "INPUT_SOURCE": {"images": "pyramid"}, "hbdk3_compatible_mode": null, "cache_mode": "disable", "cache_path": "", "CALI_EXTRA_PARAM": {}, "EXTRA_PARAMS": {"input_no_padding": true, "output_no_padding": true}}

HBM Description:
 - /tmp/rdk-model-zoo-20260916-contract-pilot/models/yolov8n_detect_nashe_640x640_nv12.hbm: 

=== Scheduling Parameters ===
yolov8n_detect_nashe_640x640_nv12:
  priority    : 0
  customId    : 0
  bpu_cores   : [0]
  deviceId    : 0

Detection Report: 5 objects found
  [0] 0: 0.86 | Box (50.2, 397.3, 244.6, 906.1)
  [1] 0: 0.85 | Box (221.3, 408.5, 343.0, 854.8)
  [2] 0: 0.84 | Box (667.9, 375.5, 810.0, 877.9)
  [3] 0: 0.28 | Box (0.0, 551.4, 58.1, 870.4)
  [4] 5: 0.81 | Box (31.7, 230.8, 801.8, 777.5)
 YOLO_NATIVE_STDERR Traceback (most recent call last):
  File "/tmp/rdk-model-zoo-20260916-contract-pilot/current-b0899b1b5408/samples/vision/ultralytics_yolo/runtime/python/main.py", line 501, in <module>
    sys.exit(main())
  File "/tmp/rdk-model-zoo-20260916-contract-pilot/current-b0899b1b5408/samples/vision/ultralytics_yolo/runtime/python/main.py", line 490, in main
    run_inference(profile, args, labels)
  File "/tmp/rdk-model-zoo-20260916-contract-pilot/current-b0899b1b5408/samples/vision/ultralytics_yolo/runtime/python/main.py", line 416, in run_inference
    result_img=visualize.draw_boxes(img,boxes,ids,scores,labels,visualize.rdk_colors)
  File "/tmp/rdk-model-zoo-20260916-contract-pilot/current-b0899b1b5408/samples/vision/ultralytics_yolo/runtime/python/rdk_yolo_utils/visualize.py", line 129, in draw_boxes
    label = f"{class_names[cls_id]} {score:.2f}"
IndexError: list index out of range


STDERR:
Traceback (most recent call last):
  File "<stdin>", line 39, in <module>
AssertionError: 1

EXIT_STATUS=1
