COMMAND ["cmake", "-S", "/tmp/rdk-model-zoo-20260916-contract-pilot/ocr-cpp-baseline/platforms/s/samples/vision/paddle_ocr/runtime/cpp", "-B", "/tmp/rdk-model-zoo-20260916-contract-pilot/ocr-cpp-baseline/build", "-DCMAKE_BUILD_TYPE=Release"]
-- The C compiler identification is GNU 11.4.0
-- The CXX compiler identification is GNU 11.4.0
-- Detecting C compiler ABI info
-- Detecting C compiler ABI info - done
-- Check for working C compiler: /usr/bin/cc - skipped
-- Detecting C compile features
-- Detecting C compile features - done
-- Detecting CXX compiler ABI info
-- Detecting CXX compiler ABI info - done
-- Check for working CXX compiler: /usr/bin/c++ - skipped
-- Detecting CXX compile features
-- Detecting CXX compile features - done
-- Found OpenCV: /usr (found version "4.5.4") 
-- Found PkgConfig: /usr/bin/pkg-config (found version "0.29.2") 
-- Found Freetype: /usr/lib/aarch64-linux-gnu/libfreetype.so (found version "2.11.1") 
-- Configuring done
-- Generating done
-- Build files have been written to: /tmp/rdk-model-zoo-20260916-contract-pilot/ocr-cpp-baseline/build

COMMAND_STDERR 
COMMAND_EXIT 0
COMMAND ["cmake", "--build", "/tmp/rdk-model-zoo-20260916-contract-pilot/ocr-cpp-baseline/build", "--parallel", "2"]
[ 28%] Building CXX object CMakeFiles/paddle_ocr.dir/src/paddle_ocr.cpp.o
[ 28%] Building CXX object CMakeFiles/paddle_ocr.dir/src/main.cpp.o
[ 42%] Building CXX object CMakeFiles/paddle_ocr.dir/tmp/rdk-model-zoo-20260916-contract-pilot/ocr-cpp-baseline/platforms/s/utils/c_utils/src/file_io.cpp.o
[ 57%] Building CXX object CMakeFiles/paddle_ocr.dir/tmp/rdk-model-zoo-20260916-contract-pilot/ocr-cpp-baseline/platforms/s/utils/c_utils/src/preprocess.cpp.o
[ 71%] Building CXX object CMakeFiles/paddle_ocr.dir/tmp/rdk-model-zoo-20260916-contract-pilot/ocr-cpp-baseline/platforms/s/utils/c_utils/src/postprocess.cpp.o
[ 85%] Building CXX object CMakeFiles/paddle_ocr.dir/tmp/rdk-model-zoo-20260916-contract-pilot/ocr-cpp-baseline/platforms/s/utils/c_utils/src/visualize.cpp.o
[100%] Linking CXX executable paddle_ocr
[100%] Built target paddle_ocr

COMMAND_STDERR /tmp/rdk-model-zoo-20260916-contract-pilot/ocr-cpp-baseline/platforms/s/samples/vision/paddle_ocr/runtime/cpp/src/paddle_ocr.cpp: In function ‘cv::Mat process_and_resize_pred(const hbDNNTensor&, float, int, int)’:
/tmp/rdk-model-zoo-20260916-contract-pilot/ocr-cpp-baseline/platforms/s/samples/vision/paddle_ocr/runtime/cpp/src/paddle_ocr.cpp:95:38: warning: comparison between ‘const enum hbDNNQuantiType’ and ‘enum hbDNNDataType’ [-Wenum-compare]
   95 |     if (tensor.properties.quantiType == HB_DNN_TENSOR_TYPE_S16) {
      |         ~~~~~~~~~~~~~~~~~~~~~~~~~~~~~^~~~~~~~~~~~~~~~~~~~~~~~~

COMMAND_EXIT 0
COMMAND ["/tmp/rdk-model-zoo-20260916-contract-pilot/ocr-cpp-baseline/build/paddle_ocr", "--det_model_path=/tmp/rdk-model-zoo-20260916-contract-pilot/models/PP-OCRv6_det_infer-deploy_640x640_nv12.hbm", "--rec_model_path=/tmp/rdk-model-zoo-20260916-contract-pilot/models/PP-OCRv6_rec_infer-deploy_48x320_rgb.hbm", "--test_image=/tmp/rdk-model-zoo-20260916-contract-pilot/ocr-cpp-baseline/platforms/s/samples/vision/paddle_ocr/test_data/gt_2322.jpg", "--label_file=/tmp/rdk-model-zoo-20260916-contract-pilot/ocr-cpp-baseline/platforms/s/samples/vision/paddle_ocr/test_data/ppocrv6_dict.txt", "--font_path=/tmp/rdk-model-zoo-20260916-contract-pilot/ocr-cpp-baseline/platforms/s/samples/vision/paddle_ocr/test_data/FangSong.ttf", "--img_save_path=/tmp/rdk-model-zoo-20260916-contract-pilot/ocr-cpp-baseline/result.jpg"]
[UCP]: log level = 3
[UCP]: UCP version = 3.13.6
[VP]: log level = 3
[DNN]: log level = 3
[HPL]: log level = 3
[UCPT]: log level = 6
/tmp/rdk-model-zoo-20260916-contract-pilot/ocr-cpp-baseline/build/paddle_ocr --det_model_path=/tmp/rdk-model-zoo-20260916-contract-pilot/models/PP-OCRv6_det_infer-deploy_640x640_nv12.hbm --rec_model_path=/tmp/rdk-model-zoo-20260916-contract-pilot/models/PP-OCRv6_rec_infer-deploy_48x320_rgb.hbm --test_image=/tmp/rdk-model-zoo-20260916-contract-pilot/ocr-cpp-baseline/platforms/s/samples/vision/paddle_ocr/test_data/gt_2322.jpg --label_file=/tmp/rdk-model-zoo-20260916-contract-pilot/ocr-cpp-baseline/platforms/s/samples/vision/paddle_ocr/test_data/ppocrv6_dict.txt --font_path=/tmp/rdk-model-zoo-20260916-contract-pilot/ocr-cpp-baseline/platforms/s/samples/vision/paddle_ocr/test_data/FangSong.ttf --img_save_path=/tmp/rdk-model-zoo-20260916-contract-pilot/ocr-cpp-baseline/result.jpg
[BPU][[BPU_MONITOR]][281472955649088][INFO]BPULib verison(2, 2, 15)[f21ee84]!
[DNN]: 3.13.6_(4.7.5 HBRT)
[0] Prediction: L
[1] Prediction: 
[2] Prediction: 
[3] Prediction: 出入境签证护照采集点儿童写真复印快照
[4] Prediction: 8
[5] Prediction: 
[6] Prediction: 刻章大宇摄影
[7] Prediction: 文
[8] Prediction: 公安定点刻制单位
[Saved] Result saved to: /tmp/rdk-model-zoo-20260916-contract-pilot/ocr-cpp-baseline/result.jpg

COMMAND_STDERR 
COMMAND_EXIT 0
RESULT {"started": "2026-09-16T12:55:39.854592+00:00", "source_commit": "cd74a2b241075bb21036d8d0855d0403f8e8c963", "source_archive_sha256": "33de0f6e7d2fafd9cccfb887b9b1e9240080681d923cd7912aa72a1006f6623c", "target": "s100", "detector_sha256": "d731680b32501989b4f9f052f6c7b60a187a31157ad849bb4ed659f074be0e08", "recognizer_sha256": "9710f81bf7431953ea473846d17cd0006f211fccb882450eed13ea28bc3691ce", "input_sha256": "18a214e1c637fb3a53f71673c6f6a689b5f16d755237ab7e9e58ddc32223580b", "vocabulary_sha256": "769e7fa79bb297b5f18d8dbd149e364a45bc61f2b3f574e5ea836f0b261c23a6", "font_sha256": "521c6f7546b4eb64fa4b0cd604bbd36333a20a57e388c8e2ad2ad07b9e593864", "output_image_sha256": "d3b8975b53988998ab8a17c5a0047c9207dc0a24228ae9b972e0eda2700c0ac4", "executable_sha256": "8ea82e33aa1abc0ff6214e0b4774cbbf36098787cc8cd385a9d27ba45b8b8a7d"}
OCR_CPP_BASELINE_PASS

STDERR:

EXIT_STATUS=0
