COMMAND ["cmake", "-S", "/tmp/rdk-model-zoo-20260916-contract-pilot/resnet-cpp-baseline/platforms/s/samples/vision/resnet18/runtime/cpp", "-B", "/tmp/rdk-model-zoo-20260916-contract-pilot/resnet-cpp-baseline/build", "-DCMAKE_BUILD_TYPE=Release"]
-- The C compiler identification is GNU 11.4.0
-- The CXX compiler identification is GNU 11.4.0
-- Detecting C compiler ABI info
-- Detecting C compiler ABI info - done
-- Check for working C compiler: /usr/bin/cc - skipped
-- Detecting C compile features
-- Detecting C compile features - done
-- Detecting CXX compiler ABI info
-- Detecting CXX compiler ABI info - done
-- Check for working CXX compiler: /usr/bin/c++ - skipped
-- Detecting CXX compile features
-- Detecting CXX compile features - done
-- Found OpenCV: /usr (found version "4.5.4") 
-- Configuring done
-- Generating done
-- Build files have been written to: /tmp/rdk-model-zoo-20260916-contract-pilot/resnet-cpp-baseline/build

COMMAND_STDERR 
COMMAND_EXIT 0
COMMAND ["cmake", "--build", "/tmp/rdk-model-zoo-20260916-contract-pilot/resnet-cpp-baseline/build", "--parallel", "2"]
[ 25%] Building CXX object CMakeFiles/resnet18.dir/src/resnet18.cpp.o
[ 25%] Building CXX object CMakeFiles/resnet18.dir/src/main.cpp.o
[ 37%] Building CXX object CMakeFiles/resnet18.dir/tmp/rdk-model-zoo-20260916-contract-pilot/resnet-cpp-baseline/platforms/s/utils/c_utils/src/file_io.cpp.o
[ 50%] Building CXX object CMakeFiles/resnet18.dir/tmp/rdk-model-zoo-20260916-contract-pilot/resnet-cpp-baseline/platforms/s/utils/c_utils/src/nn_math.cpp.o
[ 62%] Building CXX object CMakeFiles/resnet18.dir/tmp/rdk-model-zoo-20260916-contract-pilot/resnet-cpp-baseline/platforms/s/utils/c_utils/src/preprocess.cpp.o
[ 75%] Building CXX object CMakeFiles/resnet18.dir/tmp/rdk-model-zoo-20260916-contract-pilot/resnet-cpp-baseline/platforms/s/utils/c_utils/src/postprocess.cpp.o
[ 87%] Building CXX object CMakeFiles/resnet18.dir/tmp/rdk-model-zoo-20260916-contract-pilot/resnet-cpp-baseline/platforms/s/utils/c_utils/src/visualize.cpp.o
[100%] Linking CXX executable resnet18
[100%] Built target resnet18

COMMAND_STDERR 
COMMAND_EXIT 0
COMMAND ["/tmp/rdk-model-zoo-20260916-contract-pilot/resnet-cpp-baseline/build/resnet18", "--model_path=/tmp/rdk-model-zoo-20260916-contract-pilot/models/resnet18_224x224_nv12.hbm", "--test_img=/tmp/rdk-model-zoo-20260916-contract-pilot/resnet-cpp-baseline/platforms/s/samples/vision/resnet18/test_data/zebra_cls.jpg", "--label_file=/tmp/rdk-model-zoo-20260916-contract-pilot/resnet-cpp-baseline/platforms/s/datasets/imagenet/imagenet_classes.names"]
[UCP]: log level = 3
[UCP]: UCP version = 3.13.6
[VP]: log level = 3
[DNN]: log level = 3
[HPL]: log level = 3
[UCPT]: log level = 6
/tmp/rdk-model-zoo-20260916-contract-pilot/resnet-cpp-baseline/build/resnet18 --model_path=/tmp/rdk-model-zoo-20260916-contract-pilot/models/resnet18_224x224_nv12.hbm --test_img=/tmp/rdk-model-zoo-20260916-contract-pilot/resnet-cpp-baseline/platforms/s/samples/vision/resnet18/test_data/zebra_cls.jpg --label_file=/tmp/rdk-model-zoo-20260916-contract-pilot/resnet-cpp-baseline/platforms/s/datasets/imagenet/imagenet_classes.names
[BPU][[BPU_MONITOR]][281473202128224][INFO]BPULib verison(2, 2, 15)[f21ee84]!
[DNN]: 3.13.6_(4.7.5 HBRT)
TOP-1: label=zebra, prob=0.997861
TOP-2: label=impala, Aepyceros melampus, prob=0.000530373
TOP-3: label=cheetah, chetah, Acinonyx jubatus, prob=0.00049256
TOP-4: label=gazelle, prob=0.000387223
TOP-5: label=prairie chicken, prairie grouse, prairie fowl, prob=0.000187935


RESULT {"started": "2026-09-17T08:00:25.486594+00:00", "source_commit": "cd74a2b241075bb21036d8d0855d0403f8e8c963", "source_archive_sha256": "95f52e301dc13bac3e5c32c82bf062716944879defbe486843bc27d12a2fdab0", "target": "s100", "topk": ["TOP-1: label=zebra, prob=0.997861", "TOP-2: label=impala, Aepyceros melampus, prob=0.000530373", "TOP-3: label=cheetah, chetah, Acinonyx jubatus, prob=0.00049256", "TOP-4: label=gazelle, prob=0.000387223", "TOP-5: label=prairie chicken, prairie grouse, prairie fowl, prob=0.000187935"], "model_sha256": "d786c693d941297c74276facd77efa9727a80cdaa40460ff12e459b2fa4f697c", "input_sha256": "53c9f26d927b507fb3b9b68005fd8dd3ba329a0528f9c1f51acbde55e9525462", "labels_sha256": "5e5c7cf6ad5bbb71adf2748bdcdc30e970707640b6e107742240244aa1974d81", "executable_sha256": "ace83a92d542d76ec29ea03b0e33237f43c2867b8c6927fa5e33d46d68181ea4"}
RESNET_CPP_BASELINE_PASS

STDERR:

EXIT_STATUS=0
