{"archive_sha256": "b0899b1b54087ec4bb0acfd61bcdda60c359060fb27c02f2a58b6fda7cee1fdd", "detected_target": "s600", "started": "2026-09-16T11:56:12.049084+00:00"}
COMPILE_PASS
[UCP]: log level = 3
[UCP]: UCP version = 3.13.6
[VP]: log level = 3
[DNN]: log level = 3
[HPL]: log level = 3
[UCPT]: log level = 6
[BPU][[BPU_MONITOR]][281470121690720][INFO]BPULib verison(2, 2, 15)[f21ee84]!
[DNN]: 3.13.6_(4.7.5 HBRT)
{"task": "detect", "status": "pass", "input_sha256": "c02019c4979c191eb739ddd944445ef408dad5679acab6fd520ef9d434bfbc63", "artifact_sha256": "5b2aff2885eede0a67caa2268eb8c3cbbfebf2be03327707789e1dc621f322db", "max_box_abs_diff": 7.43865966796875e-05, "max_score_abs_diff": 0.0, "boxes": [[221.77420043945312, 408.956787109375, 342.9394226074219, 857.2074584960938], [50.018707275390625, 397.804931640625, 243.67135620117188, 905.54296875], [668.642822265625, 381.2522888183594, 810.0, 878.3092651367188], [0.49030351638793945, 548.4385986328125, 57.9023323059082, 868.9617919921875], [21.909793853759766, 230.46865844726562, 797.5601196289062, 759.018310546875]], "scores": [0.8715022206306458, 0.8609400987625122, 0.8322536945343018, 0.2886192202568054, 0.8423774838447571], "ids": [0, 0, 0, 0, 5]}
YOLO_NATIVE_STDOUT [UCP]: log level = 3
[UCP]: UCP version = 3.13.6
[VP]: log level = 3
[DNN]: log level = 3
[HPL]: log level = 3
[UCPT]: log level = 6
[BPU][[BPU_MONITOR]][281462941828896][INFO]BPULib verison(2, 2, 15)[f21ee84]!
[DNN]: 3.13.6_(4.7.5 HBRT)
=== Model Name List ===
['yolov8n_detect_nashp_640x640_nv12']

=== Model Count ===
1

=== Input Counts ===
yolov8n_detect_nashp_640x640_nv12: 2

=== Input Names ===
yolov8n_detect_nashp_640x640_nv12:
  - images_y
  - images_uv

=== Input Tensor Shapes ===
yolov8n_detect_nashp_640x640_nv12:
  images_uv -> shape: [1, 320, 320, 2]
  images_y -> shape: [1, 640, 640, 1]

=== Input Tensor Types ===
yolov8n_detect_nashp_640x640_nv12:
  images_uv -> dtype: U8
  images_y -> dtype: U8

=== Input Quantization Info ===
yolov8n_detect_nashp_640x640_nv12:
  images_uv:
    quanti_type: NONE
    quantize_axis: 0
    scale_data: []
    zero_point_data: []
  images_y:
    quanti_type: NONE
    quantize_axis: 0
    scale_data: []
    zero_point_data: []

=== Input Tensor Stride ===
yolov8n_detect_nashp_640x640_nv12:
  images_uv -> stride: [-1, -1, 2, 1]
  images_y -> stride: [-1, -1, 1, 1]
[Input] yolov8n_detect_nashp_640x640_nv12.images_uv desc: 
[Input] yolov8n_detect_nashp_640x640_nv12.images_y desc: 

================ OUTPUT TESTS ================

=== Output Counts ===
yolov8n_detect_nashp_640x640_nv12: 6

=== Output Names ===
yolov8n_detect_nashp_640x640_nv12:
  - output0
  - 330
  - 338
  - 346
  - 354
  - 362

=== Output Tensor Shapes ===
yolov8n_detect_nashp_640x640_nv12:
  362 -> shape: [1, 20, 20, 64]
  354 -> shape: [1, 20, 20, 80]
  346 -> shape: [1, 40, 40, 64]
  338 -> shape: [1, 40, 40, 80]
  330 -> shape: [1, 80, 80, 64]
  output0 -> shape: [1, 80, 80, 80]

=== Output Tensor Types ===
yolov8n_detect_nashp_640x640_nv12:
  362 -> dtype: F32
  354 -> dtype: F32
  346 -> dtype: F32
  338 -> dtype: F32
  330 -> dtype: F32
  output0 -> dtype: F32

=== Output Quantization Info ===
yolov8n_detect_nashp_640x640_nv12:
  362:
    quanti_type: NONE
    quantize_axis: 0
    scale_data: []
    zero_point_data: []
  354:
    quanti_type: NONE
    quantize_axis: 0
    scale_data: []
    zero_point_data: []
  346:
    quanti_type: NONE
    quantize_axis: 0
    scale_data: []
    zero_point_data: []
  338:
    quanti_type: NONE
    quantize_axis: 0
    scale_data: []
    zero_point_data: []
  330:
    quanti_type: NONE
    quantize_axis: 0
    scale_data: []
    zero_point_data: []
  output0:
    quanti_type: NONE
    quantize_axis: 0
    scale_data: []
    zero_point_data: []

=== Output Tensor Stride ===
yolov8n_detect_nashp_640x640_nv12:
  362 -> stride: [102400, 5120, 256, 4]
  354 -> stride: [128000, 6400, 320, 4]
  346 -> stride: [409600, 10240, 256, 4]
  338 -> stride: [512000, 12800, 320, 4]
  330 -> stride: [1638400, 20480, 256, 4]
  output0 -> stride: [2048000, 25600, 320, 4]
[Output] yolov8n_detect_nashp_640x640_nv12.362 desc: 
[Output] yolov8n_detect_nashp_640x640_nv12.354 desc: 
[Output] yolov8n_detect_nashp_640x640_nv12.346 desc: 
[Output] yolov8n_detect_nashp_640x640_nv12.338 desc: 
[Output] yolov8n_detect_nashp_640x640_nv12.330 desc: 
[Output] yolov8n_detect_nashp_640x640_nv12.output0 desc: 

Model Description:
 - yolov8n_detect_nashp_640x640_nv12: {"BUILDER_VERSION": "3.5.3", "HBDK_VERSION": "4.7.5", "HBDK_RUNTIME_VERSION": null, "HMCT_VERSION": "2.6.5", "CAFFE_MODEL": null, "PROTOTXT": null, "ONNX_MODEL": "/data/ultralytics/onnx_nashp_filtered/yolov8n.onnx", "MARCH": "nash-p", "LAYER_OUT_DUMP": "False", "LOG_LEVEL": null, "WORKING_DIR": "/data/ultralytics/output_nashp/.tmp_yolov8n_detect_nashp_640x640_nv12/bpu_output", "MODEL_PREFIX": "yolov8n_detect_nashp_640x640_nv12", "OUTPUT_NODES": "", "REMOVE_NODE_TYPE": "", "REMOVE_NODE_NAME": "", "DEBUG_MODE": "", "NODE_INFO": "{}", "INPUT_NAMES": "images", "INPUT_SPACE_AND_RANGE": "regular", "INPUT_TYPE_RT": "nv12", "INPUT_TYPE_TRAIN": "rgb", "INPUT_LAYOUT_TRAIN": "NCHW", "INPUT_LAYOUT_RT": "", "NORM_TYPE": "data_scale", "MEAN_VALUE": "[]", "SCALE_VALUE": "[0.003921568627451]", "STD_VALUE": "[]", "INPUT_SHAPE": "1x3x640x640", "INPUT_BATCH": "", "SEPARATE_BATCH": "False", "SEPARATE_NAME": "", "CUSTOM_OP_METHOD": null, "CUSTOM_OP_DIR": null, "CUSTOM_OP_REGISTER_FILES": "", "OPTIMIZATION": "", "CALI_TYPE": "default", "CAL_DATA_DIR": "/data/ultralytics/output_nashp/.tmp_yolov8n_detect_nashp_640x640_nv12/calibration_data", "PER_CHANNEL": "False", "MAX_PERCENTILE": "None", "RUN_ON_CPU": "", "RUN_ON_BPU": "", "QUANT_CONFIG": null, "ADVICE": 0.0, "DEBUG": "True", "OPTIMIZE_LEVEL": "O2", "COMPILE_MODE": "latency", "CORE_NUM": 1, "MAX_TIME_PER_FC": 0, "BALANCE_FACTOR": 100, "ABILITY_ENTRY": null, "INPUT_SOURCE": {"images": "pyramid"}, "hbdk3_compatible_mode": null, "cache_mode": "disable", "cache_path": "", "max_l2m_size": 0, "CALI_EXTRA_PARAM": {}, "EXTRA_PARAMS": {"input_no_padding": true, "output_no_padding": true}}

HBM Description:
 - /tmp/rdk-model-zoo-20260916-contract-pilot/models/yolov8n_detect_nashp_640x640_nv12.hbm: 

=== Scheduling Parameters ===
yolov8n_detect_nashp_640x640_nv12:
  priority    : 0
  customId    : 0
  bpu_cores   : [0]
  deviceId    : 0

Detection Report: 5 objects found
  [0] 0: 0.87 | Box (221.8, 409.0, 342.9, 857.2)
  [1] 0: 0.86 | Box (50.0, 397.8, 243.7, 905.5)
  [2] 0: 0.83 | Box (668.6, 381.3, 810.0, 878.3)
  [3] 0: 0.29 | Box (0.5, 548.4, 57.9, 869.0)
  [4] 5: 0.84 | Box (21.9, 230.5, 797.6, 759.0)
 YOLO_NATIVE_STDERR Traceback (most recent call last):
  File "/tmp/rdk-model-zoo-20260916-contract-pilot/current-b0899b1b5408/samples/vision/ultralytics_yolo/runtime/python/main.py", line 501, in <module>
    sys.exit(main())
             ^^^^^^
  File "/tmp/rdk-model-zoo-20260916-contract-pilot/current-b0899b1b5408/samples/vision/ultralytics_yolo/runtime/python/main.py", line 490, in main
    run_inference(profile, args, labels)
  File "/tmp/rdk-model-zoo-20260916-contract-pilot/current-b0899b1b5408/samples/vision/ultralytics_yolo/runtime/python/main.py", line 416, in run_inference
    result_img=visualize.draw_boxes(img,boxes,ids,scores,labels,visualize.rdk_colors)
               ^^^^^^^^^^^^^^^^^^^^^^^^^^^^^^^^^^^^^^^^^^^^^^^^^^^^^^^^^^^^^^^^^^^^^^
  File "/tmp/rdk-model-zoo-20260916-contract-pilot/current-b0899b1b5408/samples/vision/ultralytics_yolo/runtime/python/rdk_yolo_utils/visualize.py", line 129, in draw_boxes
    label = f"{class_names[cls_id]} {score:.2f}"
               ~~~~~~~~~~~^^^^^^^^
IndexError: list index out of range
Error in sys.excepthook:
Traceback (most recent call last):
  File "/usr/lib/python3/dist-packages/apport_python_hook.py", line 228, in partial_apport_excepthook
    return apport_excepthook(binary, exc_type, exc_obj, exc_tb)
           ^^^^^^^^^^^^^^^^^^^^^^^^^^^^^^^^^^^^^^^^^^^^^^^^^^^^
  File "/usr/lib/python3/dist-packages/apport_python_hook.py", line 66, in apport_excepthook
    import apport.report
  File "/usr/lib/python3/dist-packages/apport/__init__.py", line 7, in <module>
    from apport.packaging_impl import impl as packaging
  File "/usr/lib/python3/dist-packages/apport/packaging_impl/__init__.py", line 33, in <module>
    impl = load_packaging_implementation()
           ^^^^^^^^^^^^^^^^^^^^^^^^^^^^^^^
  File "/usr/lib/python3/dist-packages/apport/packaging_impl/__init__.py", line 28, in load_packaging_implementation
    f"apport.packaging_impl.{determine_packaging_implementation()}"
                             ^^^^^^^^^^^^^^^^^^^^^^^^^^^^^^^^^^^^
  File "/usr/lib/python3/dist-packages/apport/packaging_impl/__init__.py", line 19, in determine_packaging_implementation
    raise RuntimeError(
RuntimeError: Could not determine system package manager. Please file a bug and provide /etc/os-release!

Original exception was:
Traceback (most recent call last):
  File "/tmp/rdk-model-zoo-20260916-contract-pilot/current-b0899b1b5408/samples/vision/ultralytics_yolo/runtime/python/main.py", line 501, in <module>
    sys.exit(main())
             ^^^^^^
  File "/tmp/rdk-model-zoo-20260916-contract-pilot/current-b0899b1b5408/samples/vision/ultralytics_yolo/runtime/python/main.py", line 490, in main
    run_inference(profile, args, labels)
  File "/tmp/rdk-model-zoo-20260916-contract-pilot/current-b0899b1b5408/samples/vision/ultralytics_yolo/runtime/python/main.py", line 416, in run_inference
    result_img=visualize.draw_boxes(img,boxes,ids,scores,labels,visualize.rdk_colors)
               ^^^^^^^^^^^^^^^^^^^^^^^^^^^^^^^^^^^^^^^^^^^^^^^^^^^^^^^^^^^^^^^^^^^^^^
  File "/tmp/rdk-model-zoo-20260916-contract-pilot/current-b0899b1b5408/samples/vision/ultralytics_yolo/runtime/python/rdk_yolo_utils/visualize.py", line 129, in draw_boxes
    label = f"{class_names[cls_id]} {score:.2f}"
               ~~~~~~~~~~~^^^^^^^^
IndexError: list index out of range


STDERR:
Traceback (most recent call last):
  File "<stdin>", line 39, in <module>
AssertionError: 1
Error in sys.excepthook:
Traceback (most recent call last):
  File "/usr/lib/python3/dist-packages/apport_python_hook.py", line 228, in partial_apport_excepthook
    return apport_excepthook(binary, exc_type, exc_obj, exc_tb)
           ^^^^^^^^^^^^^^^^^^^^^^^^^^^^^^^^^^^^^^^^^^^^^^^^^^^^
  File "/usr/lib/python3/dist-packages/apport_python_hook.py", line 66, in apport_excepthook
    import apport.report
  File "/usr/lib/python3/dist-packages/apport/__init__.py", line 7, in <module>
    from apport.packaging_impl import impl as packaging
  File "/usr/lib/python3/dist-packages/apport/packaging_impl/__init__.py", line 33, in <module>
    impl = load_packaging_implementation()
           ^^^^^^^^^^^^^^^^^^^^^^^^^^^^^^^
  File "/usr/lib/python3/dist-packages/apport/packaging_impl/__init__.py", line 28, in load_packaging_implementation
    f"apport.packaging_impl.{determine_packaging_implementation()}"
                             ^^^^^^^^^^^^^^^^^^^^^^^^^^^^^^^^^^^^
  File "/usr/lib/python3/dist-packages/apport/packaging_impl/__init__.py", line 19, in determine_packaging_implementation
    raise RuntimeError(
RuntimeError: Could not determine system package manager. Please file a bug and provide /etc/os-release!

Original exception was:
Traceback (most recent call last):
  File "<stdin>", line 39, in <module>
AssertionError: 1

EXIT_STATUS=1
