{"archive_sha256": "4be175f7104fb831de5ca1f2a6a1611b07800a2665c15458cb88508a1c348275", "detected_target": "s600", "started": "2026-09-16T12:05:09.357675+00:00"}
COMPILE_PASS
[UCP]: log level = 3
[UCP]: UCP version = 3.13.6
[VP]: log level = 3
[DNN]: log level = 3
[HPL]: log level = 3
[UCPT]: log level = 6
[BPU][[BPU_MONITOR]][281469845325408][INFO]BPULib verison(2, 2, 15)[f21ee84]!
[DNN]: 3.13.6_(4.7.5 HBRT)
DETECT_RESULT_OWNERSHIP_AND_LEGACY_PASS
{"task": "detect", "status": "pass", "input_sha256": "c02019c4979c191eb739ddd944445ef408dad5679acab6fd520ef9d434bfbc63", "artifact_sha256": "5b2aff2885eede0a67caa2268eb8c3cbbfebf2be03327707789e1dc621f322db", "max_box_abs_diff": 7.43865966796875e-05, "max_score_abs_diff": 0.0, "boxes": [[221.77420043945312, 408.956787109375, 342.9394226074219, 857.2074584960938], [50.018707275390625, 397.804931640625, 243.67135620117188, 905.54296875], [668.642822265625, 381.2522888183594, 810.0, 878.3092651367188], [0.49030351638793945, 548.4385986328125, 57.9023323059082, 868.9617919921875], [21.909793853759766, 230.46865844726562, 797.5601196289062, 759.018310546875]], "scores": [0.8715022206306458, 0.8609400987625122, 0.8322536945343018, 0.2886192202568054, 0.8423774838447571], "ids": [0, 0, 0, 0, 5]}
YOLO_NATIVE_STDOUT [UCP]: log level = 3
[UCP]: UCP version = 3.13.6
[VP]: log level = 3
[DNN]: log level = 3
[HPL]: log level = 3
[UCPT]: log level = 6
[BPU][[BPU_MONITOR]][281473238779680][INFO]BPULib verison(2, 2, 15)[f21ee84]!
[DNN]: 3.13.6_(4.7.5 HBRT)
=== Model Name List ===
['yolov8n_detect_nashp_640x640_nv12']

=== Model Count ===
1

=== Input Counts ===
yolov8n_detect_nashp_640x640_nv12: 2

=== Input Names ===
yolov8n_detect_nashp_640x640_nv12:
  - images_y
  - images_uv

=== Input Tensor Shapes ===
yolov8n_detect_nashp_640x640_nv12:
  images_uv -> shape: [1, 320, 320, 2]
  images_y -> shape: [1, 640, 640, 1]

=== Input Tensor Types ===
yolov8n_detect_nashp_640x640_nv12:
  images_uv -> dtype: U8
  images_y -> dtype: U8

=== Input Quantization Info ===
yolov8n_detect_nashp_640x640_nv12:
  images_uv:
    quanti_type: NONE
    quantize_axis: 0
    scale_data: []
    zero_point_data: []
  images_y:
    quanti_type: NONE
    quantize_axis: 0
    scale_data: []
    zero_point_data: []

=== Input Tensor Stride ===
yolov8n_detect_nashp_640x640_nv12:
  images_uv -> stride: [-1, -1, 2, 1]
  images_y -> stride: [-1, -1, 1, 1]
[Input] yolov8n_detect_nashp_640x640_nv12.images_uv desc: 
[Input] yolov8n_detect_nashp_640x640_nv12.images_y desc: 

================ OUTPUT TESTS ================

=== Output Counts ===
yolov8n_detect_nashp_640x640_nv12: 6

=== Output Names ===
yolov8n_detect_nashp_640x640_nv12:
  - output0
  - 330
  - 338
  - 346
  - 354
  - 362

=== Output Tensor Shapes ===
yolov8n_detect_nashp_640x640_nv12:
  362 -> shape: [1, 20, 20, 64]
  354 -> shape: [1, 20, 20, 80]
  346 -> shape: [1, 40, 40, 64]
  338 -> shape: [1, 40, 40, 80]
  330 -> shape: [1, 80, 80, 64]
  output0 -> shape: [1, 80, 80, 80]

=== Output Tensor Types ===
yolov8n_detect_nashp_640x640_nv12:
  362 -> dtype: F32
  354 -> dtype: F32
  346 -> dtype: F32
  338 -> dtype: F32
  330 -> dtype: F32
  output0 -> dtype: F32

=== Output Quantization Info ===
yolov8n_detect_nashp_640x640_nv12:
  362:
    quanti_type: NONE
    quantize_axis: 0
    scale_data: []
    zero_point_data: []
  354:
    quanti_type: NONE
    quantize_axis: 0
    scale_data: []
    zero_point_data: []
  346:
    quanti_type: NONE
    quantize_axis: 0
    scale_data: []
    zero_point_data: []
  338:
    quanti_type: NONE
    quantize_axis: 0
    scale_data: []
    zero_point_data: []
  330:
    quanti_type: NONE
    quantize_axis: 0
    scale_data: []
    zero_point_data: []
  output0:
    quanti_type: NONE
    quantize_axis: 0
    scale_data: []
    zero_point_data: []

=== Output Tensor Stride ===
yolov8n_detect_nashp_640x640_nv12:
  362 -> stride: [102400, 5120, 256, 4]
  354 -> stride: [128000, 6400, 320, 4]
  346 -> stride: [409600, 10240, 256, 4]
  338 -> stride: [512000, 12800, 320, 4]
  330 -> stride: [1638400, 20480, 256, 4]
  output0 -> stride: [2048000, 25600, 320, 4]
[Output] yolov8n_detect_nashp_640x640_nv12.362 desc: 
[Output] yolov8n_detect_nashp_640x640_nv12.354 desc: 
[Output] yolov8n_detect_nashp_640x640_nv12.346 desc: 
[Output] yolov8n_detect_nashp_640x640_nv12.338 desc: 
[Output] yolov8n_detect_nashp_640x640_nv12.330 desc: 
[Output] yolov8n_detect_nashp_640x640_nv12.output0 desc: 

Model Description:
 - yolov8n_detect_nashp_640x640_nv12: {"BUILDER_VERSION": "3.5.3", "HBDK_VERSION": "4.7.5", "HBDK_RUNTIME_VERSION": null, "HMCT_VERSION": "2.6.5", "CAFFE_MODEL": null, "PROTOTXT": null, "ONNX_MODEL": "/data/ultralytics/onnx_nashp_filtered/yolov8n.onnx", "MARCH": "nash-p", "LAYER_OUT_DUMP": "False", "LOG_LEVEL": null, "WORKING_DIR": "/data/ultralytics/output_nashp/.tmp_yolov8n_detect_nashp_640x640_nv12/bpu_output", "MODEL_PREFIX": "yolov8n_detect_nashp_640x640_nv12", "OUTPUT_NODES": "", "REMOVE_NODE_TYPE": "", "REMOVE_NODE_NAME": "", "DEBUG_MODE": "", "NODE_INFO": "{}", "INPUT_NAMES": "images", "INPUT_SPACE_AND_RANGE": "regular", "INPUT_TYPE_RT": "nv12", "INPUT_TYPE_TRAIN": "rgb", "INPUT_LAYOUT_TRAIN": "NCHW", "INPUT_LAYOUT_RT": "", "NORM_TYPE": "data_scale", "MEAN_VALUE": "[]", "SCALE_VALUE": "[0.003921568627451]", "STD_VALUE": "[]", "INPUT_SHAPE": "1x3x640x640", "INPUT_BATCH": "", "SEPARATE_BATCH": "False", "SEPARATE_NAME": "", "CUSTOM_OP_METHOD": null, "CUSTOM_OP_DIR": null, "CUSTOM_OP_REGISTER_FILES": "", "OPTIMIZATION": "", "CALI_TYPE": "default", "CAL_DATA_DIR": "/data/ultralytics/output_nashp/.tmp_yolov8n_detect_nashp_640x640_nv12/calibration_data", "PER_CHANNEL": "False", "MAX_PERCENTILE": "None", "RUN_ON_CPU": "", "RUN_ON_BPU": "", "QUANT_CONFIG": null, "ADVICE": 0.0, "DEBUG": "True", "OPTIMIZE_LEVEL": "O2", "COMPILE_MODE": "latency", "CORE_NUM": 1, "MAX_TIME_PER_FC": 0, "BALANCE_FACTOR": 100, "ABILITY_ENTRY": null, "INPUT_SOURCE": {"images": "pyramid"}, "hbdk3_compatible_mode": null, "cache_mode": "disable", "cache_path": "", "max_l2m_size": 0, "CALI_EXTRA_PARAM": {}, "EXTRA_PARAMS": {"input_no_padding": true, "output_no_padding": true}}

HBM Description:
 - /tmp/rdk-model-zoo-20260916-contract-pilot/models/yolov8n_detect_nashp_640x640_nv12.hbm: 

=== Scheduling Parameters ===
yolov8n_detect_nashp_640x640_nv12:
  priority    : 0
  customId    : 0
  bpu_cores   : [0]
  deviceId    : 0

Detection Report: 5 objects found
  [0] person: 0.87 | Box (221.8, 409.0, 342.9, 857.2)
  [1] person: 0.86 | Box (50.0, 397.8, 243.7, 905.5)
  [2] person: 0.83 | Box (668.6, 381.3, 810.0, 878.3)
  [3] person: 0.29 | Box (0.5, 548.4, 57.9, 869.0)
  [4] bus: 0.84 | Box (21.9, 230.5, 797.6, 759.0)
[Saved] Result saved to: /tmp/rdk-model-zoo-20260916-contract-pilot/current-4be175f7104f/detect-result.jpg
 YOLO_NATIVE_STDERR 
DETECT_MISMATCH_REJECTED_BEFORE_RUNTIME
CLASSIFICATION_RESULT_OWNERSHIP_PASS
{"task": "classification", "status": "pass", "input_sha256": "7b498bb075c771faadbdd951c7ba2450b2d81332cbd574eb33a8f2fd28f00d29", "artifact_sha256": "aa10b91130743dc2ff0272111d328e5b17b28d4f0bc2da61960738cd267d8f8d", "max_score_abs_diff": 9.313225746154785e-10, "ids": [270, 279, 296, 269, 258], "scores": [0.8901852965354919, 0.0806848481297493, 0.012036730535328388, 0.010145846754312515, 0.0027893390506505966]}
RESNET_NATIVE_STDOUT [UCP]: log level = 3
[UCP]: UCP version = 3.13.6
[VP]: log level = 3
[DNN]: log level = 3
[HPL]: log level = 3
[UCPT]: log level = 6
[BPU][[BPU_MONITOR]][281470279960352][INFO]BPULib verison(2, 2, 15)[f21ee84]!
[DNN]: 3.13.6_(4.7.5 HBRT)
Top-5 results (s600, s:resnet18:s600/resnet18_224x224_nv12.hbm):
  Rank 1: class=270, label=white wolf, Arctic wolf, Canis lupus tundrarum, score=0.890185
  Rank 2: class=279, label=Arctic fox, white fox, Alopex lagopus, score=0.080685
  Rank 3: class=296, label=ice bear, polar bear, Ursus Maritimus, Thalarctos maritimus, score=0.012037
  Rank 4: class=269, label=timber wolf, grey wolf, gray wolf, Canis lupus, score=0.010146
  Rank 5: class=258, label=Samoyed, Samoyede, score=0.002789
Saved result image: /tmp/rdk-model-zoo-20260916-contract-pilot/current-4be175f7104f/classification-result.jpg
 RESNET_NATIVE_STDERR 
PILOT_COMPARISON_PASS

STDERR:

EXIT_STATUS=0
