CONTEXT {"started": "2026-09-17T08:16:05.903278+00:00", "target": "x5", "archive_sha256": "7e75debcc4cc212b4a36560b1488cd45b111024b7a86cb9202d5238b50232e3f", "detector_sha256": "7b5b7f881f01be03d8bb398bce1afa4c527bb9c2638667627b80a918a81627e0", "recognizer_sha256": "61042ee7262f927b90c1b25ba81335a2533c1d0d6e36d531a49e7726385920d7", "detector_asset": "x5:paddleocr:en_PP-OCRv3_det_640x640_nv12.bin", "recognizer_asset": "x5:paddleocr:en_PP-OCRv3_rec_48x320_rgb.bin"}
[BPU_PLAT]BPU Platform Version(1.3.6)! soc info(x5)
[HBRT] set log level as 0. version = 3.15.55.0
[DNN] Runtime version = 1.24.5_(3.15.55 HBRT)
[A][DNN][packed_model.cpp:247][Model](2026-09-17,16:16:06.599.257) [HorizonRT] The model builder version = 1.23.8
[W][DNN]bpu_model_info.cpp:491][Version](2026-09-17,16:16:06.664.372) Model: en_PP-OCRv3_det_infer-deploy_640x640_nv12. Inconsistency between the hbrt library version 3.15.55.0 and the model build version 3.15.54.0 detected, in order to ensure correct model results, it is recommended to use compilation tools and the BPU SDK from the same OpenExplorer package.
[A][DNN][packed_model.cpp:247][Model](2026-09-17,16:16:07.167.155) [HorizonRT] The model builder version = 1.23.8
COMMAND ["python3", "/tmp/rdk-model-zoo-20260916-contract-pilot/ocr-current-7e75debcc4cc/samples/vision/paddle_ocr/runtime/python/main.py", "--target", "x5", "--det-asset-id", "x5:paddleocr:en_PP-OCRv3_det_640x640_nv12.bin", "--rec-asset-id", "x5:paddleocr:en_PP-OCRv3_rec_48x320_rgb.bin", "--det-model-path", "/tmp/rdk-model-zoo-20260916-contract-pilot/models/en_PP-OCRv3_det_640x640_nv12.bin", "--rec-model-path", "/tmp/rdk-model-zoo-20260916-contract-pilot/models/en_PP-OCRv3_rec_48x320_rgb.bin", "--test-img", "/tmp/rdk-model-zoo-20260916-contract-pilot/ocr-current-7e75debcc4cc/ocr-default.png", "--output-format", "json", "--json-output", "/tmp/rdk-model-zoo-20260916-contract-pilot/ocr-current-7e75debcc4cc/ocr-default.json"]
NATIVE_STDOUT [BPU_PLAT]BPU Platform Version(1.3.6)! soc info(x5)
[HBRT] set log level as 0. version = 3.15.55.0
[DNN] Runtime version = 1.24.5_(3.15.55 HBRT)
[A][DNN][packed_model.cpp:247][Model](2026-09-17,16:16:12.865.876) [HorizonRT] The model builder version = 1.23.8
[W][DNN]bpu_model_info.cpp:491][Version](2026-09-17,16:16:12.947.78) Model: en_PP-OCRv3_det_infer-deploy_640x640_nv12. Inconsistency between the hbrt library version 3.15.55.0 and the model build version 3.15.54.0 detected, in order to ensure correct model results, it is recommended to use compilation tools and the BPU SDK from the same OpenExplorer package.
[A][DNN][packed_model.cpp:247][Model](2026-09-17,16:16:13.183.854) [HorizonRT] The model builder version = 1.23.8
{
  "target": "x5",
  "detector_asset": "x5:paddleocr:en_PP-OCRv3_det_640x640_nv12.bin",
  "recognizer_asset": "x5:paddleocr:en_PP-OCRv3_rec_48x320_rgb.bin",
  "boxes": [
    [
      [
        238,
        1384
      ],
      [
        2754,
        1379
      ],
      [
        2755,
        1750
      ],
      [
        239,
        1755
      ]
    ],
    [
      [
        235,
        1425
      ],
      [
        239,
        1044
      ],
      [
        2795,
        1068
      ],
      [
        2791,
        1449
      ]
    ],
    [
      [
        882,
        589
      ],
      [
        890,
        195
      ],
      [
        2639,
        231
      ],
      [
        2631,
        625
      ]
    ],
    [
      [
        1381,
        225
      ],
      [
        1387,
        71
      ],
      [
        2171,
        102
      ],
      [
        2164,
        256
      ]
    ],
    [
      [
        1488,
        72
      ],
      [
        1488,
        -13
      ],
      [
        2209,
        -13
      ],
      [
        2209,
        72
      ]
    ],
    [
      [
        1484,
        28
      ],
      [
        1484,
        7
      ],
      [
        1516,
        7
      ],
      [
        1516,
        28
      ]
    ]
  ],
  "texts": [
    "Betriebsbereit",
    "Geld einwerfen",
    "wwW.serviplus.de",
    "Info@serviplus.de",
    " 005T- 34 07 972",
    ""
  ],
  "image_shape": [
    2592,
    3888,
    3
  ]
}
[W][DNN]bpu_model_info.cpp:491][Version](2026-09-17,16:16:13.201.951) Model: en_PP-OCRv3_rec_infer-deploy_48x320_rgb_NCHW. Inconsistency between the hbrt library version 3.15.55.0 and the model build version 3.15.54.0 detected, in order to ensure correct model results, it is recommended to use compilation tools and the BPU SDK from the same OpenExplorer package.
 NATIVE_STDERR 
RESULT {"target": "x5", "variant": "default", "count": 6, "texts": ["Betriebsbereit", "Geld einwerfen", "wwW.serviplus.de", "Info@serviplus.de", " 005T- 34 07 972", ""], "input_shape": [2592, 3888, 3], "max_raw_output_abs_diff": 0.0, "input_crop_box_exact": true, "native_json_exact": true, "result_lifetime": true}
COMMAND ["python3", "/tmp/rdk-model-zoo-20260916-contract-pilot/ocr-current-7e75debcc4cc/samples/vision/paddle_ocr/runtime/python/main.py", "--target", "x5", "--det-asset-id", "x5:paddleocr:en_PP-OCRv3_det_640x640_nv12.bin", "--rec-asset-id", "x5:paddleocr:en_PP-OCRv3_rec_48x320_rgb.bin", "--det-model-path", "/tmp/rdk-model-zoo-20260916-contract-pilot/models/en_PP-OCRv3_det_640x640_nv12.bin", "--rec-model-path", "/tmp/rdk-model-zoo-20260916-contract-pilot/models/en_PP-OCRv3_rec_48x320_rgb.bin", "--test-img", "/tmp/rdk-model-zoo-20260916-contract-pilot/ocr-current-7e75debcc4cc/ocr-aspect.png", "--output-format", "json", "--json-output", "/tmp/rdk-model-zoo-20260916-contract-pilot/ocr-current-7e75debcc4cc/ocr-aspect.json"]
NATIVE_STDOUT [BPU_PLAT]BPU Platform Version(1.3.6)! soc info(x5)
[HBRT] set log level as 0. version = 3.15.55.0
[DNN] Runtime version = 1.24.5_(3.15.55 HBRT)
[A][DNN][packed_model.cpp:247][Model](2026-09-17,16:16:17.108.264) [HorizonRT] The model builder version = 1.23.8
[W][DNN]bpu_model_info.cpp:491][Version](2026-09-17,16:16:17.198.310) Model: en_PP-OCRv3_det_infer-deploy_640x640_nv12. Inconsistency between the hbrt library version 3.15.55.0 and the model build version 3.15.54.0 detected, in order to ensure correct model results, it is recommended to use compilation tools and the BPU SDK from the same OpenExplorer package.
[A][DNN][packed_model.cpp:247][Model](2026-09-17,16:16:17.312.450) [HorizonRT] The model builder version = 1.23.8
{
  "target": "x5",
  "detector_asset": "x5:paddleocr:en_PP-OCRv3_det_640x640_nv12.bin",
  "recognizer_asset": "x5:paddleocr:en_PP-OCRv3_rec_48x320_rgb.bin",
  "boxes": [
    [
      [
        40,
        272
      ],
      [
        507,
        269
      ],
      [
        508,
        342
      ],
      [
        41,
        344
      ]
    ],
    [
      [
        41,
        279
      ],
      [
        42,
        205
      ],
      [
        513,
        208
      ],
      [
        512,
        282
      ]
    ],
    [
      [
        161,
        121
      ],
      [
        161,
        43
      ],
      [
        483,
        43
      ],
      [
        483,
        121
      ]
    ],
    [
      [
        253,
        42
      ],
      [
        254,
        15
      ],
      [
        396,
        20
      ],
      [
        395,
        47
      ]
    ],
    [
      [
        277,
        9
      ],
      [
        278,
        -4
      ],
      [
        404,
        0
      ],
      [
        403,
        12
      ]
    ]
  ],
  "texts": [
    "Betriebsbereit",
    "Geld einwerfen",
    "www.serviplus.de",
    "Info@serviplus.de",
    "005T-3407972"
  ],
  "image_shape": [
    509,
    713,
    3
  ]
}
[W][DNN]bpu_model_info.cpp:491][Version](2026-09-17,16:16:17.330.570) Model: en_PP-OCRv3_rec_infer-deploy_48x320_rgb_NCHW. Inconsistency between the hbrt library version 3.15.55.0 and the model build version 3.15.54.0 detected, in order to ensure correct model results, it is recommended to use compilation tools and the BPU SDK from the same OpenExplorer package.
 NATIVE_STDERR 
RESULT {"target": "x5", "variant": "aspect", "count": 5, "texts": ["Betriebsbereit", "Geld einwerfen", "www.serviplus.de", "Info@serviplus.de", "005T-3407972"], "input_shape": [509, 713, 3], "max_raw_output_abs_diff": 0.0, "input_crop_box_exact": true, "native_json_exact": true, "result_lifetime": true}
WRONG_TARGET_REJECTED error: Detector and recognizer references are not one audited pair; mixed target/model-family pairs are rejected.

LEGACY_OCR_EXACT default
LEGACY_OCR_EXACT aspect
OCR_STAGE_COMPARISON_PASS
[W][DNN]bpu_model_info.cpp:491][Version](2026-09-17,16:16:07.185.171) Model: en_PP-OCRv3_rec_infer-deploy_48x320_rgb_NCHW. Inconsistency between the hbrt library version 3.15.55.0 and the model build version 3.15.54.0 detected, in order to ensure correct model results, it is recommended to use compilation tools and the BPU SDK from the same OpenExplorer package.
[W][DNN]packed_model.cpp:114][Model](2026-09-17,16:16:20.426.793) File /tmp/rdk-model-zoo-20260916-contract-pilot/models/en_PP-OCRv3_det_640x640_nv12.bin has loaded, Discard the latest. 
[W][DNN]packed_model.cpp:114][Model](2026-09-17,16:16:20.474.319) File /tmp/rdk-model-zoo-20260916-contract-pilot/models/en_PP-OCRv3_rec_48x320_rgb.bin has loaded, Discard the latest. 

STDERR:

EXIT_STATUS=0
