{"archive_sha256": "b0899b1b54087ec4bb0acfd61bcdda60c359060fb27c02f2a58b6fda7cee1fdd", "detected_target": "x5", "started": "2026-09-16T11:56:14.389901+00:00"}
COMPILE_PASS
[BPU_PLAT]BPU Platform Version(1.3.6)! soc info(x5)
[HBRT] set log level as 0. version = 3.15.55.0
[DNN] Runtime version = 1.24.5_(3.15.55 HBRT)
[A][DNN][packed_model.cpp:247][Model](2026-09-16,19:56:15.145.189) [HorizonRT] The model builder version = 1.24.3
{"task": "detect", "status": "pass", "input_sha256": "c02019c4979c191eb739ddd944445ef408dad5679acab6fd520ef9d434bfbc63", "artifact_sha256": "5d962aedc48631db6e99211dab1fea15f81e6b552980d62cb8b0ca0454e71cf4", "max_box_abs_diff": 5.626678466796875e-05, "max_score_abs_diff": 2.9802322387695312e-08, "boxes": [[50.58493423461914, 397.2540283203125, 242.9926300048828, 906.002197265625], [222.78610229492188, 408.27703857421875, 343.3341369628906, 855.4931640625], [667.7234497070312, 379.9288330078125, 810.0, 881.8408203125], [0.0, 548.6836547851562, 56.014976501464844, 869.7053833007812], [23.018630981445312, 230.12303161621094, 795.7938232421875, 756.5508422851562]], "scores": [0.8598728179931641, 0.8577912449836731, 0.8191956877708435, 0.3061378300189972, 0.8338128328323364], "ids": [0, 0, 0, 0, 5]}
YOLO_NATIVE_STDOUT [BPU_PLAT]BPU Platform Version(1.3.6)! soc info(x5)
[HBRT] set log level as 0. version = 3.15.55.0
[DNN] Runtime version = 1.24.5_(3.15.55 HBRT)
[A][DNN][packed_model.cpp:247][Model](2026-09-16,19:56:16.645.183) [HorizonRT] The model builder version = 1.24.3
=== Model Name List ===
['yolov8n_detect_bayese_640x640_nv12']

=== Model Count ===
1

=== Input Counts ===
yolov8n_detect_bayese_640x640_nv12: 1

=== Input Names ===
yolov8n_detect_bayese_640x640_nv12:
  - images

=== Input Tensor Shapes ===
yolov8n_detect_bayese_640x640_nv12:
  images -> shape: [1, 3, 640, 640]

=== Input Tensor Types ===
yolov8n_detect_bayese_640x640_nv12:
  images -> dtype: NV12

=== Input Quantization Info ===
yolov8n_detect_bayese_640x640_nv12:
  images:
    quanti_type: NONE
    quantize_axis: 0
    scale_data: []
    zero_point_data: []

=== Input Tensor Stride ===
yolov8n_detect_bayese_640x640_nv12:
  images -> stride: [0, 0, 0, 0]

================ OUTPUT TESTS ================

=== Output Counts ===
yolov8n_detect_bayese_640x640_nv12: 6

=== Output Names ===
yolov8n_detect_bayese_640x640_nv12:
  - output0
  - 326
  - 334
  - 342
  - 350
  - 358

=== Output Tensor Shapes ===
yolov8n_detect_bayese_640x640_nv12:
  358 -> shape: [1, 20, 20, 64]
  350 -> shape: [1, 20, 20, 80]
  342 -> shape: [1, 40, 40, 64]
  334 -> shape: [1, 40, 40, 80]
  326 -> shape: [1, 80, 80, 64]
  output0 -> shape: [1, 80, 80, 80]

=== Output Tensor Types ===
yolov8n_detect_bayese_640x640_nv12:
  358 -> dtype: F32
  350 -> dtype: F32
  342 -> dtype: F32
  334 -> dtype: F32
  326 -> dtype: F32
  output0 -> dtype: F32

=== Output Quantization Info ===
yolov8n_detect_bayese_640x640_nv12:
  358:
    quanti_type: NONE
    quantize_axis: 0
    scale_data: []
    zero_point_data: []
  350:
    quanti_type: NONE
    quantize_axis: 0
    scale_data: []
    zero_point_data: []
  342:
    quanti_type: NONE
    quantize_axis: 0
    scale_data: []
    zero_point_data: []
  334:
    quanti_type: NONE
    quantize_axis: 0
    scale_data: []
    zero_point_data: []
  326:
    quanti_type: NONE
    quantize_axis: 0
    scale_data: []
    zero_point_data: []
  output0:
    quanti_type: NONE
    quantize_axis: 0
    scale_data: []
    zero_point_data: []

=== Output Tensor Stride ===
yolov8n_detect_bayese_640x640_nv12:
  358 -> stride: [102400, 5120, 256, 4]
  350 -> stride: [128000, 6400, 320, 4]
  342 -> stride: [409600, 10240, 256, 4]
  334 -> stride: [512000, 12800, 320, 4]
  326 -> stride: [1638400, 20480, 256, 4]
  output0 -> stride: [2048000, 25600, 320, 4]

Model Description:

HBM Description:

=== Scheduling Parameters ===
yolov8n_detect_bayese_640x640_nv12:
  priority    : 0
  customId    : 0
  bpu_cores   : [0]
  deviceId    : 0

Detection Report: 5 objects found
  [0] 0: 0.86 | Box (50.6, 397.3, 243.0, 906.0)
  [1] 0: 0.86 | Box (222.8, 408.3, 343.3, 855.5)
  [2] 0: 0.82 | Box (667.7, 379.9, 810.0, 881.8)
  [3] 0: 0.31 | Box (0.0, 548.7, 56.0, 869.7)
  [4] 5: 0.83 | Box (23.0, 230.1, 795.8, 756.6)
 YOLO_NATIVE_STDERR Traceback (most recent call last):
  File "/tmp/rdk-model-zoo-20260916-contract-pilot/current-b0899b1b5408/samples/vision/ultralytics_yolo/runtime/python/main.py", line 501, in <module>
    sys.exit(main())
  File "/tmp/rdk-model-zoo-20260916-contract-pilot/current-b0899b1b5408/samples/vision/ultralytics_yolo/runtime/python/main.py", line 490, in main
    run_inference(profile, args, labels)
  File "/tmp/rdk-model-zoo-20260916-contract-pilot/current-b0899b1b5408/samples/vision/ultralytics_yolo/runtime/python/main.py", line 416, in run_inference
    result_img=visualize.draw_boxes(img,boxes,ids,scores,labels,visualize.rdk_colors)
  File "/tmp/rdk-model-zoo-20260916-contract-pilot/current-b0899b1b5408/samples/vision/ultralytics_yolo/runtime/python/rdk_yolo_utils/visualize.py", line 129, in draw_boxes
    label = f"{class_names[cls_id]} {score:.2f}"
IndexError: list index out of range


STDERR:
Traceback (most recent call last):
  File "<stdin>", line 39, in <module>
AssertionError: 1

EXIT_STATUS=1
