{"archive_sha256": "d79826ba0dba69f4cdac4bbb42dc098c64a9ba2aa19596857ce8c38f16858ccf", "detected_target": "x5", "started": "2026-09-16T11:56:49.387813+00:00"}
COMPILE_PASS
[BPU_PLAT]BPU Platform Version(1.3.6)! soc info(x5)
[HBRT] set log level as 0. version = 3.15.55.0
[DNN] Runtime version = 1.24.5_(3.15.55 HBRT)
[A][DNN][packed_model.cpp:247][Model](2026-09-16,19:56:50.143.123) [HorizonRT] The model builder version = 1.24.3
{"task": "detect", "status": "pass", "input_sha256": "c02019c4979c191eb739ddd944445ef408dad5679acab6fd520ef9d434bfbc63", "artifact_sha256": "5d962aedc48631db6e99211dab1fea15f81e6b552980d62cb8b0ca0454e71cf4", "max_box_abs_diff": 5.626678466796875e-05, "max_score_abs_diff": 2.9802322387695312e-08, "boxes": [[50.58493423461914, 397.2540283203125, 242.9926300048828, 906.002197265625], [222.78610229492188, 408.27703857421875, 343.3341369628906, 855.4931640625], [667.7234497070312, 379.9288330078125, 810.0, 881.8408203125], [0.0, 548.6836547851562, 56.014976501464844, 869.7053833007812], [23.018630981445312, 230.12303161621094, 795.7938232421875, 756.5508422851562]], "scores": [0.8598728179931641, 0.8577912449836731, 0.8191956877708435, 0.3061378300189972, 0.8338128328323364], "ids": [0, 0, 0, 0, 5]}
YOLO_NATIVE_STDOUT [BPU_PLAT]BPU Platform Version(1.3.6)! soc info(x5)
[HBRT] set log level as 0. version = 3.15.55.0
[DNN] Runtime version = 1.24.5_(3.15.55 HBRT)
[A][DNN][packed_model.cpp:247][Model](2026-09-16,19:56:51.556.96) [HorizonRT] The model builder version = 1.24.3
=== Model Name List ===
['yolov8n_detect_bayese_640x640_nv12']

=== Model Count ===
1

=== Input Counts ===
yolov8n_detect_bayese_640x640_nv12: 1

=== Input Names ===
yolov8n_detect_bayese_640x640_nv12:
  - images

=== Input Tensor Shapes ===
yolov8n_detect_bayese_640x640_nv12:
  images -> shape: [1, 3, 640, 640]

=== Input Tensor Types ===
yolov8n_detect_bayese_640x640_nv12:
  images -> dtype: NV12

=== Input Quantization Info ===
yolov8n_detect_bayese_640x640_nv12:
  images:
    quanti_type: NONE
    quantize_axis: 0
    scale_data: []
    zero_point_data: []

=== Input Tensor Stride ===
yolov8n_detect_bayese_640x640_nv12:
  images -> stride: [0, 0, 0, 0]

================ OUTPUT TESTS ================

=== Output Counts ===
yolov8n_detect_bayese_640x640_nv12: 6

=== Output Names ===
yolov8n_detect_bayese_640x640_nv12:
  - output0
  - 326
  - 334
  - 342
  - 350
  - 358

=== Output Tensor Shapes ===
yolov8n_detect_bayese_640x640_nv12:
  358 -> shape: [1, 20, 20, 64]
  350 -> shape: [1, 20, 20, 80]
  342 -> shape: [1, 40, 40, 64]
  334 -> shape: [1, 40, 40, 80]
  326 -> shape: [1, 80, 80, 64]
  output0 -> shape: [1, 80, 80, 80]

=== Output Tensor Types ===
yolov8n_detect_bayese_640x640_nv12:
  358 -> dtype: F32
  350 -> dtype: F32
  342 -> dtype: F32
  334 -> dtype: F32
  326 -> dtype: F32
  output0 -> dtype: F32

=== Output Quantization Info ===
yolov8n_detect_bayese_640x640_nv12:
  358:
    quanti_type: NONE
    quantize_axis: 0
    scale_data: []
    zero_point_data: []
  350:
    quanti_type: NONE
    quantize_axis: 0
    scale_data: []
    zero_point_data: []
  342:
    quanti_type: NONE
    quantize_axis: 0
    scale_data: []
    zero_point_data: []
  334:
    quanti_type: NONE
    quantize_axis: 0
    scale_data: []
    zero_point_data: []
  326:
    quanti_type: NONE
    quantize_axis: 0
    scale_data: []
    zero_point_data: []
  output0:
    quanti_type: NONE
    quantize_axis: 0
    scale_data: []
    zero_point_data: []

=== Output Tensor Stride ===
yolov8n_detect_bayese_640x640_nv12:
  358 -> stride: [102400, 5120, 256, 4]
  350 -> stride: [128000, 6400, 320, 4]
  342 -> stride: [409600, 10240, 256, 4]
  334 -> stride: [512000, 12800, 320, 4]
  326 -> stride: [1638400, 20480, 256, 4]
  output0 -> stride: [2048000, 25600, 320, 4]

Model Description:

HBM Description:

=== Scheduling Parameters ===
yolov8n_detect_bayese_640x640_nv12:
  priority    : 0
  customId    : 0
  bpu_cores   : [0]
  deviceId    : 0

Detection Report: 5 objects found
  [0] person: 0.86 | Box (50.6, 397.3, 243.0, 906.0)
  [1] person: 0.86 | Box (222.8, 408.3, 343.3, 855.5)
  [2] person: 0.82 | Box (667.7, 379.9, 810.0, 881.8)
  [3] person: 0.31 | Box (0.0, 548.7, 56.0, 869.7)
  [4] bus: 0.83 | Box (23.0, 230.1, 795.8, 756.6)
[Saved] Result saved to: /tmp/rdk-model-zoo-20260916-contract-pilot/current-d79826ba0dba/detect-result.jpg
 YOLO_NATIVE_STDERR 
[A][DNN][packed_model.cpp:247][Model](2026-09-16,19:56:54.626.587) [HorizonRT] The model builder version = 1.23.5
{"task": "classification", "status": "pass", "input_sha256": "7b498bb075c771faadbdd951c7ba2450b2d81332cbd574eb33a8f2fd28f00d29", "artifact_sha256": "8182104dbfddcd06865e6a7d73cd5c5f55fef6cf3119525a869dda3365bd3a10", "max_score_abs_diff": 1.1641532182693481e-10, "ids": [270, 279, 269, 258, 296], "scores": [0.002383947605267167, 0.0010682054562494159, 0.001038057031109929, 0.0010072413133457303, 0.0010023524519056082]}
RESNET_NATIVE_STDOUT [BPU_PLAT]BPU Platform Version(1.3.6)! soc info(x5)
[HBRT] set log level as 0. version = 3.15.55.0
[DNN] Runtime version = 1.24.5_(3.15.55 HBRT)
[A][DNN][packed_model.cpp:247][Model](2026-09-16,19:56:57.873.415) [HorizonRT] The model builder version = 1.23.5
Top-5 results (x5, x5:resnet:resnet18_224x224_nv12.bin):
  Rank 1: class=270, label=270: 'white wolf, Arctic wolf, Canis lupus tundrarum',, score=0.002384
  Rank 2: class=279, label=279: 'Arctic fox, white fox, Alopex lagopus',, score=0.001068
  Rank 3: class=269, label=269: 'timber wolf, grey wolf, gray wolf, Canis lupus',, score=0.001038
  Rank 4: class=258, label=258: 'Samoyed, Samoyede',, score=0.001007
  Rank 5: class=296, label=296: 'ice bear, polar bear, Ursus Maritimus, Thalarctos maritimus',, score=0.001002
Saved result image: /tmp/rdk-model-zoo-20260916-contract-pilot/current-d79826ba0dba/classification-result.jpg
[W][DNN]bpu_model_info.cpp:491][Version](2026-09-16,19:56:57.976.877) Model: resnet18_224x224_nv12. Inconsistency between the hbrt library version 3.15.55.0 and the model build version 3.15.47.0 detected, in order to ensure correct model results, it is recommended to use compilation tools and the BPU SDK from the same OpenExplorer package.
 RESNET_NATIVE_STDERR 
PILOT_COMPARISON_PASS
[W][DNN]bpu_model_info.cpp:491][Version](2026-09-16,19:56:54.697.733) Model: resnet18_224x224_nv12. Inconsistency between the hbrt library version 3.15.55.0 and the model build version 3.15.47.0 detected, in order to ensure correct model results, it is recommended to use compilation tools and the BPU SDK from the same OpenExplorer package.

STDERR:

EXIT_STATUS=0
