{"archive_sha256": "89b93d6ec452742b26b53019e5f928bff57bbc82e570715da9112aa042b325d4", "detected_target": "x5", "started": "2026-09-16T11:54:48.116525+00:00"}
COMPILE_PASS
[BPU_PLAT]BPU Platform Version(1.3.6)! soc info(x5)
[HBRT] set log level as 0. version = 3.15.55.0
[DNN] Runtime version = 1.24.5_(3.15.55 HBRT)
[A][DNN][packed_model.cpp:247][Model](2026-09-16,19:54:48.911.685) [HorizonRT] The model builder version = 1.24.3

STDERR:
Traceback (most recent call last):
  File "/tmp/rdk-model-zoo-20260916-contract-pilot/current-89b93d6ec452/samples/vision/ultralytics_yolo/runtime/python/tensor_io.py", line 57, in normalize_dtype
    return np.dtype(value)
TypeError: Cannot interpret '<hbDNNDataType.NV12: 1>' as a data type

During handling of the above exception, another exception occurred:

Traceback (most recent call last):
  File "/tmp/rdk-model-zoo-20260916-contract-pilot/current-89b93d6ec452/samples/vision/ultralytics_yolo/runtime/python/tensor_io.py", line 75, in normalize_dtype
    return np.dtype(aliases.get(text, text))
TypeError: data type 'nv12' not understood

The above exception was the direct cause of the following exception:

Traceback (most recent call last):
  File "/tmp/rdk-model-zoo-20260916-contract-pilot/current-89b93d6ec452/samples/vision/ultralytics_yolo/runtime/python/model_runner.py", line 135, in from_selection
    metadata = RuntimeMetadata.from_runtime(model)
  File "/tmp/rdk-model-zoo-20260916-contract-pilot/current-89b93d6ec452/samples/vision/ultralytics_yolo/runtime/python/model_binding.py", line 532, in from_runtime
    return cls(model_name=str(model_name), input_names=input_names,
  File "<string>", line 11, in __init__
  File "/tmp/rdk-model-zoo-20260916-contract-pilot/current-89b93d6ec452/samples/vision/ultralytics_yolo/runtime/python/model_binding.py", line 482, in __post_init__
    object.__setattr__(self, "input_dtypes", {
  File "/tmp/rdk-model-zoo-20260916-contract-pilot/current-89b93d6ec452/samples/vision/ultralytics_yolo/runtime/python/model_binding.py", line 483, in <dictcomp>
    str(name): normalize_dtype(value)
  File "/tmp/rdk-model-zoo-20260916-contract-pilot/current-89b93d6ec452/samples/vision/ultralytics_yolo/runtime/python/tensor_io.py", line 77, in normalize_dtype
    raise TensorContractError(f"Unsupported tensor dtype {value!r}.") from exc
samples.vision.ultralytics_yolo.runtime.python.tensor_io.TensorContractError: Unsupported tensor dtype <hbDNNDataType.NV12: 1>.

The above exception was the direct cause of the following exception:

Traceback (most recent call last):
  File "<stdin>", line 28, in <module>
  File "/tmp/rdk-model-zoo-20260916-contract-pilot/current-89b93d6ec452/samples/vision/ultralytics_yolo/runtime/python/yolo_detect.py", line 141, in __init__
    self.runner = build_runner(config) if runner is None else runner
  File "/tmp/rdk-model-zoo-20260916-contract-pilot/current-89b93d6ec452/samples/vision/ultralytics_yolo/runtime/python/model_runner.py", line 191, in build_runner
    return ModelRunner.from_config(selection, runtime_loader)
  File "/tmp/rdk-model-zoo-20260916-contract-pilot/current-89b93d6ec452/samples/vision/ultralytics_yolo/runtime/python/model_runner.py", line 148, in from_config
    return cls.from_selection(_selection_from_config(config), runtime_loader)
  File "/tmp/rdk-model-zoo-20260916-contract-pilot/current-89b93d6ec452/samples/vision/ultralytics_yolo/runtime/python/model_runner.py", line 137, in from_selection
    raise RunnerError(f"Runtime metadata is not readable: {exc}") from exc
samples.vision.ultralytics_yolo.runtime.python.model_runner.RunnerError: Runtime metadata is not readable: Unsupported tensor dtype <hbDNNDataType.NV12: 1>.

EXIT_STATUS=1
