EEEEFEEEE
======================================================================
ERROR: test_all_five_assets_and_variant_mismatch (test_unet.UNetTests.test_all_five_assets_and_variant_mismatch)
----------------------------------------------------------------------
Traceback (most recent call last):
  File "/Users/Max/Workspace/company/development/RDK_MODEL_ZOO/rdk-b7-board-integration/samples/vision/unet/tests/test_unet.py", line 84, in test_all_five_assets_and_variant_mismatch
    from samples.vision.unet.runtime.python.model_binding import resolve_selection,list_available_assets
ModuleNotFoundError: No module named 'samples.vision.unet.runtime'

======================================================================
ERROR: test_bad_inputs_and_outputs (test_unet.UNetTests.test_bad_inputs_and_outputs)
----------------------------------------------------------------------
Traceback (most recent call last):
  File "/Users/Max/Workspace/company/development/RDK_MODEL_ZOO/rdk-b7-board-integration/samples/vision/unet/tests/test_unet.py", line 77, in test_bad_inputs_and_outputs
    t,_=task()
        ~~~~^^
  File "/Users/Max/Workspace/company/development/RDK_MODEL_ZOO/rdk-b7-board-integration/samples/vision/unet/tests/test_unet.py", line 24, in task
    from samples.vision.unet.runtime.python.model_binding import resolve_selection,bind_model
ModuleNotFoundError: No module named 'samples.vision.unet.runtime'

======================================================================
ERROR: test_binding_rejects_wrong_geometry_and_dtype (test_unet.UNetTests.test_binding_rejects_wrong_geometry_and_dtype)
----------------------------------------------------------------------
Traceback (most recent call last):
  File "/Users/Max/Workspace/company/development/RDK_MODEL_ZOO/rdk-b7-board-integration/samples/vision/unet/tests/test_unet.py", line 96, in test_binding_rejects_wrong_geometry_and_dtype
    from samples.vision.unet.runtime.python.model_binding import resolve_selection,bind_model
ModuleNotFoundError: No module named 'samples.vision.unet.runtime'

======================================================================
ERROR: test_f32_vestigial_descriptor_is_not_applied (test_unet.UNetTests.test_f32_vestigial_descriptor_is_not_applied)
----------------------------------------------------------------------
Traceback (most recent call last):
  File "/Users/Max/Workspace/company/development/RDK_MODEL_ZOO/rdk-b7-board-integration/samples/vision/unet/tests/test_unet.py", line 73, in test_f32_vestigial_descriptor_is_not_applied
    t,raw=task(quant=q)
          ~~~~^^^^^^^^^
  File "/Users/Max/Workspace/company/development/RDK_MODEL_ZOO/rdk-b7-board-integration/samples/vision/unet/tests/test_unet.py", line 24, in task
    from samples.vision.unet.runtime.python.model_binding import resolve_selection,bind_model
ModuleNotFoundError: No module named 'samples.vision.unet.runtime'

======================================================================
ERROR: test_integer_dequant_only_in_post (test_unet.UNetTests.test_integer_dequant_only_in_post)
----------------------------------------------------------------------
Traceback (most recent call last):
  File "/Users/Max/Workspace/company/development/RDK_MODEL_ZOO/rdk-b7-board-integration/samples/vision/unet/tests/test_unet.py", line 67, in test_integer_dequant_only_in_post
    t,raw=task(dtype='int16',quant=q);raw[:,2]=2
          ~~~~^^^^^^^^^^^^^^^^^^^^^^^
  File "/Users/Max/Workspace/company/development/RDK_MODEL_ZOO/rdk-b7-board-integration/samples/vision/unet/tests/test_unet.py", line 24, in task
    from samples.vision.unet.runtime.python.model_binding import resolve_selection,bind_model
ModuleNotFoundError: No module named 'samples.vision.unet.runtime'

======================================================================
ERROR: test_packed_nv12_matches_independent_opencv_bytes (test_unet.UNetTests.test_packed_nv12_matches_independent_opencv_bytes)
----------------------------------------------------------------------
Traceback (most recent call last):
  File "/Users/Max/Workspace/company/development/RDK_MODEL_ZOO/rdk-b7-board-integration/samples/vision/unet/tests/test_unet.py", line 43, in test_packed_nv12_matches_independent_opencv_bytes
    t,_=task();prepared=t.pre_process(image)
        ~~~~^^
  File "/Users/Max/Workspace/company/development/RDK_MODEL_ZOO/rdk-b7-board-integration/samples/vision/unet/tests/test_unet.py", line 24, in task
    from samples.vision.unet.runtime.python.model_binding import resolve_selection,bind_model
ModuleNotFoundError: No module named 'samples.vision.unet.runtime'

======================================================================
ERROR: test_per_call_context_not_overwritten (test_unet.UNetTests.test_per_call_context_not_overwritten)
----------------------------------------------------------------------
Traceback (most recent call last):
  File "/Users/Max/Workspace/company/development/RDK_MODEL_ZOO/rdk-b7-board-integration/samples/vision/unet/tests/test_unet.py", line 58, in test_per_call_context_not_overwritten
    t,_=task();a=t.pre_process(np.zeros((11,23,3),np.uint8))
        ~~~~^^
  File "/Users/Max/Workspace/company/development/RDK_MODEL_ZOO/rdk-b7-board-integration/samples/vision/unet/tests/test_unet.py", line 24, in task
    from samples.vision.unet.runtime.python.model_binding import resolve_selection,bind_model
ModuleNotFoundError: No module named 'samples.vision.unet.runtime'

======================================================================
ERROR: test_predict_explicit_stages_both_layouts (test_unet.UNetTests.test_predict_explicit_stages_both_layouts)
----------------------------------------------------------------------
Traceback (most recent call last):
  File "/Users/Max/Workspace/company/development/RDK_MODEL_ZOO/rdk-b7-board-integration/samples/vision/unet/tests/test_unet.py", line 49, in test_predict_explicit_stages_both_layouts
    t,raw=task(layout); image=np.zeros((11,23,3),np.uint8)
          ~~~~^^^^^^^^
  File "/Users/Max/Workspace/company/development/RDK_MODEL_ZOO/rdk-b7-board-integration/samples/vision/unet/tests/test_unet.py", line 24, in task
    from samples.vision.unet.runtime.python.model_binding import resolve_selection,bind_model
ModuleNotFoundError: No module named 'samples.vision.unet.runtime'

======================================================================
FAIL: test_host_cli (test_unet.UNetTests.test_host_cli)
----------------------------------------------------------------------
Traceback (most recent call last):
  File "/Users/Max/Workspace/company/development/RDK_MODEL_ZOO/rdk-b7-board-integration/samples/vision/unet/tests/test_unet.py", line 105, in test_host_cli
    self.assertEqual(p.returncode,rc,p.stderr)
    ~~~~~~~~~~~~~~~~^^^^^^^^^^^^^^^^^^^^^^^^^^
AssertionError: 2 != 0 : /opt/homebrew/Cellar/python@3.14/3.14.7/Frameworks/Python.framework/Versions/3.14/Resources/Python.app/Contents/MacOS/Python: can't open file '/Users/Max/Workspace/company/development/RDK_MODEL_ZOO/rdk-b7-board-integration/samples/vision/unet/runtime/python/main.py': [Errno 2] No such file or directory


----------------------------------------------------------------------
Ran 9 tests in 0.054s

FAILED (failures=1, errors=8)
